npm warn config production Use `--omit=dev` instead.
npm warn config optional Use `--omit=optional` to exclude optional dependencies, or
npm warn config `--include=optional` to include them.
npm warn config
npm warn config       Default value does install optional deps unless otherwise omitted.

> rest-express@1.0.0 test
> cross-env NODE_ENV=test vitest --mode test --run --reporter=verbose

 DEPRECATED  The workspace file is deprecated and will be removed in the next major. Please, use the `test.projects` field in /home/runner/workspace/vite.config.ts instead.

 RUN  v3.2.4 /home/runner/workspace/client

 ✓ |server| server/__tests__/prepare.routes.test.ts > Prepare API Routes > Learning Modules > GET /api/prepare/modules > returns all modules without progress 547ms
 ✓ |server| server/__tests__/prepare.routes.test.ts > Prepare API Routes > Learning Modules > GET /api/prepare/modules > returns modules with progress when includeProgress=true 100ms
 ✓ |server| server/__tests__/prepare.routes.test.ts > Prepare API Routes > Learning Modules > GET /api/prepare/modules > requires authentication 78ms
 ✓ |server| server/__tests__/prepare.routes.test.ts > Prepare API Routes > Learning Modules > GET /api/prepare/modules/:stage > returns modules for valid stage 82ms
 ✓ |server| server/__tests__/prepare.routes.test.ts > Prepare API Routes > Learning Modules > GET /api/prepare/modules/:stage > returns 400 for invalid stage 44ms
 ✓ |server| server/__tests__/prepare.routes.test.ts > Prepare API Routes > Learning Modules > POST /api/prepare/modules/progress > updates module progress successfully 139ms
 ✓ |server| server/__tests__/prepare.routes.test.ts > Prepare API Routes > Learning Modules > POST /api/prepare/modules/progress > returns 400 for invalid moduleId 46ms
 × |server| server/__tests__/prepare.routes.test.ts > Prepare API Routes > Learning Modules > GET /api/prepare/modules/progress > returns all user progress 98ms
   → expected 400 to be 200 // Object.is equality
 × |server| server/__tests__/prepare.routes.test.ts > Prepare API Routes > Learning Modules > GET /api/prepare/modules/progress > returns progress for specific module 47ms
   → expected 400 to be 200 // Object.is equality
 ✓ |server| server/__tests__/prepare.routes.test.ts > Prepare API Routes > Learning Modules > GET /api/prepare/modules/progress > returns 400 for invalid moduleId format 39ms
 ✓ |server| server/__tests__/prepare.routes.test.ts > Prepare API Routes > Self-Introduction > POST /api/prepare/self-intro/draft > saves draft successfully 50ms
stderr | server/__tests__/practice.routes.test.ts > practice routes > creates a practice session and stores it
Error checking credits: Error: User not found
    at Function.checkCredits [90m(/home/runner/workspace/[39mserver/services/credit-service.ts:35:15[90m)[39m
[90m    at processTicksAndRejections (node:internal/process/task_queues:95:5)[39m
    at [90m/home/runner/workspace/[39mserver/middleware/credit-middleware.ts:23:27

stderr | server/__tests__/practice.routes.test.ts > practice routes > creates a practice session and stores it
Error in credit check middleware: Error: User not found
    at Function.checkCredits [90m(/home/runner/workspace/[39mserver/services/credit-service.ts:35:15[90m)[39m
[90m    at processTicksAndRejections (node:internal/process/task_queues:95:5)[39m
    at [90m/home/runner/workspace/[39mserver/middleware/credit-middleware.ts:23:27

 ✓ |server| server/__tests__/prepare.routes.test.ts > Prepare API Routes > Self-Introduction > POST /api/prepare/self-intro/draft > returns 400 for invalid step number 48ms
 ✓ |server| server/__tests__/prepare.routes.test.ts > Prepare API Routes > Self-Introduction > GET /api/prepare/self-intro/draft > returns all draft steps 39ms
stderr | server/__tests__/practice.routes.test.ts > practice routes > generates an AI question, saves it, and advances the session
❌ Generate AI question error: TypeError: Cannot read properties of undefined (reading 'toLowerCase')
    at Module.normalizeStageName [90m(/home/runner/workspace/[39mserver/config/stage-difficulty-constraints.ts:277:32[90m)[39m
    at [90m/home/runner/workspace/[39mserver/routes/practice.ts:291:29
[90m    at processTicksAndRejections (node:internal/process/task_queues:95:5)[39m

 ✓ |server| server/__tests__/prepare.routes.test.ts > Prepare API Routes > Self-Introduction > GET /api/prepare/self-intro/draft > returns specific step draft 55ms
 ✓ |server| server/__tests__/prepare.routes.test.ts > Prepare API Routes > Self-Introduction > GET /api/prepare/self-intro/draft > returns 404 when step draft not found 63ms
 × |server| server/__tests__/practice.routes.test.ts > practice routes > creates a practice session and stores it 1285ms
   → expected 500 to be 201 // Object.is equality
 × |server| server/__tests__/practice.routes.test.ts > practice routes > generates an AI question, saves it, and advances the session 67ms
   → expected 500 to be 200 // Object.is equality
stdout | server/__tests__/practice.routes.test.ts > practice routes > completes a session by evaluating responses and storing a report
📋 Starting comprehensive evaluation for 1 responses

stdout | server/__tests__/practice.routes.test.ts > practice routes > completes a session by evaluating responses and storing a report
✅ Comprehensive evaluation completed: Strong (4.1/5.0)

 ✓ |server| server/__tests__/practice.routes.test.ts > practice routes > completes a session by evaluating responses and storing a report 137ms
 ✓ |server| server/__tests__/prepare.routes.test.ts > Prepare API Routes > Self-Introduction > GET /api/prepare/self-intro/draft > returns 400 for invalid step number 86ms
 ✓ |server| server/__tests__/prepare.routes.test.ts > Prepare API Routes > Self-Introduction > POST /api/prepare/self-intro/finalize > finalizes self-intro with AI feedback 81ms
 ✓ |server| server/__tests__/prepare.routes.test.ts > Prepare API Routes > Self-Introduction > POST /api/prepare/self-intro/finalize > returns 400 for missing script 115ms
stderr | server/__tests__/prepare.routes.test.ts > Prepare API Routes > Resume Analyzer > POST /api/prepare/resume/analyze > analyzes resume successfully
Error checking credits: TypeError: Cannot read properties of undefined (reading 'from')
    at Function.checkCredits [90m(/home/runner/workspace/[39mserver/services/credit-service.ts:29:17[90m)[39m
    at [90m/home/runner/workspace/[39mserver/middleware/credit-middleware.ts:23:47
    at Layer.handle [as handle_request] [90m(/home/runner/workspace/[39mnode_modules/[4mexpress[24m/lib/router/layer.js:95:5[90m)[39m
    at next [90m(/home/runner/workspace/[39mnode_modules/[4mexpress[24m/lib/router/route.js:149:13[90m)[39m
    at Route.dispatch [90m(/home/runner/workspace/[39mnode_modules/[4mexpress[24m/lib/router/route.js:119:3[90m)[39m
    at Layer.handle [as handle_request] [90m(/home/runner/workspace/[39mnode_modules/[4mexpress[24m/lib/router/layer.js:95:5[90m)[39m
    at [90m/home/runner/workspace/[39mnode_modules/[4mexpress[24m/lib/router/index.js:284:15
    at Function.process_params [90m(/home/runner/workspace/[39mnode_modules/[4mexpress[24m/lib/router/index.js:346:12[90m)[39m
    at next [90m(/home/runner/workspace/[39mnode_modules/[4mexpress[24m/lib/router/index.js:280:10[90m)[39m
    at Function.handle [90m(/home/runner/workspace/[39mnode_modules/[4mexpress[24m/lib/router/index.js:175:3[90m)[39m

stderr | server/__tests__/prepare.routes.test.ts > Prepare API Routes > Resume Analyzer > POST /api/prepare/resume/analyze > analyzes resume successfully
Error in credit check middleware: TypeError: Cannot read properties of undefined (reading 'from')
    at Function.checkCredits [90m(/home/runner/workspace/[39mserver/services/credit-service.ts:29:17[90m)[39m
    at [90m/home/runner/workspace/[39mserver/middleware/credit-middleware.ts:23:47
    at Layer.handle [as handle_request] [90m(/home/runner/workspace/[39mnode_modules/[4mexpress[24m/lib/router/layer.js:95:5[90m)[39m
    at next [90m(/home/runner/workspace/[39mnode_modules/[4mexpress[24m/lib/router/route.js:149:13[90m)[39m
    at Route.dispatch [90m(/home/runner/workspace/[39mnode_modules/[4mexpress[24m/lib/router/route.js:119:3[90m)[39m
    at Layer.handle [as handle_request] [90m(/home/runner/workspace/[39mnode_modules/[4mexpress[24m/lib/router/layer.js:95:5[90m)[39m
    at [90m/home/runner/workspace/[39mnode_modules/[4mexpress[24m/lib/router/index.js:284:15
    at Function.process_params [90m(/home/runner/workspace/[39mnode_modules/[4mexpress[24m/lib/router/index.js:346:12[90m)[39m
    at next [90m(/home/runner/workspace/[39mnode_modules/[4mexpress[24m/lib/router/index.js:280:10[90m)[39m
    at Function.handle [90m(/home/runner/workspace/[39mnode_modules/[4mexpress[24m/lib/router/index.js:175:3[90m)[39m

 ✓ |server| server/__tests__/prepare.routes.test.ts > Prepare API Routes > Self-Introduction > POST /api/prepare/self-intro/finalize > returns 400 for script too short 102ms
 × |server| server/__tests__/prepare.routes.test.ts > Prepare API Routes > Resume Analyzer > POST /api/prepare/resume/analyze > analyzes resume successfully 81ms
   → expected 500 to be 200 // Object.is equality
stderr | server/__tests__/prepare.routes.test.ts > Prepare API Routes > Resume Analyzer > POST /api/prepare/resume/analyze > returns 404 when resume not found
Error checking credits: TypeError: Cannot read properties of undefined (reading 'from')
    at Function.checkCredits [90m(/home/runner/workspace/[39mserver/services/credit-service.ts:29:17[90m)[39m
    at [90m/home/runner/workspace/[39mserver/middleware/credit-middleware.ts:23:47
    at Layer.handle [as handle_request] [90m(/home/runner/workspace/[39mnode_modules/[4mexpress[24m/lib/router/layer.js:95:5[90m)[39m
    at next [90m(/home/runner/workspace/[39mnode_modules/[4mexpress[24m/lib/router/route.js:149:13[90m)[39m
    at Route.dispatch [90m(/home/runner/workspace/[39mnode_modules/[4mexpress[24m/lib/router/route.js:119:3[90m)[39m
    at Layer.handle [as handle_request] [90m(/home/runner/workspace/[39mnode_modules/[4mexpress[24m/lib/router/layer.js:95:5[90m)[39m
    at [90m/home/runner/workspace/[39mnode_modules/[4mexpress[24m/lib/router/index.js:284:15
    at Function.process_params [90m(/home/runner/workspace/[39mnode_modules/[4mexpress[24m/lib/router/index.js:346:12[90m)[39m
    at next [90m(/home/runner/workspace/[39mnode_modules/[4mexpress[24m/lib/router/index.js:280:10[90m)[39m
    at Function.handle [90m(/home/runner/workspace/[39mnode_modules/[4mexpress[24m/lib/router/index.js:175:3[90m)[39m

stderr | server/__tests__/prepare.routes.test.ts > Prepare API Routes > Resume Analyzer > POST /api/prepare/resume/analyze > returns 404 when resume not found
Error in credit check middleware: TypeError: Cannot read properties of undefined (reading 'from')
    at Function.checkCredits [90m(/home/runner/workspace/[39mserver/services/credit-service.ts:29:17[90m)[39m
    at [90m/home/runner/workspace/[39mserver/middleware/credit-middleware.ts:23:47
    at Layer.handle [as handle_request] [90m(/home/runner/workspace/[39mnode_modules/[4mexpress[24m/lib/router/layer.js:95:5[90m)[39m
    at next [90m(/home/runner/workspace/[39mnode_modules/[4mexpress[24m/lib/router/route.js:149:13[90m)[39m
    at Route.dispatch [90m(/home/runner/workspace/[39mnode_modules/[4mexpress[24m/lib/router/route.js:119:3[90m)[39m
    at Layer.handle [as handle_request] [90m(/home/runner/workspace/[39mnode_modules/[4mexpress[24m/lib/router/layer.js:95:5[90m)[39m
    at [90m/home/runner/workspace/[39mnode_modules/[4mexpress[24m/lib/router/index.js:284:15
    at Function.process_params [90m(/home/runner/workspace/[39mnode_modules/[4mexpress[24m/lib/router/index.js:346:12[90m)[39m
    at next [90m(/home/runner/workspace/[39mnode_modules/[4mexpress[24m/lib/router/index.js:280:10[90m)[39m
    at Function.handle [90m(/home/runner/workspace/[39mnode_modules/[4mexpress[24m/lib/router/index.js:175:3[90m)[39m

stderr | server/__tests__/prepare.routes.test.ts > Prepare API Routes > Resume Analyzer > POST /api/prepare/resume/analyze > returns 400 for invalid resumeId
Error checking credits: TypeError: Cannot read properties of undefined (reading 'from')
    at Function.checkCredits [90m(/home/runner/workspace/[39mserver/services/credit-service.ts:29:17[90m)[39m
    at [90m/home/runner/workspace/[39mserver/middleware/credit-middleware.ts:23:47
    at Layer.handle [as handle_request] [90m(/home/runner/workspace/[39mnode_modules/[4mexpress[24m/lib/router/layer.js:95:5[90m)[39m
    at next [90m(/home/runner/workspace/[39mnode_modules/[4mexpress[24m/lib/router/route.js:149:13[90m)[39m
    at Route.dispatch [90m(/home/runner/workspace/[39mnode_modules/[4mexpress[24m/lib/router/route.js:119:3[90m)[39m
    at Layer.handle [as handle_request] [90m(/home/runner/workspace/[39mnode_modules/[4mexpress[24m/lib/router/layer.js:95:5[90m)[39m
    at [90m/home/runner/workspace/[39mnode_modules/[4mexpress[24m/lib/router/index.js:284:15
    at Function.process_params [90m(/home/runner/workspace/[39mnode_modules/[4mexpress[24m/lib/router/index.js:346:12[90m)[39m
    at next [90m(/home/runner/workspace/[39mnode_modules/[4mexpress[24m/lib/router/index.js:280:10[90m)[39m
    at Function.handle [90m(/home/runner/workspace/[39mnode_modules/[4mexpress[24m/lib/router/index.js:175:3[90m)[39m

stderr | server/__tests__/prepare.routes.test.ts > Prepare API Routes > Resume Analyzer > POST /api/prepare/resume/analyze > returns 400 for invalid resumeId
Error in credit check middleware: TypeError: Cannot read properties of undefined (reading 'from')
    at Function.checkCredits [90m(/home/runner/workspace/[39mserver/services/credit-service.ts:29:17[90m)[39m
    at [90m/home/runner/workspace/[39mserver/middleware/credit-middleware.ts:23:47
    at Layer.handle [as handle_request] [90m(/home/runner/workspace/[39mnode_modules/[4mexpress[24m/lib/router/layer.js:95:5[90m)[39m
    at next [90m(/home/runner/workspace/[39mnode_modules/[4mexpress[24m/lib/router/route.js:149:13[90m)[39m
    at Route.dispatch [90m(/home/runner/workspace/[39mnode_modules/[4mexpress[24m/lib/router/route.js:119:3[90m)[39m
    at Layer.handle [as handle_request] [90m(/home/runner/workspace/[39mnode_modules/[4mexpress[24m/lib/router/layer.js:95:5[90m)[39m
    at [90m/home/runner/workspace/[39mnode_modules/[4mexpress[24m/lib/router/index.js:284:15
    at Function.process_params [90m(/home/runner/workspace/[39mnode_modules/[4mexpress[24m/lib/router/index.js:346:12[90m)[39m
    at next [90m(/home/runner/workspace/[39mnode_modules/[4mexpress[24m/lib/router/index.js:280:10[90m)[39m
    at Function.handle [90m(/home/runner/workspace/[39mnode_modules/[4mexpress[24m/lib/router/index.js:175:3[90m)[39m

 × |server| server/__tests__/prepare.routes.test.ts > Prepare API Routes > Resume Analyzer > POST /api/prepare/resume/analyze > returns 404 when resume not found 60ms
   → expected 500 to be 404 // Object.is equality
 × |server| server/__tests__/prepare.routes.test.ts > Prepare API Routes > Resume Analyzer > POST /api/prepare/resume/analyze > returns 400 for invalid resumeId 74ms
   → expected 500 to be 400 // Object.is equality
 ✓ |server| server/__tests__/prepare.routes.test.ts > Prepare API Routes > Resume Analyzer > GET /api/prepare/resume/:id > returns resume successfully 111ms
 ✓ |server| server/__tests__/prepare.routes.test.ts > Prepare API Routes > Resume Analyzer > GET /api/prepare/resume/:id > returns 404 when resume not found 50ms
 ✓ |server| server/__tests__/prepare.routes.test.ts > Prepare API Routes > Resume Analyzer > GET /api/prepare/resume/:id > returns 403 when accessing another user's resume 47ms
 ✓ |server| server/__tests__/prepare.routes.test.ts > Prepare API Routes > Resume Analyzer > GET /api/prepare/resume/:id > returns 400 for invalid resume ID format 65ms
stderr | server/__tests__/prepare.routes.test.ts > Prepare API Routes > STAR Stories > POST /api/prepare/star-stories > creates STAR story successfully
❌ Error creating STAR story: TypeError: __vite_ssr_import_8__.db.insert(...).values is not a function
    at [90m/home/runner/workspace/[39mserver/routes/prepare.ts:755:50
    at Layer.handle [as handle_request] [90m(/home/runner/workspace/[39mnode_modules/[4mexpress[24m/lib/router/layer.js:95:5[90m)[39m
    at next [90m(/home/runner/workspace/[39mnode_modules/[4mexpress[24m/lib/router/route.js:149:13[90m)[39m
    at Route.dispatch [90m(/home/runner/workspace/[39mnode_modules/[4mexpress[24m/lib/router/route.js:119:3[90m)[39m
    at Layer.handle [as handle_request] [90m(/home/runner/workspace/[39mnode_modules/[4mexpress[24m/lib/router/layer.js:95:5[90m)[39m
    at [90m/home/runner/workspace/[39mnode_modules/[4mexpress[24m/lib/router/index.js:284:15
    at Function.process_params [90m(/home/runner/workspace/[39mnode_modules/[4mexpress[24m/lib/router/index.js:346:12[90m)[39m
    at next [90m(/home/runner/workspace/[39mnode_modules/[4mexpress[24m/lib/router/index.js:280:10[90m)[39m
    at Function.handle [90m(/home/runner/workspace/[39mnode_modules/[4mexpress[24m/lib/router/index.js:175:3[90m)[39m
    at router [90m(/home/runner/workspace/[39mnode_modules/[4mexpress[24m/lib/router/index.js:47:12[90m)[39m

stderr | server/__tests__/perform.routes.test.ts > Perform Module Routes > POST /api/perform/actual-interviews > should handle service errors
Error creating actual interview: Error: Database error
    at [90m/home/runner/workspace/[39mserver/__tests__/perform.routes.test.ts:128:9
    at [90mfile:///home/runner/workspace/[39mnode_modules/[4m@vitest[24m/runner/dist/chunk-hooks.js:155:11
    at [90mfile:///home/runner/workspace/[39mnode_modules/[4m@vitest[24m/runner/dist/chunk-hooks.js:752:26
    at [90mfile:///home/runner/workspace/[39mnode_modules/[4m@vitest[24m/runner/dist/chunk-hooks.js:1897:20
    at new Promise (<anonymous>)
    at runWithTimeout [90m(file:///home/runner/workspace/[39mnode_modules/[4m@vitest[24m/runner/dist/chunk-hooks.js:1863:10[90m)[39m
    at runTest [90m(file:///home/runner/workspace/[39mnode_modules/[4m@vitest[24m/runner/dist/chunk-hooks.js:1574:12[90m)[39m
[90m    at processTicksAndRejections (node:internal/process/task_queues:95:5)[39m
    at runSuite [90m(file:///home/runner/workspace/[39mnode_modules/[4m@vitest[24m/runner/dist/chunk-hooks.js:1729:8[90m)[39m
    at runSuite [90m(file:///home/runner/workspace/[39mnode_modules/[4m@vitest[24m/runner/dist/chunk-hooks.js:1729:8[90m)[39m

 × |server| server/__tests__/prepare.routes.test.ts > Prepare API Routes > STAR Stories > POST /api/prepare/star-stories > creates STAR story successfully 59ms
   → expected 500 to be 200 // Object.is equality
 ✓ |server| server/__tests__/prepare.routes.test.ts > Prepare API Routes > STAR Stories > POST /api/prepare/star-stories > returns 400 for missing required fields 42ms
 ✓ |server| server/__tests__/prepare.routes.test.ts > Prepare API Routes > STAR Stories > GET /api/prepare/star-stories > returns user's STAR stories 52ms
 ✓ |server| server/__tests__/perform.routes.test.ts > Perform Module Routes > POST /api/perform/actual-interviews > should create a new actual interview record 41ms
 ✓ |server| server/__tests__/perform.routes.test.ts > Perform Module Routes > POST /api/perform/actual-interviews > should return 400 for invalid request data 7ms
 ✓ |server| server/__tests__/perform.routes.test.ts > Perform Module Routes > POST /api/perform/actual-interviews > should handle service errors 17ms
 ✓ |server| server/__tests__/perform.routes.test.ts > Perform Module Routes > GET /api/perform/actual-interviews > should get user's interview history 5ms
stderr | server/__tests__/perform.routes.test.ts > Perform Module Routes > DELETE /api/perform/actual-interviews/:id > should handle errors when deleting
Error deleting actual interview: Error: Interview not found
    at [90m/home/runner/workspace/[39mserver/__tests__/perform.routes.test.ts:288:9
    at [90mfile:///home/runner/workspace/[39mnode_modules/[4m@vitest[24m/runner/dist/chunk-hooks.js:155:11
    at [90mfile:///home/runner/workspace/[39mnode_modules/[4m@vitest[24m/runner/dist/chunk-hooks.js:752:26
    at [90mfile:///home/runner/workspace/[39mnode_modules/[4m@vitest[24m/runner/dist/chunk-hooks.js:1897:20
    at new Promise (<anonymous>)
    at runWithTimeout [90m(file:///home/runner/workspace/[39mnode_modules/[4m@vitest[24m/runner/dist/chunk-hooks.js:1863:10[90m)[39m
    at runTest [90m(file:///home/runner/workspace/[39mnode_modules/[4m@vitest[24m/runner/dist/chunk-hooks.js:1574:12[90m)[39m
[90m    at processTicksAndRejections (node:internal/process/task_queues:95:5)[39m
    at runSuite [90m(file:///home/runner/workspace/[39mnode_modules/[4m@vitest[24m/runner/dist/chunk-hooks.js:1729:8[90m)[39m
    at runSuite [90m(file:///home/runner/workspace/[39mnode_modules/[4m@vitest[24m/runner/dist/chunk-hooks.js:1729:8[90m)[39m

 ✓ |server| server/__tests__/prepare.routes.test.ts > Prepare API Routes > Readiness Score > GET /api/prepare/readiness-score > calculates and returns readiness score 84ms
 ✓ |server| server/__tests__/perform.routes.test.ts > Perform Module Routes > GET /api/perform/actual-interviews > should filter interviews by outcome 35ms
 ✓ |server| server/__tests__/perform.routes.test.ts > Perform Module Routes > GET /api/perform/actual-interviews > should return 400 for invalid outcome filter 24ms
 ✓ |server| server/__tests__/perform.routes.test.ts > Perform Module Routes > GET /api/perform/actual-interviews/:id > should get a specific interview 8ms
 ✓ |server| server/__tests__/perform.routes.test.ts > Perform Module Routes > GET /api/perform/actual-interviews/:id > should return 404 if interview not found 12ms
 ✓ |server| server/__tests__/perform.routes.test.ts > Perform Module Routes > PUT /api/perform/actual-interviews/:id > should update an interview 8ms
 ✓ |server| server/__tests__/perform.routes.test.ts > Perform Module Routes > PUT /api/perform/actual-interviews/:id > should return 400 for invalid update data 13ms
 ✓ |server| server/__tests__/perform.routes.test.ts > Perform Module Routes > DELETE /api/perform/actual-interviews/:id > should delete an interview 6ms
 ✓ |server| server/__tests__/perform.routes.test.ts > Perform Module Routes > DELETE /api/perform/actual-interviews/:id > should handle errors when deleting 8ms
 ✓ |server| server/__tests__/prepare.routes.test.ts > Prepare API Routes > Readiness Score > GET /api/prepare/readiness-score > requires authentication 65ms
 × |server| server/__tests__/perform.routes.test.ts > Perform Module Routes > POST /api/perform/reflections > should create a reflection journal 35ms
   → expected 400 to be 201 // Object.is equality
 ✓ |server| server/__tests__/perform.routes.test.ts > Perform Module Routes > POST /api/perform/reflections > should return 400 for missing required fields 20ms
 ✓ |server| server/__tests__/perform.routes.test.ts > Perform Module Routes > GET /api/perform/reflections > should get user's reflections 23ms
 ✓ |server| server/__tests__/perform.routes.test.ts > Perform Module Routes > GET /api/perform/reflections > should filter reflections by practice session 11ms
 ✓ |server| server/__tests__/perform.routes.test.ts > Perform Module Routes > GET /api/perform/insights > should get comprehensive performance insights 10ms
 ✓ |server| server/__tests__/perform.routes.test.ts > Perform Module Routes > GET /api/perform/performance-chart > should get performance chart data 20ms
 ✓ |server| server/__tests__/perform.routes.test.ts > Perform Module Routes > GET /api/perform/performance-chart > should use default days if not provided 14ms
 ✓ |server| server/__tests__/perform.routes.test.ts > Perform Module Routes > GET /api/perform/performance-chart > should return 400 for invalid days parameter 15ms
 ✓ |server| server/__tests__/perform.routes.test.ts > Perform Module Routes > GET /api/perform/stats > should get performance statistics 7ms
 ✓ |server| server/__tests__/perform.routes.test.ts > Perform Module Routes > GET /api/perform/interview-stats > should get detailed interview statistics 22ms
 ✓ |server| server/__tests__/perform.routes.test.ts > Perform Module Routes > GET /api/perform/interview-timeline > should get interview timeline 5ms
 ✓ |server| server/__tests__/perform.routes.test.ts > Perform Module Routes > Authentication > should return 401 for unauthenticated requests 8ms
stderr | server/__tests__/prepare-ai.routes.test.ts > prepare-ai routes > creates a prepare session with validated payload
Error checking credits: Error: User not found
    at Function.checkCredits [90m(/home/runner/workspace/[39mserver/services/credit-service.ts:35:15[90m)[39m
[90m    at processTicksAndRejections (node:internal/process/task_queues:95:5)[39m
    at [90m/home/runner/workspace/[39mserver/middleware/credit-middleware.ts:23:27

stderr | server/__tests__/prepare-ai.routes.test.ts > prepare-ai routes > creates a prepare session with validated payload
Error in credit check middleware: Error: User not found
    at Function.checkCredits [90m(/home/runner/workspace/[39mserver/services/credit-service.ts:35:15[90m)[39m
[90m    at processTicksAndRejections (node:internal/process/task_queues:95:5)[39m
    at [90m/home/runner/workspace/[39mserver/middleware/credit-middleware.ts:23:27

 × |server| server/__tests__/prepare-ai.routes.test.ts > prepare-ai routes > creates a prepare session with validated payload 3050ms
   → expected 500 to be 201 // Object.is equality
 ✓ |server| server/__tests__/prepare-ai.routes.test.ts > prepare-ai routes > generates the next AI question and emits it to the session room 206ms
 ✓ |server| server/__tests__/prepare-ai.routes.test.ts > prepare-ai routes > records a response and returns evaluation metadata 107ms
stderr | server/__tests__/referrals.routes.test.ts > Referrals Module Routes > POST /api/referrals/create > should handle service errors
Error creating referral code: Error: Database error
    at [90m/home/runner/workspace/[39mserver/__tests__/referrals.routes.test.ts:64:9
    at [90mfile:///home/runner/workspace/[39mnode_modules/[4m@vitest[24m/runner/dist/chunk-hooks.js:155:11
    at [90mfile:///home/runner/workspace/[39mnode_modules/[4m@vitest[24m/runner/dist/chunk-hooks.js:752:26
    at [90mfile:///home/runner/workspace/[39mnode_modules/[4m@vitest[24m/runner/dist/chunk-hooks.js:1897:20
    at new Promise (<anonymous>)
    at runWithTimeout [90m(file:///home/runner/workspace/[39mnode_modules/[4m@vitest[24m/runner/dist/chunk-hooks.js:1863:10[90m)[39m
    at runTest [90m(file:///home/runner/workspace/[39mnode_modules/[4m@vitest[24m/runner/dist/chunk-hooks.js:1574:12[90m)[39m
[90m    at processTicksAndRejections (node:internal/process/task_queues:95:5)[39m
    at runSuite [90m(file:///home/runner/workspace/[39mnode_modules/[4m@vitest[24m/runner/dist/chunk-hooks.js:1729:8[90m)[39m
    at runSuite [90m(file:///home/runner/workspace/[39mnode_modules/[4m@vitest[24m/runner/dist/chunk-hooks.js:1729:8[90m)[39m

 ✓ |server| server/__tests__/referrals.routes.test.ts > Referrals Module Routes > POST /api/referrals/create > should create a referral code 68ms
 ✓ |server| server/__tests__/referrals.routes.test.ts > Referrals Module Routes > POST /api/referrals/create > should handle service errors 27ms
stderr | server/__tests__/referrals.routes.test.ts > Referrals Module Routes > GET /api/referrals/code > should handle service errors
Error getting referral code: Error: Failed to get code
    at [90m/home/runner/workspace/[39mserver/__tests__/referrals.routes.test.ts:115:9
    at [90mfile:///home/runner/workspace/[39mnode_modules/[4m@vitest[24m/runner/dist/chunk-hooks.js:155:11
    at [90mfile:///home/runner/workspace/[39mnode_modules/[4m@vitest[24m/runner/dist/chunk-hooks.js:752:26
    at [90mfile:///home/runner/workspace/[39mnode_modules/[4m@vitest[24m/runner/dist/chunk-hooks.js:1897:20
    at new Promise (<anonymous>)
    at runWithTimeout [90m(file:///home/runner/workspace/[39mnode_modules/[4m@vitest[24m/runner/dist/chunk-hooks.js:1863:10[90m)[39m
    at runTest [90m(file:///home/runner/workspace/[39mnode_modules/[4m@vitest[24m/runner/dist/chunk-hooks.js:1574:12[90m)[39m
[90m    at processTicksAndRejections (node:internal/process/task_queues:95:5)[39m
    at runSuite [90m(file:///home/runner/workspace/[39mnode_modules/[4m@vitest[24m/runner/dist/chunk-hooks.js:1729:8[90m)[39m
    at runSuite [90m(file:///home/runner/workspace/[39mnode_modules/[4m@vitest[24m/runner/dist/chunk-hooks.js:1729:8[90m)[39m

 ✓ |server| server/__tests__/referrals.routes.test.ts > Referrals Module Routes > GET /api/referrals/code > should get user's referral code 14ms
 ✓ |server| server/__tests__/referrals.routes.test.ts > Referrals Module Routes > GET /api/referrals/code > should generate code if user doesn't have one 47ms
 ✓ |server| server/__tests__/referrals.routes.test.ts > Referrals Module Routes > GET /api/referrals/code > should handle service errors 12ms
 ✓ |server| server/__tests__/practice-enhancements.test.ts > Practice Module Enhancements > GET /api/practice/history > should get comprehensive practice history with analytics 79ms
 × |server| server/__tests__/referrals.routes.test.ts > Referrals Module Routes > POST /api/referrals/apply > should apply a valid referral code 92ms
   → expected 400 to be 201 // Object.is equality
 ✓ |server| server/__tests__/referrals.routes.test.ts > Referrals Module Routes > POST /api/referrals/apply > should return 400 for missing referral code 25ms
 ✓ |server| server/__tests__/referrals.routes.test.ts > Referrals Module Routes > POST /api/referrals/apply > should return 400 for invalid email 52ms
stderr | server/__tests__/referrals.routes.test.ts > Referrals Module Routes > POST /api/referrals/apply > should return 404 for invalid referral code
Error applying referral code: Error: Invalid referral code
    at [90m/home/runner/workspace/[39mserver/__tests__/referrals.routes.test.ts:184:9
    at [90mfile:///home/runner/workspace/[39mnode_modules/[4m@vitest[24m/runner/dist/chunk-hooks.js:155:11
    at [90mfile:///home/runner/workspace/[39mnode_modules/[4m@vitest[24m/runner/dist/chunk-hooks.js:752:26
    at [90mfile:///home/runner/workspace/[39mnode_modules/[4m@vitest[24m/runner/dist/chunk-hooks.js:1897:20
    at new Promise (<anonymous>)
    at runWithTimeout [90m(file:///home/runner/workspace/[39mnode_modules/[4m@vitest[24m/runner/dist/chunk-hooks.js:1863:10[90m)[39m
    at runTest [90m(file:///home/runner/workspace/[39mnode_modules/[4m@vitest[24m/runner/dist/chunk-hooks.js:1574:12[90m)[39m
[90m    at processTicksAndRejections (node:internal/process/task_queues:95:5)[39m
    at runSuite [90m(file:///home/runner/workspace/[39mnode_modules/[4m@vitest[24m/runner/dist/chunk-hooks.js:1729:8[90m)[39m
    at runSuite [90m(file:///home/runner/workspace/[39mnode_modules/[4m@vitest[24m/runner/dist/chunk-hooks.js:1729:8[90m)[39m

 ✓ |server| server/__tests__/practice-enhancements.test.ts > Practice Module Enhancements > GET /api/practice/history > should filter sessions by status 42ms
 ✓ |server| server/__tests__/practice-enhancements.test.ts > Practice Module Enhancements > GET /api/practice/history > should return 400 for invalid status filter 63ms
 ✓ |server| server/__tests__/referrals.routes.test.ts > Referrals Module Routes > POST /api/referrals/apply > should return 404 for invalid referral code 29ms
 × |server| server/__tests__/referrals.routes.test.ts > Referrals Module Routes > POST /api/referrals/apply > should return 400 for self-referral attempt 28ms
   → expected 'Invalid request data' to be 'Self-referral not allowed' // Object.is equality
 × |server| server/__tests__/referrals.routes.test.ts > Referrals Module Routes > POST /api/referrals/apply > should prevent using own code in request validation 12ms
   → expected 'Invalid request data' to be 'Cannot use your own referral code' // Object.is equality
 ✓ |server| server/__tests__/referrals.routes.test.ts > Referrals Module Routes > POST /api/referrals/apply > should handle duplicate referral application 29ms
stdout | server/__tests__/model-answer-service.test.ts > ModelAnswerService > fetchModelAnswers > should fetch and parse CSV successfully
🌐 Fetching curated questions from Google Sheets...

stdout | server/__tests__/model-answer-service.test.ts > ModelAnswerService > fetchModelAnswers > should fetch and parse CSV successfully
✅ Parsed 6 total questions from CSV
📋 Parsed 6 curated questions
📊 Question distribution by stage:
   phone-screening: 2 questions
   functional-team: 1 questions
   hiring-manager: 1 questions
   sme-expert: 1 questions
   executive-leadership: 1 questions

stdout | server/__tests__/model-answer-service.test.ts > ModelAnswerService > fetchModelAnswers > should fetch and parse CSV successfully
✅ Model answers loaded: 6 questions cached

stdout | server/__tests__/model-answer-service.test.ts > ModelAnswerService > fetchModelAnswers > should fetch and parse CSV successfully
✅ Model answers already cached in memory

stdout | server/__tests__/model-answer-service.test.ts > ModelAnswerService > fetchModelAnswers > should cache results and not fetch twice
🌐 Fetching curated questions from Google Sheets...

stdout | server/__tests__/model-answer-service.test.ts > ModelAnswerService > fetchModelAnswers > should cache results and not fetch twice
✅ Parsed 6 total questions from CSV
📋 Parsed 6 curated questions
📊 Question distribution by stage:
   phone-screening: 2 questions
   functional-team: 1 questions
   hiring-manager: 1 questions
   sme-expert: 1 questions
   executive-leadership: 1 questions

stdout | server/__tests__/model-answer-service.test.ts > ModelAnswerService > fetchModelAnswers > should cache results and not fetch twice
✅ Model answers loaded: 6 questions cached

stdout | server/__tests__/model-answer-service.test.ts > ModelAnswerService > fetchModelAnswers > should cache results and not fetch twice
✅ Model answers already cached in memory

stdout | server/__tests__/model-answer-service.test.ts > ModelAnswerService > fetchModelAnswers > should cache results and not fetch twice
✅ Model answers already cached in memory

stdout | server/__tests__/model-answer-service.test.ts > ModelAnswerService > fetchModelAnswers > should handle fetch errors gracefully
🌐 Fetching curated questions from Google Sheets...

stdout | server/__tests__/model-answer-service.test.ts > ModelAnswerService > fetchModelAnswers > should handle fetch errors gracefully
✅ Parsed 6 total questions from CSV
📋 Parsed 6 curated questions
📊 Question distribution by stage:
   phone-screening: 2 questions
   functional-team: 1 questions
   hiring-manager: 1 questions
   sme-expert: 1 questions
   executive-leadership: 1 questions

stdout | server/__tests__/model-answer-service.test.ts > ModelAnswerService > fetchModelAnswers > should handle fetch errors gracefully
✅ Model answers loaded: 6 questions cached

stdout | server/__tests__/model-answer-service.test.ts > ModelAnswerService > fetchModelAnswers > should handle fetch errors gracefully
✅ Model answers already cached in memory

 ✓ |server| server/__tests__/practice-enhancements.test.ts > Practice Module Enhancements > GET /api/practice/history > should handle pagination parameters 40ms
 ✓ |server| server/__tests__/practice-enhancements.test.ts > Practice Module Enhancements > GET /api/practice/history > should limit maximum page size to 100 13ms
 ✓ |server| server/__tests__/practice-enhancements.test.ts > Practice Module Enhancements > GET /api/practice/history > should handle sessions with missing reports 15ms
 × |server| server/__tests__/practice-enhancements.test.ts > Practice Module Enhancements > GET /api/practice/assessment/:id > should get comprehensive assessment for completed session 33ms
   → expected 'Poor' to be 'Strong' // Object.is equality
 ✓ |server| server/__tests__/practice-enhancements.test.ts > Practice Module Enhancements > GET /api/practice/assessment/:id > should return 404 for non-existent session 18ms
stdout | server/__tests__/model-answer-service.test.ts > ModelAnswerService > fetchModelAnswers > should handle network errors
🌐 Fetching curated questions from Google Sheets...

stderr | server/__tests__/model-answer-service.test.ts > ModelAnswerService > fetchModelAnswers > should handle network errors
❌ Error loading model answers: Error: CSV fetch failed: 404 Not Found
    at ModelAnswerService.loadFromCSV [90m(/home/runner/workspace/[39mserver/services/model-answer-service.ts:73:15[90m)[39m
[90m    at processTicksAndRejections (node:internal/process/task_queues:95:5)[39m
    at ModelAnswerService.fetchModelAnswers [90m(/home/runner/workspace/[39mserver/services/model-answer-service.ts:56:7[90m)[39m

stdout | server/__tests__/model-answer-service.test.ts > ModelAnswerService > fetchModelAnswers > should handle network errors
🌐 Fetching curated questions from Google Sheets...

stderr | server/__tests__/model-answer-service.test.ts > ModelAnswerService > fetchModelAnswers > should handle network errors
⚠️ Model answers not loaded on startup (will retry on first use): Failed to load model answers: CSV fetch failed: 404 Not Found

stderr | server/__tests__/model-answer-service.test.ts > ModelAnswerService > fetchModelAnswers > should handle network errors
❌ Error loading model answers: Error: Network error
    at [90m/home/runner/workspace/[39mserver/__tests__/model-answer-service.test.ts:64:39
    at [90mfile:///home/runner/workspace/[39mnode_modules/[4m@vitest[24m/runner/dist/chunk-hooks.js:155:11
    at [90mfile:///home/runner/workspace/[39mnode_modules/[4m@vitest[24m/runner/dist/chunk-hooks.js:752:26
    at [90mfile:///home/runner/workspace/[39mnode_modules/[4m@vitest[24m/runner/dist/chunk-hooks.js:1897:20
    at new Promise (<anonymous>)
    at runWithTimeout [90m(file:///home/runner/workspace/[39mnode_modules/[4m@vitest[24m/runner/dist/chunk-hooks.js:1863:10[90m)[39m
    at runTest [90m(file:///home/runner/workspace/[39mnode_modules/[4m@vitest[24m/runner/dist/chunk-hooks.js:1574:12[90m)[39m
[90m    at processTicksAndRejections (node:internal/process/task_queues:95:5)[39m
    at runSuite [90m(file:///home/runner/workspace/[39mnode_modules/[4m@vitest[24m/runner/dist/chunk-hooks.js:1729:8[90m)[39m
    at runSuite [90m(file:///home/runner/workspace/[39mnode_modules/[4m@vitest[24m/runner/dist/chunk-hooks.js:1729:8[90m)[39m

stdout | server/__tests__/model-answer-service.test.ts > ModelAnswerService > parseCSV > should correctly parse question numbers
🌐 Fetching curated questions from Google Sheets...

stdout | server/__tests__/model-answer-service.test.ts > ModelAnswerService > parseCSV > should correctly parse question numbers
✅ Parsed 6 total questions from CSV
📋 Parsed 6 curated questions
📊 Question distribution by stage:
   phone-screening: 2 questions
   functional-team: 1 questions
   hiring-manager: 1 questions
   sme-expert: 1 questions
   executive-leadership: 1 questions

stdout | server/__tests__/model-answer-service.test.ts > ModelAnswerService > parseCSV > should correctly parse question numbers
✅ Model answers loaded: 6 questions cached

stdout | server/__tests__/model-answer-service.test.ts > ModelAnswerService > parseCSV > should correctly parse question numbers
✅ Model answers already cached in memory

stdout | server/__tests__/model-answer-service.test.ts > ModelAnswerService > parseCSV > should parse question text correctly
🌐 Fetching curated questions from Google Sheets...

stdout | server/__tests__/model-answer-service.test.ts > ModelAnswerService > parseCSV > should parse question text correctly
✅ Parsed 6 total questions from CSV
📋 Parsed 6 curated questions
📊 Question distribution by stage:
   phone-screening: 2 questions
   functional-team: 1 questions
   hiring-manager: 1 questions
   sme-expert: 1 questions
   executive-leadership: 1 questions

stdout | server/__tests__/model-answer-service.test.ts > ModelAnswerService > parseCSV > should parse question text correctly
✅ Model answers loaded: 6 questions cached

stdout | server/__tests__/model-answer-service.test.ts > ModelAnswerService > parseCSV > should parse question text correctly
✅ Model answers already cached in memory

stdout | server/__tests__/model-answer-service.test.ts > ModelAnswerService > parseCSV > should parse focus area correctly
🌐 Fetching curated questions from Google Sheets...

stdout | server/__tests__/model-answer-service.test.ts > ModelAnswerService > parseCSV > should parse focus area correctly
✅ Parsed 6 total questions from CSV
📋 Parsed 6 curated questions
📊 Question distribution by stage:
   phone-screening: 2 questions
   functional-team: 1 questions
   hiring-manager: 1 questions
   sme-expert: 1 questions
   executive-leadership: 1 questions

stdout | server/__tests__/model-answer-service.test.ts > ModelAnswerService > parseCSV > should parse focus area correctly
✅ Model answers loaded: 6 questions cached

stdout | server/__tests__/model-answer-service.test.ts > ModelAnswerService > parseCSV > should parse focus area correctly
✅ Model answers already cached in memory

stdout | server/__tests__/model-answer-service.test.ts > ModelAnswerService > parseCSV > should parse model answer correctly
🌐 Fetching curated questions from Google Sheets...

stdout | server/__tests__/model-answer-service.test.ts > ModelAnswerService > parseCSV > should parse model answer correctly
✅ Parsed 6 total questions from CSV
📋 Parsed 6 curated questions
📊 Question distribution by stage:
   phone-screening: 2 questions
   functional-team: 1 questions
   hiring-manager: 1 questions
   sme-expert: 1 questions
   executive-leadership: 1 questions

stdout | server/__tests__/model-answer-service.test.ts > ModelAnswerService > parseCSV > should parse model answer correctly
✅ Model answers loaded: 6 questions cached

stdout | server/__tests__/model-answer-service.test.ts > ModelAnswerService > parseCSV > should parse model answer correctly
✅ Model answers already cached in memory

stdout | server/__tests__/model-answer-service.test.ts > ModelAnswerService > parseCSV > should map question to correct stage
🌐 Fetching curated questions from Google Sheets...

stdout | server/__tests__/model-answer-service.test.ts > ModelAnswerService > parseCSV > should map question to correct stage
✅ Parsed 6 total questions from CSV
📋 Parsed 6 curated questions
📊 Question distribution by stage:
   phone-screening: 2 questions
   functional-team: 1 questions
   hiring-manager: 1 questions
   sme-expert: 1 questions
   executive-leadership: 1 questions

stdout | server/__tests__/model-answer-service.test.ts > ModelAnswerService > parseCSV > should map question to correct stage
✅ Model answers loaded: 6 questions cached

stdout | server/__tests__/model-answer-service.test.ts > ModelAnswerService > parseCSV > should map question to correct stage
✅ Model answers already cached in memory

stdout | server/__tests__/model-answer-service.test.ts > ModelAnswerService > getQuestionsByStage > should return questions for phone-screening stage
🌐 Fetching curated questions from Google Sheets...

stdout | server/__tests__/model-answer-service.test.ts > ModelAnswerService > getQuestionsByStage > should return questions for phone-screening stage
✅ Parsed 6 total questions from CSV
📋 Parsed 6 curated questions
📊 Question distribution by stage:
   phone-screening: 2 questions
   functional-team: 1 questions
   hiring-manager: 1 questions
   sme-expert: 1 questions
   executive-leadership: 1 questions

stdout | server/__tests__/model-answer-service.test.ts > ModelAnswerService > getQuestionsByStage > should return questions for phone-screening stage
✅ Model answers loaded: 6 questions cached

stdout | server/__tests__/model-answer-service.test.ts > ModelAnswerService > getQuestionsByStage > should return questions for phone-screening stage
✅ Model answers already cached in memory

stdout | server/__tests__/model-answer-service.test.ts > ModelAnswerService > getQuestionsByStage > should return questions for phone-screening stage
🔍 getQuestionsByStage: input="phone-screening" → normalized="phone-screening"
📊 Found 2 questions for stage "phone-screening"
   Sample Q#: 1, 2

stdout | server/__tests__/model-answer-service.test.ts > ModelAnswerService > getQuestionsByStage > should return questions for functional-team stage
🌐 Fetching curated questions from Google Sheets...

stdout | server/__tests__/model-answer-service.test.ts > ModelAnswerService > getQuestionsByStage > should return questions for functional-team stage
✅ Parsed 6 total questions from CSV
📋 Parsed 6 curated questions
📊 Question distribution by stage:
   phone-screening: 2 questions
   functional-team: 1 questions
   hiring-manager: 1 questions
   sme-expert: 1 questions
   executive-leadership: 1 questions

stdout | server/__tests__/model-answer-service.test.ts > ModelAnswerService > getQuestionsByStage > should return questions for functional-team stage
✅ Model answers loaded: 6 questions cached

stdout | server/__tests__/model-answer-service.test.ts > ModelAnswerService > getQuestionsByStage > should return questions for functional-team stage
✅ Model answers already cached in memory

stdout | server/__tests__/model-answer-service.test.ts > ModelAnswerService > getQuestionsByStage > should return questions for functional-team stage
🔍 getQuestionsByStage: input="functional-team" → normalized="functional-team"
📊 Found 1 questions for stage "functional-team"
   Sample Q#: 26

stdout | server/__tests__/model-answer-service.test.ts > ModelAnswerService > getQuestionsByStage > should handle stage name variations
🌐 Fetching curated questions from Google Sheets...

stdout | server/__tests__/model-answer-service.test.ts > ModelAnswerService > getQuestionsByStage > should handle stage name variations
✅ Parsed 6 total questions from CSV
📋 Parsed 6 curated questions
📊 Question distribution by stage:
   phone-screening: 2 questions
   functional-team: 1 questions
   hiring-manager: 1 questions
   sme-expert: 1 questions
   executive-leadership: 1 questions

stdout | server/__tests__/model-answer-service.test.ts > ModelAnswerService > getQuestionsByStage > should handle stage name variations
✅ Model answers loaded: 6 questions cached

stdout | server/__tests__/model-answer-service.test.ts > ModelAnswerService > getQuestionsByStage > should handle stage name variations
✅ Model answers already cached in memory

stdout | server/__tests__/model-answer-service.test.ts > ModelAnswerService > getQuestionsByStage > should handle stage name variations
🔍 getQuestionsByStage: input="phone-screening" → normalized="phone-screening"
📊 Found 2 questions for stage "phone-screening"
   Sample Q#: 1, 2
🔍 getQuestionsByStage: input="phone_screening" → normalized="phone-screening"
📊 Found 2 questions for stage "phone-screening"
   Sample Q#: 1, 2
🔍 getQuestionsByStage: input="screening" → normalized="phone-screening"
📊 Found 2 questions for stage "phone-screening"
   Sample Q#: 1, 2

stdout | server/__tests__/model-answer-service.test.ts > ModelAnswerService > getQuestionsByStage > should limit results when count parameter provided
🌐 Fetching curated questions from Google Sheets...

stdout | server/__tests__/model-answer-service.test.ts > ModelAnswerService > getQuestionsByStage > should limit results when count parameter provided
✅ Parsed 6 total questions from CSV
📋 Parsed 6 curated questions
📊 Question distribution by stage:
   phone-screening: 2 questions
   functional-team: 1 questions
   hiring-manager: 1 questions
   sme-expert: 1 questions
   executive-leadership: 1 questions

stdout | server/__tests__/model-answer-service.test.ts > ModelAnswerService > getQuestionsByStage > should limit results when count parameter provided
✅ Model answers loaded: 6 questions cached

stdout | server/__tests__/model-answer-service.test.ts > ModelAnswerService > getQuestionsByStage > should limit results when count parameter provided
✅ Model answers already cached in memory

stdout | server/__tests__/model-answer-service.test.ts > ModelAnswerService > getQuestionsByStage > should limit results when count parameter provided
🔍 getQuestionsByStage: input="phone-screening" → normalized="phone-screening"
📊 Found 2 questions for stage "phone-screening"
   Sample Q#: 1, 2

stdout | server/__tests__/model-answer-service.test.ts > ModelAnswerService > getQuestionsByStage > should return empty array for unknown stage
🌐 Fetching curated questions from Google Sheets...

stderr | server/__tests__/referrals.routes.test.ts > Referrals Module Routes > GET /api/referrals/stats > should handle service errors
Error getting referral stats: Error: Database error
    at [90m/home/runner/workspace/[39mserver/__tests__/referrals.routes.test.ts:305:9
    at [90mfile:///home/runner/workspace/[39mnode_modules/[4m@vitest[24m/runner/dist/chunk-hooks.js:155:11
    at [90mfile:///home/runner/workspace/[39mnode_modules/[4m@vitest[24m/runner/dist/chunk-hooks.js:752:26
    at [90mfile:///home/runner/workspace/[39mnode_modules/[4m@vitest[24m/runner/dist/chunk-hooks.js:1897:20
    at new Promise (<anonymous>)
    at runWithTimeout [90m(file:///home/runner/workspace/[39mnode_modules/[4m@vitest[24m/runner/dist/chunk-hooks.js:1863:10[90m)[39m
    at runTest [90m(file:///home/runner/workspace/[39mnode_modules/[4m@vitest[24m/runner/dist/chunk-hooks.js:1574:12[90m)[39m
[90m    at processTicksAndRejections (node:internal/process/task_queues:95:5)[39m
    at runSuite [90m(file:///home/runner/workspace/[39mnode_modules/[4m@vitest[24m/runner/dist/chunk-hooks.js:1729:8[90m)[39m
    at runSuite [90m(file:///home/runner/workspace/[39mnode_modules/[4m@vitest[24m/runner/dist/chunk-hooks.js:1729:8[90m)[39m

stdout | server/__tests__/model-answer-service.test.ts > ModelAnswerService > getQuestionsByStage > should return empty array for unknown stage
✅ Parsed 6 total questions from CSV
📋 Parsed 6 curated questions
📊 Question distribution by stage:
   phone-screening: 2 questions
   functional-team: 1 questions
   hiring-manager: 1 questions
   sme-expert: 1 questions
   executive-leadership: 1 questions

stdout | server/__tests__/model-answer-service.test.ts > ModelAnswerService > getQuestionsByStage > should return empty array for unknown stage
✅ Model answers loaded: 6 questions cached

stdout | server/__tests__/model-answer-service.test.ts > ModelAnswerService > getQuestionsByStage > should return empty array for unknown stage
✅ Model answers already cached in memory

stdout | server/__tests__/model-answer-service.test.ts > ModelAnswerService > getQuestionsByStage > should return empty array for unknown stage
🔍 getQuestionsByStage: input="invalid-stage" → normalized="invalid-stage"
📊 Found 0 questions for stage "invalid-stage"

stdout | server/__tests__/model-answer-service.test.ts > ModelAnswerService > getQuestionsByStage > should return empty array if not loaded
🌐 Fetching curated questions from Google Sheets...

stdout | server/__tests__/model-answer-service.test.ts > ModelAnswerService > getQuestionsByStage > should return empty array if not loaded
✅ Parsed 6 total questions from CSV
📋 Parsed 6 curated questions
📊 Question distribution by stage:
   phone-screening: 2 questions
   functional-team: 1 questions
   hiring-manager: 1 questions
   sme-expert: 1 questions
   executive-leadership: 1 questions

stdout | server/__tests__/model-answer-service.test.ts > ModelAnswerService > getQuestionsByStage > should return empty array if not loaded
✅ Model answers loaded: 6 questions cached

stdout | server/__tests__/model-answer-service.test.ts > ModelAnswerService > getQuestionsByStage > should return empty array if not loaded
🔍 getQuestionsByStage: input="phone-screening" → normalized="phone-screening"
📊 Found 2 questions for stage "phone-screening"
   Sample Q#: 1, 2

 ✓ |server| server/__tests__/model-answer-service.test.ts > ModelAnswerService > fetchModelAnswers > should fetch and parse CSV successfully 26ms
 ✓ |server| server/__tests__/model-answer-service.test.ts > ModelAnswerService > fetchModelAnswers > should cache results and not fetch twice 16ms
 × |server| server/__tests__/model-answer-service.test.ts > ModelAnswerService > fetchModelAnswers > should handle fetch errors gracefully 32ms
   → promise resolved "undefined" instead of rejecting
 ✓ |server| server/__tests__/model-answer-service.test.ts > ModelAnswerService > fetchModelAnswers > should handle network errors 9ms
 ✓ |server| server/__tests__/model-answer-service.test.ts > ModelAnswerService > parseCSV > should correctly parse question numbers 1ms
 ✓ |server| server/__tests__/model-answer-service.test.ts > ModelAnswerService > parseCSV > should parse question text correctly 1ms
 ✓ |server| server/__tests__/model-answer-service.test.ts > ModelAnswerService > parseCSV > should parse focus area correctly 1ms
 ✓ |server| server/__tests__/model-answer-service.test.ts > ModelAnswerService > parseCSV > should parse model answer correctly 1ms
 ✓ |server| server/__tests__/model-answer-service.test.ts > ModelAnswerService > parseCSV > should map question to correct stage 2ms
 ✓ |server| server/__tests__/model-answer-service.test.ts > ModelAnswerService > getQuestionsByStage > should return questions for phone-screening stage 2ms
 ✓ |server| server/__tests__/model-answer-service.test.ts > ModelAnswerService > getQuestionsByStage > should return questions for functional-team stage 1ms
 ✓ |server| server/__tests__/model-answer-service.test.ts > ModelAnswerService > getQuestionsByStage > should handle stage name variations 2ms
 ✓ |server| server/__tests__/model-answer-service.test.ts > ModelAnswerService > getQuestionsByStage > should limit results when count parameter provided 1ms
 ✓ |server| server/__tests__/model-answer-service.test.ts > ModelAnswerService > getQuestionsByStage > should return empty array for unknown stage 1ms
stdout | server/__tests__/model-answer-service.test.ts > ModelAnswerService > findModelAnswer > should find exact match by question text
🌐 Fetching curated questions from Google Sheets...

stdout | server/__tests__/model-answer-service.test.ts > ModelAnswerService > findModelAnswer > should find exact match by question text
✅ Parsed 6 total questions from CSV
📋 Parsed 6 curated questions
📊 Question distribution by stage:
   phone-screening: 2 questions
   functional-team: 1 questions
   hiring-manager: 1 questions
   sme-expert: 1 questions
   executive-leadership: 1 questions

stdout | server/__tests__/model-answer-service.test.ts > ModelAnswerService > findModelAnswer > should find exact match by question text
✅ Model answers loaded: 6 questions cached

stdout | server/__tests__/model-answer-service.test.ts > ModelAnswerService > findModelAnswer > should find exact match by question text
✅ Model answers already cached in memory

stdout | server/__tests__/model-answer-service.test.ts > ModelAnswerService > findModelAnswer > should find exact match by question text
✅ Exact match found for question (Q1)

stdout | server/__tests__/model-answer-service.test.ts > ModelAnswerService > findModelAnswer > should handle case-insensitive matching
🌐 Fetching curated questions from Google Sheets...

stdout | server/__tests__/model-answer-service.test.ts > ModelAnswerService > findModelAnswer > should handle case-insensitive matching
✅ Parsed 6 total questions from CSV
📋 Parsed 6 curated questions
📊 Question distribution by stage:
   phone-screening: 2 questions
   functional-team: 1 questions
   hiring-manager: 1 questions
   sme-expert: 1 questions
   executive-leadership: 1 questions

stdout | server/__tests__/model-answer-service.test.ts > ModelAnswerService > findModelAnswer > should handle case-insensitive matching
✅ Model answers loaded: 6 questions cached

stdout | server/__tests__/model-answer-service.test.ts > ModelAnswerService > findModelAnswer > should handle case-insensitive matching
✅ Model answers already cached in memory

stdout | server/__tests__/model-answer-service.test.ts > ModelAnswerService > findModelAnswer > should handle case-insensitive matching
✅ Exact match found for question (Q1)

stdout | server/__tests__/model-answer-service.test.ts > ModelAnswerService > findModelAnswer > should handle punctuation differences
🌐 Fetching curated questions from Google Sheets...

stdout | server/__tests__/model-answer-service.test.ts > ModelAnswerService > findModelAnswer > should handle punctuation differences
✅ Parsed 6 total questions from CSV
📋 Parsed 6 curated questions
📊 Question distribution by stage:
   phone-screening: 2 questions
   functional-team: 1 questions
   hiring-manager: 1 questions
   sme-expert: 1 questions
   executive-leadership: 1 questions

stdout | server/__tests__/model-answer-service.test.ts > ModelAnswerService > findModelAnswer > should handle punctuation differences
✅ Model answers loaded: 6 questions cached

stdout | server/__tests__/model-answer-service.test.ts > ModelAnswerService > findModelAnswer > should handle punctuation differences
✅ Model answers already cached in memory

stdout | server/__tests__/model-answer-service.test.ts > ModelAnswerService > findModelAnswer > should handle punctuation differences
✅ Exact match found for question (Q1)

 ✓ |server| server/__tests__/referrals.routes.test.ts > Referrals Module Routes > GET /api/referrals/stats > should get referral statistics 10ms
 ✓ |server| server/__tests__/referrals.routes.test.ts > Referrals Module Routes > GET /api/referrals/stats > should handle user with no referrals 45ms
 ✓ |server| server/__tests__/referrals.routes.test.ts > Referrals Module Routes > GET /api/referrals/stats > should handle service errors 41ms
stdout | server/__tests__/model-answer-service.test.ts > ModelAnswerService > findModelAnswer > should use fuzzy matching for similar questions
🌐 Fetching curated questions from Google Sheets...

stdout | server/__tests__/model-answer-service.test.ts > ModelAnswerService > findModelAnswer > should use fuzzy matching for similar questions
✅ Parsed 6 total questions from CSV
📋 Parsed 6 curated questions
📊 Question distribution by stage:
   phone-screening: 2 questions
   functional-team: 1 questions
   hiring-manager: 1 questions
   sme-expert: 1 questions
   executive-leadership: 1 questions

stdout | server/__tests__/model-answer-service.test.ts > ModelAnswerService > findModelAnswer > should use fuzzy matching for similar questions
✅ Model answers loaded: 6 questions cached

stdout | server/__tests__/model-answer-service.test.ts > ModelAnswerService > findModelAnswer > should use fuzzy matching for similar questions
✅ Model answers already cached in memory

stdout | server/__tests__/model-answer-service.test.ts > ModelAnswerService > findModelAnswer > should use fuzzy matching for similar questions
⚠️ No match found for question (tried threshold 0.7)

stdout | server/__tests__/model-answer-service.test.ts > ModelAnswerService > findModelAnswer > should return null for very different questions
🌐 Fetching curated questions from Google Sheets...

stdout | server/__tests__/model-answer-service.test.ts > ModelAnswerService > findModelAnswer > should return null for very different questions
✅ Parsed 6 total questions from CSV
📋 Parsed 6 curated questions
📊 Question distribution by stage:
   phone-screening: 2 questions
   functional-team: 1 questions
   hiring-manager: 1 questions
   sme-expert: 1 questions
   executive-leadership: 1 questions

stdout | server/__tests__/model-answer-service.test.ts > ModelAnswerService > findModelAnswer > should return null for very different questions
✅ Model answers loaded: 6 questions cached

stdout | server/__tests__/model-answer-service.test.ts > ModelAnswerService > findModelAnswer > should return null for very different questions
✅ Model answers already cached in memory

stdout | server/__tests__/model-answer-service.test.ts > ModelAnswerService > findModelAnswer > should return null for very different questions
⚠️ No match found for question (tried threshold 0.7)

stdout | server/__tests__/model-answer-service.test.ts > ModelAnswerService > findModelAnswer > should respect similarity threshold
🌐 Fetching curated questions from Google Sheets...

stdout | server/__tests__/model-answer-service.test.ts > ModelAnswerService > findModelAnswer > should respect similarity threshold
✅ Parsed 6 total questions from CSV
📋 Parsed 6 curated questions
📊 Question distribution by stage:
   phone-screening: 2 questions
   functional-team: 1 questions
   hiring-manager: 1 questions
   sme-expert: 1 questions
   executive-leadership: 1 questions

stdout | server/__tests__/model-answer-service.test.ts > ModelAnswerService > findModelAnswer > should respect similarity threshold
✅ Model answers loaded: 6 questions cached

stdout | server/__tests__/model-answer-service.test.ts > ModelAnswerService > findModelAnswer > should respect similarity threshold
✅ Model answers already cached in memory

stdout | server/__tests__/model-answer-service.test.ts > ModelAnswerService > findModelAnswer > should respect similarity threshold
⚠️ No match found for question (tried threshold 0.9)
✅ Fuzzy match found for question (Q1, score: 0.67)

stdout | server/__tests__/model-answer-service.test.ts > ModelAnswerService > findModelAnswer > should return null if service not loaded
🌐 Fetching curated questions from Google Sheets...

stdout | server/__tests__/model-answer-service.test.ts > ModelAnswerService > findModelAnswer > should return null if service not loaded
✅ Parsed 6 total questions from CSV
📋 Parsed 6 curated questions
📊 Question distribution by stage:
   phone-screening: 2 questions
   functional-team: 1 questions
   hiring-manager: 1 questions
   sme-expert: 1 questions
   executive-leadership: 1 questions

stdout | server/__tests__/model-answer-service.test.ts > ModelAnswerService > findModelAnswer > should return null if service not loaded
✅ Model answers loaded: 6 questions cached

stdout | server/__tests__/model-answer-service.test.ts > ModelAnswerService > findModelAnswer > should return null if service not loaded
⚠️ No match found for question (tried threshold 0.7)

stdout | server/__tests__/model-answer-service.test.ts > ModelAnswerService > getCuratedQuestion > should return question by Q number
🌐 Fetching curated questions from Google Sheets...

stdout | server/__tests__/model-answer-service.test.ts > ModelAnswerService > getCuratedQuestion > should return question by Q number
✅ Parsed 6 total questions from CSV
📋 Parsed 6 curated questions
📊 Question distribution by stage:
   phone-screening: 2 questions
   functional-team: 1 questions
   hiring-manager: 1 questions
   sme-expert: 1 questions
   executive-leadership: 1 questions

stdout | server/__tests__/model-answer-service.test.ts > ModelAnswerService > getCuratedQuestion > should return question by Q number
✅ Model answers loaded: 6 questions cached

stdout | server/__tests__/model-answer-service.test.ts > ModelAnswerService > getCuratedQuestion > should return question by Q number
✅ Model answers already cached in memory

stdout | server/__tests__/model-answer-service.test.ts > ModelAnswerService > getCuratedQuestion > should return null for non-existent Q number
🌐 Fetching curated questions from Google Sheets...

stdout | server/__tests__/model-answer-service.test.ts > ModelAnswerService > getCuratedQuestion > should return null for non-existent Q number
✅ Parsed 6 total questions from CSV
📋 Parsed 6 curated questions
📊 Question distribution by stage:
   phone-screening: 2 questions
   functional-team: 1 questions
   hiring-manager: 1 questions
   sme-expert: 1 questions
   executive-leadership: 1 questions

stdout | server/__tests__/model-answer-service.test.ts > ModelAnswerService > getCuratedQuestion > should return null for non-existent Q number
✅ Model answers loaded: 6 questions cached

stdout | server/__tests__/model-answer-service.test.ts > ModelAnswerService > getCuratedQuestion > should return null for non-existent Q number
✅ Model answers already cached in memory

stdout | server/__tests__/model-answer-service.test.ts > ModelAnswerService > getCuratedQuestion > should return null if not loaded
🌐 Fetching curated questions from Google Sheets...

stdout | server/__tests__/model-answer-service.test.ts > ModelAnswerService > getCuratedQuestion > should return null if not loaded
✅ Parsed 6 total questions from CSV
📋 Parsed 6 curated questions
📊 Question distribution by stage:
   phone-screening: 2 questions
   functional-team: 1 questions
   hiring-manager: 1 questions
   sme-expert: 1 questions
   executive-leadership: 1 questions

stdout | server/__tests__/model-answer-service.test.ts > ModelAnswerService > getCuratedQuestion > should return null if not loaded
✅ Model answers loaded: 6 questions cached

stdout | server/__tests__/model-answer-service.test.ts > ModelAnswerService > getRandomQuestionByStage > should return a random question from stage
🌐 Fetching curated questions from Google Sheets...

stdout | server/__tests__/model-answer-service.test.ts > ModelAnswerService > getRandomQuestionByStage > should return a random question from stage
✅ Parsed 6 total questions from CSV
📋 Parsed 6 curated questions
📊 Question distribution by stage:
   phone-screening: 2 questions
   functional-team: 1 questions
   hiring-manager: 1 questions
   sme-expert: 1 questions
   executive-leadership: 1 questions

stdout | server/__tests__/model-answer-service.test.ts > ModelAnswerService > getRandomQuestionByStage > should return a random question from stage
✅ Model answers loaded: 6 questions cached

stdout | server/__tests__/model-answer-service.test.ts > ModelAnswerService > getRandomQuestionByStage > should return a random question from stage
✅ Model answers already cached in memory

stdout | server/__tests__/model-answer-service.test.ts > ModelAnswerService > getRandomQuestionByStage > should return a random question from stage
🔍 getQuestionsByStage: input="phone-screening" → normalized="phone-screening"
📊 Found 2 questions for stage "phone-screening"
   Sample Q#: 1, 2

stdout | server/__tests__/model-answer-service.test.ts > ModelAnswerService > getRandomQuestionByStage > should return different questions on multiple calls (statistically)
🌐 Fetching curated questions from Google Sheets...

stdout | server/__tests__/model-answer-service.test.ts > ModelAnswerService > getRandomQuestionByStage > should return different questions on multiple calls (statistically)
✅ Parsed 6 total questions from CSV
📋 Parsed 6 curated questions
📊 Question distribution by stage:
   phone-screening: 2 questions
   functional-team: 1 questions
   hiring-manager: 1 questions
   sme-expert: 1 questions
   executive-leadership: 1 questions

stdout | server/__tests__/model-answer-service.test.ts > ModelAnswerService > getRandomQuestionByStage > should return different questions on multiple calls (statistically)
✅ Model answers loaded: 6 questions cached

stdout | server/__tests__/model-answer-service.test.ts > ModelAnswerService > getRandomQuestionByStage > should return different questions on multiple calls (statistically)
✅ Model answers already cached in memory

stdout | server/__tests__/model-answer-service.test.ts > ModelAnswerService > getRandomQuestionByStage > should return different questions on multiple calls (statistically)
🔍 getQuestionsByStage: input="phone-screening" → normalized="phone-screening"
📊 Found 2 questions for stage "phone-screening"
   Sample Q#: 1, 2
🔍 getQuestionsByStage: input="phone-screening" → normalized="phone-screening"
📊 Found 2 questions for stage "phone-screening"
   Sample Q#: 1, 2
🔍 getQuestionsByStage: input="phone-screening" → normalized="phone-screening"
📊 Found 2 questions for stage "phone-screening"
   Sample Q#: 1, 2
🔍 getQuestionsByStage: input="phone-screening" → normalized="phone-screening"
📊 Found 2 questions for stage "phone-screening"
   Sample Q#: 1, 2
🔍 getQuestionsByStage: input="phone-screening" → normalized="phone-screening"
📊 Found 2 questions for stage "phone-screening"
   Sample Q#: 1, 2
🔍 getQuestionsByStage: input="phone-screening" → normalized="phone-screening"
📊 Found 2 questions for stage "phone-screening"
   Sample Q#: 1, 2
🔍 getQuestionsByStage: input="phone-screening" → normalized="phone-screening"
📊 Found 2 questions for stage "phone-screening"
   Sample Q#: 1, 2
🔍 getQuestionsByStage: input="phone-screening" → normalized="phone-screening"
📊 Found 2 questions for stage "phone-screening"
   Sample Q#: 1, 2
🔍 getQuestionsByStage: input="phone-screening" → normalized="phone-screening"
📊 Found 2 questions for stage "phone-screening"
   Sample Q#: 1, 2
🔍 getQuestionsByStage: input="phone-screening" → normalized="phone-screening"
📊 Found 2 questions for stage "phone-screening"
   Sample Q#: 1, 2

stdout | server/__tests__/model-answer-service.test.ts > ModelAnswerService > getRandomQuestionByStage > should return null for empty stage
🌐 Fetching curated questions from Google Sheets...

stdout | server/__tests__/model-answer-service.test.ts > ModelAnswerService > getRandomQuestionByStage > should return null for empty stage
✅ Parsed 25 total questions from CSV
📋 Parsed 25 curated questions
📊 Question distribution by stage:
   phone-screening: 25 questions

stdout | server/__tests__/model-answer-service.test.ts > ModelAnswerService > getRandomQuestionByStage > should return null for empty stage
✅ Model answers loaded: 25 questions cached

stdout | server/__tests__/model-answer-service.test.ts > ModelAnswerService > getRandomQuestionByStage > should return null for empty stage
✅ Model answers already cached in memory

stdout | server/__tests__/model-answer-service.test.ts > ModelAnswerService > getRandomQuestionByStage > should return null for empty stage
🔍 getQuestionsByStage: input="invalid-stage" → normalized="invalid-stage"
📊 Found 0 questions for stage "invalid-stage"

stdout | server/__tests__/model-answer-service.test.ts > ModelAnswerService > utility methods > should return correct question count
🌐 Fetching curated questions from Google Sheets...

stdout | server/__tests__/model-answer-service.test.ts > ModelAnswerService > utility methods > should return correct question count
✅ Parsed 6 total questions from CSV
📋 Parsed 6 curated questions
📊 Question distribution by stage:
   phone-screening: 2 questions
   functional-team: 1 questions
   hiring-manager: 1 questions
   sme-expert: 1 questions
   executive-leadership: 1 questions

stdout | server/__tests__/model-answer-service.test.ts > ModelAnswerService > utility methods > should return correct question count
✅ Model answers loaded: 6 questions cached

stdout | server/__tests__/model-answer-service.test.ts > ModelAnswerService > utility methods > should return correct question count
✅ Model answers already cached in memory

stdout | server/__tests__/model-answer-service.test.ts > ModelAnswerService > utility methods > should return 0 question count before loading
🌐 Fetching curated questions from Google Sheets...

stdout | server/__tests__/model-answer-service.test.ts > ModelAnswerService > utility methods > should return 0 question count before loading
✅ Parsed 6 total questions from CSV
📋 Parsed 6 curated questions
📊 Question distribution by stage:
   phone-screening: 2 questions
   functional-team: 1 questions
   hiring-manager: 1 questions
   sme-expert: 1 questions
   executive-leadership: 1 questions

stdout | server/__tests__/model-answer-service.test.ts > ModelAnswerService > utility methods > should return 0 question count before loading
✅ Model answers loaded: 6 questions cached

stdout | server/__tests__/model-answer-service.test.ts > ModelAnswerService > utility methods > should indicate ready state correctly
🌐 Fetching curated questions from Google Sheets...

stdout | server/__tests__/model-answer-service.test.ts > ModelAnswerService > utility methods > should indicate ready state correctly
✅ Parsed 6 total questions from CSV
📋 Parsed 6 curated questions
📊 Question distribution by stage:
   phone-screening: 2 questions
   functional-team: 1 questions
   hiring-manager: 1 questions
   sme-expert: 1 questions
   executive-leadership: 1 questions

stdout | server/__tests__/model-answer-service.test.ts > ModelAnswerService > utility methods > should indicate ready state correctly
✅ Model answers loaded: 6 questions cached

stdout | server/__tests__/model-answer-service.test.ts > ModelAnswerService > utility methods > should return all questions
🌐 Fetching curated questions from Google Sheets...

stdout | server/__tests__/model-answer-service.test.ts > ModelAnswerService > utility methods > should return all questions
✅ Parsed 6 total questions from CSV
📋 Parsed 6 curated questions
📊 Question distribution by stage:
   phone-screening: 2 questions
   functional-team: 1 questions
   hiring-manager: 1 questions
   sme-expert: 1 questions
   executive-leadership: 1 questions

stdout | server/__tests__/model-answer-service.test.ts > ModelAnswerService > utility methods > should return all questions
✅ Model answers loaded: 6 questions cached

stdout | server/__tests__/model-answer-service.test.ts > ModelAnswerService > utility methods > should return all questions
✅ Model answers already cached in memory

stdout | server/__tests__/model-answer-service.test.ts > ModelAnswerService > utility methods > should return copy of questions array (immutability)
🌐 Fetching curated questions from Google Sheets...

stdout | server/__tests__/model-answer-service.test.ts > ModelAnswerService > utility methods > should return copy of questions array (immutability)
✅ Parsed 6 total questions from CSV
📋 Parsed 6 curated questions
📊 Question distribution by stage:
   phone-screening: 2 questions
   functional-team: 1 questions
   hiring-manager: 1 questions
   sme-expert: 1 questions
   executive-leadership: 1 questions

stdout | server/__tests__/model-answer-service.test.ts > ModelAnswerService > utility methods > should return copy of questions array (immutability)
✅ Model answers loaded: 6 questions cached

stdout | server/__tests__/model-answer-service.test.ts > ModelAnswerService > utility methods > should return copy of questions array (immutability)
✅ Model answers already cached in memory

 ✓ |server| server/__tests__/practice-enhancements.test.ts > Practice Module Enhancements > GET /api/practice/assessment/:id > should return 403 for unauthorized access 53ms
 ✓ |server| server/__tests__/practice-enhancements.test.ts > Practice Module Enhancements > GET /api/practice/assessment/:id > should return 400 for incomplete session 28ms
 ✓ |server| server/__tests__/practice-enhancements.test.ts > Practice Module Enhancements > GET /api/practice/assessment/:id > should return 404 if report not available 27ms
 ✓ |server| server/__tests__/practice-enhancements.test.ts > Practice Module Enhancements > GET /api/practice/assessment/:id > should handle malformed JSON in report fields 12ms
stdout | server/__tests__/model-answer-service.test.ts > ModelAnswerService > CSV parsing edge cases > should handle quoted fields with commas
🌐 Fetching curated questions from Google Sheets...

stdout | server/__tests__/model-answer-service.test.ts > ModelAnswerService > CSV parsing edge cases > should handle quoted fields with commas
✅ Parsed 6 total questions from CSV
📋 Parsed 6 curated questions
📊 Question distribution by stage:
   phone-screening: 2 questions
   functional-team: 1 questions
   hiring-manager: 1 questions
   sme-expert: 1 questions
   executive-leadership: 1 questions

stdout | server/__tests__/model-answer-service.test.ts > ModelAnswerService > CSV parsing edge cases > should handle quoted fields with commas
✅ Model answers loaded: 6 questions cached

stdout | server/__tests__/model-answer-service.test.ts > ModelAnswerService > CSV parsing edge cases > should handle quoted fields with commas
✅ Model answers already cached in memory

stdout | server/__tests__/model-answer-service.test.ts > ModelAnswerService > CSV parsing edge cases > should handle escaped quotes in fields
🌐 Fetching curated questions from Google Sheets...

stdout | server/__tests__/model-answer-service.test.ts > ModelAnswerService > CSV parsing edge cases > should handle escaped quotes in fields
✅ Parsed 1 total questions from CSV
📋 Parsed 1 curated questions
📊 Question distribution by stage:
   phone-screening: 1 questions

stdout | server/__tests__/model-answer-service.test.ts > ModelAnswerService > CSV parsing edge cases > should handle escaped quotes in fields
✅ Model answers loaded: 1 questions cached

stdout | server/__tests__/model-answer-service.test.ts > ModelAnswerService > CSV parsing edge cases > should handle escaped quotes in fields
✅ Model answers already cached in memory

stdout | server/__tests__/model-answer-service.test.ts > ModelAnswerService > CSV parsing edge cases > should skip malformed lines
🌐 Fetching curated questions from Google Sheets...

stdout | server/__tests__/model-answer-service.test.ts > ModelAnswerService > CSV parsing edge cases > should skip malformed lines
✅ Parsed 1 total questions from CSV
📋 Parsed 1 curated questions
📊 Question distribution by stage:
   phone-screening: 1 questions

stdout | server/__tests__/model-answer-service.test.ts > ModelAnswerService > CSV parsing edge cases > should skip malformed lines
✅ Model answers loaded: 1 questions cached

stdout | server/__tests__/model-answer-service.test.ts > ModelAnswerService > CSV parsing edge cases > should skip malformed lines
✅ Model answers already cached in memory

stdout | server/__tests__/model-answer-service.test.ts > ModelAnswerService > CSV parsing edge cases > should handle empty lines
🌐 Fetching curated questions from Google Sheets...

stdout | server/__tests__/model-answer-service.test.ts > ModelAnswerService > CSV parsing edge cases > should handle empty lines
✅ Parsed 2 total questions from CSV
📋 Parsed 2 curated questions
📊 Question distribution by stage:
   phone-screening: 2 questions

stdout | server/__tests__/model-answer-service.test.ts > ModelAnswerService > CSV parsing edge cases > should handle empty lines
✅ Model answers loaded: 2 questions cached

stdout | server/__tests__/model-answer-service.test.ts > ModelAnswerService > CSV parsing edge cases > should handle empty lines
✅ Model answers already cached in memory

stdout | server/__tests__/model-answer-service.test.ts > ModelAnswerService > concurrent loading > should handle concurrent fetchModelAnswers calls
🌐 Fetching curated questions from Google Sheets...

stdout | server/__tests__/model-answer-service.test.ts > ModelAnswerService > concurrent loading > should handle concurrent fetchModelAnswers calls
✅ Parsed 2 total questions from CSV
📋 Parsed 2 curated questions
📊 Question distribution by stage:
   phone-screening: 2 questions

stdout | server/__tests__/model-answer-service.test.ts > ModelAnswerService > concurrent loading > should handle concurrent fetchModelAnswers calls
✅ Model answers loaded: 2 questions cached

stdout | server/__tests__/model-answer-service.test.ts > ModelAnswerService > concurrent loading > should handle concurrent fetchModelAnswers calls
✅ Model answers already cached in memory
✅ Model answers already cached in memory
✅ Model answers already cached in memory

 × |server| server/__tests__/model-answer-service.test.ts > ModelAnswerService > getQuestionsByStage > should return empty array if not loaded 14ms
   → expected 2 to be +0 // Object.is equality
 ✓ |server| server/__tests__/model-answer-service.test.ts > ModelAnswerService > findModelAnswer > should find exact match by question text 11ms
 ✓ |server| server/__tests__/model-answer-service.test.ts > ModelAnswerService > findModelAnswer > should handle case-insensitive matching 1ms
 ✓ |server| server/__tests__/model-answer-service.test.ts > ModelAnswerService > findModelAnswer > should handle punctuation differences 7ms
 × |server| server/__tests__/model-answer-service.test.ts > ModelAnswerService > findModelAnswer > should use fuzzy matching for similar questions 4ms
   → expected null to be truthy
 ✓ |server| server/__tests__/model-answer-service.test.ts > ModelAnswerService > findModelAnswer > should return null for very different questions 9ms
 ✓ |server| server/__tests__/model-answer-service.test.ts > ModelAnswerService > findModelAnswer > should respect similarity threshold 1ms
 ✓ |server| server/__tests__/model-answer-service.test.ts > ModelAnswerService > findModelAnswer > should return null if service not loaded 1ms
 ✓ |server| server/__tests__/model-answer-service.test.ts > ModelAnswerService > getCuratedQuestion > should return question by Q number 2ms
 ✓ |server| server/__tests__/model-answer-service.test.ts > ModelAnswerService > getCuratedQuestion > should return null for non-existent Q number 1ms
 × |server| server/__tests__/model-answer-service.test.ts > ModelAnswerService > getCuratedQuestion > should return null if not loaded 4ms
   → expected { qNumber: 1, …(5) } to be null
 ✓ |server| server/__tests__/model-answer-service.test.ts > ModelAnswerService > getRandomQuestionByStage > should return a random question from stage 3ms
 ✓ |server| server/__tests__/model-answer-service.test.ts > ModelAnswerService > getRandomQuestionByStage > should return different questions on multiple calls (statistically) 3ms
 ✓ |server| server/__tests__/model-answer-service.test.ts > ModelAnswerService > getRandomQuestionByStage > should return null for empty stage 3ms
 ✓ |server| server/__tests__/model-answer-service.test.ts > ModelAnswerService > utility methods > should return correct question count 1ms
 × |server| server/__tests__/model-answer-service.test.ts > ModelAnswerService > utility methods > should return 0 question count before loading 2ms
   → expected 6 to be +0 // Object.is equality
 × |server| server/__tests__/model-answer-service.test.ts > ModelAnswerService > utility methods > should indicate ready state correctly 4ms
   → expected true to be false // Object.is equality
 ✓ |server| server/__tests__/model-answer-service.test.ts > ModelAnswerService > utility methods > should return all questions 2ms
 ✓ |server| server/__tests__/model-answer-service.test.ts > ModelAnswerService > utility methods > should return copy of questions array (immutability) 4ms
 × |server| server/__tests__/model-answer-service.test.ts > ModelAnswerService > CSV parsing edge cases > should handle quoted fields with commas 8ms
   → expected 'Could you tell me about your current …' to be 'What is 2+2, exactly?' // Object.is equality
 × |server| server/__tests__/model-answer-service.test.ts > ModelAnswerService > CSV parsing edge cases > should handle escaped quotes in fields 7ms
   → expected 'What is 2+2, exactly?' to be 'What is "success"?' // Object.is equality
 × |server| server/__tests__/model-answer-service.test.ts > ModelAnswerService > CSV parsing edge cases > should skip malformed lines 7ms
   → expected 1 to be 2 // Object.is equality
 ✓ |server| server/__tests__/model-answer-service.test.ts > ModelAnswerService > CSV parsing edge cases > should handle empty lines 4ms
 × |server| server/__tests__/model-answer-service.test.ts > ModelAnswerService > concurrent loading > should handle concurrent fetchModelAnswers calls 6ms
   → expected 2 to be 6 // Object.is equality
 ✓ |server| server/__tests__/referrals.routes.test.ts > Referrals Module Routes > GET /api/referrals/referrals > should get list of user's referrals 42ms
 ✓ |server| server/__tests__/referrals.routes.test.ts > Referrals Module Routes > GET /api/referrals/referrals > should respect custom limit parameter 31ms
 ✓ |server| server/__tests__/referrals.routes.test.ts > Referrals Module Routes > GET /api/referrals/referrals > should cap limit at 100 48ms
 ✓ |server| server/__tests__/practice-enhancements.test.ts > Practice Module Enhancements > Authentication > should return 401 for unauthenticated history request 34ms
 ✓ |server| server/__tests__/practice-enhancements.test.ts > Practice Module Enhancements > Authentication > should return 401 for unauthenticated assessment request 43ms
stderr | server/__tests__/referrals.routes.test.ts > Referrals Module Routes > GET /api/referrals/referrals > should handle service errors
Error getting referrals: Error: Database error
    at [90m/home/runner/workspace/[39mserver/__tests__/referrals.routes.test.ts:403:9
    at [90mfile:///home/runner/workspace/[39mnode_modules/[4m@vitest[24m/runner/dist/chunk-hooks.js:155:11
    at [90mfile:///home/runner/workspace/[39mnode_modules/[4m@vitest[24m/runner/dist/chunk-hooks.js:752:26
    at [90mfile:///home/runner/workspace/[39mnode_modules/[4m@vitest[24m/runner/dist/chunk-hooks.js:1897:20
    at new Promise (<anonymous>)
    at runWithTimeout [90m(file:///home/runner/workspace/[39mnode_modules/[4m@vitest[24m/runner/dist/chunk-hooks.js:1863:10[90m)[39m
    at runTest [90m(file:///home/runner/workspace/[39mnode_modules/[4m@vitest[24m/runner/dist/chunk-hooks.js:1574:12[90m)[39m
[90m    at processTicksAndRejections (node:internal/process/task_queues:95:5)[39m
    at runSuite [90m(file:///home/runner/workspace/[39mnode_modules/[4m@vitest[24m/runner/dist/chunk-hooks.js:1729:8[90m)[39m
    at runSuite [90m(file:///home/runner/workspace/[39mnode_modules/[4m@vitest[24m/runner/dist/chunk-hooks.js:1729:8[90m)[39m

 ✓ |server| server/__tests__/referrals.routes.test.ts > Referrals Module Routes > GET /api/referrals/referrals > should handle user with no referrals 30ms
 ✓ |server| server/__tests__/referrals.routes.test.ts > Referrals Module Routes > GET /api/referrals/referrals > should handle service errors 36ms
 ✓ |server| server/__tests__/referrals.routes.test.ts > Referrals Module Routes > Authentication > should return 401 for unauthenticated create code request 40ms
 ✓ |server| server/__tests__/referrals.routes.test.ts > Referrals Module Routes > Authentication > should return 401 for unauthenticated get code request 22ms
 ✓ |server| server/__tests__/referrals.routes.test.ts > Referrals Module Routes > Authentication > should return 401 for unauthenticated stats request 7ms
stderr | server/__tests__/migrations/redesign-schema.test.ts > Phase 1 rollback migration > rollback SQL file should exist eventually

⚠️  Warning: Rollback SQL not found at: /home/runner/workspace/server/migrations/2025-10-redesign/rollback.sql 
Create it using the documented rollback procedure in DATABASE_SCHEMA.md

 ✓ |server| server/__tests__/migrations/redesign-schema.test.ts > Phase 1 redesign migration > includes all user table extensions 2ms
 ✓ |server| server/__tests__/migrations/redesign-schema.test.ts > Phase 1 redesign migration > creates every redesign table 1ms
 ✓ |server| server/__tests__/migrations/redesign-schema.test.ts > Phase 1 redesign migration > adds the documented indexes 1ms
 ✓ |server| server/__tests__/migrations/redesign-schema.test.ts > Phase 1 redesign migration > is wrapped in a transaction (BEGIN/COMMIT) 1ms
 ✓ |server| server/__tests__/migrations/redesign-schema.test.ts > Phase 1 redesign migration > uses idempotent operations (IF NOT EXISTS) 4ms
 ✓ |server| server/__tests__/migrations/redesign-schema.test.ts > Phase 1 redesign migration > includes proper foreign key constraints 0ms
 ✓ |server| server/__tests__/migrations/redesign-schema.test.ts > Phase 1 redesign migration > includes proper CHECK constraints 0ms
 ✓ |server| server/__tests__/migrations/redesign-schema.test.ts > Phase 1 redesign migration > has proper column defaults 0ms
 ✓ |server| server/__tests__/migrations/redesign-schema.test.ts > Phase 1 redesign migration > uses UUID primary keys for new tables 0ms
 ✓ |server| server/__tests__/migrations/redesign-schema.test.ts > Phase 1 redesign migration > does not include any destructive operations 1ms
 ✓ |server| server/__tests__/migrations/redesign-schema.test.ts > Phase 1 redesign migration > does not include any database connection changes 1ms
 ✓ |server| server/__tests__/migrations/redesign-schema.test.ts > Phase 1 rollback migration > rollback SQL file should exist eventually 7ms
 ✓ |server| server/__tests__/migrations/redesign-schema.test.ts > Phase 1 rollback migration > includes DROP statements in correct order (if exists) 0ms
 ✓ |server| server/__tests__/migrations/redesign-schema.test.ts > Phase 1 rollback migration > includes ALTER TABLE to remove user columns (if exists) 1ms
 ✓ |server| server/__tests__/support.routes.test.ts > Support Module Routes > POST /api/support/tickets > should create a support ticket 101ms
 ✓ |server| server/__tests__/support.routes.test.ts > Support Module Routes > POST /api/support/tickets > should create ticket with default priority 21ms
 ✓ |server| server/__tests__/support.routes.test.ts > Support Module Routes > POST /api/support/tickets > should return 400 for missing required fields 39ms
 ✓ |server| server/__tests__/gamification.routes.test.ts > Gamification API Routes > Badges > GET /api/gamification/badges > returns all active badges 208ms
 ✓ |server| server/__tests__/gamification.routes.test.ts > Gamification API Routes > Badges > GET /api/gamification/badges > returns badges filtered by category 33ms
 ✓ |server| server/__tests__/gamification.routes.test.ts > Gamification API Routes > Badges > GET /api/gamification/user-badges > returns user's badges with progress and stats 51ms
stderr | server/__tests__/support.routes.test.ts > Support Module Routes > POST /api/support/tickets > should handle service errors
Error creating support ticket: Error: Database error
    at [90m/home/runner/workspace/[39mserver/__tests__/support.routes.test.ts:136:9
    at [90mfile:///home/runner/workspace/[39mnode_modules/[4m@vitest[24m/runner/dist/chunk-hooks.js:155:11
    at [90mfile:///home/runner/workspace/[39mnode_modules/[4m@vitest[24m/runner/dist/chunk-hooks.js:752:26
    at [90mfile:///home/runner/workspace/[39mnode_modules/[4m@vitest[24m/runner/dist/chunk-hooks.js:1897:20
    at new Promise (<anonymous>)
    at runWithTimeout [90m(file:///home/runner/workspace/[39mnode_modules/[4m@vitest[24m/runner/dist/chunk-hooks.js:1863:10[90m)[39m
    at runTest [90m(file:///home/runner/workspace/[39mnode_modules/[4m@vitest[24m/runner/dist/chunk-hooks.js:1574:12[90m)[39m
[90m    at processTicksAndRejections (node:internal/process/task_queues:95:5)[39m
    at runSuite [90m(file:///home/runner/workspace/[39mnode_modules/[4m@vitest[24m/runner/dist/chunk-hooks.js:1729:8[90m)[39m
    at runSuite [90m(file:///home/runner/workspace/[39mnode_modules/[4m@vitest[24m/runner/dist/chunk-hooks.js:1729:8[90m)[39m

 ✓ |server| server/__tests__/support.routes.test.ts > Support Module Routes > POST /api/support/tickets > should return 400 for invalid priority 49ms
 ✓ |server| server/__tests__/support.routes.test.ts > Support Module Routes > POST /api/support/tickets > should handle service errors 48ms
 ✓ |server| server/__tests__/support.routes.test.ts > Support Module Routes > GET /api/support/tickets > should get user's tickets 21ms
 ✓ |server| server/__tests__/gamification.routes.test.ts > Gamification API Routes > Badges > GET /api/gamification/user-badges > returns only earned badges when earnedOnly=true 29ms
 ✓ |server| server/__tests__/gamification.routes.test.ts > Gamification API Routes > Badges > GET /api/gamification/user-badges > requires authentication 29ms
 ✓ |server| server/__tests__/support.routes.test.ts > Support Module Routes > GET /api/support/tickets > should filter by status 33ms
 ✓ |server| server/__tests__/support.routes.test.ts > Support Module Routes > GET /api/support/tickets > should filter by priority 100ms
 ✓ |server| server/__tests__/gamification.routes.test.ts > Gamification API Routes > Badges > POST /api/gamification/award-badge > awards badge successfully 83ms
 ✓ |server| server/__tests__/gamification.routes.test.ts > Gamification API Routes > Badges > POST /api/gamification/award-badge > returns 400 for invalid badgeId 95ms
 ✓ |server| server/__tests__/support.routes.test.ts > Support Module Routes > GET /api/support/tickets > should return 400 for invalid status filter 74ms
 ✓ |server| server/__tests__/gamification.routes.test.ts > Gamification API Routes > Badges > POST /api/gamification/award-badge > returns 404 when badge not found 35ms
 ✓ |server| server/__tests__/gamification.routes.test.ts > Gamification API Routes > XP Points > POST /api/gamification/add-points > adds points successfully 38ms
 ✓ |server| server/__tests__/gamification.routes.test.ts > Gamification API Routes > XP Points > POST /api/gamification/add-points > returns level up notification 20ms
 ✓ |server| server/__tests__/support.routes.test.ts > Support Module Routes > GET /api/support/tickets > should return 400 for invalid priority filter 35ms
 ✓ |server| server/__tests__/support.routes.test.ts > Support Module Routes > GET /api/support/tickets > should respect custom limit 23ms
 ✓ |server| server/__tests__/support.routes.test.ts > Support Module Routes > GET /api/support/tickets > should cap limit at 100 5ms
 ✓ |server| server/__tests__/support.routes.test.ts > Support Module Routes > GET /api/support/tickets/:id > should get specific ticket 10ms
 ✓ |server| server/__tests__/support.routes.test.ts > Support Module Routes > GET /api/support/tickets/:id > should return 404 if ticket not found 20ms
 ✓ |server| server/__tests__/support.routes.test.ts > Support Module Routes > PUT /api/support/tickets/:id > should update ticket status 18ms
 ✓ |server| server/__tests__/support.routes.test.ts > Support Module Routes > PUT /api/support/tickets/:id > should update ticket priority 10ms
 ✓ |server| server/__tests__/support.routes.test.ts > Support Module Routes > PUT /api/support/tickets/:id > should return 400 for invalid status 5ms
stderr | server/__tests__/support.routes.test.ts > Support Module Routes > PUT /api/support/tickets/:id > should return 404 if ticket not found
Error updating support ticket: Error: Ticket not found or access denied
    at [90m/home/runner/workspace/[39mserver/__tests__/support.routes.test.ts:357:9
    at [90mfile:///home/runner/workspace/[39mnode_modules/[4m@vitest[24m/runner/dist/chunk-hooks.js:155:11
    at [90mfile:///home/runner/workspace/[39mnode_modules/[4m@vitest[24m/runner/dist/chunk-hooks.js:752:26
    at [90mfile:///home/runner/workspace/[39mnode_modules/[4m@vitest[24m/runner/dist/chunk-hooks.js:1897:20
    at new Promise (<anonymous>)
    at runWithTimeout [90m(file:///home/runner/workspace/[39mnode_modules/[4m@vitest[24m/runner/dist/chunk-hooks.js:1863:10[90m)[39m
    at runTest [90m(file:///home/runner/workspace/[39mnode_modules/[4m@vitest[24m/runner/dist/chunk-hooks.js:1574:12[90m)[39m
[90m    at processTicksAndRejections (node:internal/process/task_queues:95:5)[39m
    at runSuite [90m(file:///home/runner/workspace/[39mnode_modules/[4m@vitest[24m/runner/dist/chunk-hooks.js:1729:8[90m)[39m
    at runSuite [90m(file:///home/runner/workspace/[39mnode_modules/[4m@vitest[24m/runner/dist/chunk-hooks.js:1729:8[90m)[39m

 ✓ |server| server/__tests__/gamification.routes.test.ts > Gamification API Routes > XP Points > POST /api/gamification/add-points > returns 400 for points less than 1 26ms
 ✓ |server| server/__tests__/gamification.routes.test.ts > Gamification API Routes > XP Points > POST /api/gamification/add-points > returns 400 for missing source 31ms
 ✓ |server| server/__tests__/gamification.routes.test.ts > Gamification API Routes > XP Points > GET /api/gamification/points > returns user's current points and level 11ms
 ✓ |server| server/__tests__/gamification.routes.test.ts > Gamification API Routes > XP Points > GET /api/gamification/points > requires authentication 47ms
 ✓ |server| server/__tests__/support.routes.test.ts > Support Module Routes > PUT /api/support/tickets/:id > should return 404 if ticket not found 64ms
 ✓ |server| server/__tests__/support.routes.test.ts > Support Module Routes > GET /api/support/tickets-stats > should get ticket statistics 25ms
 ✓ |server| server/__tests__/support.routes.test.ts > Support Module Routes > GET /api/support/tickets-stats > should handle user with no tickets 23ms
 ✓ |server| server/__tests__/support.routes.test.ts > Support Module Routes > POST /api/support/feedback > should submit bug feedback 18ms
 ✓ |server| server/__tests__/support.routes.test.ts > Support Module Routes > POST /api/support/feedback > should submit feature request 21ms
 ✓ |server| server/__tests__/gamification.routes.test.ts > Gamification API Routes > Streaks > POST /api/gamification/update-streak > updates streak successfully 35ms
 ✓ |server| server/__tests__/gamification.routes.test.ts > Gamification API Routes > Streaks > POST /api/gamification/update-streak > indicates when streak is broken 12ms
 ✓ |server| server/__tests__/gamification.routes.test.ts > Gamification API Routes > Streaks > GET /api/gamification/streak > returns user's streak information 54ms
 ✓ |server| server/__tests__/gamification.routes.test.ts > Gamification API Routes > Leaderboard > GET /api/gamification/leaderboard > returns top users 54ms
 ✓ |server| server/__tests__/support.routes.test.ts > Support Module Routes > POST /api/support/feedback > should return 400 for missing required fields 43ms
 ✓ |server| server/__tests__/support.routes.test.ts > Support Module Routes > POST /api/support/feedback > should return 400 for invalid feedback type 38ms
 ✓ |server| server/__tests__/support.routes.test.ts > Support Module Routes > POST /api/support/feedback > should accept optional fields 76ms
 ✓ |server| server/__tests__/support.routes.test.ts > Support Module Routes > GET /api/support/feedback > should get user's feedback submissions 53ms
 ✓ |server| server/__tests__/support.routes.test.ts > Support Module Routes > GET /api/support/feedback > should respect custom limit 5ms
 ✓ |server| server/__tests__/gamification.routes.test.ts > Gamification API Routes > Leaderboard > GET /api/gamification/leaderboard > respects limit parameter 53ms
 ✓ |server| server/__tests__/gamification.routes.test.ts > Gamification API Routes > Leaderboard > GET /api/gamification/leaderboard > caps limit at 100 73ms
 ✓ |server| server/__tests__/gamification.routes.test.ts > Gamification API Routes > Leaderboard > GET /api/gamification/leaderboard > uses default limit of 10 when not specified 74ms
 ✓ |server| server/__tests__/support.routes.test.ts > Support Module Routes > GET /api/support/feedback > should cap limit at 100 67ms
 ✓ |server| server/__tests__/support.routes.test.ts > Support Module Routes > GET /api/support/feedback/:id > should get specific feedback 58ms
 ✓ |server| server/__tests__/support.routes.test.ts > Support Module Routes > GET /api/support/feedback/:id > should return 404 if feedback not found 33ms
 ✓ |server| server/__tests__/support.routes.test.ts > Support Module Routes > Authentication > should return 401 for unauthenticated ticket creation 63ms
 ✓ |server| server/__tests__/support.routes.test.ts > Support Module Routes > Authentication > should return 401 for unauthenticated feedback submission 33ms
[replit-cartographer] Error processing /home/runner/workspace/client/src/__tests__/components/mvp/shared/ReadinessScoreBadge.test.tsx: TypeError: traverse is not a function
    at TransformPluginContext.transform (file:///home/runner/workspace/node_modules/@replit/vite-plugin-cartographer/dist/index.mjs:53:9)
    at async PluginContainer.transform (file:///home/runner/workspace/node_modules/vite/dist/node/chunks/dep-BK3b2jBa.js:49099:18)
    at async loadAndTransform (file:///home/runner/workspace/node_modules/vite/dist/node/chunks/dep-BK3b2jBa.js:51978:27)
[replit-cartographer] Error processing /home/runner/workspace/client/src/__tests__/utils/test-utils.tsx: TypeError: traverse is not a function
    at TransformPluginContext.transform (file:///home/runner/workspace/node_modules/@replit/vite-plugin-cartographer/dist/index.mjs:53:9)
    at async PluginContainer.transform (file:///home/runner/workspace/node_modules/vite/dist/node/chunks/dep-BK3b2jBa.js:49099:18)
    at async loadAndTransform (file:///home/runner/workspace/node_modules/vite/dist/node/chunks/dep-BK3b2jBa.js:51978:27)
[replit-cartographer] Error processing /home/runner/workspace/client/src/components/mvp/shared/ReadinessScoreBadge.jsx: TypeError: traverse is not a function
    at TransformPluginContext.transform (file:///home/runner/workspace/node_modules/@replit/vite-plugin-cartographer/dist/index.mjs:53:9)
    at async PluginContainer.transform (file:///home/runner/workspace/node_modules/vite/dist/node/chunks/dep-BK3b2jBa.js:49099:18)
    at async loadAndTransform (file:///home/runner/workspace/node_modules/vite/dist/node/chunks/dep-BK3b2jBa.js:51978:27)
[replit-cartographer] Error processing /home/runner/workspace/client/src/components/ui/card.tsx: TypeError: traverse is not a function
    at TransformPluginContext.transform (file:///home/runner/workspace/node_modules/@replit/vite-plugin-cartographer/dist/index.mjs:53:9)
    at async PluginContainer.transform (file:///home/runner/workspace/node_modules/vite/dist/node/chunks/dep-BK3b2jBa.js:49099:18)
    at async loadAndTransform (file:///home/runner/workspace/node_modules/vite/dist/node/chunks/dep-BK3b2jBa.js:51978:27)
[replit-cartographer] Error processing /home/runner/workspace/client/src/components/ui/progress.tsx: TypeError: traverse is not a function
    at TransformPluginContext.transform (file:///home/runner/workspace/node_modules/@replit/vite-plugin-cartographer/dist/index.mjs:53:9)
    at async PluginContainer.transform (file:///home/runner/workspace/node_modules/vite/dist/node/chunks/dep-BK3b2jBa.js:49099:18)
    at async loadAndTransform (file:///home/runner/workspace/node_modules/vite/dist/node/chunks/dep-BK3b2jBa.js:51978:27)
[replit-cartographer] Error processing /home/runner/workspace/client/src/components/ui/badge.tsx: TypeError: traverse is not a function
    at TransformPluginContext.transform (file:///home/runner/workspace/node_modules/@replit/vite-plugin-cartographer/dist/index.mjs:53:9)
    at async PluginContainer.transform (file:///home/runner/workspace/node_modules/vite/dist/node/chunks/dep-BK3b2jBa.js:49099:18)
    at async loadAndTransform (file:///home/runner/workspace/node_modules/vite/dist/node/chunks/dep-BK3b2jBa.js:51978:27)
[replit-cartographer] Error processing /home/runner/workspace/client/src/__tests__/components/mvp/prepare/ResumeAnalyzer.test.tsx: TypeError: traverse is not a function
    at TransformPluginContext.transform (file:///home/runner/workspace/node_modules/@replit/vite-plugin-cartographer/dist/index.mjs:53:9)
    at async PluginContainer.transform (file:///home/runner/workspace/node_modules/vite/dist/node/chunks/dep-BK3b2jBa.js:49099:18)
    at async loadAndTransform (file:///home/runner/workspace/node_modules/vite/dist/node/chunks/dep-BK3b2jBa.js:51978:27)
[replit-cartographer] Error processing /home/runner/workspace/client/src/__tests__/components/mvp/perform/ActualInterviewTracker.test.tsx: TypeError: traverse is not a function
    at TransformPluginContext.transform (file:///home/runner/workspace/node_modules/@replit/vite-plugin-cartographer/dist/index.mjs:53:9)
    at async PluginContainer.transform (file:///home/runner/workspace/node_modules/vite/dist/node/chunks/dep-BK3b2jBa.js:49099:18)
    at async loadAndTransform (file:///home/runner/workspace/node_modules/vite/dist/node/chunks/dep-BK3b2jBa.js:51978:27)
 × |client| src/__tests__/components/mvp/shared/ReadinessScoreBadge.test.tsx > ReadinessScoreBadge > renders the readiness score badge 119ms
   → Found multiple elements with the text: /75|readiness/i

Here are the matching elements:

Ignored nodes: comments, script, style
[36m<p[39m
  [33mclass[39m=[32m"text-sm font-semibold text-gray-700 mb-1"[39m
[36m>[39m
  [0mInterview Readiness[0m
[36m</p>[39m

Ignored nodes: comments, script, style
[36m<p[39m
  [33mclass[39m=[32m"text-4xl font-bold text-blue-600"[39m
[36m>[39m
  [0m75[0m
  [0m%[0m
[36m</p>[39m

(If this is intentional, then use the `*AllBy*` variant of the query (like `queryAllByText`, `getAllByText`, or `findAllByText`)).

Ignored nodes: comments, script, style
[36m<body>[39m
  [36m<div>[39m
    [36m<div[39m
      [33manimate[39m=[32m"[object Object]"[39m
      [33minitial[39m=[32m"[object Object]"[39m
      [33mtransition[39m=[32m"[object Object]"[39m
    [36m>[39m
      [36m<div[39m
        [33mclass[39m=[32m"rounded-lg bg-card text-card-foreground shadow-sm border-2 border-purple-200 bg-gradient-to-br from-purple-50 to-pink-50"[39m
      [36m>[39m
        [36m<div[39m
          [33mclass[39m=[32m"p-6"[39m
        [36m>[39m
          [36m<div[39m
            [33mclass[39m=[32m"flex items-start justify-between mb-4"[39m
          [36m>[39m
            [36m<div>[39m
              [36m<p[39m
                [33mclass[39m=[32m"text-sm font-semibold text-gray-700 mb-1"[39m
              [36m>[39m
                [0mInterview Readiness[0m
              [36m</p>[39m
              [36m<div[39m
                [33mclass[39m=[32m"flex items-center gap-2"[39m
              [36m>[39m
                [36m<p[39m
                  [33mclass[39m=[32m"text-4xl font-bold text-blue-600"[39m
                [36m>[39m
                  [0m75[0m
                  [0m%[0m
                [36m</p>[39m
              [36m</div>[39m
              [36m<p[39m
                [33mclass[39m=[32m"text-sm text-gray-600 mt-1"[39m
              [36m>[39m
                [0mGood Progress[0m
              [36m</p>[39m
            [36m</div>[39m
            [36m<div[39m
              [33mclass[39m=[32m"w-16 h-16 rounded-full bg-gradient-to-r from-blue-500 to-blue-600 flex items-center justify-center shadow-lg"[39m
            [36m>[39m
              [36m<svg[39m
                [33mclass[39m=[32m"lucide lucide-target w-8 h-8 text-white"[39m
                [33mfill[39m=[32m"none"[39m
                [33mheight[39m=[32m"24"[39m
                [33mstroke[39m=[32m"currentColor"[39m
                [33mstroke-linecap[39m=[32m"round"[39m
                [33mstroke-linejoin[39m=[32m"round"[39m
                [33mstroke-width[39m=[32m"2"[39m
                [33mviewBox[39m=[32m"0 0 24 24"[39m
                [33mwidth[39m=[32m"24"[39m
                [33mxmlns[39m=[32m"http://www.w3.org/2000/svg"[39m
              [36m>[39m
                [36m<circle[39m
                  [33mcx[39m=[32m"12"[39m
                  [33mcy[39m=[32m"12"[39m
                  [33mr[39m=[32m"10"[39m
                [36m/>[39m
                [36m<circle[39m
                  [33mcx[39m=[32m"12"[39m
                  [33mcy[39m=[32m"12"[39m
                  [33mr[39m=[32m"6"[39m
                [36m/>[39m
                [36m<circle[39m
                  [33mcx[39m=[32m"12"[39m
                  [33mcy[39m=[32m"12"[39m
                  [33mr[39m=[32m"2"[39m
                [36m/>[39m
              [36m</svg>[39m
            [36m</div>[39m
          [36m</div>[39m
          [36m<div[39m
            [33maria-valuemax[39m=[32m"100"[39m
            [33maria-valuemin[39m=[32m"0"[39m
            [33mclass[39m=[32m"relative w-full overflow-hidden rounded-full bg-secondary h-3 mb-3"[39m
            [33mdata-max[39m=[32m"100"[39m
            [33mdata-state[39m=[32m"indeterminate"[39m
            [33mrole[39m=[32m"progressbar"[39m
          [36m>[39m
            [36m<div[39m
              [33mclass[39m=[32m"h-full w-full flex-1 bg-primary transition-all"[39m
              [33mdata-max[39m=[32m"100"[39m
              [33mdata-state[39m=[32m"indeterminate"[39m
              [33mstyle[39m=[32m"transform: translateX(-25%);"[39m
            [36m/>[39m
          [36m</div>[39m
          [36m<div[39m
            [33mclass[39m=[32m"space-y-2 mt-4 pt-4 border-t border-purple-200"[39m
          [36m>[39m
            [36m<div[39m
              [33mclass[39m=[32m"grid grid-cols-2 gap-3 text-xs"[39m
            [36m>[39m
              [36m<div>[39m
                [36m<p[39m
                  [33mclass[39m=[32m"text-gray-500"[39m
                [36m>[39m
                  [0mLearning[0m
                [36m</p>[39m
                [36m<p[39m
                  [33mclass[39m=[32m"font-semibold"[39m
                [36m>[39m
                  [0m25% weight[0m
                [36m</p>[39m
              [36m</div>[39m
              [36m<div>[39m
                [36m<p[39m
                  [33mclass[39m=[32m"text-gray-500"[39m
                [36m>[39m
                  [0mPractice[0m
                [36m</p>[39m
                [36m<p[39m
                  [33mclass[39m=[32m"font-semibold"[39m
                [36m>[39m
                  [0m40% weight[0m
                [36m</p>[39m
              [36m</div>[39m
              [36m<div>[39m
                [36m<p[39m
                  [33mclass[39m=[32m"text-gray-500"[39m
                [36m>[39m
                  [0mProfile[0m
                [36m</p>[39m
                [36m<p[39m
                  [33mclass[39m=[32m"font-semibold"[39m
                [36m>[39m
                  [0m15% weight[0m
                [36m</p>[39m
              [36m</div>[39m
              [36m<div>[39m
                [36m<p[39m
                  [33mclass[39m=[32m"text-gray-500"[39m
                [36m>[39m
                  [0mConsistency[0m
                [36m</p>[39m
                [36m<p[39m
                  [33mclass[39m=[32m"font-semibold"[39m
                [36m>[39m
                  [0m10% weight[0m
                [36m</p>[39m
              [36m</div>[39m
            [36m</div>[39m
            [36m<p[39m
              [33mclass[39m=[32m"text-xs text-gray-500 mt-2"[39m
            [36m>[39m
              [0mYour score updates automatically as you complete activities[0m
            [36m</p>[39m
          [36m</div>[39m
        [36m</div>[39m
      [36m</div>[39m
    [36m</div>[39m
  [36m</div>[39m
[36m</body>[39m
 ✓ |client| src/__tests__/components/mvp/shared/ReadinessScoreBadge.test.tsx > ReadinessScoreBadge > displays score with percentage 27ms
 ✓ |client| src/__tests__/components/mvp/shared/ReadinessScoreBadge.test.tsx > ReadinessScoreBadge > shows correct label for score >= 80 (Interview Ready) 18ms
 ✓ |client| src/__tests__/components/mvp/shared/ReadinessScoreBadge.test.tsx > ReadinessScoreBadge > shows correct label for score 60-79 (Good Progress) 83ms
 ✓ |client| src/__tests__/components/mvp/shared/ReadinessScoreBadge.test.tsx > ReadinessScoreBadge > shows correct label for score 40-59 (Keep Practicing) 27ms
 ✓ |client| src/__tests__/components/mvp/shared/ReadinessScoreBadge.test.tsx > ReadinessScoreBadge > shows correct label for score < 40 (Just Starting) 11ms
[replit-cartographer] Error processing /home/runner/workspace/client/src/components/mvp/prepare/ResumeAnalyzer.jsx: TypeError: traverse is not a function
    at TransformPluginContext.transform (file:///home/runner/workspace/node_modules/@replit/vite-plugin-cartographer/dist/index.mjs:53:9)
    at async PluginContainer.transform (file:///home/runner/workspace/node_modules/vite/dist/node/chunks/dep-BK3b2jBa.js:49099:18)
    at async loadAndTransform (file:///home/runner/workspace/node_modules/vite/dist/node/chunks/dep-BK3b2jBa.js:51978:27)
 ✓ |client| src/__tests__/components/mvp/shared/ReadinessScoreBadge.test.tsx > ReadinessScoreBadge > displays progress bar 83ms
 × |client| src/__tests__/components/mvp/shared/ReadinessScoreBadge.test.tsx > ReadinessScoreBadge > shows details when showDetails is true 24ms
   → Found multiple elements with the text: /Learning|Practice|Profile|Consistency/i

Here are the matching elements:

Ignored nodes: comments, script, style
[36m<p[39m
  [33mclass[39m=[32m"text-gray-500"[39m
[36m>[39m
  [0mLearning[0m
[36m</p>[39m

Ignored nodes: comments, script, style
[36m<p[39m
  [33mclass[39m=[32m"text-gray-500"[39m
[36m>[39m
  [0mPractice[0m
[36m</p>[39m

Ignored nodes: comments, script, style
[36m<p[39m
  [33mclass[39m=[32m"text-gray-500"[39m
[36m>[39m
  [0mProfile[0m
[36m</p>[39m

Ignored nodes: comments, script, style
[36m<p[39m
  [33mclass[39m=[32m"text-gray-500"[39m
[36m>[39m
  [0mConsistency[0m
[36m</p>[39m

(If this is intentional, then use the `*AllBy*` variant of the query (like `queryAllByText`, `getAllByText`, or `findAllByText`)).

Ignored nodes: comments, script, style
[36m<body>[39m
  [36m<div>[39m
    [36m<div[39m
      [33manimate[39m=[32m"[object Object]"[39m
      [33minitial[39m=[32m"[object Object]"[39m
      [33mtransition[39m=[32m"[object Object]"[39m
    [36m>[39m
      [36m<div[39m
        [33mclass[39m=[32m"rounded-lg bg-card text-card-foreground shadow-sm border-2 border-purple-200 bg-gradient-to-br from-purple-50 to-pink-50"[39m
      [36m>[39m
        [36m<div[39m
          [33mclass[39m=[32m"p-6"[39m
        [36m>[39m
          [36m<div[39m
            [33mclass[39m=[32m"flex items-start justify-between mb-4"[39m
          [36m>[39m
            [36m<div>[39m
              [36m<p[39m
                [33mclass[39m=[32m"text-sm font-semibold text-gray-700 mb-1"[39m
              [36m>[39m
                [0mInterview Readiness[0m
              [36m</p>[39m
              [36m<div[39m
                [33mclass[39m=[32m"flex items-center gap-2"[39m
              [36m>[39m
                [36m<p[39m
                  [33mclass[39m=[32m"text-4xl font-bold text-blue-600"[39m
                [36m>[39m
                  [0m75[0m
                  [0m%[0m
                [36m</p>[39m
              [36m</div>[39m
              [36m<p[39m
                [33mclass[39m=[32m"text-sm text-gray-600 mt-1"[39m
              [36m>[39m
                [0mGood Progress[0m
              [36m</p>[39m
            [36m</div>[39m
            [36m<div[39m
              [33mclass[39m=[32m"w-16 h-16 rounded-full bg-gradient-to-r from-blue-500 to-blue-600 flex items-center justify-center shadow-lg"[39m
            [36m>[39m
              [36m<svg[39m
                [33mclass[39m=[32m"lucide lucide-target w-8 h-8 text-white"[39m
                [33mfill[39m=[32m"none"[39m
                [33mheight[39m=[32m"24"[39m
                [33mstroke[39m=[32m"currentColor"[39m
                [33mstroke-linecap[39m=[32m"round"[39m
                [33mstroke-linejoin[39m=[32m"round"[39m
                [33mstroke-width[39m=[32m"2"[39m
                [33mviewBox[39m=[32m"0 0 24 24"[39m
                [33mwidth[39m=[32m"24"[39m
                [33mxmlns[39m=[32m"http://www.w3.org/2000/svg"[39m
              [36m>[39m
                [36m<circle[39m
                  [33mcx[39m=[32m"12"[39m
                  [33mcy[39m=[32m"12"[39m
                  [33mr[39m=[32m"10"[39m
                [36m/>[39m
                [36m<circle[39m
                  [33mcx[39m=[32m"12"[39m
                  [33mcy[39m=[32m"12"[39m
                  [33mr[39m=[32m"6"[39m
                [36m/>[39m
                [36m<circle[39m
                  [33mcx[39m=[32m"12"[39m
                  [33mcy[39m=[32m"12"[39m
                  [33mr[39m=[32m"2"[39m
                [36m/>[39m
              [36m</svg>[39m
            [36m</div>[39m
          [36m</div>[39m
          [36m<div[39m
            [33maria-valuemax[39m=[32m"100"[39m
            [33maria-valuemin[39m=[32m"0"[39m
            [33mclass[39m=[32m"relative w-full overflow-hidden rounded-full bg-secondary h-3 mb-3"[39m
            [33mdata-max[39m=[32m"100"[39m
            [33mdata-state[39m=[32m"indeterminate"[39m
            [33mrole[39m=[32m"progressbar"[39m
          [36m>[39m
            [36m<div[39m
              [33mclass[39m=[32m"h-full w-full flex-1 bg-primary transition-all"[39m
              [33mdata-max[39m=[32m"100"[39m
              [33mdata-state[39m=[32m"indeterminate"[39m
              [33mstyle[39m=[32m"transform: translateX(-25%);"[39m
            [36m/>[39m
          [36m</div>[39m
          [36m<div[39m
            [33mclass[39m=[32m"space-y-2 mt-4 pt-4 border-t border-purple-200"[39m
          [36m>[39m
            [36m<div[39m
              [33mclass[39m=[32m"grid grid-cols-2 gap-3 text-xs"[39m
            [36m>[39m
              [36m<div>[39m
                [36m<p[39m
                  [33mclass[39m=[32m"text-gray-500"[39m
                [36m>[39m
                  [0mLearning[0m
                [36m</p>[39m
                [36m<p[39m
                  [33mclass[39m=[32m"font-semibold"[39m
                [36m>[39m
                  [0m25% weight[0m
                [36m</p>[39m
              [36m</div>[39m
              [36m<div>[39m
                [36m<p[39m
                  [33mclass[39m=[32m"text-gray-500"[39m
                [36m>[39m
                  [0mPractice[0m
                [36m</p>[39m
                [36m<p[39m
                  [33mclass[39m=[32m"font-semibold"[39m
                [36m>[39m
                  [0m40% weight[0m
                [36m</p>[39m
              [36m</div>[39m
              [36m<div>[39m
                [36m<p[39m
                  [33mclass[39m=[32m"text-gray-500"[39m
                [36m>[39m
                  [0mProfile[0m
                [36m</p>[39m
                [36m<p[39m
                  [33mclass[39m=[32m"font-semibold"[39m
                [36m>[39m
                  [0m15% weight[0m
                [36m</p>[39m
              [36m</div>[39m
              [36m<div>[39m
                [36m<p[39m
                  [33mclass[39m=[32m"text-gray-500"[39m
                [36m>[39m
                  [0mConsistency[0m
                [36m</p>[39m
                [36m<p[39m
                  [33mclass[39m=[32m"font-semibold"[39m
                [36m>[39m
                  [0m10% weight[0m
                [36m</p>[39m
              [36m</div>[39m
            [36m</div>[39m
            [36m<p[39m
              [33mclass[39m=[32m"text-xs text-gray-500 mt-2"[39m
            [36m>[39m
              [0mYour score updates automatically as you complete activities[0m
            [36m</p>[39m
          [36m</div>[39m
        [36m</div>[39m
      [36m</div>[39m
    [36m</div>[39m
  [36m</div>[39m
[36m</body>[39m
 ✓ |client| src/__tests__/components/mvp/shared/ReadinessScoreBadge.test.tsx > ReadinessScoreBadge > hides details when showDetails is false 26ms
 ✓ |client| src/__tests__/components/mvp/shared/ReadinessScoreBadge.test.tsx > ReadinessScoreBadge > displays compact size correctly 21ms
 ✓ |client| src/__tests__/components/mvp/shared/ReadinessScoreBadge.test.tsx > ReadinessScoreBadge > displays large size correctly 33ms
 × |client| src/__tests__/components/mvp/shared/ReadinessScoreBadge.test.tsx > ReadinessScoreBadge > shows trend indicator when score increases 41ms
   → Found multiple elements with the text: /10|trending/i

Here are the matching elements:

Ignored nodes: comments, script, style
[36m<div[39m
  [33mclass[39m=[32m"rounded-full border px-2.5 py-0.5 text-xs font-semibold transition-colors focus:outline-none focus:ring-2 focus:ring-ring focus:ring-offset-2 border-transparent hover:bg-primary/80 bg-green-500 text-white flex items-center gap-1"[39m
[36m>[39m
  [36m<svg[39m
    [33mclass[39m=[32m"lucide lucide-trending-up w-3 h-3"[39m
    [33mfill[39m=[32m"none"[39m
    [33mheight[39m=[32m"24"[39m
    [33mstroke[39m=[32m"currentColor"[39m
    [33mstroke-linecap[39m=[32m"round"[39m
    [33mstroke-linejoin[39m=[32m"round"[39m
    [33mstroke-width[39m=[32m"2"[39m
    [33mviewBox[39m=[32m"0 0 24 24"[39m
    [33mwidth[39m=[32m"24"[39m
    [33mxmlns[39m=[32m"http://www.w3.org/2000/svg"[39m
  [36m>[39m
    [36m<polyline[39m
      [33mpoints[39m=[32m"22 7 13.5 15.5 8.5 10.5 2 17"[39m
    [36m/>[39m
    [36m<polyline[39m
      [33mpoints[39m=[32m"16 7 22 7 22 13"[39m
    [36m/>[39m
  [36m</svg>[39m
  [0m10[0m
[36m</div>[39m

Ignored nodes: comments, script, style
[36m<p[39m
  [33mclass[39m=[32m"font-semibold"[39m
[36m>[39m
  [0m10% weight[0m
[36m</p>[39m

(If this is intentional, then use the `*AllBy*` variant of the query (like `queryAllByText`, `getAllByText`, or `findAllByText`)).

Ignored nodes: comments, script, style
[36m<body>[39m
  [36m<div>[39m
    [36m<div[39m
      [33manimate[39m=[32m"[object Object]"[39m
      [33minitial[39m=[32m"[object Object]"[39m
      [33mtransition[39m=[32m"[object Object]"[39m
    [36m>[39m
      [36m<div[39m
        [33mclass[39m=[32m"rounded-lg bg-card text-card-foreground shadow-sm border-2 border-purple-200 bg-gradient-to-br from-purple-50 to-pink-50"[39m
      [36m>[39m
        [36m<div[39m
          [33mclass[39m=[32m"p-6"[39m
        [36m>[39m
          [36m<div[39m
            [33mclass[39m=[32m"flex items-start justify-between mb-4"[39m
          [36m>[39m
            [36m<div>[39m
              [36m<p[39m
                [33mclass[39m=[32m"text-sm font-semibold text-gray-700 mb-1"[39m
              [36m>[39m
                [0mInterview Readiness[0m
              [36m</p>[39m
              [36m<div[39m
                [33mclass[39m=[32m"flex items-center gap-2"[39m
              [36m>[39m
                [36m<p[39m
                  [33mclass[39m=[32m"text-4xl font-bold text-green-600"[39m
                [36m>[39m
                  [0m80[0m
                  [0m%[0m
                [36m</p>[39m
                [36m<div[39m
                  [33mclass[39m=[32m"rounded-full border px-2.5 py-0.5 text-xs font-semibold transition-colors focus:outline-none focus:ring-2 focus:ring-ring focus:ring-offset-2 border-transparent hover:bg-primary/80 bg-green-500 text-white flex items-center gap-1"[39m
                [36m>[39m
                  [36m<svg[39m
                    [33mclass[39m=[32m"lucide lucide-trending-up w-3 h-3"[39m
                    [33mfill[39m=[32m"none"[39m
                    [33mheight[39m=[32m"24"[39m
                    [33mstroke[39m=[32m"currentColor"[39m
                    [33mstroke-linecap[39m=[32m"round"[39m
                    [33mstroke-linejoin[39m=[32m"round"[39m
                    [33mstroke-width[39m=[32m"2"[39m
                    [33mviewBox[39m=[32m"0 0 24 24"[39m
                    [33mwidth[39m=[32m"24"[39m
                    [33mxmlns[39m=[32m"http://www.w3.org/2000/svg"[39m
                  [36m>[39m
                    [36m<polyline[39m
                      [33mpoints[39m=[32m"22 7 13.5 15.5 8.5 10.5 2 17"[39m
                    [36m/>[39m
                    [36m<polyline[39m
                      [33mpoints[39m=[32m"16 7 22 7 22 13"[39m
                    [36m/>[39m
                  [36m</svg>[39m
                  [0m10[0m
                [36m</div>[39m
              [36m</div>[39m
              [36m<p[39m
                [33mclass[39m=[32m"text-sm text-gray-600 mt-1"[39m
              [36m>[39m
                [0mInterview Ready[0m
              [36m</p>[39m
            [36m</div>[39m
            [36m<div[39m
              [33mclass[39m=[32m"w-16 h-16 rounded-full bg-gradient-to-r from-green-500 to-emerald-600 flex items-center justify-center shadow-lg"[39m
            [36m>[39m
              [36m<svg[39m
                [33mclass[39m=[32m"lucide lucide-target w-8 h-8 text-white"[39m
                [33mfill[39m=[32m"none"[39m
                [33mheight[39m=[32m"24"[39m
                [33mstroke[39m=[32m"currentColor"[39m
                [33mstroke-linecap[39m=[32m"round"[39m
                [33mstroke-linejoin[39m=[32m"round"[39m
                [33mstroke-width[39m=[32m"2"[39m
                [33mviewBox[39m=[32m"0 0 24 24"[39m
                [33mwidth[39m=[32m"24"[39m
                [33mxmlns[39m=[32m"http://www.w3.org/2000/svg"[39m
              [36m>[39m
                [36m<circle[39m
                  [33mcx[39m=[32m"12"[39m
                  [33mcy[39m=[32m"12"[39m
                  [33mr[39m=[32m"10"[39m
                [36m/>[39m
                [36m<circle[39m
                  [33mcx[39m=[32m"12"[39m
                  [33mcy[39m=[32m"12"[39m
                  [33mr[39m=[32m"6"[39m
                [36m/>[39m
                [36m<circle[39m
                  [33mcx[39m=[32m"12"[39m
                  [33mcy[39m=[32m"12"[39m
                  [33mr[39m=[32m"2"[39m
                [36m/>[39m
              [36m</svg>[39m
            [36m</div>[39m
          [36m</div>[39m
          [36m<div[39m
            [33maria-valuemax[39m=[32m"100"[39m
            [33maria-valuemin[39m=[32m"0"[39m
            [33mclass[39m=[32m"relative w-full overflow-hidden rounded-full bg-secondary h-3 mb-3"[39m
            [33mdata-max[39m=[32m"100"[39m
            [33mdata-state[39m=[32m"indeterminate"[39m
            [33mrole[39m=[32m"progressbar"[39m
          [36m>[39m
            [36m<div[39m
              [33mclass[39m=[32m"h-full w-full flex-1 bg-primary transition-all"[39m
              [33mdata-max[39m=[32m"100"[39m
              [33mdata-state[39m=[32m"indeterminate"[39m
              [33mstyle[39m=[32m"transform: translateX(-20%);"[39m
            [36m/>[39m
          [36m</div>[39m
          [36m<div[39m
            [33mclass[39m=[32m"space-y-2 mt-4 pt-4 border-t border-purple-200"[39m
          [36m>[39m
            [36m<div[39m
              [33mclass[39m=[32m"grid grid-cols-2 gap-3 text-xs"[39m
            [36m>[39m
              [36m<div>[39m
                [36m<p[39m
                  [33mclass[39m=[32m"text-gray-500"[39m
                [36m>[39m
                  [0mLearning[0m
                [36m</p>[39m
                [36m<p[39m
                  [33mclass[39m=[32m"font-semibold"[39m
                [36m>[39m
                  [0m25% weight[0m
                [36m</p>[39m
              [36m</div>[39m
              [36m<div>[39m
                [36m<p[39m
                  [33mclass[39m=[32m"text-gray-500"[39m
                [36m>[39m
                  [0mPractice[0m
                [36m</p>[39m
                [36m<p[39m
                  [33mclass[39m=[32m"font-semibold"[39m
                [36m>[39m
                  [0m40% weight[0m
                [36m</p>[39m
              [36m</div>[39m
              [36m<div>[39m
                [36m<p[39m
                  [33mclass[39m=[32m"text-gray-500"[39m
                [36m>[39m
                  [0mProfile[0m
                [36m</p>[39m
                [36m<p[39m
                  [33mclass[39m=[32m"font-semibold"[39m
                [36m>[39m
                  [0m15% weight[0m
                [36m</p>[39m
              [36m</div>[39m
              [36m<div>[39m
                [36m<p[39m
                  [33mclass[39m=[32m"text-gray-500"[39m
                [36m>[39m
                  [0mConsistency[0m
                [36m</p>[39m
                [36m<p[39m
                  [33mclass[39m=[32m"font-semibold"[39m
                [36m>[39m
                  [0m10% weight[0m
                [36m</p>[39m
              [36m</div>[39m
            [36m</div>[39m
            [36m<p[39m
              [33mclass[39m=[32m"text-xs text-gray-500 mt-2"[39m
            [36m>[39m
              [0mYour score updates automatically as you complete activities[0m
            [36m</p>[39m
          [36m</div>[39m
        [36m</div>[39m
      [36m</div>[39m
    [36m</div>[39m
  [36m</div>[39m
[36m</body>[39m
 × |client| src/__tests__/components/mvp/shared/ReadinessScoreBadge.test.tsx > ReadinessScoreBadge > shows trend indicator when score decreases 103ms
   → Found multiple elements with the text: /10/i

Here are the matching elements:

Ignored nodes: comments, script, style
[36m<div[39m
  [33mclass[39m=[32m"rounded-full border px-2.5 py-0.5 text-xs font-semibold transition-colors focus:outline-none focus:ring-2 focus:ring-ring focus:ring-offset-2 border-transparent hover:bg-primary/80 bg-red-500 text-white flex items-center gap-1"[39m
[36m>[39m
  [36m<svg[39m
    [33mclass[39m=[32m"lucide lucide-trending-down w-3 h-3"[39m
    [33mfill[39m=[32m"none"[39m
    [33mheight[39m=[32m"24"[39m
    [33mstroke[39m=[32m"currentColor"[39m
    [33mstroke-linecap[39m=[32m"round"[39m
    [33mstroke-linejoin[39m=[32m"round"[39m
    [33mstroke-width[39m=[32m"2"[39m
    [33mviewBox[39m=[32m"0 0 24 24"[39m
    [33mwidth[39m=[32m"24"[39m
    [33mxmlns[39m=[32m"http://www.w3.org/2000/svg"[39m
  [36m>[39m
    [36m<polyline[39m
      [33mpoints[39m=[32m"22 17 13.5 8.5 8.5 13.5 2 7"[39m
    [36m/>[39m
    [36m<polyline[39m
      [33mpoints[39m=[32m"16 17 22 17 22 11"[39m
    [36m/>[39m
  [36m</svg>[39m
  [0m10[0m
[36m</div>[39m

Ignored nodes: comments, script, style
[36m<p[39m
  [33mclass[39m=[32m"font-semibold"[39m
[36m>[39m
  [0m10% weight[0m
[36m</p>[39m

(If this is intentional, then use the `*AllBy*` variant of the query (like `queryAllByText`, `getAllByText`, or `findAllByText`)).

Ignored nodes: comments, script, style
[36m<body>[39m
  [36m<div>[39m
    [36m<div[39m
      [33manimate[39m=[32m"[object Object]"[39m
      [33minitial[39m=[32m"[object Object]"[39m
      [33mtransition[39m=[32m"[object Object]"[39m
    [36m>[39m
      [36m<div[39m
        [33mclass[39m=[32m"rounded-lg bg-card text-card-foreground shadow-sm border-2 border-purple-200 bg-gradient-to-br from-purple-50 to-pink-50"[39m
      [36m>[39m
        [36m<div[39m
          [33mclass[39m=[32m"p-6"[39m
        [36m>[39m
          [36m<div[39m
            [33mclass[39m=[32m"flex items-start justify-between mb-4"[39m
          [36m>[39m
            [36m<div>[39m
              [36m<p[39m
                [33mclass[39m=[32m"text-sm font-semibold text-gray-700 mb-1"[39m
              [36m>[39m
                [0mInterview Readiness[0m
              [36m</p>[39m
              [36m<div[39m
                [33mclass[39m=[32m"flex items-center gap-2"[39m
              [36m>[39m
                [36m<p[39m
                  [33mclass[39m=[32m"text-4xl font-bold text-blue-600"[39m
                [36m>[39m
                  [0m60[0m
                  [0m%[0m
                [36m</p>[39m
                [36m<div[39m
                  [33mclass[39m=[32m"rounded-full border px-2.5 py-0.5 text-xs font-semibold transition-colors focus:outline-none focus:ring-2 focus:ring-ring focus:ring-offset-2 border-transparent hover:bg-primary/80 bg-red-500 text-white flex items-center gap-1"[39m
                [36m>[39m
                  [36m<svg[39m
                    [33mclass[39m=[32m"lucide lucide-trending-down w-3 h-3"[39m
                    [33mfill[39m=[32m"none"[39m
                    [33mheight[39m=[32m"24"[39m
                    [33mstroke[39m=[32m"currentColor"[39m
                    [33mstroke-linecap[39m=[32m"round"[39m
                    [33mstroke-linejoin[39m=[32m"round"[39m
                    [33mstroke-width[39m=[32m"2"[39m
                    [33mviewBox[39m=[32m"0 0 24 24"[39m
                    [33mwidth[39m=[32m"24"[39m
                    [33mxmlns[39m=[32m"http://www.w3.org/2000/svg"[39m
                  [36m>[39m
                    [36m<polyline[39m
                      [33mpoints[39m=[32m"22 17 13.5 8.5 8.5 13.5 2 7"[39m
                    [36m/>[39m
                    [36m<polyline[39m
                      [33mpoints[39m=[32m"16 17 22 17 22 11"[39m
                    [36m/>[39m
                  [36m</svg>[39m
                  [0m10[0m
                [36m</div>[39m
              [36m</div>[39m
              [36m<p[39m
                [33mclass[39m=[32m"text-sm text-gray-600 mt-1"[39m
              [36m>[39m
                [0mGood Progress[0m
              [36m</p>[39m
            [36m</div>[39m
            [36m<div[39m
              [33mclass[39m=[32m"w-16 h-16 rounded-full bg-gradient-to-r from-blue-500 to-blue-600 flex items-center justify-center shadow-lg"[39m
            [36m>[39m
              [36m<svg[39m
                [33mclass[39m=[32m"lucide lucide-target w-8 h-8 text-white"[39m
                [33mfill[39m=[32m"none"[39m
                [33mheight[39m=[32m"24"[39m
                [33mstroke[39m=[32m"currentColor"[39m
                [33mstroke-linecap[39m=[32m"round"[39m
                [33mstroke-linejoin[39m=[32m"round"[39m
                [33mstroke-width[39m=[32m"2"[39m
                [33mviewBox[39m=[32m"0 0 24 24"[39m
                [33mwidth[39m=[32m"24"[39m
                [33mxmlns[39m=[32m"http://www.w3.org/2000/svg"[39m
              [36m>[39m
                [36m<circle[39m
                  [33mcx[39m=[32m"12"[39m
                  [33mcy[39m=[32m"12"[39m
                  [33mr[39m=[32m"10"[39m
                [36m/>[39m
                [36m<circle[39m
                  [33mcx[39m=[32m"12"[39m
                  [33mcy[39m=[32m"12"[39m
                  [33mr[39m=[32m"6"[39m
                [36m/>[39m
                [36m<circle[39m
                  [33mcx[39m=[32m"12"[39m
                  [33mcy[39m=[32m"12"[39m
                  [33mr[39m=[32m"2"[39m
                [36m/>[39m
              [36m</svg>[39m
            [36m</div>[39m
          [36m</div>[39m
          [36m<div[39m
            [33maria-valuemax[39m=[32m"100"[39m
            [33maria-valuemin[39m=[32m"0"[39m
            [33mclass[39m=[32m"relative w-full overflow-hidden rounded-full bg-secondary h-3 mb-3"[39m
            [33mdata-max[39m=[32m"100"[39m
            [33mdata-state[39m=[32m"indeterminate"[39m
            [33mrole[39m=[32m"progressbar"[39m
          [36m>[39m
            [36m<div[39m
              [33mclass[39m=[32m"h-full w-full flex-1 bg-primary transition-all"[39m
              [33mdata-max[39m=[32m"100"[39m
              [33mdata-state[39m=[32m"indeterminate"[39m
              [33mstyle[39m=[32m"transform: translateX(-40%);"[39m
            [36m/>[39m
          [36m</div>[39m
          [36m<div[39m
            [33mclass[39m=[32m"space-y-2 mt-4 pt-4 border-t border-purple-200"[39m
          [36m>[39m
            [36m<div[39m
              [33mclass[39m=[32m"grid grid-cols-2 gap-3 text-xs"[39m
            [36m>[39m
              [36m<div>[39m
                [36m<p[39m
                  [33mclass[39m=[32m"text-gray-500"[39m
                [36m>[39m
                  [0mLearning[0m
                [36m</p>[39m
                [36m<p[39m
                  [33mclass[39m=[32m"font-semibold"[39m
                [36m>[39m
                  [0m25% weight[0m
                [36m</p>[39m
              [36m</div>[39m
              [36m<div>[39m
                [36m<p[39m
                  [33mclass[39m=[32m"text-gray-500"[39m
                [36m>[39m
                  [0mPractice[0m
                [36m</p>[39m
                [36m<p[39m
                  [33mclass[39m=[32m"font-semibold"[39m
                [36m>[39m
                  [0m40% weight[0m
                [36m</p>[39m
              [36m</div>[39m
              [36m<div>[39m
                [36m<p[39m
                  [33mclass[39m=[32m"text-gray-500"[39m
                [36m>[39m
                  [0mProfile[0m
                [36m</p>[39m
                [36m<p[39m
                  [33mclass[39m=[32m"font-semibold"[39m
                [36m>[39m
                  [0m15% weight[0m
                [36m</p>[39m
              [36m</div>[39m
              [36m<div>[39m
                [36m<p[39m
                  [33mclass[39m=[32m"text-gray-500"[39m
                [36m>[39m
                  [0mConsistency[0m
                [36m</p>[39m
                [36m<p[39m
                  [33mclass[39m=[32m"font-semibold"[39m
                [36m>[39m
                  [0m10% weight[0m
                [36m</p>[39m
              [36m</div>[39m
            [36m</div>[39m
            [36m<p[39m
              [33mclass[39m=[32m"text-xs text-gray-500 mt-2"[39m
            [36m>[39m
              [0mYour score updates automatically as you complete activities[0m
            [36m</p>[39m
          [36m</div>[39m
        [36m</div>[39m
      [36m</div>[39m
    [36m</div>[39m
  [36m</div>[39m
[36m</body>[39m
 ✓ |client| src/__tests__/components/mvp/shared/ReadinessScoreBadge.test.tsx > ReadinessScoreBadge > uses green color for high scores (>= 80) 12ms
 ✓ |client| src/__tests__/components/mvp/shared/ReadinessScoreBadge.test.tsx > ReadinessScoreBadge > uses blue color for medium scores (60-79) 15ms
 ✓ |client| src/__tests__/components/mvp/shared/ReadinessScoreBadge.test.tsx > ReadinessScoreBadge > uses orange/yellow color for low scores (40-59) 11ms
 ✓ |client| src/__tests__/components/mvp/shared/ReadinessScoreBadge.test.tsx > ReadinessScoreBadge > uses red color for very low scores (< 40) 25ms
[replit-cartographer] Error processing /home/runner/workspace/client/src/components/ui/button.tsx: TypeError: traverse is not a function
    at TransformPluginContext.transform (file:///home/runner/workspace/node_modules/@replit/vite-plugin-cartographer/dist/index.mjs:53:9)
    at async PluginContainer.transform (file:///home/runner/workspace/node_modules/vite/dist/node/chunks/dep-BK3b2jBa.js:49099:18)
    at async loadAndTransform (file:///home/runner/workspace/node_modules/vite/dist/node/chunks/dep-BK3b2jBa.js:51978:27)
[replit-cartographer] Error processing /home/runner/workspace/client/src/components/ui/textarea.tsx: TypeError: traverse is not a function
    at TransformPluginContext.transform (file:///home/runner/workspace/node_modules/@replit/vite-plugin-cartographer/dist/index.mjs:53:9)
    at async PluginContainer.transform (file:///home/runner/workspace/node_modules/vite/dist/node/chunks/dep-BK3b2jBa.js:49099:18)
    at async loadAndTransform (file:///home/runner/workspace/node_modules/vite/dist/node/chunks/dep-BK3b2jBa.js:51978:27)
[replit-cartographer] Error processing /home/runner/workspace/client/src/components/mvp/perform/ActualInterviewTracker.jsx: TypeError: traverse is not a function
    at TransformPluginContext.transform (file:///home/runner/workspace/node_modules/@replit/vite-plugin-cartographer/dist/index.mjs:53:9)
    at async PluginContainer.transform (file:///home/runner/workspace/node_modules/vite/dist/node/chunks/dep-BK3b2jBa.js:49099:18)
    at async loadAndTransform (file:///home/runner/workspace/node_modules/vite/dist/node/chunks/dep-BK3b2jBa.js:51978:27)
[replit-cartographer] Error processing /home/runner/workspace/client/src/components/ui/input.tsx: TypeError: traverse is not a function
    at TransformPluginContext.transform (file:///home/runner/workspace/node_modules/@replit/vite-plugin-cartographer/dist/index.mjs:53:9)
    at async PluginContainer.transform (file:///home/runner/workspace/node_modules/vite/dist/node/chunks/dep-BK3b2jBa.js:49099:18)
    at async loadAndTransform (file:///home/runner/workspace/node_modules/vite/dist/node/chunks/dep-BK3b2jBa.js:51978:27)
[replit-cartographer] Error processing /home/runner/workspace/client/src/components/ui/label.tsx: TypeError: traverse is not a function
    at TransformPluginContext.transform (file:///home/runner/workspace/node_modules/@replit/vite-plugin-cartographer/dist/index.mjs:53:9)
    at async PluginContainer.transform (file:///home/runner/workspace/node_modules/vite/dist/node/chunks/dep-BK3b2jBa.js:49099:18)
    at async loadAndTransform (file:///home/runner/workspace/node_modules/vite/dist/node/chunks/dep-BK3b2jBa.js:51978:27)
[replit-cartographer] Error processing /home/runner/workspace/client/src/components/ui/select.tsx: TypeError: traverse is not a function
    at TransformPluginContext.transform (file:///home/runner/workspace/node_modules/@replit/vite-plugin-cartographer/dist/index.mjs:53:9)
    at async PluginContainer.transform (file:///home/runner/workspace/node_modules/vite/dist/node/chunks/dep-BK3b2jBa.js:49099:18)
    at async loadAndTransform (file:///home/runner/workspace/node_modules/vite/dist/node/chunks/dep-BK3b2jBa.js:51978:27)
 × |client| src/__tests__/components/mvp/shared/ReadinessScoreBadge.test.tsx > ReadinessScoreBadge > fetches score from API when fetchFromApi is true 1031ms
   → Unable to find an element with the text: /75%/i. This could be because the text is broken up by multiple elements. In this case, you can provide a function for your text matcher to make your matcher more flexible.

Ignored nodes: comments, script, style
[36m<body>[39m
  [36m<div>[39m
    [36m<div[39m
      [33manimate[39m=[32m"[object Object]"[39m
      [33minitial[39m=[32m"[object Object]"[39m
      [33mtransition[39m=[32m"[object Object]"[39m
    [36m>[39m
      [36m<div[39m
        [33mclass[39m=[32m"rounded-lg bg-card text-card-foreground shadow-sm border-2 border-purple-200 bg-gradient-to-br from-purple-50 to-pink-50"[39m
      [36m>[39m
        [36m<div[39m
          [33mclass[39m=[32m"p-6"[39m
        [36m>[39m
          [36m<div[39m
            [33mclass[39m=[32m"flex items-start justify-between mb-4"[39m
          [36m>[39m
            [36m<div>[39m
              [36m<p[39m
                [33mclass[39m=[32m"text-sm font-semibold text-gray-700 mb-1"[39m
              [36m>[39m
                [0mInterview Readiness[0m
              [36m</p>[39m
              [36m<div[39m
                [33mclass[39m=[32m"flex items-center gap-2"[39m
              [36m>[39m
                [36m<p[39m
                  [33mclass[39m=[32m"text-4xl font-bold text-red-600"[39m
                [36m>[39m
                  [0m0[0m
                  [0m%[0m
                [36m</p>[39m
              [36m</div>[39m
              [36m<p[39m
                [33mclass[39m=[32m"text-sm text-gray-600 mt-1"[39m
              [36m>[39m
                [0mJust Starting[0m
              [36m</p>[39m
            [36m</div>[39m
            [36m<div[39m
              [33mclass[39m=[32m"w-16 h-16 rounded-full bg-gradient-to-r from-red-500 to-pink-500 flex items-center justify-center shadow-lg"[39m
            [36m>[39m
              [36m<svg[39m
                [33mclass[39m=[32m"lucide lucide-target w-8 h-8 text-white"[39m
                [33mfill[39m=[32m"none"[39m
                [33mheight[39m=[32m"24"[39m
                [33mstroke[39m=[32m"currentColor"[39m
                [33mstroke-linecap[39m=[32m"round"[39m
                [33mstroke-linejoin[39m=[32m"round"[39m
                [33mstroke-width[39m=[32m"2"[39m
                [33mviewBox[39m=[32m"0 0 24 24"[39m
                [33mwidth[39m=[32m"24"[39m
                [33mxmlns[39m=[32m"http://www.w3.org/2000/svg"[39m
              [36m>[39m
                [36m<circle[39m
                  [33mcx[39m=[32m"12"[39m
                  [33mcy[39m=[32m"12"[39m
                  [33mr[39m=[32m"10"[39m
                [36m/>[39m
                [36m<circle[39m
                  [33mcx[39m=[32m"12"[39m
                  [33mcy[39m=[32m"12"[39m
                  [33mr[39m=[32m"6"[39m
                [36m/>[39m
                [36m<circle[39m
                  [33mcx[39m=[32m"12"[39m
                  [33mcy[39m=[32m"12"[39m
                  [33mr[39m=[32m"2"[39m
                [36m/>[39m
              [36m</svg>[39m
            [36m</div>[39m
          [36m</div>[39m
          [36m<div[39m
            [33maria-valuemax[39m=[32m"100"[39m
            [33maria-valuemin[39m=[32m"0"[39m
            [33mclass[39m=[32m"relative w-full overflow-hidden rounded-full bg-secondary h-3 mb-3"[39m
            [33mdata-max[39m=[32m"100"[39m
            [33mdata-state[39m=[32m"indeterminate"[39m
            [33mrole[39m=[32m"progressbar"[39m
          [36m>[39m
            [36m<div[39m
              [33mclass[39m=[32m"h-full w-full flex-1 bg-primary transition-all"[39m
              [33mdata-max[39m=[32m"100"[39m
              [33mdata-state[39m=[32m"indeterminate"[39m
              [33mstyle[39m=[32m"transform: translateX(-100%);"[39m
            [36m/>[39m
          [36m</div>[39m
          [36m<div[39m
            [33mclass[39m=[32m"space-y-2 mt-4 pt-4 border-t border-purple-200"[39m
          [36m>[39m
            [36m<div[39m
              [33mclass[39m=[32m"grid grid-cols-2 gap-3 text-xs"[39m
            [36m>[39m
              [36m<div>[39m
                [36m<p[39m
                  [33mclass[39m=[32m"text-gray-500"[39m
                [36m>[39m
                  [0mLearning[0m
                [36m</p>[39m
                [36m<p[39m
                  [33mclass[39m=[32m"font-semibold"[39m
                [36m>[39m
                  [0m25% weight[0m
                [36m</p>[39m
              [36m</div>[39m
              [36m<div>[39m
                [36m<p[39m
                  [33mclass[39m=[32m"text-gray-500"[39m
                [36m>[39m
                  [0mPractice[0m
                [36m</p>[39m
                [36m<p[39m
                  [33mclass[39m=[32m"font-semibold"[39m
                [36m>[39m
                  [0m40% weight[0m
                [36m</p>[39m
              [36m</div>[39m
              [36m<div>[39m
                [36m<p[39m
                  [33mclass[39m=[32m"text-gray-500"[39m
                [36m>[39m
                  [0mProfile[0m
                [36m</p>[39m
                [36m<p[39m
                  [33mclass[39m=[32m"font-semibold"[39m
                [36m>[39m
                  [0m15% weight[0m
                [36m</p>[39m
              [36m</div>[39m
              [36m<div>[39m
                [36m<p[39m
                  [33mclass[39m=[32m"text-gray-500"[39m
                [36m>[39m
                  [0mConsistency[0m
                [36m</p>[39m
                [36m<p[39m
                  [33mclass[39m=[32m"font-semibold"[39m
                [36m>[39m
                  [0m10% weight[0m
                [36m</p>[39m
              [36m</div>[39m
            [36m</div>[39m
            [36m<p[39m
              [33mclass[39m=[32m"text-xs text-gray-500 mt-2"[39m
            [36m>[39m
              [0mYour score updates automatically as you complete activities[0m
            [36m</p>[39m
          [36m</div>[39m
        [36m</div>[39m
      [36m</div>[39m
    [36m</div>[39m
  [36m</div>[39m
[36m</body>[39m

Ignored nodes: comments, script, style
[36m<html>[39m
  [36m<head />[39m
  [36m<body>[39m
    [36m<div>[39m
      [36m<div[39m
        [33manimate[39m=[32m"[object Object]"[39m
        [33minitial[39m=[32m"[object Object]"[39m
        [33mtransition[39m=[32m"[object Object]"[39m
      [36m>[39m
        [36m<div[39m
          [33mclass[39m=[32m"rounded-lg bg-card text-card-foreground shadow-sm border-2 border-purple-200 bg-gradient-to-br from-purple-50 to-pink-50"[39m
        [36m>[39m
          [36m<div[39m
            [33mclass[39m=[32m"p-6"[39m
          [36m>[39m
            [36m<div[39m
              [33mclass[39m=[32m"flex items-start justify-between mb-4"[39m
            [36m>[39m
              [36m<div>[39m
                [36m<p[39m
                  [33mclass[39m=[32m"text-sm font-semibold text-gray-700 mb-1"[39m
                [36m>[39m
                  [0mInterview Readiness[0m
                [36m</p>[39m
                [36m<div[39m
                  [33mclass[39m=[32m"flex items-center gap-2"[39m
                [36m>[39m
                  [36m<p[39m
                    [33mclass[39m=[32m"text-4xl font-bold text-red-600"[39m
                  [36m>[39m
                    [0m0[0m
                    [0m%[0m
                  [36m</p>[39m
                [36m</div>[39m
                [36m<p[39m
                  [33mclass[39m=[32m"text-sm text-gray-600 mt-1"[39m
                [36m>[39m
                  [0mJust Starting[0m
                [36m</p>[39m
              [36m</div>[39m
              [36m<div[39m
                [33mclass[39m=[32m"w-16 h-16 rounded-full bg-gradient-to-r from-red-500 to-pink-500 flex items-center justify-center shadow-lg"[39m
              [36m>[39m
                [36m<svg[39m
                  [33mclass[39m=[32m"lucide lucide-target w-8 h-8 text-white"[39m
                  [33mfill[39m=[32m"none"[39m
                  [33mheight[39m=[32m"24"[39m
                  [33mstroke[39m=[32m"currentColor"[39m
                  [33mstroke-linecap[39m=[32m"round"[39m
                  [33mstroke-linejoin[39m=[32m"round"[39m
                  [33mstroke-width[39m=[32m"2"[39m
                  [33mviewBox[39m=[32m"0 0 24 24"[39m
                  [33mwidth[39m=[32m"24"[39m
                  [33mxmlns[39m=[32m"http://www.w3.org/2000/svg"[39m
                [36m>[39m
                  [36m<circle[39m
                    [33mcx[39m=[32m"12"[39m
                    [33mcy[39m=[32m"12"[39m
                    [33mr[39m=[32m"10"[39m
                  [36m/>[39m
                  [36m<circle[39m
                    [33mcx[39m=[32m"12"[39m
                    [33mcy[39m=[32m"12"[39m
                    [33mr[39m=[32m"6"[39m
                  [36m/>[39m
                  [36m<circle[39m
                    [33mcx[39m=[32m"12"[39m
                    [33mcy[39m=[32m"12"[39m
                    [33mr[39m=[32m"2"[39m
                  [36m/>[39m
                [36m</svg>[39m
              [36m</div>[39m
            [36m</div>[39m
            [36m<div[39m
              [33maria-valuemax[39m=[32m"100"[39m
              [33maria-valuemin[39m=[32m"0"[39m
              [33mclass[39m=[32m"relative w-full overflow-hidden rounded-full bg-secondary h-3 mb-3"[39m
              [33mdata-max[39m=[32m"100"[39m
              [33mdata-state[39m=[32m"indeterminate"[39m
              [33mrole[39m=[32m"progressbar"[39m
            [36m>[39m
              [36m<div[39m
                [33mclass[39m=[32m"h-full w-full flex-1 bg-primary transition-all"[39m
                [33mdata-max[39m=[32m"100"[39m
                [33mdata-state[39m=[32m"indeterminate"[39m
                [33mstyle[39m=[32m"transform: translateX(-100%);"[39m
              [36m/>[39m
            [36m</div>[39m
            [36m<div[39m
              [33mclass[39m=[32m"space-y-2 mt-4 pt-4 border-t border-purple-200"[39m
            [36m>[39m
              [36m<div[39m
                [33mclass[39m=[32m"grid grid-cols-2 gap-3 text-xs"[39m
              [36m>[39m
                [36m<div>[39m
                  [36m<p[39m
                    [33mclass[39m=[32m"text-gray-500"[39m
                  [36m>[39m
                    [0mLearning[0m
                  [36m</p>[39m
                  [36m<p[39m
                    [33mclass[39m=[32m"font-semibold"[39m
                  [36m>[39m
                    [0m25% weight[0m
                  [36m</p>[39m
                [36m</div>[39m
                [36m<div>[39m
                  [36m<p[39m
                    [33mclass[39m=[32m"text-gray-500"[39m
                  [36m>[39m
                    [0mPractice[0m
                  [36m</p>[39m
                  [36m<p[39m
                    [33mclass[39m=[32m"font-semibold"[39m
                  [36m>[39m
                    [0m40% weight[0m
                  [36m</p>[39m
                [36m</div>[39m
                [36m<div>[39m
                  [36m<p[39m
                    [33mclass[39m=[32m"text-gray-500"[39m
                  [36m>[39m
                    [0mProfile[0m
                  [36m</p>[39m
                  [36m<p[39m
                    [33mclass[39m=[32m"font-semibold"[39m
                  [36m>[39m
                    [0m15% weight[0m
                  [36m</p>[39m
                [36m</div>[39m
                [36m<div>[39m
                  [36m<p[39m
                    [33mclass[39m=[32m"text-gray-500"[39m
                  [36m>[39m
                    [0mConsistency[0m
                  [36m</p>[39m
                  [36m<p[39m
                    [33mclass[39m=[32m"font-semibold"[39m
                  [36m>[39m
                    [0m10% weight[0m
                  [36m</p>[39m
                [36m</div>[39m
              [36m</div>[39m
              [36m<p[39m
                [33mclass[39m=[32m"text-xs text-gray-500 mt-2"[39m
              [36m>[39m
                [0mYour score updates automatically as you complete activities[0m
              [36m</p>[39m
            [36m</div>[39m
          [36m</div>[39m
        [36m</div>[39m
      [36m</div>[39m
    [36m</div>[39m
  [36m</body>[39m
[36m</html>[39m
 × |client| src/__tests__/components/mvp/shared/ReadinessScoreBadge.test.tsx > ReadinessScoreBadge > shows loading state when fetching from API 8ms
   → expected null to be truthy
 × |client| src/__tests__/components/mvp/shared/ReadinessScoreBadge.test.tsx > ReadinessScoreBadge > handles zero score gracefully 21ms
   → Found multiple elements with the text: /0%/i

Here are the matching elements:

Ignored nodes: comments, script, style
[36m<p[39m
  [33mclass[39m=[32m"text-4xl font-bold text-red-600"[39m
[36m>[39m
  [0m0[0m
  [0m%[0m
[36m</p>[39m

Ignored nodes: comments, script, style
[36m<p[39m
  [33mclass[39m=[32m"font-semibold"[39m
[36m>[39m
  [0m40% weight[0m
[36m</p>[39m

Ignored nodes: comments, script, style
[36m<p[39m
  [33mclass[39m=[32m"font-semibold"[39m
[36m>[39m
  [0m10% weight[0m
[36m</p>[39m

(If this is intentional, then use the `*AllBy*` variant of the query (like `queryAllByText`, `getAllByText`, or `findAllByText`)).

Ignored nodes: comments, script, style
[36m<body>[39m
  [36m<div>[39m
    [36m<div[39m
      [33manimate[39m=[32m"[object Object]"[39m
      [33minitial[39m=[32m"[object Object]"[39m
      [33mtransition[39m=[32m"[object Object]"[39m
    [36m>[39m
      [36m<div[39m
        [33mclass[39m=[32m"rounded-lg bg-card text-card-foreground shadow-sm border-2 border-purple-200 bg-gradient-to-br from-purple-50 to-pink-50"[39m
      [36m>[39m
        [36m<div[39m
          [33mclass[39m=[32m"p-6"[39m
        [36m>[39m
          [36m<div[39m
            [33mclass[39m=[32m"flex items-start justify-between mb-4"[39m
          [36m>[39m
            [36m<div>[39m
              [36m<p[39m
                [33mclass[39m=[32m"text-sm font-semibold text-gray-700 mb-1"[39m
              [36m>[39m
                [0mInterview Readiness[0m
              [36m</p>[39m
              [36m<div[39m
                [33mclass[39m=[32m"flex items-center gap-2"[39m
              [36m>[39m
                [36m<p[39m
                  [33mclass[39m=[32m"text-4xl font-bold text-red-600"[39m
                [36m>[39m
                  [0m0[0m
                  [0m%[0m
                [36m</p>[39m
              [36m</div>[39m
              [36m<p[39m
                [33mclass[39m=[32m"text-sm text-gray-600 mt-1"[39m
              [36m>[39m
                [0mJust Starting[0m
              [36m</p>[39m
            [36m</div>[39m
            [36m<div[39m
              [33mclass[39m=[32m"w-16 h-16 rounded-full bg-gradient-to-r from-red-500 to-pink-500 flex items-center justify-center shadow-lg"[39m
            [36m>[39m
              [36m<svg[39m
                [33mclass[39m=[32m"lucide lucide-target w-8 h-8 text-white"[39m
                [33mfill[39m=[32m"none"[39m
                [33mheight[39m=[32m"24"[39m
                [33mstroke[39m=[32m"currentColor"[39m
                [33mstroke-linecap[39m=[32m"round"[39m
                [33mstroke-linejoin[39m=[32m"round"[39m
                [33mstroke-width[39m=[32m"2"[39m
                [33mviewBox[39m=[32m"0 0 24 24"[39m
                [33mwidth[39m=[32m"24"[39m
                [33mxmlns[39m=[32m"http://www.w3.org/2000/svg"[39m
              [36m>[39m
                [36m<circle[39m
                  [33mcx[39m=[32m"12"[39m
                  [33mcy[39m=[32m"12"[39m
                  [33mr[39m=[32m"10"[39m
                [36m/>[39m
                [36m<circle[39m
                  [33mcx[39m=[32m"12"[39m
                  [33mcy[39m=[32m"12"[39m
                  [33mr[39m=[32m"6"[39m
                [36m/>[39m
                [36m<circle[39m
                  [33mcx[39m=[32m"12"[39m
                  [33mcy[39m=[32m"12"[39m
                  [33mr[39m=[32m"2"[39m
                [36m/>[39m
              [36m</svg>[39m
            [36m</div>[39m
          [36m</div>[39m
          [36m<div[39m
            [33maria-valuemax[39m=[32m"100"[39m
            [33maria-valuemin[39m=[32m"0"[39m
            [33mclass[39m=[32m"relative w-full overflow-hidden rounded-full bg-secondary h-3 mb-3"[39m
            [33mdata-max[39m=[32m"100"[39m
            [33mdata-state[39m=[32m"indeterminate"[39m
            [33mrole[39m=[32m"progressbar"[39m
          [36m>[39m
            [36m<div[39m
              [33mclass[39m=[32m"h-full w-full flex-1 bg-primary transition-all"[39m
              [33mdata-max[39m=[32m"100"[39m
              [33mdata-state[39m=[32m"indeterminate"[39m
              [33mstyle[39m=[32m"transform: translateX(-100%);"[39m
            [36m/>[39m
          [36m</div>[39m
          [36m<div[39m
            [33mclass[39m=[32m"space-y-2 mt-4 pt-4 border-t border-purple-200"[39m
          [36m>[39m
            [36m<div[39m
              [33mclass[39m=[32m"grid grid-cols-2 gap-3 text-xs"[39m
            [36m>[39m
              [36m<div>[39m
                [36m<p[39m
                  [33mclass[39m=[32m"text-gray-500"[39m
                [36m>[39m
                  [0mLearning[0m
                [36m</p>[39m
                [36m<p[39m
                  [33mclass[39m=[32m"font-semibold"[39m
                [36m>[39m
                  [0m25% weight[0m
                [36m</p>[39m
              [36m</div>[39m
              [36m<div>[39m
                [36m<p[39m
                  [33mclass[39m=[32m"text-gray-500"[39m
                [36m>[39m
                  [0mPractice[0m
                [36m</p>[39m
                [36m<p[39m
                  [33mclass[39m=[32m"font-semibold"[39m
                [36m>[39m
                  [0m40% weight[0m
                [36m</p>[39m
              [36m</div>[39m
              [36m<div>[39m
                [36m<p[39m
                  [33mclass[39m=[32m"text-gray-500"[39m
                [36m>[39m
                  [0mProfile[0m
                [36m</p>[39m
                [36m<p[39m
                  [33mclass[39m=[32m"font-semibold"[39m
                [36m>[39m
                  [0m15% weight[0m
                [36m</p>[39m
              [36m</div>[39m
              [36m<div>[39m
                [36m<p[39m
                  [33mclass[39m=[32m"text-gray-500"[39m
                [36m>[39m
                  [0mConsistency[0m
                [36m</p>[39m
                [36m<p[39m
                  [33mclass[39m=[32m"font-semibold"[39m
                [36m>[39m
                  [0m10% weight[0m
                [36m</p>[39m
              [36m</div>[39m
            [36m</div>[39m
            [36m<p[39m
              [33mclass[39m=[32m"text-xs text-gray-500 mt-2"[39m
            [36m>[39m
              [0mYour score updates automatically as you complete activities[0m
            [36m</p>[39m
          [36m</div>[39m
        [36m</div>[39m
      [36m</div>[39m
    [36m</div>[39m
  [36m</div>[39m
[36m</body>[39m
 ✓ |client| src/__tests__/components/mvp/shared/ReadinessScoreBadge.test.tsx > ReadinessScoreBadge > handles 100% score 6ms
 ✓ |client| src/__tests__/components/mvp/shared/ReadinessScoreBadge.test.tsx > ReadinessScoreBadge > displays component weights breakdown 14ms
[replit-cartographer] Error processing /home/runner/workspace/client/src/components/ui/checkbox.tsx: TypeError: traverse is not a function
    at TransformPluginContext.transform (file:///home/runner/workspace/node_modules/@replit/vite-plugin-cartographer/dist/index.mjs:53:9)
    at async PluginContainer.transform (file:///home/runner/workspace/node_modules/vite/dist/node/chunks/dep-BK3b2jBa.js:49099:18)
    at async loadAndTransform (file:///home/runner/workspace/node_modules/vite/dist/node/chunks/dep-BK3b2jBa.js:51978:27)
[replit-cartographer] Error processing /home/runner/workspace/client/src/components/mvp/shared/CreditCostBadge.jsx: TypeError: traverse is not a function
    at TransformPluginContext.transform (file:///home/runner/workspace/node_modules/@replit/vite-plugin-cartographer/dist/index.mjs:53:9)
    at async PluginContainer.transform (file:///home/runner/workspace/node_modules/vite/dist/node/chunks/dep-BK3b2jBa.js:49099:18)
    at async loadAndTransform (file:///home/runner/workspace/node_modules/vite/dist/node/chunks/dep-BK3b2jBa.js:51978:27)
stderr | src/__tests__/components/mvp/perform/ActualInterviewTracker.test.tsx > ActualInterviewTracker > renders the interview tracker component
Warning: React.jsx: type is invalid -- expected a string (for built-in components) or a class/function (for composite components) but got: undefined. You likely forgot to export your component from the file it's defined in, or you might have mixed up default and named imports.

Check your code at ActualInterviewTracker.jsx:230.
    at ActualInterviewTracker (/home/runner/workspace/client/src/components/mvp/perform/ActualInterviewTracker.jsx:30:57)
    at QueryClientProvider (file:///home/runner/workspace/node_modules/@tanstack/react-query/build/modern/QueryClientProvider.js:20:3)
    at wrapper (/home/runner/workspace/client/src/__tests__/utils/test-utils.tsx:22:17)
Error: Uncaught [Error: Element type is invalid: expected a string (for built-in components) or a class/function (for composite components) but got: undefined. You likely forgot to export your component from the file it's defined in, or you might have mixed up default and named imports.

Check the render method of `ActualInterviewTracker`.]
    at reportException (/home/runner/workspace/node_modules/jsdom/lib/jsdom/living/helpers/runtime-script-errors.js:66:24)
    at innerInvokeEventListeners (/home/runner/workspace/node_modules/jsdom/lib/jsdom/living/events/EventTarget-impl.js:353:9)
    at invokeEventListeners (/home/runner/workspace/node_modules/jsdom/lib/jsdom/living/events/EventTarget-impl.js:286:3)
    at HTMLUnknownElementImpl._dispatch (/home/runner/workspace/node_modules/jsdom/lib/jsdom/living/events/EventTarget-impl.js:233:9)
    at HTMLUnknownElementImpl.dispatchEvent (/home/runner/workspace/node_modules/jsdom/lib/jsdom/living/events/EventTarget-impl.js:104:17)
    at HTMLUnknownElement.dispatchEvent (/home/runner/workspace/node_modules/jsdom/lib/jsdom/living/generated/EventTarget.js:241:34)
    at Object.invokeGuardedCallbackDev (/home/runner/workspace/node_modules/react-dom/cjs/react-dom.development.js:4213:16)
    at invokeGuardedCallback (/home/runner/workspace/node_modules/react-dom/cjs/react-dom.development.js:4277:31)
    at beginWork$1 (/home/runner/workspace/node_modules/react-dom/cjs/react-dom.development.js:27490:7)
    at performUnitOfWork (/home/runner/workspace/node_modules/react-dom/cjs/react-dom.development.js:26599:12) Error: Element type is invalid: expected a string (for built-in components) or a class/function (for composite components) but got: undefined. You likely forgot to export your component from the file it's defined in, or you might have mixed up default and named imports.

Check the render method of `ActualInterviewTracker`.
    at createFiberFromTypeAndProps [90m(/home/runner/workspace/[39mnode_modules/[4mreact-dom[24m/cjs/react-dom.development.js:28478:17[90m)[39m
    at createFiberFromElement [90m(/home/runner/workspace/[39mnode_modules/[4mreact-dom[24m/cjs/react-dom.development.js:28504:15[90m)[39m
    at createChild [90m(/home/runner/workspace/[39mnode_modules/[4mreact-dom[24m/cjs/react-dom.development.js:13345:28[90m)[39m
    at reconcileChildrenArray [90m(/home/runner/workspace/[39mnode_modules/[4mreact-dom[24m/cjs/react-dom.development.js:13640:25[90m)[39m
    at reconcileChildFibers [90m(/home/runner/workspace/[39mnode_modules/[4mreact-dom[24m/cjs/react-dom.development.js:14057:16[90m)[39m
    at reconcileChildren [90m(/home/runner/workspace/[39mnode_modules/[4mreact-dom[24m/cjs/react-dom.development.js:19186:28[90m)[39m
    at updateHostComponent [90m(/home/runner/workspace/[39mnode_modules/[4mreact-dom[24m/cjs/react-dom.development.js:19953:3[90m)[39m
    at beginWork [90m(/home/runner/workspace/[39mnode_modules/[4mreact-dom[24m/cjs/react-dom.development.js:21657:14[90m)[39m
    at HTMLUnknownElement.callCallback [90m(/home/runner/workspace/[39mnode_modules/[4mreact-dom[24m/cjs/react-dom.development.js:4164:14[90m)[39m
    at HTMLUnknownElement.callTheUserObjectsOperation [90m(/home/runner/workspace/[39mnode_modules/[4mjsdom[24m/lib/jsdom/living/generated/EventListener.js:26:30[90m)[39m
Warning: React.jsx: type is invalid -- expected a string (for built-in components) or a class/function (for composite components) but got: undefined. You likely forgot to export your component from the file it's defined in, or you might have mixed up default and named imports.

Check your code at ActualInterviewTracker.jsx:230.
    at ActualInterviewTracker (/home/runner/workspace/client/src/components/mvp/perform/ActualInterviewTracker.jsx:30:57)
    at QueryClientProvider (file:///home/runner/workspace/node_modules/@tanstack/react-query/build/modern/QueryClientProvider.js:20:3)
    at wrapper (/home/runner/workspace/client/src/__tests__/utils/test-utils.tsx:22:17)
Error: Uncaught [Error: Element type is invalid: expected a string (for built-in components) or a class/function (for composite components) but got: undefined. You likely forgot to export your component from the file it's defined in, or you might have mixed up default and named imports.

Check the render method of `ActualInterviewTracker`.]
    at reportException (/home/runner/workspace/node_modules/jsdom/lib/jsdom/living/helpers/runtime-script-errors.js:66:24)
    at innerInvokeEventListeners (/home/runner/workspace/node_modules/jsdom/lib/jsdom/living/events/EventTarget-impl.js:353:9)
    at invokeEventListeners (/home/runner/workspace/node_modules/jsdom/lib/jsdom/living/events/EventTarget-impl.js:286:3)
    at HTMLUnknownElementImpl._dispatch (/home/runner/workspace/node_modules/jsdom/lib/jsdom/living/events/EventTarget-impl.js:233:9)
    at HTMLUnknownElementImpl.dispatchEvent (/home/runner/workspace/node_modules/jsdom/lib/jsdom/living/events/EventTarget-impl.js:104:17)
    at HTMLUnknownElement.dispatchEvent (/home/runner/workspace/node_modules/jsdom/lib/jsdom/living/generated/EventTarget.js:241:34)
    at Object.invokeGuardedCallbackDev (/home/runner/workspace/node_modules/react-dom/cjs/react-dom.development.js:4213:16)
    at invokeGuardedCallback (/home/runner/workspace/node_modules/react-dom/cjs/react-dom.development.js:4277:31)
    at beginWork$1 (/home/runner/workspace/node_modules/react-dom/cjs/react-dom.development.js:27490:7)
    at performUnitOfWork (/home/runner/workspace/node_modules/react-dom/cjs/react-dom.development.js:26599:12) Error: Element type is invalid: expected a string (for built-in components) or a class/function (for composite components) but got: undefined. You likely forgot to export your component from the file it's defined in, or you might have mixed up default and named imports.

Check the render method of `ActualInterviewTracker`.
    at createFiberFromTypeAndProps [90m(/home/runner/workspace/[39mnode_modules/[4mreact-dom[24m/cjs/react-dom.development.js:28478:17[90m)[39m
    at createFiberFromElement [90m(/home/runner/workspace/[39mnode_modules/[4mreact-dom[24m/cjs/react-dom.development.js:28504:15[90m)[39m
    at createChild [90m(/home/runner/workspace/[39mnode_modules/[4mreact-dom[24m/cjs/react-dom.development.js:13345:28[90m)[39m
    at reconcileChildrenArray [90m(/home/runner/workspace/[39mnode_modules/[4mreact-dom[24m/cjs/react-dom.development.js:13640:25[90m)[39m
    at reconcileChildFibers [90m(/home/runner/workspace/[39mnode_modules/[4mreact-dom[24m/cjs/react-dom.development.js:14057:16[90m)[39m
    at reconcileChildren [90m(/home/runner/workspace/[39mnode_modules/[4mreact-dom[24m/cjs/react-dom.development.js:19186:28[90m)[39m
    at updateHostComponent [90m(/home/runner/workspace/[39mnode_modules/[4mreact-dom[24m/cjs/react-dom.development.js:19953:3[90m)[39m
    at beginWork [90m(/home/runner/workspace/[39mnode_modules/[4mreact-dom[24m/cjs/react-dom.development.js:21657:14[90m)[39m
    at HTMLUnknownElement.callCallback [90m(/home/runner/workspace/[39mnode_modules/[4mreact-dom[24m/cjs/react-dom.development.js:4164:14[90m)[39m
    at HTMLUnknownElement.callTheUserObjectsOperation [90m(/home/runner/workspace/[39mnode_modules/[4mjsdom[24m/lib/jsdom/living/generated/EventListener.js:26:30[90m)[39m
The above error occurred in the <div> component:

    at div
    at Badge (/home/runner/workspace/client/src/components/ui/badge.tsx:23:18)
    at div
    at div
    at /home/runner/workspace/client/src/components/ui/card.tsx:81:57
    at div
    at /home/runner/workspace/client/src/components/ui/card.tsx:7:50
    at div
    at div
    at /home/runner/workspace/client/src/components/ui/card.tsx:81:57
    at div
    at /home/runner/workspace/client/src/components/ui/card.tsx:7:50
    at ActualInterviewTracker (/home/runner/workspace/client/src/components/mvp/perform/ActualInterviewTracker.jsx:30:57)
    at QueryClientProvider (file:///home/runner/workspace/node_modules/@tanstack/react-query/build/modern/QueryClientProvider.js:20:3)
    at wrapper (/home/runner/workspace/client/src/__tests__/utils/test-utils.tsx:22:17)

Consider adding an error boundary to your tree to customize error handling behavior.
Visit https://reactjs.org/link/error-boundaries to learn more about error boundaries.

stderr | src/__tests__/components/mvp/perform/ActualInterviewTracker.test.tsx > ActualInterviewTracker > displays existing interviews
Warning: React.jsx: type is invalid -- expected a string (for built-in components) or a class/function (for composite components) but got: undefined. You likely forgot to export your component from the file it's defined in, or you might have mixed up default and named imports.

Check your code at ActualInterviewTracker.jsx:230.
    at ActualInterviewTracker (/home/runner/workspace/client/src/components/mvp/perform/ActualInterviewTracker.jsx:30:57)
    at QueryClientProvider (file:///home/runner/workspace/node_modules/@tanstack/react-query/build/modern/QueryClientProvider.js:20:3)
    at wrapper (/home/runner/workspace/client/src/__tests__/utils/test-utils.tsx:22:17)
Error: Uncaught [Error: Element type is invalid: expected a string (for built-in components) or a class/function (for composite components) but got: undefined. You likely forgot to export your component from the file it's defined in, or you might have mixed up default and named imports.

Check the render method of `ActualInterviewTracker`.]
    at reportException (/home/runner/workspace/node_modules/jsdom/lib/jsdom/living/helpers/runtime-script-errors.js:66:24)
    at innerInvokeEventListeners (/home/runner/workspace/node_modules/jsdom/lib/jsdom/living/events/EventTarget-impl.js:353:9)
    at invokeEventListeners (/home/runner/workspace/node_modules/jsdom/lib/jsdom/living/events/EventTarget-impl.js:286:3)
    at HTMLUnknownElementImpl._dispatch (/home/runner/workspace/node_modules/jsdom/lib/jsdom/living/events/EventTarget-impl.js:233:9)
    at HTMLUnknownElementImpl.dispatchEvent (/home/runner/workspace/node_modules/jsdom/lib/jsdom/living/events/EventTarget-impl.js:104:17)
    at HTMLUnknownElement.dispatchEvent (/home/runner/workspace/node_modules/jsdom/lib/jsdom/living/generated/EventTarget.js:241:34)
    at Object.invokeGuardedCallbackDev (/home/runner/workspace/node_modules/react-dom/cjs/react-dom.development.js:4213:16)
    at invokeGuardedCallback (/home/runner/workspace/node_modules/react-dom/cjs/react-dom.development.js:4277:31)
    at beginWork$1 (/home/runner/workspace/node_modules/react-dom/cjs/react-dom.development.js:27490:7)
    at performUnitOfWork (/home/runner/workspace/node_modules/react-dom/cjs/react-dom.development.js:26599:12) Error: Element type is invalid: expected a string (for built-in components) or a class/function (for composite components) but got: undefined. You likely forgot to export your component from the file it's defined in, or you might have mixed up default and named imports.

Check the render method of `ActualInterviewTracker`.
    at createFiberFromTypeAndProps [90m(/home/runner/workspace/[39mnode_modules/[4mreact-dom[24m/cjs/react-dom.development.js:28478:17[90m)[39m
    at createFiberFromElement [90m(/home/runner/workspace/[39mnode_modules/[4mreact-dom[24m/cjs/react-dom.development.js:28504:15[90m)[39m
    at createChild [90m(/home/runner/workspace/[39mnode_modules/[4mreact-dom[24m/cjs/react-dom.development.js:13345:28[90m)[39m
    at reconcileChildrenArray [90m(/home/runner/workspace/[39mnode_modules/[4mreact-dom[24m/cjs/react-dom.development.js:13640:25[90m)[39m
    at reconcileChildFibers [90m(/home/runner/workspace/[39mnode_modules/[4mreact-dom[24m/cjs/react-dom.development.js:14057:16[90m)[39m
    at reconcileChildren [90m(/home/runner/workspace/[39mnode_modules/[4mreact-dom[24m/cjs/react-dom.development.js:19186:28[90m)[39m
    at updateHostComponent [90m(/home/runner/workspace/[39mnode_modules/[4mreact-dom[24m/cjs/react-dom.development.js:19953:3[90m)[39m
    at beginWork [90m(/home/runner/workspace/[39mnode_modules/[4mreact-dom[24m/cjs/react-dom.development.js:21657:14[90m)[39m
    at HTMLUnknownElement.callCallback [90m(/home/runner/workspace/[39mnode_modules/[4mreact-dom[24m/cjs/react-dom.development.js:4164:14[90m)[39m
    at HTMLUnknownElement.callTheUserObjectsOperation [90m(/home/runner/workspace/[39mnode_modules/[4mjsdom[24m/lib/jsdom/living/generated/EventListener.js:26:30[90m)[39m
Warning: React.jsx: type is invalid -- expected a string (for built-in components) or a class/function (for composite components) but got: undefined. You likely forgot to export your component from the file it's defined in, or you might have mixed up default and named imports.

Check your code at ActualInterviewTracker.jsx:230.
    at ActualInterviewTracker (/home/runner/workspace/client/src/components/mvp/perform/ActualInterviewTracker.jsx:30:57)
    at QueryClientProvider (file:///home/runner/workspace/node_modules/@tanstack/react-query/build/modern/QueryClientProvider.js:20:3)
    at wrapper (/home/runner/workspace/client/src/__tests__/utils/test-utils.tsx:22:17)
Error: Uncaught [Error: Element type is invalid: expected a string (for built-in components) or a class/function (for composite components) but got: undefined. You likely forgot to export your component from the file it's defined in, or you might have mixed up default and named imports.

Check the render method of `ActualInterviewTracker`.]
    at reportException (/home/runner/workspace/node_modules/jsdom/lib/jsdom/living/helpers/runtime-script-errors.js:66:24)
    at innerInvokeEventListeners (/home/runner/workspace/node_modules/jsdom/lib/jsdom/living/events/EventTarget-impl.js:353:9)
    at invokeEventListeners (/home/runner/workspace/node_modules/jsdom/lib/jsdom/living/events/EventTarget-impl.js:286:3)
    at HTMLUnknownElementImpl._dispatch (/home/runner/workspace/node_modules/jsdom/lib/jsdom/living/events/EventTarget-impl.js:233:9)
    at HTMLUnknownElementImpl.dispatchEvent (/home/runner/workspace/node_modules/jsdom/lib/jsdom/living/events/EventTarget-impl.js:104:17)
    at HTMLUnknownElement.dispatchEvent (/home/runner/workspace/node_modules/jsdom/lib/jsdom/living/generated/EventTarget.js:241:34)
    at Object.invokeGuardedCallbackDev (/home/runner/workspace/node_modules/react-dom/cjs/react-dom.development.js:4213:16)
    at invokeGuardedCallback (/home/runner/workspace/node_modules/react-dom/cjs/react-dom.development.js:4277:31)
    at beginWork$1 (/home/runner/workspace/node_modules/react-dom/cjs/react-dom.development.js:27490:7)
    at performUnitOfWork (/home/runner/workspace/node_modules/react-dom/cjs/react-dom.development.js:26599:12) Error: Element type is invalid: expected a string (for built-in components) or a class/function (for composite components) but got: undefined. You likely forgot to export your component from the file it's defined in, or you might have mixed up default and named imports.

Check the render method of `ActualInterviewTracker`.
    at createFiberFromTypeAndProps [90m(/home/runner/workspace/[39mnode_modules/[4mreact-dom[24m/cjs/react-dom.development.js:28478:17[90m)[39m
    at createFiberFromElement [90m(/home/runner/workspace/[39mnode_modules/[4mreact-dom[24m/cjs/react-dom.development.js:28504:15[90m)[39m
    at createChild [90m(/home/runner/workspace/[39mnode_modules/[4mreact-dom[24m/cjs/react-dom.development.js:13345:28[90m)[39m
    at reconcileChildrenArray [90m(/home/runner/workspace/[39mnode_modules/[4mreact-dom[24m/cjs/react-dom.development.js:13640:25[90m)[39m
    at reconcileChildFibers [90m(/home/runner/workspace/[39mnode_modules/[4mreact-dom[24m/cjs/react-dom.development.js:14057:16[90m)[39m
    at reconcileChildren [90m(/home/runner/workspace/[39mnode_modules/[4mreact-dom[24m/cjs/react-dom.development.js:19186:28[90m)[39m
    at updateHostComponent [90m(/home/runner/workspace/[39mnode_modules/[4mreact-dom[24m/cjs/react-dom.development.js:19953:3[90m)[39m
    at beginWork [90m(/home/runner/workspace/[39mnode_modules/[4mreact-dom[24m/cjs/react-dom.development.js:21657:14[90m)[39m
    at HTMLUnknownElement.callCallback [90m(/home/runner/workspace/[39mnode_modules/[4mreact-dom[24m/cjs/react-dom.development.js:4164:14[90m)[39m
    at HTMLUnknownElement.callTheUserObjectsOperation [90m(/home/runner/workspace/[39mnode_modules/[4mjsdom[24m/lib/jsdom/living/generated/EventListener.js:26:30[90m)[39m
The above error occurred in the <div> component:

    at div
    at Badge (/home/runner/workspace/client/src/components/ui/badge.tsx:23:18)
    at div
    at div
    at /home/runner/workspace/client/src/components/ui/card.tsx:81:57
    at div
    at /home/runner/workspace/client/src/components/ui/card.tsx:7:50
    at div
    at div
    at /home/runner/workspace/client/src/components/ui/card.tsx:81:57
    at div
    at /home/runner/workspace/client/src/components/ui/card.tsx:7:50
    at ActualInterviewTracker (/home/runner/workspace/client/src/components/mvp/perform/ActualInterviewTracker.jsx:30:57)
    at QueryClientProvider (file:///home/runner/workspace/node_modules/@tanstack/react-query/build/modern/QueryClientProvider.js:20:3)
    at wrapper (/home/runner/workspace/client/src/__tests__/utils/test-utils.tsx:22:17)

Consider adding an error boundary to your tree to customize error handling behavior.
Visit https://reactjs.org/link/error-boundaries to learn more about error boundaries.

stderr | src/__tests__/components/mvp/perform/ActualInterviewTracker.test.tsx > ActualInterviewTracker > shows button to log new interview
Warning: React.jsx: type is invalid -- expected a string (for built-in components) or a class/function (for composite components) but got: undefined. You likely forgot to export your component from the file it's defined in, or you might have mixed up default and named imports.

Check your code at ActualInterviewTracker.jsx:230.
    at ActualInterviewTracker (/home/runner/workspace/client/src/components/mvp/perform/ActualInterviewTracker.jsx:30:57)
    at QueryClientProvider (file:///home/runner/workspace/node_modules/@tanstack/react-query/build/modern/QueryClientProvider.js:20:3)
    at wrapper (/home/runner/workspace/client/src/__tests__/utils/test-utils.tsx:22:17)
Error: Uncaught [Error: Element type is invalid: expected a string (for built-in components) or a class/function (for composite components) but got: undefined. You likely forgot to export your component from the file it's defined in, or you might have mixed up default and named imports.

Check the render method of `ActualInterviewTracker`.]
    at reportException (/home/runner/workspace/node_modules/jsdom/lib/jsdom/living/helpers/runtime-script-errors.js:66:24)
    at innerInvokeEventListeners (/home/runner/workspace/node_modules/jsdom/lib/jsdom/living/events/EventTarget-impl.js:353:9)
    at invokeEventListeners (/home/runner/workspace/node_modules/jsdom/lib/jsdom/living/events/EventTarget-impl.js:286:3)
    at HTMLUnknownElementImpl._dispatch (/home/runner/workspace/node_modules/jsdom/lib/jsdom/living/events/EventTarget-impl.js:233:9)
    at HTMLUnknownElementImpl.dispatchEvent (/home/runner/workspace/node_modules/jsdom/lib/jsdom/living/events/EventTarget-impl.js:104:17)
    at HTMLUnknownElement.dispatchEvent (/home/runner/workspace/node_modules/jsdom/lib/jsdom/living/generated/EventTarget.js:241:34)
    at Object.invokeGuardedCallbackDev (/home/runner/workspace/node_modules/react-dom/cjs/react-dom.development.js:4213:16)
    at invokeGuardedCallback (/home/runner/workspace/node_modules/react-dom/cjs/react-dom.development.js:4277:31)
    at beginWork$1 (/home/runner/workspace/node_modules/react-dom/cjs/react-dom.development.js:27490:7)
    at performUnitOfWork (/home/runner/workspace/node_modules/react-dom/cjs/react-dom.development.js:26599:12) Error: Element type is invalid: expected a string (for built-in components) or a class/function (for composite components) but got: undefined. You likely forgot to export your component from the file it's defined in, or you might have mixed up default and named imports.

Check the render method of `ActualInterviewTracker`.
    at createFiberFromTypeAndProps [90m(/home/runner/workspace/[39mnode_modules/[4mreact-dom[24m/cjs/react-dom.development.js:28478:17[90m)[39m
    at createFiberFromElement [90m(/home/runner/workspace/[39mnode_modules/[4mreact-dom[24m/cjs/react-dom.development.js:28504:15[90m)[39m
    at createChild [90m(/home/runner/workspace/[39mnode_modules/[4mreact-dom[24m/cjs/react-dom.development.js:13345:28[90m)[39m
    at reconcileChildrenArray [90m(/home/runner/workspace/[39mnode_modules/[4mreact-dom[24m/cjs/react-dom.development.js:13640:25[90m)[39m
    at reconcileChildFibers [90m(/home/runner/workspace/[39mnode_modules/[4mreact-dom[24m/cjs/react-dom.development.js:14057:16[90m)[39m
    at reconcileChildren [90m(/home/runner/workspace/[39mnode_modules/[4mreact-dom[24m/cjs/react-dom.development.js:19186:28[90m)[39m
    at updateHostComponent [90m(/home/runner/workspace/[39mnode_modules/[4mreact-dom[24m/cjs/react-dom.development.js:19953:3[90m)[39m
    at beginWork [90m(/home/runner/workspace/[39mnode_modules/[4mreact-dom[24m/cjs/react-dom.development.js:21657:14[90m)[39m
    at HTMLUnknownElement.callCallback [90m(/home/runner/workspace/[39mnode_modules/[4mreact-dom[24m/cjs/react-dom.development.js:4164:14[90m)[39m
    at HTMLUnknownElement.callTheUserObjectsOperation [90m(/home/runner/workspace/[39mnode_modules/[4mjsdom[24m/lib/jsdom/living/generated/EventListener.js:26:30[90m)[39m
Warning: React.jsx: type is invalid -- expected a string (for built-in components) or a class/function (for composite components) but got: undefined. You likely forgot to export your component from the file it's defined in, or you might have mixed up default and named imports.

Check your code at ActualInterviewTracker.jsx:230.
    at ActualInterviewTracker (/home/runner/workspace/client/src/components/mvp/perform/ActualInterviewTracker.jsx:30:57)
    at QueryClientProvider (file:///home/runner/workspace/node_modules/@tanstack/react-query/build/modern/QueryClientProvider.js:20:3)
    at wrapper (/home/runner/workspace/client/src/__tests__/utils/test-utils.tsx:22:17)
Error: Uncaught [Error: Element type is invalid: expected a string (for built-in components) or a class/function (for composite components) but got: undefined. You likely forgot to export your component from the file it's defined in, or you might have mixed up default and named imports.

Check the render method of `ActualInterviewTracker`.]
    at reportException (/home/runner/workspace/node_modules/jsdom/lib/jsdom/living/helpers/runtime-script-errors.js:66:24)
    at innerInvokeEventListeners (/home/runner/workspace/node_modules/jsdom/lib/jsdom/living/events/EventTarget-impl.js:353:9)
    at invokeEventListeners (/home/runner/workspace/node_modules/jsdom/lib/jsdom/living/events/EventTarget-impl.js:286:3)
    at HTMLUnknownElementImpl._dispatch (/home/runner/workspace/node_modules/jsdom/lib/jsdom/living/events/EventTarget-impl.js:233:9)
    at HTMLUnknownElementImpl.dispatchEvent (/home/runner/workspace/node_modules/jsdom/lib/jsdom/living/events/EventTarget-impl.js:104:17)
    at HTMLUnknownElement.dispatchEvent (/home/runner/workspace/node_modules/jsdom/lib/jsdom/living/generated/EventTarget.js:241:34)
    at Object.invokeGuardedCallbackDev (/home/runner/workspace/node_modules/react-dom/cjs/react-dom.development.js:4213:16)
    at invokeGuardedCallback (/home/runner/workspace/node_modules/react-dom/cjs/react-dom.development.js:4277:31)
    at beginWork$1 (/home/runner/workspace/node_modules/react-dom/cjs/react-dom.development.js:27490:7)
    at performUnitOfWork (/home/runner/workspace/node_modules/react-dom/cjs/react-dom.development.js:26599:12) Error: Element type is invalid: expected a string (for built-in components) or a class/function (for composite components) but got: undefined. You likely forgot to export your component from the file it's defined in, or you might have mixed up default and named imports.

Check the render method of `ActualInterviewTracker`.
    at createFiberFromTypeAndProps [90m(/home/runner/workspace/[39mnode_modules/[4mreact-dom[24m/cjs/react-dom.development.js:28478:17[90m)[39m
    at createFiberFromElement [90m(/home/runner/workspace/[39mnode_modules/[4mreact-dom[24m/cjs/react-dom.development.js:28504:15[90m)[39m
    at createChild [90m(/home/runner/workspace/[39mnode_modules/[4mreact-dom[24m/cjs/react-dom.development.js:13345:28[90m)[39m
    at reconcileChildrenArray [90m(/home/runner/workspace/[39mnode_modules/[4mreact-dom[24m/cjs/react-dom.development.js:13640:25[90m)[39m
    at reconcileChildFibers [90m(/home/runner/workspace/[39mnode_modules/[4mreact-dom[24m/cjs/react-dom.development.js:14057:16[90m)[39m
    at reconcileChildren [90m(/home/runner/workspace/[39mnode_modules/[4mreact-dom[24m/cjs/react-dom.development.js:19186:28[90m)[39m
    at updateHostComponent [90m(/home/runner/workspace/[39mnode_modules/[4mreact-dom[24m/cjs/react-dom.development.js:19953:3[90m)[39m
    at beginWork [90m(/home/runner/workspace/[39mnode_modules/[4mreact-dom[24m/cjs/react-dom.development.js:21657:14[90m)[39m
    at HTMLUnknownElement.callCallback [90m(/home/runner/workspace/[39mnode_modules/[4mreact-dom[24m/cjs/react-dom.development.js:4164:14[90m)[39m
    at HTMLUnknownElement.callTheUserObjectsOperation [90m(/home/runner/workspace/[39mnode_modules/[4mjsdom[24m/lib/jsdom/living/generated/EventListener.js:26:30[90m)[39m
The above error occurred in the <div> component:

    at div
    at Badge (/home/runner/workspace/client/src/components/ui/badge.tsx:23:18)
    at div
    at div
    at /home/runner/workspace/client/src/components/ui/card.tsx:81:57
    at div
    at /home/runner/workspace/client/src/components/ui/card.tsx:7:50
    at div
    at div
    at /home/runner/workspace/client/src/components/ui/card.tsx:81:57
    at div
    at /home/runner/workspace/client/src/components/ui/card.tsx:7:50
    at ActualInterviewTracker (/home/runner/workspace/client/src/components/mvp/perform/ActualInterviewTracker.jsx:30:57)
    at QueryClientProvider (file:///home/runner/workspace/node_modules/@tanstack/react-query/build/modern/QueryClientProvider.js:20:3)
    at wrapper (/home/runner/workspace/client/src/__tests__/utils/test-utils.tsx:22:17)

Consider adding an error boundary to your tree to customize error handling behavior.
Visit https://reactjs.org/link/error-boundaries to learn more about error boundaries.

stderr | src/__tests__/components/mvp/perform/ActualInterviewTracker.test.tsx > ActualInterviewTracker > opens form when clicking log interview button
Warning: React.jsx: type is invalid -- expected a string (for built-in components) or a class/function (for composite components) but got: undefined. You likely forgot to export your component from the file it's defined in, or you might have mixed up default and named imports.

Check your code at ActualInterviewTracker.jsx:230.
    at ActualInterviewTracker (/home/runner/workspace/client/src/components/mvp/perform/ActualInterviewTracker.jsx:30:57)
    at QueryClientProvider (file:///home/runner/workspace/node_modules/@tanstack/react-query/build/modern/QueryClientProvider.js:20:3)
    at wrapper (/home/runner/workspace/client/src/__tests__/utils/test-utils.tsx:22:17)
Error: Uncaught [Error: Element type is invalid: expected a string (for built-in components) or a class/function (for composite components) but got: undefined. You likely forgot to export your component from the file it's defined in, or you might have mixed up default and named imports.

Check the render method of `ActualInterviewTracker`.]
    at reportException (/home/runner/workspace/node_modules/jsdom/lib/jsdom/living/helpers/runtime-script-errors.js:66:24)
    at innerInvokeEventListeners (/home/runner/workspace/node_modules/jsdom/lib/jsdom/living/events/EventTarget-impl.js:353:9)
    at invokeEventListeners (/home/runner/workspace/node_modules/jsdom/lib/jsdom/living/events/EventTarget-impl.js:286:3)
    at HTMLUnknownElementImpl._dispatch (/home/runner/workspace/node_modules/jsdom/lib/jsdom/living/events/EventTarget-impl.js:233:9)
    at HTMLUnknownElementImpl.dispatchEvent (/home/runner/workspace/node_modules/jsdom/lib/jsdom/living/events/EventTarget-impl.js:104:17)
    at HTMLUnknownElement.dispatchEvent (/home/runner/workspace/node_modules/jsdom/lib/jsdom/living/generated/EventTarget.js:241:34)
    at Object.invokeGuardedCallbackDev (/home/runner/workspace/node_modules/react-dom/cjs/react-dom.development.js:4213:16)
    at invokeGuardedCallback (/home/runner/workspace/node_modules/react-dom/cjs/react-dom.development.js:4277:31)
    at beginWork$1 (/home/runner/workspace/node_modules/react-dom/cjs/react-dom.development.js:27490:7)
    at performUnitOfWork (/home/runner/workspace/node_modules/react-dom/cjs/react-dom.development.js:26599:12) Error: Element type is invalid: expected a string (for built-in components) or a class/function (for composite components) but got: undefined. You likely forgot to export your component from the file it's defined in, or you might have mixed up default and named imports.

Check the render method of `ActualInterviewTracker`.
    at createFiberFromTypeAndProps [90m(/home/runner/workspace/[39mnode_modules/[4mreact-dom[24m/cjs/react-dom.development.js:28478:17[90m)[39m
    at createFiberFromElement [90m(/home/runner/workspace/[39mnode_modules/[4mreact-dom[24m/cjs/react-dom.development.js:28504:15[90m)[39m
    at createChild [90m(/home/runner/workspace/[39mnode_modules/[4mreact-dom[24m/cjs/react-dom.development.js:13345:28[90m)[39m
    at reconcileChildrenArray [90m(/home/runner/workspace/[39mnode_modules/[4mreact-dom[24m/cjs/react-dom.development.js:13640:25[90m)[39m
    at reconcileChildFibers [90m(/home/runner/workspace/[39mnode_modules/[4mreact-dom[24m/cjs/react-dom.development.js:14057:16[90m)[39m
    at reconcileChildren [90m(/home/runner/workspace/[39mnode_modules/[4mreact-dom[24m/cjs/react-dom.development.js:19186:28[90m)[39m
    at updateHostComponent [90m(/home/runner/workspace/[39mnode_modules/[4mreact-dom[24m/cjs/react-dom.development.js:19953:3[90m)[39m
    at beginWork [90m(/home/runner/workspace/[39mnode_modules/[4mreact-dom[24m/cjs/react-dom.development.js:21657:14[90m)[39m
    at HTMLUnknownElement.callCallback [90m(/home/runner/workspace/[39mnode_modules/[4mreact-dom[24m/cjs/react-dom.development.js:4164:14[90m)[39m
    at HTMLUnknownElement.callTheUserObjectsOperation [90m(/home/runner/workspace/[39mnode_modules/[4mjsdom[24m/lib/jsdom/living/generated/EventListener.js:26:30[90m)[39m
Warning: React.jsx: type is invalid -- expected a string (for built-in components) or a class/function (for composite components) but got: undefined. You likely forgot to export your component from the file it's defined in, or you might have mixed up default and named imports.

Check your code at ActualInterviewTracker.jsx:230.
    at ActualInterviewTracker (/home/runner/workspace/client/src/components/mvp/perform/ActualInterviewTracker.jsx:30:57)
    at QueryClientProvider (file:///home/runner/workspace/node_modules/@tanstack/react-query/build/modern/QueryClientProvider.js:20:3)
    at wrapper (/home/runner/workspace/client/src/__tests__/utils/test-utils.tsx:22:17)
Error: Uncaught [Error: Element type is invalid: expected a string (for built-in components) or a class/function (for composite components) but got: undefined. You likely forgot to export your component from the file it's defined in, or you might have mixed up default and named imports.

Check the render method of `ActualInterviewTracker`.]
    at reportException (/home/runner/workspace/node_modules/jsdom/lib/jsdom/living/helpers/runtime-script-errors.js:66:24)
    at innerInvokeEventListeners (/home/runner/workspace/node_modules/jsdom/lib/jsdom/living/events/EventTarget-impl.js:353:9)
    at invokeEventListeners (/home/runner/workspace/node_modules/jsdom/lib/jsdom/living/events/EventTarget-impl.js:286:3)
    at HTMLUnknownElementImpl._dispatch (/home/runner/workspace/node_modules/jsdom/lib/jsdom/living/events/EventTarget-impl.js:233:9)
    at HTMLUnknownElementImpl.dispatchEvent (/home/runner/workspace/node_modules/jsdom/lib/jsdom/living/events/EventTarget-impl.js:104:17)
    at HTMLUnknownElement.dispatchEvent (/home/runner/workspace/node_modules/jsdom/lib/jsdom/living/generated/EventTarget.js:241:34)
    at Object.invokeGuardedCallbackDev (/home/runner/workspace/node_modules/react-dom/cjs/react-dom.development.js:4213:16)
    at invokeGuardedCallback (/home/runner/workspace/node_modules/react-dom/cjs/react-dom.development.js:4277:31)
    at beginWork$1 (/home/runner/workspace/node_modules/react-dom/cjs/react-dom.development.js:27490:7)
    at performUnitOfWork (/home/runner/workspace/node_modules/react-dom/cjs/react-dom.development.js:26599:12) Error: Element type is invalid: expected a string (for built-in components) or a class/function (for composite components) but got: undefined. You likely forgot to export your component from the file it's defined in, or you might have mixed up default and named imports.

Check the render method of `ActualInterviewTracker`.
    at createFiberFromTypeAndProps [90m(/home/runner/workspace/[39mnode_modules/[4mreact-dom[24m/cjs/react-dom.development.js:28478:17[90m)[39m
    at createFiberFromElement [90m(/home/runner/workspace/[39mnode_modules/[4mreact-dom[24m/cjs/react-dom.development.js:28504:15[90m)[39m
    at createChild [90m(/home/runner/workspace/[39mnode_modules/[4mreact-dom[24m/cjs/react-dom.development.js:13345:28[90m)[39m
    at reconcileChildrenArray [90m(/home/runner/workspace/[39mnode_modules/[4mreact-dom[24m/cjs/react-dom.development.js:13640:25[90m)[39m
    at reconcileChildFibers [90m(/home/runner/workspace/[39mnode_modules/[4mreact-dom[24m/cjs/react-dom.development.js:14057:16[90m)[39m
    at reconcileChildren [90m(/home/runner/workspace/[39mnode_modules/[4mreact-dom[24m/cjs/react-dom.development.js:19186:28[90m)[39m
    at updateHostComponent [90m(/home/runner/workspace/[39mnode_modules/[4mreact-dom[24m/cjs/react-dom.development.js:19953:3[90m)[39m
    at beginWork [90m(/home/runner/workspace/[39mnode_modules/[4mreact-dom[24m/cjs/react-dom.development.js:21657:14[90m)[39m
    at HTMLUnknownElement.callCallback [90m(/home/runner/workspace/[39mnode_modules/[4mreact-dom[24m/cjs/react-dom.development.js:4164:14[90m)[39m
    at HTMLUnknownElement.callTheUserObjectsOperation [90m(/home/runner/workspace/[39mnode_modules/[4mjsdom[24m/lib/jsdom/living/generated/EventListener.js:26:30[90m)[39m
The above error occurred in the <div> component:

    at div
    at Badge (/home/runner/workspace/client/src/components/ui/badge.tsx:23:18)
    at div
    at div
    at /home/runner/workspace/client/src/components/ui/card.tsx:81:57
    at div
    at /home/runner/workspace/client/src/components/ui/card.tsx:7:50
    at div
    at div
    at /home/runner/workspace/client/src/components/ui/card.tsx:81:57
    at div
    at /home/runner/workspace/client/src/components/ui/card.tsx:7:50
    at ActualInterviewTracker (/home/runner/workspace/client/src/components/mvp/perform/ActualInterviewTracker.jsx:30:57)
    at QueryClientProvider (file:///home/runner/workspace/node_modules/@tanstack/react-query/build/modern/QueryClientProvider.js:20:3)
    at wrapper (/home/runner/workspace/client/src/__tests__/utils/test-utils.tsx:22:17)

Consider adding an error boundary to your tree to customize error handling behavior.
Visit https://reactjs.org/link/error-boundaries to learn more about error boundaries.

 × |client| src/__tests__/components/mvp/perform/ActualInterviewTracker.test.tsx > ActualInterviewTracker > renders the interview tracker component 139ms
   → Element type is invalid: expected a string (for built-in components) or a class/function (for composite components) but got: undefined. You likely forgot to export your component from the file it's defined in, or you might have mixed up default and named imports.

Check the render method of `ActualInterviewTracker`.
 × |client| src/__tests__/components/mvp/perform/ActualInterviewTracker.test.tsx > ActualInterviewTracker > displays existing interviews 76ms
   → Element type is invalid: expected a string (for built-in components) or a class/function (for composite components) but got: undefined. You likely forgot to export your component from the file it's defined in, or you might have mixed up default and named imports.

Check the render method of `ActualInterviewTracker`.
 × |client| src/__tests__/components/mvp/perform/ActualInterviewTracker.test.tsx > ActualInterviewTracker > shows button to log new interview 17ms
   → Element type is invalid: expected a string (for built-in components) or a class/function (for composite components) but got: undefined. You likely forgot to export your component from the file it's defined in, or you might have mixed up default and named imports.

Check the render method of `ActualInterviewTracker`.
stderr | src/__tests__/components/mvp/perform/ActualInterviewTracker.test.tsx > ActualInterviewTracker > displays form fields for logging interview
Warning: React.jsx: type is invalid -- expected a string (for built-in components) or a class/function (for composite components) but got: undefined. You likely forgot to export your component from the file it's defined in, or you might have mixed up default and named imports.

Check your code at ActualInterviewTracker.jsx:230.
    at ActualInterviewTracker (/home/runner/workspace/client/src/components/mvp/perform/ActualInterviewTracker.jsx:30:57)
    at QueryClientProvider (file:///home/runner/workspace/node_modules/@tanstack/react-query/build/modern/QueryClientProvider.js:20:3)
    at wrapper (/home/runner/workspace/client/src/__tests__/utils/test-utils.tsx:22:17)
Error: Uncaught [Error: Element type is invalid: expected a string (for built-in components) or a class/function (for composite components) but got: undefined. You likely forgot to export your component from the file it's defined in, or you might have mixed up default and named imports.

Check the render method of `ActualInterviewTracker`.]
    at reportException (/home/runner/workspace/node_modules/jsdom/lib/jsdom/living/helpers/runtime-script-errors.js:66:24)
    at innerInvokeEventListeners (/home/runner/workspace/node_modules/jsdom/lib/jsdom/living/events/EventTarget-impl.js:353:9)
    at invokeEventListeners (/home/runner/workspace/node_modules/jsdom/lib/jsdom/living/events/EventTarget-impl.js:286:3)
    at HTMLUnknownElementImpl._dispatch (/home/runner/workspace/node_modules/jsdom/lib/jsdom/living/events/EventTarget-impl.js:233:9)
    at HTMLUnknownElementImpl.dispatchEvent (/home/runner/workspace/node_modules/jsdom/lib/jsdom/living/events/EventTarget-impl.js:104:17)
    at HTMLUnknownElement.dispatchEvent (/home/runner/workspace/node_modules/jsdom/lib/jsdom/living/generated/EventTarget.js:241:34)
    at Object.invokeGuardedCallbackDev (/home/runner/workspace/node_modules/react-dom/cjs/react-dom.development.js:4213:16)
    at invokeGuardedCallback (/home/runner/workspace/node_modules/react-dom/cjs/react-dom.development.js:4277:31)
    at beginWork$1 (/home/runner/workspace/node_modules/react-dom/cjs/react-dom.development.js:27490:7)
    at performUnitOfWork (/home/runner/workspace/node_modules/react-dom/cjs/react-dom.development.js:26599:12) Error: Element type is invalid: expected a string (for built-in components) or a class/function (for composite components) but got: undefined. You likely forgot to export your component from the file it's defined in, or you might have mixed up default and named imports.

Check the render method of `ActualInterviewTracker`.
    at createFiberFromTypeAndProps [90m(/home/runner/workspace/[39mnode_modules/[4mreact-dom[24m/cjs/react-dom.development.js:28478:17[90m)[39m
    at createFiberFromElement [90m(/home/runner/workspace/[39mnode_modules/[4mreact-dom[24m/cjs/react-dom.development.js:28504:15[90m)[39m
    at createChild [90m(/home/runner/workspace/[39mnode_modules/[4mreact-dom[24m/cjs/react-dom.development.js:13345:28[90m)[39m
    at reconcileChildrenArray [90m(/home/runner/workspace/[39mnode_modules/[4mreact-dom[24m/cjs/react-dom.development.js:13640:25[90m)[39m
    at reconcileChildFibers [90m(/home/runner/workspace/[39mnode_modules/[4mreact-dom[24m/cjs/react-dom.development.js:14057:16[90m)[39m
    at reconcileChildren [90m(/home/runner/workspace/[39mnode_modules/[4mreact-dom[24m/cjs/react-dom.development.js:19186:28[90m)[39m
    at updateHostComponent [90m(/home/runner/workspace/[39mnode_modules/[4mreact-dom[24m/cjs/react-dom.development.js:19953:3[90m)[39m
    at beginWork [90m(/home/runner/workspace/[39mnode_modules/[4mreact-dom[24m/cjs/react-dom.development.js:21657:14[90m)[39m
    at HTMLUnknownElement.callCallback [90m(/home/runner/workspace/[39mnode_modules/[4mreact-dom[24m/cjs/react-dom.development.js:4164:14[90m)[39m
    at HTMLUnknownElement.callTheUserObjectsOperation [90m(/home/runner/workspace/[39mnode_modules/[4mjsdom[24m/lib/jsdom/living/generated/EventListener.js:26:30[90m)[39m
Warning: React.jsx: type is invalid -- expected a string (for built-in components) or a class/function (for composite components) but got: undefined. You likely forgot to export your component from the file it's defined in, or you might have mixed up default and named imports.

Check your code at ActualInterviewTracker.jsx:230.
    at ActualInterviewTracker (/home/runner/workspace/client/src/components/mvp/perform/ActualInterviewTracker.jsx:30:57)
    at QueryClientProvider (file:///home/runner/workspace/node_modules/@tanstack/react-query/build/modern/QueryClientProvider.js:20:3)
    at wrapper (/home/runner/workspace/client/src/__tests__/utils/test-utils.tsx:22:17)
Error: Uncaught [Error: Element type is invalid: expected a string (for built-in components) or a class/function (for composite components) but got: undefined. You likely forgot to export your component from the file it's defined in, or you might have mixed up default and named imports.

Check the render method of `ActualInterviewTracker`.]
    at reportException (/home/runner/workspace/node_modules/jsdom/lib/jsdom/living/helpers/runtime-script-errors.js:66:24)
    at innerInvokeEventListeners (/home/runner/workspace/node_modules/jsdom/lib/jsdom/living/events/EventTarget-impl.js:353:9)
    at invokeEventListeners (/home/runner/workspace/node_modules/jsdom/lib/jsdom/living/events/EventTarget-impl.js:286:3)
    at HTMLUnknownElementImpl._dispatch (/home/runner/workspace/node_modules/jsdom/lib/jsdom/living/events/EventTarget-impl.js:233:9)
    at HTMLUnknownElementImpl.dispatchEvent (/home/runner/workspace/node_modules/jsdom/lib/jsdom/living/events/EventTarget-impl.js:104:17)
    at HTMLUnknownElement.dispatchEvent (/home/runner/workspace/node_modules/jsdom/lib/jsdom/living/generated/EventTarget.js:241:34)
    at Object.invokeGuardedCallbackDev (/home/runner/workspace/node_modules/react-dom/cjs/react-dom.development.js:4213:16)
    at invokeGuardedCallback (/home/runner/workspace/node_modules/react-dom/cjs/react-dom.development.js:4277:31)
    at beginWork$1 (/home/runner/workspace/node_modules/react-dom/cjs/react-dom.development.js:27490:7)
    at performUnitOfWork (/home/runner/workspace/node_modules/react-dom/cjs/react-dom.development.js:26599:12) Error: Element type is invalid: expected a string (for built-in components) or a class/function (for composite components) but got: undefined. You likely forgot to export your component from the file it's defined in, or you might have mixed up default and named imports.

Check the render method of `ActualInterviewTracker`.
    at createFiberFromTypeAndProps [90m(/home/runner/workspace/[39mnode_modules/[4mreact-dom[24m/cjs/react-dom.development.js:28478:17[90m)[39m
    at createFiberFromElement [90m(/home/runner/workspace/[39mnode_modules/[4mreact-dom[24m/cjs/react-dom.development.js:28504:15[90m)[39m
    at createChild [90m(/home/runner/workspace/[39mnode_modules/[4mreact-dom[24m/cjs/react-dom.development.js:13345:28[90m)[39m
    at reconcileChildrenArray [90m(/home/runner/workspace/[39mnode_modules/[4mreact-dom[24m/cjs/react-dom.development.js:13640:25[90m)[39m
    at reconcileChildFibers [90m(/home/runner/workspace/[39mnode_modules/[4mreact-dom[24m/cjs/react-dom.development.js:14057:16[90m)[39m
    at reconcileChildren [90m(/home/runner/workspace/[39mnode_modules/[4mreact-dom[24m/cjs/react-dom.development.js:19186:28[90m)[39m
    at updateHostComponent [90m(/home/runner/workspace/[39mnode_modules/[4mreact-dom[24m/cjs/react-dom.development.js:19953:3[90m)[39m
    at beginWork [90m(/home/runner/workspace/[39mnode_modules/[4mreact-dom[24m/cjs/react-dom.development.js:21657:14[90m)[39m
    at HTMLUnknownElement.callCallback [90m(/home/runner/workspace/[39mnode_modules/[4mreact-dom[24m/cjs/react-dom.development.js:4164:14[90m)[39m
    at HTMLUnknownElement.callTheUserObjectsOperation [90m(/home/runner/workspace/[39mnode_modules/[4mjsdom[24m/lib/jsdom/living/generated/EventListener.js:26:30[90m)[39m
The above error occurred in the <div> component:

    at div
    at Badge (/home/runner/workspace/client/src/components/ui/badge.tsx:23:18)
    at div
    at div
    at /home/runner/workspace/client/src/components/ui/card.tsx:81:57
    at div
    at /home/runner/workspace/client/src/components/ui/card.tsx:7:50
    at div
    at div
    at /home/runner/workspace/client/src/components/ui/card.tsx:81:57
    at div
    at /home/runner/workspace/client/src/components/ui/card.tsx:7:50
    at ActualInterviewTracker (/home/runner/workspace/client/src/components/mvp/perform/ActualInterviewTracker.jsx:30:57)
    at QueryClientProvider (file:///home/runner/workspace/node_modules/@tanstack/react-query/build/modern/QueryClientProvider.js:20:3)
    at wrapper (/home/runner/workspace/client/src/__tests__/utils/test-utils.tsx:22:17)

Consider adding an error boundary to your tree to customize error handling behavior.
Visit https://reactjs.org/link/error-boundaries to learn more about error boundaries.

stderr | src/__tests__/components/mvp/perform/ActualInterviewTracker.test.tsx > ActualInterviewTracker > allows entering interview details
Warning: React.jsx: type is invalid -- expected a string (for built-in components) or a class/function (for composite components) but got: undefined. You likely forgot to export your component from the file it's defined in, or you might have mixed up default and named imports.

Check your code at ActualInterviewTracker.jsx:230.
    at ActualInterviewTracker (/home/runner/workspace/client/src/components/mvp/perform/ActualInterviewTracker.jsx:30:57)
    at QueryClientProvider (file:///home/runner/workspace/node_modules/@tanstack/react-query/build/modern/QueryClientProvider.js:20:3)
    at wrapper (/home/runner/workspace/client/src/__tests__/utils/test-utils.tsx:22:17)
Error: Uncaught [Error: Element type is invalid: expected a string (for built-in components) or a class/function (for composite components) but got: undefined. You likely forgot to export your component from the file it's defined in, or you might have mixed up default and named imports.

Check the render method of `ActualInterviewTracker`.]
    at reportException (/home/runner/workspace/node_modules/jsdom/lib/jsdom/living/helpers/runtime-script-errors.js:66:24)
    at innerInvokeEventListeners (/home/runner/workspace/node_modules/jsdom/lib/jsdom/living/events/EventTarget-impl.js:353:9)
    at invokeEventListeners (/home/runner/workspace/node_modules/jsdom/lib/jsdom/living/events/EventTarget-impl.js:286:3)
    at HTMLUnknownElementImpl._dispatch (/home/runner/workspace/node_modules/jsdom/lib/jsdom/living/events/EventTarget-impl.js:233:9)
    at HTMLUnknownElementImpl.dispatchEvent (/home/runner/workspace/node_modules/jsdom/lib/jsdom/living/events/EventTarget-impl.js:104:17)
    at HTMLUnknownElement.dispatchEvent (/home/runner/workspace/node_modules/jsdom/lib/jsdom/living/generated/EventTarget.js:241:34)
    at Object.invokeGuardedCallbackDev (/home/runner/workspace/node_modules/react-dom/cjs/react-dom.development.js:4213:16)
    at invokeGuardedCallback (/home/runner/workspace/node_modules/react-dom/cjs/react-dom.development.js:4277:31)
    at beginWork$1 (/home/runner/workspace/node_modules/react-dom/cjs/react-dom.development.js:27490:7)
    at performUnitOfWork (/home/runner/workspace/node_modules/react-dom/cjs/react-dom.development.js:26599:12) Error: Element type is invalid: expected a string (for built-in components) or a class/function (for composite components) but got: undefined. You likely forgot to export your component from the file it's defined in, or you might have mixed up default and named imports.

Check the render method of `ActualInterviewTracker`.
    at createFiberFromTypeAndProps [90m(/home/runner/workspace/[39mnode_modules/[4mreact-dom[24m/cjs/react-dom.development.js:28478:17[90m)[39m
    at createFiberFromElement [90m(/home/runner/workspace/[39mnode_modules/[4mreact-dom[24m/cjs/react-dom.development.js:28504:15[90m)[39m
    at createChild [90m(/home/runner/workspace/[39mnode_modules/[4mreact-dom[24m/cjs/react-dom.development.js:13345:28[90m)[39m
    at reconcileChildrenArray [90m(/home/runner/workspace/[39mnode_modules/[4mreact-dom[24m/cjs/react-dom.development.js:13640:25[90m)[39m
    at reconcileChildFibers [90m(/home/runner/workspace/[39mnode_modules/[4mreact-dom[24m/cjs/react-dom.development.js:14057:16[90m)[39m
    at reconcileChildren [90m(/home/runner/workspace/[39mnode_modules/[4mreact-dom[24m/cjs/react-dom.development.js:19186:28[90m)[39m
    at updateHostComponent [90m(/home/runner/workspace/[39mnode_modules/[4mreact-dom[24m/cjs/react-dom.development.js:19953:3[90m)[39m
    at beginWork [90m(/home/runner/workspace/[39mnode_modules/[4mreact-dom[24m/cjs/react-dom.development.js:21657:14[90m)[39m
    at HTMLUnknownElement.callCallback [90m(/home/runner/workspace/[39mnode_modules/[4mreact-dom[24m/cjs/react-dom.development.js:4164:14[90m)[39m
    at HTMLUnknownElement.callTheUserObjectsOperation [90m(/home/runner/workspace/[39mnode_modules/[4mjsdom[24m/lib/jsdom/living/generated/EventListener.js:26:30[90m)[39m
Warning: React.jsx: type is invalid -- expected a string (for built-in components) or a class/function (for composite components) but got: undefined. You likely forgot to export your component from the file it's defined in, or you might have mixed up default and named imports.

Check your code at ActualInterviewTracker.jsx:230.
    at ActualInterviewTracker (/home/runner/workspace/client/src/components/mvp/perform/ActualInterviewTracker.jsx:30:57)
    at QueryClientProvider (file:///home/runner/workspace/node_modules/@tanstack/react-query/build/modern/QueryClientProvider.js:20:3)
    at wrapper (/home/runner/workspace/client/src/__tests__/utils/test-utils.tsx:22:17)
Error: Uncaught [Error: Element type is invalid: expected a string (for built-in components) or a class/function (for composite components) but got: undefined. You likely forgot to export your component from the file it's defined in, or you might have mixed up default and named imports.

Check the render method of `ActualInterviewTracker`.]
    at reportException (/home/runner/workspace/node_modules/jsdom/lib/jsdom/living/helpers/runtime-script-errors.js:66:24)
    at innerInvokeEventListeners (/home/runner/workspace/node_modules/jsdom/lib/jsdom/living/events/EventTarget-impl.js:353:9)
    at invokeEventListeners (/home/runner/workspace/node_modules/jsdom/lib/jsdom/living/events/EventTarget-impl.js:286:3)
    at HTMLUnknownElementImpl._dispatch (/home/runner/workspace/node_modules/jsdom/lib/jsdom/living/events/EventTarget-impl.js:233:9)
    at HTMLUnknownElementImpl.dispatchEvent (/home/runner/workspace/node_modules/jsdom/lib/jsdom/living/events/EventTarget-impl.js:104:17)
    at HTMLUnknownElement.dispatchEvent (/home/runner/workspace/node_modules/jsdom/lib/jsdom/living/generated/EventTarget.js:241:34)
    at Object.invokeGuardedCallbackDev (/home/runner/workspace/node_modules/react-dom/cjs/react-dom.development.js:4213:16)
    at invokeGuardedCallback (/home/runner/workspace/node_modules/react-dom/cjs/react-dom.development.js:4277:31)
    at beginWork$1 (/home/runner/workspace/node_modules/react-dom/cjs/react-dom.development.js:27490:7)
    at performUnitOfWork (/home/runner/workspace/node_modules/react-dom/cjs/react-dom.development.js:26599:12) Error: Element type is invalid: expected a string (for built-in components) or a class/function (for composite components) but got: undefined. You likely forgot to export your component from the file it's defined in, or you might have mixed up default and named imports.

Check the render method of `ActualInterviewTracker`.
    at createFiberFromTypeAndProps [90m(/home/runner/workspace/[39mnode_modules/[4mreact-dom[24m/cjs/react-dom.development.js:28478:17[90m)[39m
    at createFiberFromElement [90m(/home/runner/workspace/[39mnode_modules/[4mreact-dom[24m/cjs/react-dom.development.js:28504:15[90m)[39m
    at createChild [90m(/home/runner/workspace/[39mnode_modules/[4mreact-dom[24m/cjs/react-dom.development.js:13345:28[90m)[39m
    at reconcileChildrenArray [90m(/home/runner/workspace/[39mnode_modules/[4mreact-dom[24m/cjs/react-dom.development.js:13640:25[90m)[39m
    at reconcileChildFibers [90m(/home/runner/workspace/[39mnode_modules/[4mreact-dom[24m/cjs/react-dom.development.js:14057:16[90m)[39m
    at reconcileChildren [90m(/home/runner/workspace/[39mnode_modules/[4mreact-dom[24m/cjs/react-dom.development.js:19186:28[90m)[39m
    at updateHostComponent [90m(/home/runner/workspace/[39mnode_modules/[4mreact-dom[24m/cjs/react-dom.development.js:19953:3[90m)[39m
    at beginWork [90m(/home/runner/workspace/[39mnode_modules/[4mreact-dom[24m/cjs/react-dom.development.js:21657:14[90m)[39m
    at HTMLUnknownElement.callCallback [90m(/home/runner/workspace/[39mnode_modules/[4mreact-dom[24m/cjs/react-dom.development.js:4164:14[90m)[39m
    at HTMLUnknownElement.callTheUserObjectsOperation [90m(/home/runner/workspace/[39mnode_modules/[4mjsdom[24m/lib/jsdom/living/generated/EventListener.js:26:30[90m)[39m
The above error occurred in the <div> component:

    at div
    at Badge (/home/runner/workspace/client/src/components/ui/badge.tsx:23:18)
    at div
    at div
    at /home/runner/workspace/client/src/components/ui/card.tsx:81:57
    at div
    at /home/runner/workspace/client/src/components/ui/card.tsx:7:50
    at div
    at div
    at /home/runner/workspace/client/src/components/ui/card.tsx:81:57
    at div
    at /home/runner/workspace/client/src/components/ui/card.tsx:7:50
    at ActualInterviewTracker (/home/runner/workspace/client/src/components/mvp/perform/ActualInterviewTracker.jsx:30:57)
    at QueryClientProvider (file:///home/runner/workspace/node_modules/@tanstack/react-query/build/modern/QueryClientProvider.js:20:3)
    at wrapper (/home/runner/workspace/client/src/__tests__/utils/test-utils.tsx:22:17)

Consider adding an error boundary to your tree to customize error handling behavior.
Visit https://reactjs.org/link/error-boundaries to learn more about error boundaries.

stderr | src/__tests__/components/mvp/perform/ActualInterviewTracker.test.tsx > ActualInterviewTracker > allows selecting interview outcome
Warning: React.jsx: type is invalid -- expected a string (for built-in components) or a class/function (for composite components) but got: undefined. You likely forgot to export your component from the file it's defined in, or you might have mixed up default and named imports.

Check your code at ActualInterviewTracker.jsx:230.
    at ActualInterviewTracker (/home/runner/workspace/client/src/components/mvp/perform/ActualInterviewTracker.jsx:30:57)
    at QueryClientProvider (file:///home/runner/workspace/node_modules/@tanstack/react-query/build/modern/QueryClientProvider.js:20:3)
    at wrapper (/home/runner/workspace/client/src/__tests__/utils/test-utils.tsx:22:17)
Error: Uncaught [Error: Element type is invalid: expected a string (for built-in components) or a class/function (for composite components) but got: undefined. You likely forgot to export your component from the file it's defined in, or you might have mixed up default and named imports.

Check the render method of `ActualInterviewTracker`.]
    at reportException (/home/runner/workspace/node_modules/jsdom/lib/jsdom/living/helpers/runtime-script-errors.js:66:24)
    at innerInvokeEventListeners (/home/runner/workspace/node_modules/jsdom/lib/jsdom/living/events/EventTarget-impl.js:353:9)
    at invokeEventListeners (/home/runner/workspace/node_modules/jsdom/lib/jsdom/living/events/EventTarget-impl.js:286:3)
    at HTMLUnknownElementImpl._dispatch (/home/runner/workspace/node_modules/jsdom/lib/jsdom/living/events/EventTarget-impl.js:233:9)
    at HTMLUnknownElementImpl.dispatchEvent (/home/runner/workspace/node_modules/jsdom/lib/jsdom/living/events/EventTarget-impl.js:104:17)
    at HTMLUnknownElement.dispatchEvent (/home/runner/workspace/node_modules/jsdom/lib/jsdom/living/generated/EventTarget.js:241:34)
    at Object.invokeGuardedCallbackDev (/home/runner/workspace/node_modules/react-dom/cjs/react-dom.development.js:4213:16)
    at invokeGuardedCallback (/home/runner/workspace/node_modules/react-dom/cjs/react-dom.development.js:4277:31)
    at beginWork$1 (/home/runner/workspace/node_modules/react-dom/cjs/react-dom.development.js:27490:7)
    at performUnitOfWork (/home/runner/workspace/node_modules/react-dom/cjs/react-dom.development.js:26599:12) Error: Element type is invalid: expected a string (for built-in components) or a class/function (for composite components) but got: undefined. You likely forgot to export your component from the file it's defined in, or you might have mixed up default and named imports.

Check the render method of `ActualInterviewTracker`.
    at createFiberFromTypeAndProps [90m(/home/runner/workspace/[39mnode_modules/[4mreact-dom[24m/cjs/react-dom.development.js:28478:17[90m)[39m
    at createFiberFromElement [90m(/home/runner/workspace/[39mnode_modules/[4mreact-dom[24m/cjs/react-dom.development.js:28504:15[90m)[39m
    at createChild [90m(/home/runner/workspace/[39mnode_modules/[4mreact-dom[24m/cjs/react-dom.development.js:13345:28[90m)[39m
    at reconcileChildrenArray [90m(/home/runner/workspace/[39mnode_modules/[4mreact-dom[24m/cjs/react-dom.development.js:13640:25[90m)[39m
    at reconcileChildFibers [90m(/home/runner/workspace/[39mnode_modules/[4mreact-dom[24m/cjs/react-dom.development.js:14057:16[90m)[39m
    at reconcileChildren [90m(/home/runner/workspace/[39mnode_modules/[4mreact-dom[24m/cjs/react-dom.development.js:19186:28[90m)[39m
    at updateHostComponent [90m(/home/runner/workspace/[39mnode_modules/[4mreact-dom[24m/cjs/react-dom.development.js:19953:3[90m)[39m
    at beginWork [90m(/home/runner/workspace/[39mnode_modules/[4mreact-dom[24m/cjs/react-dom.development.js:21657:14[90m)[39m
    at HTMLUnknownElement.callCallback [90m(/home/runner/workspace/[39mnode_modules/[4mreact-dom[24m/cjs/react-dom.development.js:4164:14[90m)[39m
    at HTMLUnknownElement.callTheUserObjectsOperation [90m(/home/runner/workspace/[39mnode_modules/[4mjsdom[24m/lib/jsdom/living/generated/EventListener.js:26:30[90m)[39m
Warning: React.jsx: type is invalid -- expected a string (for built-in components) or a class/function (for composite components) but got: undefined. You likely forgot to export your component from the file it's defined in, or you might have mixed up default and named imports.

Check your code at ActualInterviewTracker.jsx:230.
    at ActualInterviewTracker (/home/runner/workspace/client/src/components/mvp/perform/ActualInterviewTracker.jsx:30:57)
    at QueryClientProvider (file:///home/runner/workspace/node_modules/@tanstack/react-query/build/modern/QueryClientProvider.js:20:3)
    at wrapper (/home/runner/workspace/client/src/__tests__/utils/test-utils.tsx:22:17)
Error: Uncaught [Error: Element type is invalid: expected a string (for built-in components) or a class/function (for composite components) but got: undefined. You likely forgot to export your component from the file it's defined in, or you might have mixed up default and named imports.

Check the render method of `ActualInterviewTracker`.]
    at reportException (/home/runner/workspace/node_modules/jsdom/lib/jsdom/living/helpers/runtime-script-errors.js:66:24)
    at innerInvokeEventListeners (/home/runner/workspace/node_modules/jsdom/lib/jsdom/living/events/EventTarget-impl.js:353:9)
    at invokeEventListeners (/home/runner/workspace/node_modules/jsdom/lib/jsdom/living/events/EventTarget-impl.js:286:3)
    at HTMLUnknownElementImpl._dispatch (/home/runner/workspace/node_modules/jsdom/lib/jsdom/living/events/EventTarget-impl.js:233:9)
    at HTMLUnknownElementImpl.dispatchEvent (/home/runner/workspace/node_modules/jsdom/lib/jsdom/living/events/EventTarget-impl.js:104:17)
    at HTMLUnknownElement.dispatchEvent (/home/runner/workspace/node_modules/jsdom/lib/jsdom/living/generated/EventTarget.js:241:34)
    at Object.invokeGuardedCallbackDev (/home/runner/workspace/node_modules/react-dom/cjs/react-dom.development.js:4213:16)
    at invokeGuardedCallback (/home/runner/workspace/node_modules/react-dom/cjs/react-dom.development.js:4277:31)
    at beginWork$1 (/home/runner/workspace/node_modules/react-dom/cjs/react-dom.development.js:27490:7)
    at performUnitOfWork (/home/runner/workspace/node_modules/react-dom/cjs/react-dom.development.js:26599:12) Error: Element type is invalid: expected a string (for built-in components) or a class/function (for composite components) but got: undefined. You likely forgot to export your component from the file it's defined in, or you might have mixed up default and named imports.

Check the render method of `ActualInterviewTracker`.
    at createFiberFromTypeAndProps [90m(/home/runner/workspace/[39mnode_modules/[4mreact-dom[24m/cjs/react-dom.development.js:28478:17[90m)[39m
    at createFiberFromElement [90m(/home/runner/workspace/[39mnode_modules/[4mreact-dom[24m/cjs/react-dom.development.js:28504:15[90m)[39m
    at createChild [90m(/home/runner/workspace/[39mnode_modules/[4mreact-dom[24m/cjs/react-dom.development.js:13345:28[90m)[39m
    at reconcileChildrenArray [90m(/home/runner/workspace/[39mnode_modules/[4mreact-dom[24m/cjs/react-dom.development.js:13640:25[90m)[39m
    at reconcileChildFibers [90m(/home/runner/workspace/[39mnode_modules/[4mreact-dom[24m/cjs/react-dom.development.js:14057:16[90m)[39m
    at reconcileChildren [90m(/home/runner/workspace/[39mnode_modules/[4mreact-dom[24m/cjs/react-dom.development.js:19186:28[90m)[39m
    at updateHostComponent [90m(/home/runner/workspace/[39mnode_modules/[4mreact-dom[24m/cjs/react-dom.development.js:19953:3[90m)[39m
    at beginWork [90m(/home/runner/workspace/[39mnode_modules/[4mreact-dom[24m/cjs/react-dom.development.js:21657:14[90m)[39m
    at HTMLUnknownElement.callCallback [90m(/home/runner/workspace/[39mnode_modules/[4mreact-dom[24m/cjs/react-dom.development.js:4164:14[90m)[39m
    at HTMLUnknownElement.callTheUserObjectsOperation [90m(/home/runner/workspace/[39mnode_modules/[4mjsdom[24m/lib/jsdom/living/generated/EventListener.js:26:30[90m)[39m
The above error occurred in the <div> component:

    at div
    at Badge (/home/runner/workspace/client/src/components/ui/badge.tsx:23:18)
    at div
    at div
    at /home/runner/workspace/client/src/components/ui/card.tsx:81:57
    at div
    at /home/runner/workspace/client/src/components/ui/card.tsx:7:50
    at div
    at div
    at /home/runner/workspace/client/src/components/ui/card.tsx:81:57
    at div
    at /home/runner/workspace/client/src/components/ui/card.tsx:7:50
    at ActualInterviewTracker (/home/runner/workspace/client/src/components/mvp/perform/ActualInterviewTracker.jsx:30:57)
    at QueryClientProvider (file:///home/runner/workspace/node_modules/@tanstack/react-query/build/modern/QueryClientProvider.js:20:3)
    at wrapper (/home/runner/workspace/client/src/__tests__/utils/test-utils.tsx:22:17)

Consider adding an error boundary to your tree to customize error handling behavior.
Visit https://reactjs.org/link/error-boundaries to learn more about error boundaries.

stderr | src/__tests__/components/mvp/perform/ActualInterviewTracker.test.tsx > ActualInterviewTracker > displays interview status badges
Warning: React.jsx: type is invalid -- expected a string (for built-in components) or a class/function (for composite components) but got: undefined. You likely forgot to export your component from the file it's defined in, or you might have mixed up default and named imports.

Check your code at ActualInterviewTracker.jsx:230.
    at ActualInterviewTracker (/home/runner/workspace/client/src/components/mvp/perform/ActualInterviewTracker.jsx:30:57)
    at QueryClientProvider (file:///home/runner/workspace/node_modules/@tanstack/react-query/build/modern/QueryClientProvider.js:20:3)
    at wrapper (/home/runner/workspace/client/src/__tests__/utils/test-utils.tsx:22:17)
Error: Uncaught [Error: Element type is invalid: expected a string (for built-in components) or a class/function (for composite components) but got: undefined. You likely forgot to export your component from the file it's defined in, or you might have mixed up default and named imports.

Check the render method of `ActualInterviewTracker`.]
    at reportException (/home/runner/workspace/node_modules/jsdom/lib/jsdom/living/helpers/runtime-script-errors.js:66:24)
    at innerInvokeEventListeners (/home/runner/workspace/node_modules/jsdom/lib/jsdom/living/events/EventTarget-impl.js:353:9)
    at invokeEventListeners (/home/runner/workspace/node_modules/jsdom/lib/jsdom/living/events/EventTarget-impl.js:286:3)
    at HTMLUnknownElementImpl._dispatch (/home/runner/workspace/node_modules/jsdom/lib/jsdom/living/events/EventTarget-impl.js:233:9)
    at HTMLUnknownElementImpl.dispatchEvent (/home/runner/workspace/node_modules/jsdom/lib/jsdom/living/events/EventTarget-impl.js:104:17)
    at HTMLUnknownElement.dispatchEvent (/home/runner/workspace/node_modules/jsdom/lib/jsdom/living/generated/EventTarget.js:241:34)
    at Object.invokeGuardedCallbackDev (/home/runner/workspace/node_modules/react-dom/cjs/react-dom.development.js:4213:16)
    at invokeGuardedCallback (/home/runner/workspace/node_modules/react-dom/cjs/react-dom.development.js:4277:31)
    at beginWork$1 (/home/runner/workspace/node_modules/react-dom/cjs/react-dom.development.js:27490:7)
    at performUnitOfWork (/home/runner/workspace/node_modules/react-dom/cjs/react-dom.development.js:26599:12) Error: Element type is invalid: expected a string (for built-in components) or a class/function (for composite components) but got: undefined. You likely forgot to export your component from the file it's defined in, or you might have mixed up default and named imports.

Check the render method of `ActualInterviewTracker`.
    at createFiberFromTypeAndProps [90m(/home/runner/workspace/[39mnode_modules/[4mreact-dom[24m/cjs/react-dom.development.js:28478:17[90m)[39m
    at createFiberFromElement [90m(/home/runner/workspace/[39mnode_modules/[4mreact-dom[24m/cjs/react-dom.development.js:28504:15[90m)[39m
    at createChild [90m(/home/runner/workspace/[39mnode_modules/[4mreact-dom[24m/cjs/react-dom.development.js:13345:28[90m)[39m
    at reconcileChildrenArray [90m(/home/runner/workspace/[39mnode_modules/[4mreact-dom[24m/cjs/react-dom.development.js:13640:25[90m)[39m
    at reconcileChildFibers [90m(/home/runner/workspace/[39mnode_modules/[4mreact-dom[24m/cjs/react-dom.development.js:14057:16[90m)[39m
    at reconcileChildren [90m(/home/runner/workspace/[39mnode_modules/[4mreact-dom[24m/cjs/react-dom.development.js:19186:28[90m)[39m
    at updateHostComponent [90m(/home/runner/workspace/[39mnode_modules/[4mreact-dom[24m/cjs/react-dom.development.js:19953:3[90m)[39m
    at beginWork [90m(/home/runner/workspace/[39mnode_modules/[4mreact-dom[24m/cjs/react-dom.development.js:21657:14[90m)[39m
    at HTMLUnknownElement.callCallback [90m(/home/runner/workspace/[39mnode_modules/[4mreact-dom[24m/cjs/react-dom.development.js:4164:14[90m)[39m
    at HTMLUnknownElement.callTheUserObjectsOperation [90m(/home/runner/workspace/[39mnode_modules/[4mjsdom[24m/lib/jsdom/living/generated/EventListener.js:26:30[90m)[39m
Warning: React.jsx: type is invalid -- expected a string (for built-in components) or a class/function (for composite components) but got: undefined. You likely forgot to export your component from the file it's defined in, or you might have mixed up default and named imports.

Check your code at ActualInterviewTracker.jsx:230.
    at ActualInterviewTracker (/home/runner/workspace/client/src/components/mvp/perform/ActualInterviewTracker.jsx:30:57)
    at QueryClientProvider (file:///home/runner/workspace/node_modules/@tanstack/react-query/build/modern/QueryClientProvider.js:20:3)
    at wrapper (/home/runner/workspace/client/src/__tests__/utils/test-utils.tsx:22:17)
Error: Uncaught [Error: Element type is invalid: expected a string (for built-in components) or a class/function (for composite components) but got: undefined. You likely forgot to export your component from the file it's defined in, or you might have mixed up default and named imports.

Check the render method of `ActualInterviewTracker`.]
    at reportException (/home/runner/workspace/node_modules/jsdom/lib/jsdom/living/helpers/runtime-script-errors.js:66:24)
    at innerInvokeEventListeners (/home/runner/workspace/node_modules/jsdom/lib/jsdom/living/events/EventTarget-impl.js:353:9)
    at invokeEventListeners (/home/runner/workspace/node_modules/jsdom/lib/jsdom/living/events/EventTarget-impl.js:286:3)
    at HTMLUnknownElementImpl._dispatch (/home/runner/workspace/node_modules/jsdom/lib/jsdom/living/events/EventTarget-impl.js:233:9)
    at HTMLUnknownElementImpl.dispatchEvent (/home/runner/workspace/node_modules/jsdom/lib/jsdom/living/events/EventTarget-impl.js:104:17)
    at HTMLUnknownElement.dispatchEvent (/home/runner/workspace/node_modules/jsdom/lib/jsdom/living/generated/EventTarget.js:241:34)
    at Object.invokeGuardedCallbackDev (/home/runner/workspace/node_modules/react-dom/cjs/react-dom.development.js:4213:16)
    at invokeGuardedCallback (/home/runner/workspace/node_modules/react-dom/cjs/react-dom.development.js:4277:31)
    at beginWork$1 (/home/runner/workspace/node_modules/react-dom/cjs/react-dom.development.js:27490:7)
    at performUnitOfWork (/home/runner/workspace/node_modules/react-dom/cjs/react-dom.development.js:26599:12) Error: Element type is invalid: expected a string (for built-in components) or a class/function (for composite components) but got: undefined. You likely forgot to export your component from the file it's defined in, or you might have mixed up default and named imports.

Check the render method of `ActualInterviewTracker`.
    at createFiberFromTypeAndProps [90m(/home/runner/workspace/[39mnode_modules/[4mreact-dom[24m/cjs/react-dom.development.js:28478:17[90m)[39m
    at createFiberFromElement [90m(/home/runner/workspace/[39mnode_modules/[4mreact-dom[24m/cjs/react-dom.development.js:28504:15[90m)[39m
    at createChild [90m(/home/runner/workspace/[39mnode_modules/[4mreact-dom[24m/cjs/react-dom.development.js:13345:28[90m)[39m
    at reconcileChildrenArray [90m(/home/runner/workspace/[39mnode_modules/[4mreact-dom[24m/cjs/react-dom.development.js:13640:25[90m)[39m
    at reconcileChildFibers [90m(/home/runner/workspace/[39mnode_modules/[4mreact-dom[24m/cjs/react-dom.development.js:14057:16[90m)[39m
    at reconcileChildren [90m(/home/runner/workspace/[39mnode_modules/[4mreact-dom[24m/cjs/react-dom.development.js:19186:28[90m)[39m
    at updateHostComponent [90m(/home/runner/workspace/[39mnode_modules/[4mreact-dom[24m/cjs/react-dom.development.js:19953:3[90m)[39m
    at beginWork [90m(/home/runner/workspace/[39mnode_modules/[4mreact-dom[24m/cjs/react-dom.development.js:21657:14[90m)[39m
    at HTMLUnknownElement.callCallback [90m(/home/runner/workspace/[39mnode_modules/[4mreact-dom[24m/cjs/react-dom.development.js:4164:14[90m)[39m
    at HTMLUnknownElement.callTheUserObjectsOperation [90m(/home/runner/workspace/[39mnode_modules/[4mjsdom[24m/lib/jsdom/living/generated/EventListener.js:26:30[90m)[39m
The above error occurred in the <div> component:

    at div
    at Badge (/home/runner/workspace/client/src/components/ui/badge.tsx:23:18)
    at div
    at div
    at /home/runner/workspace/client/src/components/ui/card.tsx:81:57
    at div
    at /home/runner/workspace/client/src/components/ui/card.tsx:7:50
    at div
    at div
    at /home/runner/workspace/client/src/components/ui/card.tsx:81:57
    at div
    at /home/runner/workspace/client/src/components/ui/card.tsx:7:50
    at ActualInterviewTracker (/home/runner/workspace/client/src/components/mvp/perform/ActualInterviewTracker.jsx:30:57)
    at QueryClientProvider (file:///home/runner/workspace/node_modules/@tanstack/react-query/build/modern/QueryClientProvider.js:20:3)
    at wrapper (/home/runner/workspace/client/src/__tests__/utils/test-utils.tsx:22:17)

Consider adding an error boundary to your tree to customize error handling behavior.
Visit https://reactjs.org/link/error-boundaries to learn more about error boundaries.

 × |client| src/__tests__/components/mvp/perform/ActualInterviewTracker.test.tsx > ActualInterviewTracker > opens form when clicking log interview button 32ms
   → Element type is invalid: expected a string (for built-in components) or a class/function (for composite components) but got: undefined. You likely forgot to export your component from the file it's defined in, or you might have mixed up default and named imports.

Check the render method of `ActualInterviewTracker`.
 × |client| src/__tests__/components/mvp/perform/ActualInterviewTracker.test.tsx > ActualInterviewTracker > displays form fields for logging interview 29ms
   → Element type is invalid: expected a string (for built-in components) or a class/function (for composite components) but got: undefined. You likely forgot to export your component from the file it's defined in, or you might have mixed up default and named imports.

Check the render method of `ActualInterviewTracker`.
 × |client| src/__tests__/components/mvp/perform/ActualInterviewTracker.test.tsx > ActualInterviewTracker > allows entering interview details 25ms
   → Element type is invalid: expected a string (for built-in components) or a class/function (for composite components) but got: undefined. You likely forgot to export your component from the file it's defined in, or you might have mixed up default and named imports.

Check the render method of `ActualInterviewTracker`.
 × |client| src/__tests__/components/mvp/perform/ActualInterviewTracker.test.tsx > ActualInterviewTracker > allows selecting interview outcome 21ms
   → Element type is invalid: expected a string (for built-in components) or a class/function (for composite components) but got: undefined. You likely forgot to export your component from the file it's defined in, or you might have mixed up default and named imports.

Check the render method of `ActualInterviewTracker`.
stderr | src/__tests__/components/mvp/perform/ActualInterviewTracker.test.tsx > ActualInterviewTracker > shows interview stage information
Warning: React.jsx: type is invalid -- expected a string (for built-in components) or a class/function (for composite components) but got: undefined. You likely forgot to export your component from the file it's defined in, or you might have mixed up default and named imports.

Check your code at ActualInterviewTracker.jsx:230.
    at ActualInterviewTracker (/home/runner/workspace/client/src/components/mvp/perform/ActualInterviewTracker.jsx:30:57)
    at QueryClientProvider (file:///home/runner/workspace/node_modules/@tanstack/react-query/build/modern/QueryClientProvider.js:20:3)
    at wrapper (/home/runner/workspace/client/src/__tests__/utils/test-utils.tsx:22:17)
Error: Uncaught [Error: Element type is invalid: expected a string (for built-in components) or a class/function (for composite components) but got: undefined. You likely forgot to export your component from the file it's defined in, or you might have mixed up default and named imports.

Check the render method of `ActualInterviewTracker`.]
    at reportException (/home/runner/workspace/node_modules/jsdom/lib/jsdom/living/helpers/runtime-script-errors.js:66:24)
    at innerInvokeEventListeners (/home/runner/workspace/node_modules/jsdom/lib/jsdom/living/events/EventTarget-impl.js:353:9)
    at invokeEventListeners (/home/runner/workspace/node_modules/jsdom/lib/jsdom/living/events/EventTarget-impl.js:286:3)
    at HTMLUnknownElementImpl._dispatch (/home/runner/workspace/node_modules/jsdom/lib/jsdom/living/events/EventTarget-impl.js:233:9)
    at HTMLUnknownElementImpl.dispatchEvent (/home/runner/workspace/node_modules/jsdom/lib/jsdom/living/events/EventTarget-impl.js:104:17)
    at HTMLUnknownElement.dispatchEvent (/home/runner/workspace/node_modules/jsdom/lib/jsdom/living/generated/EventTarget.js:241:34)
    at Object.invokeGuardedCallbackDev (/home/runner/workspace/node_modules/react-dom/cjs/react-dom.development.js:4213:16)
    at invokeGuardedCallback (/home/runner/workspace/node_modules/react-dom/cjs/react-dom.development.js:4277:31)
    at beginWork$1 (/home/runner/workspace/node_modules/react-dom/cjs/react-dom.development.js:27490:7)
    at performUnitOfWork (/home/runner/workspace/node_modules/react-dom/cjs/react-dom.development.js:26599:12) Error: Element type is invalid: expected a string (for built-in components) or a class/function (for composite components) but got: undefined. You likely forgot to export your component from the file it's defined in, or you might have mixed up default and named imports.

Check the render method of `ActualInterviewTracker`.
    at createFiberFromTypeAndProps [90m(/home/runner/workspace/[39mnode_modules/[4mreact-dom[24m/cjs/react-dom.development.js:28478:17[90m)[39m
    at createFiberFromElement [90m(/home/runner/workspace/[39mnode_modules/[4mreact-dom[24m/cjs/react-dom.development.js:28504:15[90m)[39m
    at createChild [90m(/home/runner/workspace/[39mnode_modules/[4mreact-dom[24m/cjs/react-dom.development.js:13345:28[90m)[39m
    at reconcileChildrenArray [90m(/home/runner/workspace/[39mnode_modules/[4mreact-dom[24m/cjs/react-dom.development.js:13640:25[90m)[39m
    at reconcileChildFibers [90m(/home/runner/workspace/[39mnode_modules/[4mreact-dom[24m/cjs/react-dom.development.js:14057:16[90m)[39m
    at reconcileChildren [90m(/home/runner/workspace/[39mnode_modules/[4mreact-dom[24m/cjs/react-dom.development.js:19186:28[90m)[39m
    at updateHostComponent [90m(/home/runner/workspace/[39mnode_modules/[4mreact-dom[24m/cjs/react-dom.development.js:19953:3[90m)[39m
    at beginWork [90m(/home/runner/workspace/[39mnode_modules/[4mreact-dom[24m/cjs/react-dom.development.js:21657:14[90m)[39m
    at HTMLUnknownElement.callCallback [90m(/home/runner/workspace/[39mnode_modules/[4mreact-dom[24m/cjs/react-dom.development.js:4164:14[90m)[39m
    at HTMLUnknownElement.callTheUserObjectsOperation [90m(/home/runner/workspace/[39mnode_modules/[4mjsdom[24m/lib/jsdom/living/generated/EventListener.js:26:30[90m)[39m
Warning: React.jsx: type is invalid -- expected a string (for built-in components) or a class/function (for composite components) but got: undefined. You likely forgot to export your component from the file it's defined in, or you might have mixed up default and named imports.

Check your code at ActualInterviewTracker.jsx:230.
    at ActualInterviewTracker (/home/runner/workspace/client/src/components/mvp/perform/ActualInterviewTracker.jsx:30:57)
    at QueryClientProvider (file:///home/runner/workspace/node_modules/@tanstack/react-query/build/modern/QueryClientProvider.js:20:3)
    at wrapper (/home/runner/workspace/client/src/__tests__/utils/test-utils.tsx:22:17)
Error: Uncaught [Error: Element type is invalid: expected a string (for built-in components) or a class/function (for composite components) but got: undefined. You likely forgot to export your component from the file it's defined in, or you might have mixed up default and named imports.

Check the render method of `ActualInterviewTracker`.]
    at reportException (/home/runner/workspace/node_modules/jsdom/lib/jsdom/living/helpers/runtime-script-errors.js:66:24)
    at innerInvokeEventListeners (/home/runner/workspace/node_modules/jsdom/lib/jsdom/living/events/EventTarget-impl.js:353:9)
    at invokeEventListeners (/home/runner/workspace/node_modules/jsdom/lib/jsdom/living/events/EventTarget-impl.js:286:3)
    at HTMLUnknownElementImpl._dispatch (/home/runner/workspace/node_modules/jsdom/lib/jsdom/living/events/EventTarget-impl.js:233:9)
    at HTMLUnknownElementImpl.dispatchEvent (/home/runner/workspace/node_modules/jsdom/lib/jsdom/living/events/EventTarget-impl.js:104:17)
    at HTMLUnknownElement.dispatchEvent (/home/runner/workspace/node_modules/jsdom/lib/jsdom/living/generated/EventTarget.js:241:34)
    at Object.invokeGuardedCallbackDev (/home/runner/workspace/node_modules/react-dom/cjs/react-dom.development.js:4213:16)
    at invokeGuardedCallback (/home/runner/workspace/node_modules/react-dom/cjs/react-dom.development.js:4277:31)
    at beginWork$1 (/home/runner/workspace/node_modules/react-dom/cjs/react-dom.development.js:27490:7)
    at performUnitOfWork (/home/runner/workspace/node_modules/react-dom/cjs/react-dom.development.js:26599:12) Error: Element type is invalid: expected a string (for built-in components) or a class/function (for composite components) but got: undefined. You likely forgot to export your component from the file it's defined in, or you might have mixed up default and named imports.

Check the render method of `ActualInterviewTracker`.
    at createFiberFromTypeAndProps [90m(/home/runner/workspace/[39mnode_modules/[4mreact-dom[24m/cjs/react-dom.development.js:28478:17[90m)[39m
    at createFiberFromElement [90m(/home/runner/workspace/[39mnode_modules/[4mreact-dom[24m/cjs/react-dom.development.js:28504:15[90m)[39m
    at createChild [90m(/home/runner/workspace/[39mnode_modules/[4mreact-dom[24m/cjs/react-dom.development.js:13345:28[90m)[39m
    at reconcileChildrenArray [90m(/home/runner/workspace/[39mnode_modules/[4mreact-dom[24m/cjs/react-dom.development.js:13640:25[90m)[39m
    at reconcileChildFibers [90m(/home/runner/workspace/[39mnode_modules/[4mreact-dom[24m/cjs/react-dom.development.js:14057:16[90m)[39m
    at reconcileChildren [90m(/home/runner/workspace/[39mnode_modules/[4mreact-dom[24m/cjs/react-dom.development.js:19186:28[90m)[39m
    at updateHostComponent [90m(/home/runner/workspace/[39mnode_modules/[4mreact-dom[24m/cjs/react-dom.development.js:19953:3[90m)[39m
    at beginWork [90m(/home/runner/workspace/[39mnode_modules/[4mreact-dom[24m/cjs/react-dom.development.js:21657:14[90m)[39m
    at HTMLUnknownElement.callCallback [90m(/home/runner/workspace/[39mnode_modules/[4mreact-dom[24m/cjs/react-dom.development.js:4164:14[90m)[39m
    at HTMLUnknownElement.callTheUserObjectsOperation [90m(/home/runner/workspace/[39mnode_modules/[4mjsdom[24m/lib/jsdom/living/generated/EventListener.js:26:30[90m)[39m
The above error occurred in the <div> component:

    at div
    at Badge (/home/runner/workspace/client/src/components/ui/badge.tsx:23:18)
    at div
    at div
    at /home/runner/workspace/client/src/components/ui/card.tsx:81:57
    at div
    at /home/runner/workspace/client/src/components/ui/card.tsx:7:50
    at div
    at div
    at /home/runner/workspace/client/src/components/ui/card.tsx:81:57
    at div
    at /home/runner/workspace/client/src/components/ui/card.tsx:7:50
    at ActualInterviewTracker (/home/runner/workspace/client/src/components/mvp/perform/ActualInterviewTracker.jsx:30:57)
    at QueryClientProvider (file:///home/runner/workspace/node_modules/@tanstack/react-query/build/modern/QueryClientProvider.js:20:3)
    at wrapper (/home/runner/workspace/client/src/__tests__/utils/test-utils.tsx:22:17)

Consider adding an error boundary to your tree to customize error handling behavior.
Visit https://reactjs.org/link/error-boundaries to learn more about error boundaries.

stderr | src/__tests__/components/mvp/perform/ActualInterviewTracker.test.tsx > ActualInterviewTracker > allows adding notes to interviews
Warning: React.jsx: type is invalid -- expected a string (for built-in components) or a class/function (for composite components) but got: undefined. You likely forgot to export your component from the file it's defined in, or you might have mixed up default and named imports.

Check your code at ActualInterviewTracker.jsx:230.
    at ActualInterviewTracker (/home/runner/workspace/client/src/components/mvp/perform/ActualInterviewTracker.jsx:30:57)
    at QueryClientProvider (file:///home/runner/workspace/node_modules/@tanstack/react-query/build/modern/QueryClientProvider.js:20:3)
    at wrapper (/home/runner/workspace/client/src/__tests__/utils/test-utils.tsx:22:17)
Error: Uncaught [Error: Element type is invalid: expected a string (for built-in components) or a class/function (for composite components) but got: undefined. You likely forgot to export your component from the file it's defined in, or you might have mixed up default and named imports.

Check the render method of `ActualInterviewTracker`.]
    at reportException (/home/runner/workspace/node_modules/jsdom/lib/jsdom/living/helpers/runtime-script-errors.js:66:24)
    at innerInvokeEventListeners (/home/runner/workspace/node_modules/jsdom/lib/jsdom/living/events/EventTarget-impl.js:353:9)
    at invokeEventListeners (/home/runner/workspace/node_modules/jsdom/lib/jsdom/living/events/EventTarget-impl.js:286:3)
    at HTMLUnknownElementImpl._dispatch (/home/runner/workspace/node_modules/jsdom/lib/jsdom/living/events/EventTarget-impl.js:233:9)
    at HTMLUnknownElementImpl.dispatchEvent (/home/runner/workspace/node_modules/jsdom/lib/jsdom/living/events/EventTarget-impl.js:104:17)
    at HTMLUnknownElement.dispatchEvent (/home/runner/workspace/node_modules/jsdom/lib/jsdom/living/generated/EventTarget.js:241:34)
    at Object.invokeGuardedCallbackDev (/home/runner/workspace/node_modules/react-dom/cjs/react-dom.development.js:4213:16)
    at invokeGuardedCallback (/home/runner/workspace/node_modules/react-dom/cjs/react-dom.development.js:4277:31)
    at beginWork$1 (/home/runner/workspace/node_modules/react-dom/cjs/react-dom.development.js:27490:7)
    at performUnitOfWork (/home/runner/workspace/node_modules/react-dom/cjs/react-dom.development.js:26599:12) Error: Element type is invalid: expected a string (for built-in components) or a class/function (for composite components) but got: undefined. You likely forgot to export your component from the file it's defined in, or you might have mixed up default and named imports.

Check the render method of `ActualInterviewTracker`.
    at createFiberFromTypeAndProps [90m(/home/runner/workspace/[39mnode_modules/[4mreact-dom[24m/cjs/react-dom.development.js:28478:17[90m)[39m
    at createFiberFromElement [90m(/home/runner/workspace/[39mnode_modules/[4mreact-dom[24m/cjs/react-dom.development.js:28504:15[90m)[39m
    at createChild [90m(/home/runner/workspace/[39mnode_modules/[4mreact-dom[24m/cjs/react-dom.development.js:13345:28[90m)[39m
    at reconcileChildrenArray [90m(/home/runner/workspace/[39mnode_modules/[4mreact-dom[24m/cjs/react-dom.development.js:13640:25[90m)[39m
    at reconcileChildFibers [90m(/home/runner/workspace/[39mnode_modules/[4mreact-dom[24m/cjs/react-dom.development.js:14057:16[90m)[39m
    at reconcileChildren [90m(/home/runner/workspace/[39mnode_modules/[4mreact-dom[24m/cjs/react-dom.development.js:19186:28[90m)[39m
    at updateHostComponent [90m(/home/runner/workspace/[39mnode_modules/[4mreact-dom[24m/cjs/react-dom.development.js:19953:3[90m)[39m
    at beginWork [90m(/home/runner/workspace/[39mnode_modules/[4mreact-dom[24m/cjs/react-dom.development.js:21657:14[90m)[39m
    at HTMLUnknownElement.callCallback [90m(/home/runner/workspace/[39mnode_modules/[4mreact-dom[24m/cjs/react-dom.development.js:4164:14[90m)[39m
    at HTMLUnknownElement.callTheUserObjectsOperation [90m(/home/runner/workspace/[39mnode_modules/[4mjsdom[24m/lib/jsdom/living/generated/EventListener.js:26:30[90m)[39m
Warning: React.jsx: type is invalid -- expected a string (for built-in components) or a class/function (for composite components) but got: undefined. You likely forgot to export your component from the file it's defined in, or you might have mixed up default and named imports.

Check your code at ActualInterviewTracker.jsx:230.
    at ActualInterviewTracker (/home/runner/workspace/client/src/components/mvp/perform/ActualInterviewTracker.jsx:30:57)
    at QueryClientProvider (file:///home/runner/workspace/node_modules/@tanstack/react-query/build/modern/QueryClientProvider.js:20:3)
    at wrapper (/home/runner/workspace/client/src/__tests__/utils/test-utils.tsx:22:17)
Error: Uncaught [Error: Element type is invalid: expected a string (for built-in components) or a class/function (for composite components) but got: undefined. You likely forgot to export your component from the file it's defined in, or you might have mixed up default and named imports.

Check the render method of `ActualInterviewTracker`.]
    at reportException (/home/runner/workspace/node_modules/jsdom/lib/jsdom/living/helpers/runtime-script-errors.js:66:24)
    at innerInvokeEventListeners (/home/runner/workspace/node_modules/jsdom/lib/jsdom/living/events/EventTarget-impl.js:353:9)
    at invokeEventListeners (/home/runner/workspace/node_modules/jsdom/lib/jsdom/living/events/EventTarget-impl.js:286:3)
    at HTMLUnknownElementImpl._dispatch (/home/runner/workspace/node_modules/jsdom/lib/jsdom/living/events/EventTarget-impl.js:233:9)
    at HTMLUnknownElementImpl.dispatchEvent (/home/runner/workspace/node_modules/jsdom/lib/jsdom/living/events/EventTarget-impl.js:104:17)
    at HTMLUnknownElement.dispatchEvent (/home/runner/workspace/node_modules/jsdom/lib/jsdom/living/generated/EventTarget.js:241:34)
    at Object.invokeGuardedCallbackDev (/home/runner/workspace/node_modules/react-dom/cjs/react-dom.development.js:4213:16)
    at invokeGuardedCallback (/home/runner/workspace/node_modules/react-dom/cjs/react-dom.development.js:4277:31)
    at beginWork$1 (/home/runner/workspace/node_modules/react-dom/cjs/react-dom.development.js:27490:7)
    at performUnitOfWork (/home/runner/workspace/node_modules/react-dom/cjs/react-dom.development.js:26599:12) Error: Element type is invalid: expected a string (for built-in components) or a class/function (for composite components) but got: undefined. You likely forgot to export your component from the file it's defined in, or you might have mixed up default and named imports.

Check the render method of `ActualInterviewTracker`.
    at createFiberFromTypeAndProps [90m(/home/runner/workspace/[39mnode_modules/[4mreact-dom[24m/cjs/react-dom.development.js:28478:17[90m)[39m
    at createFiberFromElement [90m(/home/runner/workspace/[39mnode_modules/[4mreact-dom[24m/cjs/react-dom.development.js:28504:15[90m)[39m
    at createChild [90m(/home/runner/workspace/[39mnode_modules/[4mreact-dom[24m/cjs/react-dom.development.js:13345:28[90m)[39m
    at reconcileChildrenArray [90m(/home/runner/workspace/[39mnode_modules/[4mreact-dom[24m/cjs/react-dom.development.js:13640:25[90m)[39m
    at reconcileChildFibers [90m(/home/runner/workspace/[39mnode_modules/[4mreact-dom[24m/cjs/react-dom.development.js:14057:16[90m)[39m
    at reconcileChildren [90m(/home/runner/workspace/[39mnode_modules/[4mreact-dom[24m/cjs/react-dom.development.js:19186:28[90m)[39m
    at updateHostComponent [90m(/home/runner/workspace/[39mnode_modules/[4mreact-dom[24m/cjs/react-dom.development.js:19953:3[90m)[39m
    at beginWork [90m(/home/runner/workspace/[39mnode_modules/[4mreact-dom[24m/cjs/react-dom.development.js:21657:14[90m)[39m
    at HTMLUnknownElement.callCallback [90m(/home/runner/workspace/[39mnode_modules/[4mreact-dom[24m/cjs/react-dom.development.js:4164:14[90m)[39m
    at HTMLUnknownElement.callTheUserObjectsOperation [90m(/home/runner/workspace/[39mnode_modules/[4mjsdom[24m/lib/jsdom/living/generated/EventListener.js:26:30[90m)[39m
The above error occurred in the <div> component:

    at div
    at Badge (/home/runner/workspace/client/src/components/ui/badge.tsx:23:18)
    at div
    at div
    at /home/runner/workspace/client/src/components/ui/card.tsx:81:57
    at div
    at /home/runner/workspace/client/src/components/ui/card.tsx:7:50
    at div
    at div
    at /home/runner/workspace/client/src/components/ui/card.tsx:81:57
    at div
    at /home/runner/workspace/client/src/components/ui/card.tsx:7:50
    at ActualInterviewTracker (/home/runner/workspace/client/src/components/mvp/perform/ActualInterviewTracker.jsx:30:57)
    at QueryClientProvider (file:///home/runner/workspace/node_modules/@tanstack/react-query/build/modern/QueryClientProvider.js:20:3)
    at wrapper (/home/runner/workspace/client/src/__tests__/utils/test-utils.tsx:22:17)

Consider adding an error boundary to your tree to customize error handling behavior.
Visit https://reactjs.org/link/error-boundaries to learn more about error boundaries.

stderr | src/__tests__/components/mvp/perform/ActualInterviewTracker.test.tsx > ActualInterviewTracker > tracks thank you note sent status
Warning: React.jsx: type is invalid -- expected a string (for built-in components) or a class/function (for composite components) but got: undefined. You likely forgot to export your component from the file it's defined in, or you might have mixed up default and named imports.

Check your code at ActualInterviewTracker.jsx:230.
    at ActualInterviewTracker (/home/runner/workspace/client/src/components/mvp/perform/ActualInterviewTracker.jsx:30:57)
    at QueryClientProvider (file:///home/runner/workspace/node_modules/@tanstack/react-query/build/modern/QueryClientProvider.js:20:3)
    at wrapper (/home/runner/workspace/client/src/__tests__/utils/test-utils.tsx:22:17)
Error: Uncaught [Error: Element type is invalid: expected a string (for built-in components) or a class/function (for composite components) but got: undefined. You likely forgot to export your component from the file it's defined in, or you might have mixed up default and named imports.

Check the render method of `ActualInterviewTracker`.]
    at reportException (/home/runner/workspace/node_modules/jsdom/lib/jsdom/living/helpers/runtime-script-errors.js:66:24)
    at innerInvokeEventListeners (/home/runner/workspace/node_modules/jsdom/lib/jsdom/living/events/EventTarget-impl.js:353:9)
    at invokeEventListeners (/home/runner/workspace/node_modules/jsdom/lib/jsdom/living/events/EventTarget-impl.js:286:3)
    at HTMLUnknownElementImpl._dispatch (/home/runner/workspace/node_modules/jsdom/lib/jsdom/living/events/EventTarget-impl.js:233:9)
    at HTMLUnknownElementImpl.dispatchEvent (/home/runner/workspace/node_modules/jsdom/lib/jsdom/living/events/EventTarget-impl.js:104:17)
    at HTMLUnknownElement.dispatchEvent (/home/runner/workspace/node_modules/jsdom/lib/jsdom/living/generated/EventTarget.js:241:34)
    at Object.invokeGuardedCallbackDev (/home/runner/workspace/node_modules/react-dom/cjs/react-dom.development.js:4213:16)
    at invokeGuardedCallback (/home/runner/workspace/node_modules/react-dom/cjs/react-dom.development.js:4277:31)
    at beginWork$1 (/home/runner/workspace/node_modules/react-dom/cjs/react-dom.development.js:27490:7)
    at performUnitOfWork (/home/runner/workspace/node_modules/react-dom/cjs/react-dom.development.js:26599:12) Error: Element type is invalid: expected a string (for built-in components) or a class/function (for composite components) but got: undefined. You likely forgot to export your component from the file it's defined in, or you might have mixed up default and named imports.

Check the render method of `ActualInterviewTracker`.
    at createFiberFromTypeAndProps [90m(/home/runner/workspace/[39mnode_modules/[4mreact-dom[24m/cjs/react-dom.development.js:28478:17[90m)[39m
    at createFiberFromElement [90m(/home/runner/workspace/[39mnode_modules/[4mreact-dom[24m/cjs/react-dom.development.js:28504:15[90m)[39m
    at createChild [90m(/home/runner/workspace/[39mnode_modules/[4mreact-dom[24m/cjs/react-dom.development.js:13345:28[90m)[39m
    at reconcileChildrenArray [90m(/home/runner/workspace/[39mnode_modules/[4mreact-dom[24m/cjs/react-dom.development.js:13640:25[90m)[39m
    at reconcileChildFibers [90m(/home/runner/workspace/[39mnode_modules/[4mreact-dom[24m/cjs/react-dom.development.js:14057:16[90m)[39m
    at reconcileChildren [90m(/home/runner/workspace/[39mnode_modules/[4mreact-dom[24m/cjs/react-dom.development.js:19186:28[90m)[39m
    at updateHostComponent [90m(/home/runner/workspace/[39mnode_modules/[4mreact-dom[24m/cjs/react-dom.development.js:19953:3[90m)[39m
    at beginWork [90m(/home/runner/workspace/[39mnode_modules/[4mreact-dom[24m/cjs/react-dom.development.js:21657:14[90m)[39m
    at HTMLUnknownElement.callCallback [90m(/home/runner/workspace/[39mnode_modules/[4mreact-dom[24m/cjs/react-dom.development.js:4164:14[90m)[39m
    at HTMLUnknownElement.callTheUserObjectsOperation [90m(/home/runner/workspace/[39mnode_modules/[4mjsdom[24m/lib/jsdom/living/generated/EventListener.js:26:30[90m)[39m
Warning: React.jsx: type is invalid -- expected a string (for built-in components) or a class/function (for composite components) but got: undefined. You likely forgot to export your component from the file it's defined in, or you might have mixed up default and named imports.

Check your code at ActualInterviewTracker.jsx:230.
    at ActualInterviewTracker (/home/runner/workspace/client/src/components/mvp/perform/ActualInterviewTracker.jsx:30:57)
    at QueryClientProvider (file:///home/runner/workspace/node_modules/@tanstack/react-query/build/modern/QueryClientProvider.js:20:3)
    at wrapper (/home/runner/workspace/client/src/__tests__/utils/test-utils.tsx:22:17)
Error: Uncaught [Error: Element type is invalid: expected a string (for built-in components) or a class/function (for composite components) but got: undefined. You likely forgot to export your component from the file it's defined in, or you might have mixed up default and named imports.

Check the render method of `ActualInterviewTracker`.]
    at reportException (/home/runner/workspace/node_modules/jsdom/lib/jsdom/living/helpers/runtime-script-errors.js:66:24)
    at innerInvokeEventListeners (/home/runner/workspace/node_modules/jsdom/lib/jsdom/living/events/EventTarget-impl.js:353:9)
    at invokeEventListeners (/home/runner/workspace/node_modules/jsdom/lib/jsdom/living/events/EventTarget-impl.js:286:3)
    at HTMLUnknownElementImpl._dispatch (/home/runner/workspace/node_modules/jsdom/lib/jsdom/living/events/EventTarget-impl.js:233:9)
    at HTMLUnknownElementImpl.dispatchEvent (/home/runner/workspace/node_modules/jsdom/lib/jsdom/living/events/EventTarget-impl.js:104:17)
    at HTMLUnknownElement.dispatchEvent (/home/runner/workspace/node_modules/jsdom/lib/jsdom/living/generated/EventTarget.js:241:34)
    at Object.invokeGuardedCallbackDev (/home/runner/workspace/node_modules/react-dom/cjs/react-dom.development.js:4213:16)
    at invokeGuardedCallback (/home/runner/workspace/node_modules/react-dom/cjs/react-dom.development.js:4277:31)
    at beginWork$1 (/home/runner/workspace/node_modules/react-dom/cjs/react-dom.development.js:27490:7)
    at performUnitOfWork (/home/runner/workspace/node_modules/react-dom/cjs/react-dom.development.js:26599:12) Error: Element type is invalid: expected a string (for built-in components) or a class/function (for composite components) but got: undefined. You likely forgot to export your component from the file it's defined in, or you might have mixed up default and named imports.

Check the render method of `ActualInterviewTracker`.
    at createFiberFromTypeAndProps [90m(/home/runner/workspace/[39mnode_modules/[4mreact-dom[24m/cjs/react-dom.development.js:28478:17[90m)[39m
    at createFiberFromElement [90m(/home/runner/workspace/[39mnode_modules/[4mreact-dom[24m/cjs/react-dom.development.js:28504:15[90m)[39m
    at createChild [90m(/home/runner/workspace/[39mnode_modules/[4mreact-dom[24m/cjs/react-dom.development.js:13345:28[90m)[39m
    at reconcileChildrenArray [90m(/home/runner/workspace/[39mnode_modules/[4mreact-dom[24m/cjs/react-dom.development.js:13640:25[90m)[39m
    at reconcileChildFibers [90m(/home/runner/workspace/[39mnode_modules/[4mreact-dom[24m/cjs/react-dom.development.js:14057:16[90m)[39m
    at reconcileChildren [90m(/home/runner/workspace/[39mnode_modules/[4mreact-dom[24m/cjs/react-dom.development.js:19186:28[90m)[39m
    at updateHostComponent [90m(/home/runner/workspace/[39mnode_modules/[4mreact-dom[24m/cjs/react-dom.development.js:19953:3[90m)[39m
    at beginWork [90m(/home/runner/workspace/[39mnode_modules/[4mreact-dom[24m/cjs/react-dom.development.js:21657:14[90m)[39m
    at HTMLUnknownElement.callCallback [90m(/home/runner/workspace/[39mnode_modules/[4mreact-dom[24m/cjs/react-dom.development.js:4164:14[90m)[39m
    at HTMLUnknownElement.callTheUserObjectsOperation [90m(/home/runner/workspace/[39mnode_modules/[4mjsdom[24m/lib/jsdom/living/generated/EventListener.js:26:30[90m)[39m
The above error occurred in the <div> component:

    at div
    at Badge (/home/runner/workspace/client/src/components/ui/badge.tsx:23:18)
    at div
    at div
    at /home/runner/workspace/client/src/components/ui/card.tsx:81:57
    at div
    at /home/runner/workspace/client/src/components/ui/card.tsx:7:50
    at div
    at div
    at /home/runner/workspace/client/src/components/ui/card.tsx:81:57
    at div
    at /home/runner/workspace/client/src/components/ui/card.tsx:7:50
    at ActualInterviewTracker (/home/runner/workspace/client/src/components/mvp/perform/ActualInterviewTracker.jsx:30:57)
    at QueryClientProvider (file:///home/runner/workspace/node_modules/@tanstack/react-query/build/modern/QueryClientProvider.js:20:3)
    at wrapper (/home/runner/workspace/client/src/__tests__/utils/test-utils.tsx:22:17)

Consider adding an error boundary to your tree to customize error handling behavior.
Visit https://reactjs.org/link/error-boundaries to learn more about error boundaries.

 × |client| src/__tests__/components/mvp/perform/ActualInterviewTracker.test.tsx > ActualInterviewTracker > displays interview status badges 69ms
   → Element type is invalid: expected a string (for built-in components) or a class/function (for composite components) but got: undefined. You likely forgot to export your component from the file it's defined in, or you might have mixed up default and named imports.

Check the render method of `ActualInterviewTracker`.
 × |client| src/__tests__/components/mvp/perform/ActualInterviewTracker.test.tsx > ActualInterviewTracker > shows interview stage information 21ms
   → Element type is invalid: expected a string (for built-in components) or a class/function (for composite components) but got: undefined. You likely forgot to export your component from the file it's defined in, or you might have mixed up default and named imports.

Check the render method of `ActualInterviewTracker`.
 × |client| src/__tests__/components/mvp/perform/ActualInterviewTracker.test.tsx > ActualInterviewTracker > allows adding notes to interviews 27ms
   → Element type is invalid: expected a string (for built-in components) or a class/function (for composite components) but got: undefined. You likely forgot to export your component from the file it's defined in, or you might have mixed up default and named imports.

Check the render method of `ActualInterviewTracker`.
 × |client| src/__tests__/components/mvp/prepare/ResumeAnalyzer.test.tsx > ResumeAnalyzer > renders the resume analyzer component 222ms
   → Unable to find an element with the text: /Resume Analyzer/i. This could be because the text is broken up by multiple elements. In this case, you can provide a function for your text matcher to make your matcher more flexible.

Ignored nodes: comments, script, style
[36m<body>[39m
  [36m<div>[39m
    [36m<div[39m
      [33mclass[39m=[32m"space-y-6"[39m
    [36m>[39m
      [36m<div[39m
        [33mclass[39m=[32m"rounded-lg border bg-card text-card-foreground border-none shadow-xl"[39m
      [36m>[39m
        [36m<div[39m
          [33mclass[39m=[32m"flex flex-col space-y-1.5 p-6"[39m
        [36m>[39m
          [36m<div[39m
            [33mclass[39m=[32m"flex items-center justify-between"[39m
          [36m>[39m
            [36m<div>[39m
              [36m<div[39m
                [33mclass[39m=[32m"text-2xl font-semibold leading-none tracking-tight flex items-center gap-2"[39m
              [36m>[39m
                [36m<svg[39m
                  [33mclass[39m=[32m"lucide lucide-file-text w-6 h-6 text-purple-600"[39m
                  [33mfill[39m=[32m"none"[39m
                  [33mheight[39m=[32m"24"[39m
                  [33mstroke[39m=[32m"currentColor"[39m
                  [33mstroke-linecap[39m=[32m"round"[39m
                  [33mstroke-linejoin[39m=[32m"round"[39m
                  [33mstroke-width[39m=[32m"2"[39m
                  [33mviewBox[39m=[32m"0 0 24 24"[39m
                  [33mwidth[39m=[32m"24"[39m
                  [33mxmlns[39m=[32m"http://www.w3.org/2000/svg"[39m
                [36m>[39m
                  [36m<path[39m
                    [33md[39m=[32m"M15 2H6a2 2 0 0 0-2 2v16a2 2 0 0 0 2 2h12a2 2 0 0 0 2-2V7Z"[39m
                  [36m/>[39m
                  [36m<path[39m
                    [33md[39m=[32m"M14 2v4a2 2 0 0 0 2 2h4"[39m
                  [36m/>[39m
                  [36m<path[39m
                    [33md[39m=[32m"M10 9H8"[39m
                  [36m/>[39m
                  [36m<path[39m
                    [33md[39m=[32m"M16 13H8"[39m
                  [36m/>[39m
                  [36m<path[39m
                    [33md[39m=[32m"M16 17H8"[39m
                  [36m/>[39m
                [36m</svg>[39m
                [0mUpload Your Resume[0m
              [36m</div>[39m
              [36m<p[39m
                [33mclass[39m=[32m"text-sm text-gray-600 mt-1"[39m
              [36m>[39m
                [0mGet AI-powered insights and optimization suggestions for your resume[0m
              [36m</p>[39m
            [36m</div>[39m
            [36m<div[39m
              [33mclass[39m=[32m"rounded-full border px-2.5 py-0.5 text-xs font-semibold transition-colors focus:outline-none focus:ring-2 focus:ring-ring focus:ring-offset-2 border-transparent bg-primary hover:bg-primary/80 bg-gradient-to-r from-yellow-500 to-orange-500 text-white border-none flex items-center gap-1"[39m
            [36m>[39m
              [36m<svg[39m
                [33mclass[39m=[32m"lucide lucide-zap w-3 h-3"[39m
                [33mfill[39m=[32m"none"[39m
                [33mheight[39m=[32m"24"[39m
                [33mstroke[39m=[32m"currentColor"[39m
                [33mstroke-linecap[39m=[32m"round"[39m
                [33mstroke-linejoin[39m=[32m"round"[39m
                [33mstroke-width[39m=[32m"2"[39m
                [33mviewBox[39m=[32m"0 0 24 24"[39m
                [33mwidth[39m=[32m"24"[39m
                [33mxmlns[39m=[32m"http://www.w3.org/2000/svg"[39m
              [36m>[39m
                [36m<path[39m
                  [33md[39m=[32m"M4 14a1 1 0 0 1-.78-1.63l9.9-10.2a.5.5 0 0 1 .86.46l-1.92 6.02A1 1 0 0 0 13 10h7a1 1 0 0 1 .78 1.63l-9.9 10.2a.5.5 0 0 1-.86-.46l1.92-6.02A1 1 0 0 0 11 14z"[39m
                [36m/>[39m
              [36m</svg>[39m
              [0m5[0m
              [0m [0m
              [0mcredits[0m
            [36m</div>[39m
          [36m</div>[39m
        [36m</div>[39m
        [36m<div[39m
          [33mclass[39m=[32m"p-6 pt-0 space-y-4"[39m
        [36m>[39m
          [36m<div>[39m
            [36m<label[39m
              [33mclass[39m=[32m"block text-sm font-medium mb-2"[39m
            [36m>[39m
              [0mResume File (PDF or DOC)[0m
            [36m</label>[39m
            [36m<div[39m
              [33mclass[39m=[32m"border-2 border-dashed border-gray-300 rounded-xl p-8 text-center hover:border-purple-400 transition-colors"[39m
            [36m>[39m
              [36m<input[39m
                [33maccept[39m=[32m".pdf,.doc,.docx"[39m
                [33mclass[39m=[32m"hidden"[39m
                [33mid[39m=[32m"resume-upload"[39m
                [33mtype[39m=[32m"file"[39m
              [36m/>[39m
              [36m<label[39m
                [33mclass[39m=[32m"cursor-pointer"[39m
                [33mfor[39m=[32m"resume-upload"[39m
              [36m>[39m
                [36m<svg[39m
                  [33mclass[39m=[32m"lucide lucide-upload w-12 h-12 text-gray-400 mx-auto mb-3"[39m
                  [33mfill[39m=[32m"none"[39m
                  [33mheight[39m=[32m"24"[39m
                  [33mstroke[39m=[32m"currentColor"[39m
                  [33mstroke-linecap[39m=[32m"round"[39m
                  [33mstroke-linejoin[39m=[32m"round"[39m
                  [33mstroke-width[39m=[32m"2"[39m
                  [33mviewBox[39m=[32m"0 0 24 24"[39m
                  [33mwidth[39m=[32m"24"[39m
                  [33mxmlns[39m=[32m"http://www.w3.org/2000/svg"[39m
                [36m>[39m
                  [36m<path[39m
                    [33md[39m=[32m"M21 15v4a2 2 0 0 1-2 2H5a2 2 0 0 1-2-2v-4"[39m
                  [36m/>[39m
                  [36m<polyline[39m
                    [33mpoints[39m=[32m"17 8 12 3 7 8"[39m
                  [36m/>[39m
                  [36m<line[39m
                    [33mx1[39m=[32m"12"[39m
                    [33mx2[39m=[32m"12"[39m
                    [33my1[39m=[32m"3"[39m
                    [33my2[39m=[32m"15"[39m
                  [36m/>[39m
                [36m</svg>[39m
                [36m<p[39m
                  [33mclass[39m=[32m"text-gray-600"[39m
                [36m>[39m
                  [0mClick to upload or drag and drop[0m
                [36m</p>[39m
                [36m<p[39m
                  [33mclass[39m=[32m"text-xs text-gray-400 mt-1"[39m
                [36m>[39m
                  [0mPDF, DOC, or DOCX[0m
                [36m</p>[39m
              [36m</label>[39m
            [36m</div>[39m
          [36m</div>[39m
          [36m<div>[39m
            [36m<label[39m
              [33mclass[39m=[32m"block text-sm font-medium mb-2"[39m
            [36m>[39m
              [0mJob Description (Optional)[0m
            [36m</label>[39m
            [36m<textarea[39m
              [33mclass[39m=[32m"flex w-full rounded-md border border-input bg-background px-3 py-2 text-base ring-offset-background placeholder:text-muted-foreground focus-visible:outline-none focus-visible:ring-2 focus-visible:ring-ring focus-visible:ring-offset-2 disabled:cursor-not-allowed disabled:opacity-50 md:text-sm min-h-32"[39m
              [33mplaceholder[39m=[32m"Paste the job description here for tailored analysis..."[39m
            [36m/>[39m
            [36m<p[39m
              [33mclass[39m=[32m"text-xs text-gray-500 mt-1"[39m
            [36m>[39m
              [0mAdding a job description helps us provide more targeted recommendations[0m
            [36m</p>[39m
          [36m</div>[39m
          [36m<button[39m
            [33mclass[39m=[32m"inline-flex items-center justify-center gap-2 whitespace-nowrap rounded-md text-sm font-medium ring-offset-background transition-colors focus-visible:outline-none focus-visible:ring-2 focus-visible:ring-ring focus-visible:ring-offset-2 disabled:pointer-events-none disabled:opacity-50 [&_svg]:pointer-events-none [&_svg]:size-4 [&_svg]:shrink-0 bg-primary text-primary-foreground hover:bg-primary/90 h-10 px-4 py-2 w-full bg-gradient-to-r from-purple-600 to-pink-600 hover:from-purple-700 hover:to-pink-700"[39m
            [33mdisabled[39m=[32m""[39m
          [36m>[39m
            [36m<svg[39m
              [33mclass[39m=[32m"lucide lucide-trending-up w-4 h-4 mr-2"[39m
              [33mfill[39m=[32m"none"[39m
              [33mheight[39m=[32m"24"[39m
              [33mstroke[39m=[32m"currentColor"[39m
              [33mstroke-linecap[39m=[32m"round"[39m
              [33mstroke-linejoin[39m=[32m"round"[39m
              [33mstroke-width[39m=[32m"2"[39m
              [33mviewBox[39m=[32m"0 0 24 24"[39m
              [33mwidth[39m=[32m"24"[39m
              [33mxmlns[39m=[32m"http://www.w3.org/2000/svg"[39m
            [36m>[39m
              [36m<polyline[39m
                [33mpoints[39m=[32m"22 7 13.5 15.5 8.5 10.5 2 17"[39m
              [36m/>[39m
              [36m<polyline[39m
                [33mpoints[39m=[32m"16 7 22 7 22 13"[39m
              [36m/>[39m
            [36m</svg>[39m
            [0mAnalyze Resume ([0m
            [0m5[0m
            [0m credits)[0m
          [36m</button>[39m
        [36m</div>[39m
      [36m</div>[39m
    [36m</div>[39m
  [36m</div>[39m
[36m</body>[39m
 ✓ |client| src/__tests__/components/mvp/prepare/ResumeAnalyzer.test.tsx > ResumeAnalyzer > displays file upload interface 21ms
 × |client| src/__tests__/components/mvp/prepare/ResumeAnalyzer.test.tsx > ResumeAnalyzer > shows credit cost badge for resume analysis 40ms
   → Found multiple elements with the text: /5.*credit/i

Here are the matching elements:

Ignored nodes: comments, script, style
[36m<div[39m
  [33mclass[39m=[32m"rounded-full border px-2.5 py-0.5 text-xs font-semibold transition-colors focus:outline-none focus:ring-2 focus:ring-ring focus:ring-offset-2 border-transparent bg-primary hover:bg-primary/80 bg-gradient-to-r from-yellow-500 to-orange-500 text-white border-none flex items-center gap-1"[39m
[36m>[39m
  [36m<svg[39m
    [33mclass[39m=[32m"lucide lucide-zap w-3 h-3"[39m
    [33mfill[39m=[32m"none"[39m
    [33mheight[39m=[32m"24"[39m
    [33mstroke[39m=[32m"currentColor"[39m
    [33mstroke-linecap[39m=[32m"round"[39m
    [33mstroke-linejoin[39m=[32m"round"[39m
    [33mstroke-width[39m=[32m"2"[39m
    [33mviewBox[39m=[32m"0 0 24 24"[39m
    [33mwidth[39m=[32m"24"[39m
    [33mxmlns[39m=[32m"http://www.w3.org/2000/svg"[39m
  [36m>[39m
    [36m<path[39m
      [33md[39m=[32m"M4 14a1 1 0 0 1-.78-1.63l9.9-10.2a.5.5 0 0 1 .86.46l-1.92 6.02A1 1 0 0 0 13 10h7a1 1 0 0 1 .78 1.63l-9.9 10.2a.5.5 0 0 1-.86-.46l1.92-6.02A1 1 0 0 0 11 14z"[39m
    [36m/>[39m
  [36m</svg>[39m
  [0m5[0m
  [0m [0m
  [0mcredits[0m
[36m</div>[39m

Ignored nodes: comments, script, style
[36m<button[39m
  [33mclass[39m=[32m"inline-flex items-center justify-center gap-2 whitespace-nowrap rounded-md text-sm font-medium ring-offset-background transition-colors focus-visible:outline-none focus-visible:ring-2 focus-visible:ring-ring focus-visible:ring-offset-2 disabled:pointer-events-none disabled:opacity-50 [&_svg]:pointer-events-none [&_svg]:size-4 [&_svg]:shrink-0 bg-primary text-primary-foreground hover:bg-primary/90 h-10 px-4 py-2 w-full bg-gradient-to-r from-purple-600 to-pink-600 hover:from-purple-700 hover:to-pink-700"[39m
  [33mdisabled[39m=[32m""[39m
[36m>[39m
  [36m<svg[39m
    [33mclass[39m=[32m"lucide lucide-trending-up w-4 h-4 mr-2"[39m
    [33mfill[39m=[32m"none"[39m
    [33mheight[39m=[32m"24"[39m
    [33mstroke[39m=[32m"currentColor"[39m
    [33mstroke-linecap[39m=[32m"round"[39m
    [33mstroke-linejoin[39m=[32m"round"[39m
    [33mstroke-width[39m=[32m"2"[39m
    [33mviewBox[39m=[32m"0 0 24 24"[39m
    [33mwidth[39m=[32m"24"[39m
    [33mxmlns[39m=[32m"http://www.w3.org/2000/svg"[39m
  [36m>[39m
    [36m<polyline[39m
      [33mpoints[39m=[32m"22 7 13.5 15.5 8.5 10.5 2 17"[39m
    [36m/>[39m
    [36m<polyline[39m
      [33mpoints[39m=[32m"16 7 22 7 22 13"[39m
    [36m/>[39m
  [36m</svg>[39m
  [0mAnalyze Resume ([0m
  [0m5[0m
  [0m credits)[0m
[36m</button>[39m

(If this is intentional, then use the `*AllBy*` variant of the query (like `queryAllByText`, `getAllByText`, or `findAllByText`)).

Ignored nodes: comments, script, style
[36m<body>[39m
  [36m<div>[39m
    [36m<div[39m
      [33mclass[39m=[32m"space-y-6"[39m
    [36m>[39m
      [36m<div[39m
        [33mclass[39m=[32m"rounded-lg border bg-card text-card-foreground border-none shadow-xl"[39m
      [36m>[39m
        [36m<div[39m
          [33mclass[39m=[32m"flex flex-col space-y-1.5 p-6"[39m
        [36m>[39m
          [36m<div[39m
            [33mclass[39m=[32m"flex items-center justify-between"[39m
          [36m>[39m
            [36m<div>[39m
              [36m<div[39m
                [33mclass[39m=[32m"text-2xl font-semibold leading-none tracking-tight flex items-center gap-2"[39m
              [36m>[39m
                [36m<svg[39m
                  [33mclass[39m=[32m"lucide lucide-file-text w-6 h-6 text-purple-600"[39m
                  [33mfill[39m=[32m"none"[39m
                  [33mheight[39m=[32m"24"[39m
                  [33mstroke[39m=[32m"currentColor"[39m
                  [33mstroke-linecap[39m=[32m"round"[39m
                  [33mstroke-linejoin[39m=[32m"round"[39m
                  [33mstroke-width[39m=[32m"2"[39m
                  [33mviewBox[39m=[32m"0 0 24 24"[39m
                  [33mwidth[39m=[32m"24"[39m
                  [33mxmlns[39m=[32m"http://www.w3.org/2000/svg"[39m
                [36m>[39m
                  [36m<path[39m
                    [33md[39m=[32m"M15 2H6a2 2 0 0 0-2 2v16a2 2 0 0 0 2 2h12a2 2 0 0 0 2-2V7Z"[39m
                  [36m/>[39m
                  [36m<path[39m
                    [33md[39m=[32m"M14 2v4a2 2 0 0 0 2 2h4"[39m
                  [36m/>[39m
                  [36m<path[39m
                    [33md[39m=[32m"M10 9H8"[39m
                  [36m/>[39m
                  [36m<path[39m
                    [33md[39m=[32m"M16 13H8"[39m
                  [36m/>[39m
                  [36m<path[39m
                    [33md[39m=[32m"M16 17H8"[39m
                  [36m/>[39m
                [36m</svg>[39m
                [0mUpload Your Resume[0m
              [36m</div>[39m
              [36m<p[39m
                [33mclass[39m=[32m"text-sm text-gray-600 mt-1"[39m
              [36m>[39m
                [0mGet AI-powered insights and optimization suggestions for your resume[0m
              [36m</p>[39m
            [36m</div>[39m
            [36m<div[39m
              [33mclass[39m=[32m"rounded-full border px-2.5 py-0.5 text-xs font-semibold transition-colors focus:outline-none focus:ring-2 focus:ring-ring focus:ring-offset-2 border-transparent bg-primary hover:bg-primary/80 bg-gradient-to-r from-yellow-500 to-orange-500 text-white border-none flex items-center gap-1"[39m
            [36m>[39m
              [36m<svg[39m
                [33mclass[39m=[32m"lucide lucide-zap w-3 h-3"[39m
                [33mfill[39m=[32m"none"[39m
                [33mheight[39m=[32m"24"[39m
                [33mstroke[39m=[32m"currentColor"[39m
                [33mstroke-linecap[39m=[32m"round"[39m
                [33mstroke-linejoin[39m=[32m"round"[39m
                [33mstroke-width[39m=[32m"2"[39m
                [33mviewBox[39m=[32m"0 0 24 24"[39m
                [33mwidth[39m=[32m"24"[39m
                [33mxmlns[39m=[32m"http://www.w3.org/2000/svg"[39m
              [36m>[39m
                [36m<path[39m
                  [33md[39m=[32m"M4 14a1 1 0 0 1-.78-1.63l9.9-10.2a.5.5 0 0 1 .86.46l-1.92 6.02A1 1 0 0 0 13 10h7a1 1 0 0 1 .78 1.63l-9.9 10.2a.5.5 0 0 1-.86-.46l1.92-6.02A1 1 0 0 0 11 14z"[39m
                [36m/>[39m
              [36m</svg>[39m
              [0m5[0m
              [0m [0m
              [0mcredits[0m
            [36m</div>[39m
          [36m</div>[39m
        [36m</div>[39m
        [36m<div[39m
          [33mclass[39m=[32m"p-6 pt-0 space-y-4"[39m
        [36m>[39m
          [36m<div>[39m
            [36m<label[39m
              [33mclass[39m=[32m"block text-sm font-medium mb-2"[39m
            [36m>[39m
              [0mResume File (PDF or DOC)[0m
            [36m</label>[39m
            [36m<div[39m
              [33mclass[39m=[32m"border-2 border-dashed border-gray-300 rounded-xl p-8 text-center hover:border-purple-400 transition-colors"[39m
            [36m>[39m
              [36m<input[39m
                [33maccept[39m=[32m".pdf,.doc,.docx"[39m
                [33mclass[39m=[32m"hidden"[39m
                [33mid[39m=[32m"resume-upload"[39m
                [33mtype[39m=[32m"file"[39m
              [36m/>[39m
              [36m<label[39m
                [33mclass[39m=[32m"cursor-pointer"[39m
                [33mfor[39m=[32m"resume-upload"[39m
              [36m>[39m
                [36m<svg[39m
                  [33mclass[39m=[32m"lucide lucide-upload w-12 h-12 text-gray-400 mx-auto mb-3"[39m
                  [33mfill[39m=[32m"none"[39m
                  [33mheight[39m=[32m"24"[39m
                  [33mstroke[39m=[32m"currentColor"[39m
                  [33mstroke-linecap[39m=[32m"round"[39m
                  [33mstroke-linejoin[39m=[32m"round"[39m
                  [33mstroke-width[39m=[32m"2"[39m
                  [33mviewBox[39m=[32m"0 0 24 24"[39m
                  [33mwidth[39m=[32m"24"[39m
                  [33mxmlns[39m=[32m"http://www.w3.org/2000/svg"[39m
                [36m>[39m
                  [36m<path[39m
                    [33md[39m=[32m"M21 15v4a2 2 0 0 1-2 2H5a2 2 0 0 1-2-2v-4"[39m
                  [36m/>[39m
                  [36m<polyline[39m
                    [33mpoints[39m=[32m"17 8 12 3 7 8"[39m
                  [36m/>[39m
                  [36m<line[39m
                    [33mx1[39m=[32m"12"[39m
                    [33mx2[39m=[32m"12"[39m
                    [33my1[39m=[32m"3"[39m
                    [33my2[39m=[32m"15"[39m
                  [36m/>[39m
                [36m</svg>[39m
                [36m<p[39m
                  [33mclass[39m=[32m"text-gray-600"[39m
                [36m>[39m
                  [0mClick to upload or drag and drop[0m
                [36m</p>[39m
                [36m<p[39m
                  [33mclass[39m=[32m"text-xs text-gray-400 mt-1"[39m
                [36m>[39m
                  [0mPDF, DOC, or DOCX[0m
                [36m</p>[39m
              [36m</label>[39m
            [36m</div>[39m
          [36m</div>[39m
          [36m<div>[39m
            [36m<label[39m
              [33mclass[39m=[32m"block text-sm font-medium mb-2"[39m
            [36m>[39m
              [0mJob Description (Optional)[0m
            [36m</label>[39m
            [36m<textarea[39m
              [33mclass[39m=[32m"flex w-full rounded-md border border-input bg-background px-3 py-2 text-base ring-offset-background placeholder:text-muted-foreground focus-visible:outline-none focus-visible:ring-2 focus-visible:ring-ring focus-visible:ring-offset-2 disabled:cursor-not-allowed disabled:opacity-50 md:text-sm min-h-32"[39m
              [33mplaceholder[39m=[32m"Paste the job description here for tailored analysis..."[39m
            [36m/>[39m
            [36m<p[39m
              [33mclass[39m=[32m"text-xs text-gray-500 mt-1"[39m
            [36m>[39m
              [0mAdding a job description helps us provide more targeted recommendations[0m
            [36m</p>[39m
          [36m</div>[39m
          [36m<button[39m
            [33mclass[39m=[32m"inline-flex items-center justify-center gap-2 whitespace-nowrap rounded-md text-sm font-medium ring-offset-background transition-colors focus-visible:outline-none focus-visible:ring-2 focus-visible:ring-ring focus-visible:ring-offset-2 disabled:pointer-events-none disabled:opacity-50 [&_svg]:pointer-events-none [&_svg]:size-4 [&_svg]:shrink-0 bg-primary text-primary-foreground hover:bg-primary/90 h-10 px-4 py-2 w-full bg-gradient-to-r from-purple-600 to-pink-600 hover:from-purple-700 hover:to-pink-700"[39m
            [33mdisabled[39m=[32m""[39m
          [36m>[39m
            [36m<svg[39m
              [33mclass[39m=[32m"lucide lucide-trending-up w-4 h-4 mr-2"[39m
              [33mfill[39m=[32m"none"[39m
              [33mheight[39m=[32m"24"[39m
              [33mstroke[39m=[32m"currentColor"[39m
              [33mstroke-linecap[39m=[32m"round"[39m
              [33mstroke-linejoin[39m=[32m"round"[39m
              [33mstroke-width[39m=[32m"2"[39m
              [33mviewBox[39m=[32m"0 0 24 24"[39m
              [33mwidth[39m=[32m"24"[39m
              [33mxmlns[39m=[32m"http://www.w3.org/2000/svg"[39m
            [36m>[39m
              [36m<polyline[39m
                [33mpoints[39m=[32m"22 7 13.5 15.5 8.5 10.5 2 17"[39m
              [36m/>[39m
              [36m<polyline[39m
                [33mpoints[39m=[32m"16 7 22 7 22 13"[39m
              [36m/>[39m
            [36m</svg>[39m
            [0mAnalyze Resume ([0m
            [0m5[0m
            [0m credits)[0m
          [36m</button>[39m
        [36m</div>[39m
      [36m</div>[39m
    [36m</div>[39m
  [36m</div>[39m
[36m</body>[39m
 × |client| src/__tests__/components/mvp/prepare/ResumeAnalyzer.test.tsx > ResumeAnalyzer > displays credit balance 26ms
   → expected null to be truthy
 ✓ |client| src/__tests__/components/mvp/prepare/ResumeAnalyzer.test.tsx > ResumeAnalyzer > allows file selection 83ms
stderr | src/__tests__/components/mvp/perform/ActualInterviewTracker.test.tsx > ActualInterviewTracker > allows toggling thank you sent status
Warning: React.jsx: type is invalid -- expected a string (for built-in components) or a class/function (for composite components) but got: undefined. You likely forgot to export your component from the file it's defined in, or you might have mixed up default and named imports.

Check your code at ActualInterviewTracker.jsx:230.
    at ActualInterviewTracker (/home/runner/workspace/client/src/components/mvp/perform/ActualInterviewTracker.jsx:30:57)
    at QueryClientProvider (file:///home/runner/workspace/node_modules/@tanstack/react-query/build/modern/QueryClientProvider.js:20:3)
    at wrapper (/home/runner/workspace/client/src/__tests__/utils/test-utils.tsx:22:17)
Error: Uncaught [Error: Element type is invalid: expected a string (for built-in components) or a class/function (for composite components) but got: undefined. You likely forgot to export your component from the file it's defined in, or you might have mixed up default and named imports.

Check the render method of `ActualInterviewTracker`.]
    at reportException (/home/runner/workspace/node_modules/jsdom/lib/jsdom/living/helpers/runtime-script-errors.js:66:24)
    at innerInvokeEventListeners (/home/runner/workspace/node_modules/jsdom/lib/jsdom/living/events/EventTarget-impl.js:353:9)
    at invokeEventListeners (/home/runner/workspace/node_modules/jsdom/lib/jsdom/living/events/EventTarget-impl.js:286:3)
    at HTMLUnknownElementImpl._dispatch (/home/runner/workspace/node_modules/jsdom/lib/jsdom/living/events/EventTarget-impl.js:233:9)
    at HTMLUnknownElementImpl.dispatchEvent (/home/runner/workspace/node_modules/jsdom/lib/jsdom/living/events/EventTarget-impl.js:104:17)
    at HTMLUnknownElement.dispatchEvent (/home/runner/workspace/node_modules/jsdom/lib/jsdom/living/generated/EventTarget.js:241:34)
    at Object.invokeGuardedCallbackDev (/home/runner/workspace/node_modules/react-dom/cjs/react-dom.development.js:4213:16)
    at invokeGuardedCallback (/home/runner/workspace/node_modules/react-dom/cjs/react-dom.development.js:4277:31)
    at beginWork$1 (/home/runner/workspace/node_modules/react-dom/cjs/react-dom.development.js:27490:7)
    at performUnitOfWork (/home/runner/workspace/node_modules/react-dom/cjs/react-dom.development.js:26599:12) Error: Element type is invalid: expected a string (for built-in components) or a class/function (for composite components) but got: undefined. You likely forgot to export your component from the file it's defined in, or you might have mixed up default and named imports.

Check the render method of `ActualInterviewTracker`.
    at createFiberFromTypeAndProps [90m(/home/runner/workspace/[39mnode_modules/[4mreact-dom[24m/cjs/react-dom.development.js:28478:17[90m)[39m
    at createFiberFromElement [90m(/home/runner/workspace/[39mnode_modules/[4mreact-dom[24m/cjs/react-dom.development.js:28504:15[90m)[39m
    at createChild [90m(/home/runner/workspace/[39mnode_modules/[4mreact-dom[24m/cjs/react-dom.development.js:13345:28[90m)[39m
    at reconcileChildrenArray [90m(/home/runner/workspace/[39mnode_modules/[4mreact-dom[24m/cjs/react-dom.development.js:13640:25[90m)[39m
    at reconcileChildFibers [90m(/home/runner/workspace/[39mnode_modules/[4mreact-dom[24m/cjs/react-dom.development.js:14057:16[90m)[39m
    at reconcileChildren [90m(/home/runner/workspace/[39mnode_modules/[4mreact-dom[24m/cjs/react-dom.development.js:19186:28[90m)[39m
    at updateHostComponent [90m(/home/runner/workspace/[39mnode_modules/[4mreact-dom[24m/cjs/react-dom.development.js:19953:3[90m)[39m
    at beginWork [90m(/home/runner/workspace/[39mnode_modules/[4mreact-dom[24m/cjs/react-dom.development.js:21657:14[90m)[39m
    at HTMLUnknownElement.callCallback [90m(/home/runner/workspace/[39mnode_modules/[4mreact-dom[24m/cjs/react-dom.development.js:4164:14[90m)[39m
    at HTMLUnknownElement.callTheUserObjectsOperation [90m(/home/runner/workspace/[39mnode_modules/[4mjsdom[24m/lib/jsdom/living/generated/EventListener.js:26:30[90m)[39m
Warning: React.jsx: type is invalid -- expected a string (for built-in components) or a class/function (for composite components) but got: undefined. You likely forgot to export your component from the file it's defined in, or you might have mixed up default and named imports.

Check your code at ActualInterviewTracker.jsx:230.
    at ActualInterviewTracker (/home/runner/workspace/client/src/components/mvp/perform/ActualInterviewTracker.jsx:30:57)
    at QueryClientProvider (file:///home/runner/workspace/node_modules/@tanstack/react-query/build/modern/QueryClientProvider.js:20:3)
    at wrapper (/home/runner/workspace/client/src/__tests__/utils/test-utils.tsx:22:17)
Error: Uncaught [Error: Element type is invalid: expected a string (for built-in components) or a class/function (for composite components) but got: undefined. You likely forgot to export your component from the file it's defined in, or you might have mixed up default and named imports.

Check the render method of `ActualInterviewTracker`.]
    at reportException (/home/runner/workspace/node_modules/jsdom/lib/jsdom/living/helpers/runtime-script-errors.js:66:24)
    at innerInvokeEventListeners (/home/runner/workspace/node_modules/jsdom/lib/jsdom/living/events/EventTarget-impl.js:353:9)
    at invokeEventListeners (/home/runner/workspace/node_modules/jsdom/lib/jsdom/living/events/EventTarget-impl.js:286:3)
    at HTMLUnknownElementImpl._dispatch (/home/runner/workspace/node_modules/jsdom/lib/jsdom/living/events/EventTarget-impl.js:233:9)
    at HTMLUnknownElementImpl.dispatchEvent (/home/runner/workspace/node_modules/jsdom/lib/jsdom/living/events/EventTarget-impl.js:104:17)
    at HTMLUnknownElement.dispatchEvent (/home/runner/workspace/node_modules/jsdom/lib/jsdom/living/generated/EventTarget.js:241:34)
    at Object.invokeGuardedCallbackDev (/home/runner/workspace/node_modules/react-dom/cjs/react-dom.development.js:4213:16)
    at invokeGuardedCallback (/home/runner/workspace/node_modules/react-dom/cjs/react-dom.development.js:4277:31)
    at beginWork$1 (/home/runner/workspace/node_modules/react-dom/cjs/react-dom.development.js:27490:7)
    at performUnitOfWork (/home/runner/workspace/node_modules/react-dom/cjs/react-dom.development.js:26599:12) Error: Element type is invalid: expected a string (for built-in components) or a class/function (for composite components) but got: undefined. You likely forgot to export your component from the file it's defined in, or you might have mixed up default and named imports.

Check the render method of `ActualInterviewTracker`.
    at createFiberFromTypeAndProps [90m(/home/runner/workspace/[39mnode_modules/[4mreact-dom[24m/cjs/react-dom.development.js:28478:17[90m)[39m
    at createFiberFromElement [90m(/home/runner/workspace/[39mnode_modules/[4mreact-dom[24m/cjs/react-dom.development.js:28504:15[90m)[39m
    at createChild [90m(/home/runner/workspace/[39mnode_modules/[4mreact-dom[24m/cjs/react-dom.development.js:13345:28[90m)[39m
    at reconcileChildrenArray [90m(/home/runner/workspace/[39mnode_modules/[4mreact-dom[24m/cjs/react-dom.development.js:13640:25[90m)[39m
    at reconcileChildFibers [90m(/home/runner/workspace/[39mnode_modules/[4mreact-dom[24m/cjs/react-dom.development.js:14057:16[90m)[39m
    at reconcileChildren [90m(/home/runner/workspace/[39mnode_modules/[4mreact-dom[24m/cjs/react-dom.development.js:19186:28[90m)[39m
    at updateHostComponent [90m(/home/runner/workspace/[39mnode_modules/[4mreact-dom[24m/cjs/react-dom.development.js:19953:3[90m)[39m
    at beginWork [90m(/home/runner/workspace/[39mnode_modules/[4mreact-dom[24m/cjs/react-dom.development.js:21657:14[90m)[39m
    at HTMLUnknownElement.callCallback [90m(/home/runner/workspace/[39mnode_modules/[4mreact-dom[24m/cjs/react-dom.development.js:4164:14[90m)[39m
    at HTMLUnknownElement.callTheUserObjectsOperation [90m(/home/runner/workspace/[39mnode_modules/[4mjsdom[24m/lib/jsdom/living/generated/EventListener.js:26:30[90m)[39m
The above error occurred in the <div> component:

    at div
    at Badge (/home/runner/workspace/client/src/components/ui/badge.tsx:23:18)
    at div
    at div
    at /home/runner/workspace/client/src/components/ui/card.tsx:81:57
    at div
    at /home/runner/workspace/client/src/components/ui/card.tsx:7:50
    at div
    at div
    at /home/runner/workspace/client/src/components/ui/card.tsx:81:57
    at div
    at /home/runner/workspace/client/src/components/ui/card.tsx:7:50
    at ActualInterviewTracker (/home/runner/workspace/client/src/components/mvp/perform/ActualInterviewTracker.jsx:30:57)
    at QueryClientProvider (file:///home/runner/workspace/node_modules/@tanstack/react-query/build/modern/QueryClientProvider.js:20:3)
    at wrapper (/home/runner/workspace/client/src/__tests__/utils/test-utils.tsx:22:17)

Consider adding an error boundary to your tree to customize error handling behavior.
Visit https://reactjs.org/link/error-boundaries to learn more about error boundaries.

stderr | src/__tests__/components/mvp/prepare/ResumeAnalyzer.test.tsx > ResumeAnalyzer > accepts PDF files
Warning: An update to ResumeAnalyzer inside a test was not wrapped in act(...).

When testing, code that causes React state updates should be wrapped into act(...):

act(() => {
  /* fire events that update state */
});
/* assert on the output */

This ensures that you're testing the behavior the user would see in the browser. Learn more at https://reactjs.org/link/wrap-tests-with-act
    at ResumeAnalyzer (/home/runner/workspace/client/src/components/mvp/prepare/ResumeAnalyzer.jsx:34:49)
    at QueryClientProvider (file:///home/runner/workspace/node_modules/@tanstack/react-query/build/modern/QueryClientProvider.js:20:3)
    at wrapper (/home/runner/workspace/client/src/__tests__/utils/test-utils.tsx:22:17)

 ✓ |client| src/__tests__/components/mvp/prepare/ResumeAnalyzer.test.tsx > ResumeAnalyzer > validates file type (PDF or DOCX only) 182ms
stderr | src/__tests__/components/mvp/perform/ActualInterviewTracker.test.tsx > ActualInterviewTracker > displays interview date
Warning: React.jsx: type is invalid -- expected a string (for built-in components) or a class/function (for composite components) but got: undefined. You likely forgot to export your component from the file it's defined in, or you might have mixed up default and named imports.

Check your code at ActualInterviewTracker.jsx:230.
    at ActualInterviewTracker (/home/runner/workspace/client/src/components/mvp/perform/ActualInterviewTracker.jsx:30:57)
    at QueryClientProvider (file:///home/runner/workspace/node_modules/@tanstack/react-query/build/modern/QueryClientProvider.js:20:3)
    at wrapper (/home/runner/workspace/client/src/__tests__/utils/test-utils.tsx:22:17)
Error: Uncaught [Error: Element type is invalid: expected a string (for built-in components) or a class/function (for composite components) but got: undefined. You likely forgot to export your component from the file it's defined in, or you might have mixed up default and named imports.

Check the render method of `ActualInterviewTracker`.]
    at reportException (/home/runner/workspace/node_modules/jsdom/lib/jsdom/living/helpers/runtime-script-errors.js:66:24)
    at innerInvokeEventListeners (/home/runner/workspace/node_modules/jsdom/lib/jsdom/living/events/EventTarget-impl.js:353:9)
    at invokeEventListeners (/home/runner/workspace/node_modules/jsdom/lib/jsdom/living/events/EventTarget-impl.js:286:3)
    at HTMLUnknownElementImpl._dispatch (/home/runner/workspace/node_modules/jsdom/lib/jsdom/living/events/EventTarget-impl.js:233:9)
    at HTMLUnknownElementImpl.dispatchEvent (/home/runner/workspace/node_modules/jsdom/lib/jsdom/living/events/EventTarget-impl.js:104:17)
    at HTMLUnknownElement.dispatchEvent (/home/runner/workspace/node_modules/jsdom/lib/jsdom/living/generated/EventTarget.js:241:34)
    at Object.invokeGuardedCallbackDev (/home/runner/workspace/node_modules/react-dom/cjs/react-dom.development.js:4213:16)
    at invokeGuardedCallback (/home/runner/workspace/node_modules/react-dom/cjs/react-dom.development.js:4277:31)
    at beginWork$1 (/home/runner/workspace/node_modules/react-dom/cjs/react-dom.development.js:27490:7)
    at performUnitOfWork (/home/runner/workspace/node_modules/react-dom/cjs/react-dom.development.js:26599:12) Error: Element type is invalid: expected a string (for built-in components) or a class/function (for composite components) but got: undefined. You likely forgot to export your component from the file it's defined in, or you might have mixed up default and named imports.

Check the render method of `ActualInterviewTracker`.
    at createFiberFromTypeAndProps [90m(/home/runner/workspace/[39mnode_modules/[4mreact-dom[24m/cjs/react-dom.development.js:28478:17[90m)[39m
    at createFiberFromElement [90m(/home/runner/workspace/[39mnode_modules/[4mreact-dom[24m/cjs/react-dom.development.js:28504:15[90m)[39m
    at createChild [90m(/home/runner/workspace/[39mnode_modules/[4mreact-dom[24m/cjs/react-dom.development.js:13345:28[90m)[39m
    at reconcileChildrenArray [90m(/home/runner/workspace/[39mnode_modules/[4mreact-dom[24m/cjs/react-dom.development.js:13640:25[90m)[39m
    at reconcileChildFibers [90m(/home/runner/workspace/[39mnode_modules/[4mreact-dom[24m/cjs/react-dom.development.js:14057:16[90m)[39m
    at reconcileChildren [90m(/home/runner/workspace/[39mnode_modules/[4mreact-dom[24m/cjs/react-dom.development.js:19186:28[90m)[39m
    at updateHostComponent [90m(/home/runner/workspace/[39mnode_modules/[4mreact-dom[24m/cjs/react-dom.development.js:19953:3[90m)[39m
    at beginWork [90m(/home/runner/workspace/[39mnode_modules/[4mreact-dom[24m/cjs/react-dom.development.js:21657:14[90m)[39m
    at HTMLUnknownElement.callCallback [90m(/home/runner/workspace/[39mnode_modules/[4mreact-dom[24m/cjs/react-dom.development.js:4164:14[90m)[39m
    at HTMLUnknownElement.callTheUserObjectsOperation [90m(/home/runner/workspace/[39mnode_modules/[4mjsdom[24m/lib/jsdom/living/generated/EventListener.js:26:30[90m)[39m
Warning: React.jsx: type is invalid -- expected a string (for built-in components) or a class/function (for composite components) but got: undefined. You likely forgot to export your component from the file it's defined in, or you might have mixed up default and named imports.

Check your code at ActualInterviewTracker.jsx:230.
    at ActualInterviewTracker (/home/runner/workspace/client/src/components/mvp/perform/ActualInterviewTracker.jsx:30:57)
    at QueryClientProvider (file:///home/runner/workspace/node_modules/@tanstack/react-query/build/modern/QueryClientProvider.js:20:3)
    at wrapper (/home/runner/workspace/client/src/__tests__/utils/test-utils.tsx:22:17)
Error: Uncaught [Error: Element type is invalid: expected a string (for built-in components) or a class/function (for composite components) but got: undefined. You likely forgot to export your component from the file it's defined in, or you might have mixed up default and named imports.

Check the render method of `ActualInterviewTracker`.]
    at reportException (/home/runner/workspace/node_modules/jsdom/lib/jsdom/living/helpers/runtime-script-errors.js:66:24)
    at innerInvokeEventListeners (/home/runner/workspace/node_modules/jsdom/lib/jsdom/living/events/EventTarget-impl.js:353:9)
    at invokeEventListeners (/home/runner/workspace/node_modules/jsdom/lib/jsdom/living/events/EventTarget-impl.js:286:3)
    at HTMLUnknownElementImpl._dispatch (/home/runner/workspace/node_modules/jsdom/lib/jsdom/living/events/EventTarget-impl.js:233:9)
    at HTMLUnknownElementImpl.dispatchEvent (/home/runner/workspace/node_modules/jsdom/lib/jsdom/living/events/EventTarget-impl.js:104:17)
    at HTMLUnknownElement.dispatchEvent (/home/runner/workspace/node_modules/jsdom/lib/jsdom/living/generated/EventTarget.js:241:34)
    at Object.invokeGuardedCallbackDev (/home/runner/workspace/node_modules/react-dom/cjs/react-dom.development.js:4213:16)
    at invokeGuardedCallback (/home/runner/workspace/node_modules/react-dom/cjs/react-dom.development.js:4277:31)
    at beginWork$1 (/home/runner/workspace/node_modules/react-dom/cjs/react-dom.development.js:27490:7)
    at performUnitOfWork (/home/runner/workspace/node_modules/react-dom/cjs/react-dom.development.js:26599:12) Error: Element type is invalid: expected a string (for built-in components) or a class/function (for composite components) but got: undefined. You likely forgot to export your component from the file it's defined in, or you might have mixed up default and named imports.

Check the render method of `ActualInterviewTracker`.
    at createFiberFromTypeAndProps [90m(/home/runner/workspace/[39mnode_modules/[4mreact-dom[24m/cjs/react-dom.development.js:28478:17[90m)[39m
    at createFiberFromElement [90m(/home/runner/workspace/[39mnode_modules/[4mreact-dom[24m/cjs/react-dom.development.js:28504:15[90m)[39m
    at createChild [90m(/home/runner/workspace/[39mnode_modules/[4mreact-dom[24m/cjs/react-dom.development.js:13345:28[90m)[39m
    at reconcileChildrenArray [90m(/home/runner/workspace/[39mnode_modules/[4mreact-dom[24m/cjs/react-dom.development.js:13640:25[90m)[39m
    at reconcileChildFibers [90m(/home/runner/workspace/[39mnode_modules/[4mreact-dom[24m/cjs/react-dom.development.js:14057:16[90m)[39m
    at reconcileChildren [90m(/home/runner/workspace/[39mnode_modules/[4mreact-dom[24m/cjs/react-dom.development.js:19186:28[90m)[39m
    at updateHostComponent [90m(/home/runner/workspace/[39mnode_modules/[4mreact-dom[24m/cjs/react-dom.development.js:19953:3[90m)[39m
    at beginWork [90m(/home/runner/workspace/[39mnode_modules/[4mreact-dom[24m/cjs/react-dom.development.js:21657:14[90m)[39m
    at HTMLUnknownElement.callCallback [90m(/home/runner/workspace/[39mnode_modules/[4mreact-dom[24m/cjs/react-dom.development.js:4164:14[90m)[39m
    at HTMLUnknownElement.callTheUserObjectsOperation [90m(/home/runner/workspace/[39mnode_modules/[4mjsdom[24m/lib/jsdom/living/generated/EventListener.js:26:30[90m)[39m
The above error occurred in the <div> component:

    at div
    at Badge (/home/runner/workspace/client/src/components/ui/badge.tsx:23:18)
    at div
    at div
    at /home/runner/workspace/client/src/components/ui/card.tsx:81:57
    at div
    at /home/runner/workspace/client/src/components/ui/card.tsx:7:50
    at div
    at div
    at /home/runner/workspace/client/src/components/ui/card.tsx:81:57
    at div
    at /home/runner/workspace/client/src/components/ui/card.tsx:7:50
    at ActualInterviewTracker (/home/runner/workspace/client/src/components/mvp/perform/ActualInterviewTracker.jsx:30:57)
    at QueryClientProvider (file:///home/runner/workspace/node_modules/@tanstack/react-query/build/modern/QueryClientProvider.js:20:3)
    at wrapper (/home/runner/workspace/client/src/__tests__/utils/test-utils.tsx:22:17)

Consider adding an error boundary to your tree to customize error handling behavior.
Visit https://reactjs.org/link/error-boundaries to learn more about error boundaries.

 × |client| src/__tests__/components/mvp/perform/ActualInterviewTracker.test.tsx > ActualInterviewTracker > tracks thank you note sent status 61ms
   → Element type is invalid: expected a string (for built-in components) or a class/function (for composite components) but got: undefined. You likely forgot to export your component from the file it's defined in, or you might have mixed up default and named imports.

Check the render method of `ActualInterviewTracker`.
 × |client| src/__tests__/components/mvp/perform/ActualInterviewTracker.test.tsx > ActualInterviewTracker > allows toggling thank you sent status 18ms
   → Element type is invalid: expected a string (for built-in components) or a class/function (for composite components) but got: undefined. You likely forgot to export your component from the file it's defined in, or you might have mixed up default and named imports.

Check the render method of `ActualInterviewTracker`.
stderr | src/__tests__/components/mvp/perform/ActualInterviewTracker.test.tsx > ActualInterviewTracker > allows saving new interview
Warning: React.jsx: type is invalid -- expected a string (for built-in components) or a class/function (for composite components) but got: undefined. You likely forgot to export your component from the file it's defined in, or you might have mixed up default and named imports.

Check your code at ActualInterviewTracker.jsx:230.
    at ActualInterviewTracker (/home/runner/workspace/client/src/components/mvp/perform/ActualInterviewTracker.jsx:30:57)
    at QueryClientProvider (file:///home/runner/workspace/node_modules/@tanstack/react-query/build/modern/QueryClientProvider.js:20:3)
    at wrapper (/home/runner/workspace/client/src/__tests__/utils/test-utils.tsx:22:17)
Error: Uncaught [Error: Element type is invalid: expected a string (for built-in components) or a class/function (for composite components) but got: undefined. You likely forgot to export your component from the file it's defined in, or you might have mixed up default and named imports.

Check the render method of `ActualInterviewTracker`.]
    at reportException (/home/runner/workspace/node_modules/jsdom/lib/jsdom/living/helpers/runtime-script-errors.js:66:24)
    at innerInvokeEventListeners (/home/runner/workspace/node_modules/jsdom/lib/jsdom/living/events/EventTarget-impl.js:353:9)
    at invokeEventListeners (/home/runner/workspace/node_modules/jsdom/lib/jsdom/living/events/EventTarget-impl.js:286:3)
    at HTMLUnknownElementImpl._dispatch (/home/runner/workspace/node_modules/jsdom/lib/jsdom/living/events/EventTarget-impl.js:233:9)
    at HTMLUnknownElementImpl.dispatchEvent (/home/runner/workspace/node_modules/jsdom/lib/jsdom/living/events/EventTarget-impl.js:104:17)
    at HTMLUnknownElement.dispatchEvent (/home/runner/workspace/node_modules/jsdom/lib/jsdom/living/generated/EventTarget.js:241:34)
    at Object.invokeGuardedCallbackDev (/home/runner/workspace/node_modules/react-dom/cjs/react-dom.development.js:4213:16)
    at invokeGuardedCallback (/home/runner/workspace/node_modules/react-dom/cjs/react-dom.development.js:4277:31)
    at beginWork$1 (/home/runner/workspace/node_modules/react-dom/cjs/react-dom.development.js:27490:7)
    at performUnitOfWork (/home/runner/workspace/node_modules/react-dom/cjs/react-dom.development.js:26599:12) Error: Element type is invalid: expected a string (for built-in components) or a class/function (for composite components) but got: undefined. You likely forgot to export your component from the file it's defined in, or you might have mixed up default and named imports.

Check the render method of `ActualInterviewTracker`.
    at createFiberFromTypeAndProps [90m(/home/runner/workspace/[39mnode_modules/[4mreact-dom[24m/cjs/react-dom.development.js:28478:17[90m)[39m
    at createFiberFromElement [90m(/home/runner/workspace/[39mnode_modules/[4mreact-dom[24m/cjs/react-dom.development.js:28504:15[90m)[39m
    at createChild [90m(/home/runner/workspace/[39mnode_modules/[4mreact-dom[24m/cjs/react-dom.development.js:13345:28[90m)[39m
    at reconcileChildrenArray [90m(/home/runner/workspace/[39mnode_modules/[4mreact-dom[24m/cjs/react-dom.development.js:13640:25[90m)[39m
    at reconcileChildFibers [90m(/home/runner/workspace/[39mnode_modules/[4mreact-dom[24m/cjs/react-dom.development.js:14057:16[90m)[39m
    at reconcileChildren [90m(/home/runner/workspace/[39mnode_modules/[4mreact-dom[24m/cjs/react-dom.development.js:19186:28[90m)[39m
    at updateHostComponent [90m(/home/runner/workspace/[39mnode_modules/[4mreact-dom[24m/cjs/react-dom.development.js:19953:3[90m)[39m
    at beginWork [90m(/home/runner/workspace/[39mnode_modules/[4mreact-dom[24m/cjs/react-dom.development.js:21657:14[90m)[39m
    at HTMLUnknownElement.callCallback [90m(/home/runner/workspace/[39mnode_modules/[4mreact-dom[24m/cjs/react-dom.development.js:4164:14[90m)[39m
    at HTMLUnknownElement.callTheUserObjectsOperation [90m(/home/runner/workspace/[39mnode_modules/[4mjsdom[24m/lib/jsdom/living/generated/EventListener.js:26:30[90m)[39m
Warning: React.jsx: type is invalid -- expected a string (for built-in components) or a class/function (for composite components) but got: undefined. You likely forgot to export your component from the file it's defined in, or you might have mixed up default and named imports.

Check your code at ActualInterviewTracker.jsx:230.
    at ActualInterviewTracker (/home/runner/workspace/client/src/components/mvp/perform/ActualInterviewTracker.jsx:30:57)
    at QueryClientProvider (file:///home/runner/workspace/node_modules/@tanstack/react-query/build/modern/QueryClientProvider.js:20:3)
    at wrapper (/home/runner/workspace/client/src/__tests__/utils/test-utils.tsx:22:17)
Error: Uncaught [Error: Element type is invalid: expected a string (for built-in components) or a class/function (for composite components) but got: undefined. You likely forgot to export your component from the file it's defined in, or you might have mixed up default and named imports.

Check the render method of `ActualInterviewTracker`.]
    at reportException (/home/runner/workspace/node_modules/jsdom/lib/jsdom/living/helpers/runtime-script-errors.js:66:24)
    at innerInvokeEventListeners (/home/runner/workspace/node_modules/jsdom/lib/jsdom/living/events/EventTarget-impl.js:353:9)
    at invokeEventListeners (/home/runner/workspace/node_modules/jsdom/lib/jsdom/living/events/EventTarget-impl.js:286:3)
    at HTMLUnknownElementImpl._dispatch (/home/runner/workspace/node_modules/jsdom/lib/jsdom/living/events/EventTarget-impl.js:233:9)
    at HTMLUnknownElementImpl.dispatchEvent (/home/runner/workspace/node_modules/jsdom/lib/jsdom/living/events/EventTarget-impl.js:104:17)
    at HTMLUnknownElement.dispatchEvent (/home/runner/workspace/node_modules/jsdom/lib/jsdom/living/generated/EventTarget.js:241:34)
    at Object.invokeGuardedCallbackDev (/home/runner/workspace/node_modules/react-dom/cjs/react-dom.development.js:4213:16)
    at invokeGuardedCallback (/home/runner/workspace/node_modules/react-dom/cjs/react-dom.development.js:4277:31)
    at beginWork$1 (/home/runner/workspace/node_modules/react-dom/cjs/react-dom.development.js:27490:7)
    at performUnitOfWork (/home/runner/workspace/node_modules/react-dom/cjs/react-dom.development.js:26599:12) Error: Element type is invalid: expected a string (for built-in components) or a class/function (for composite components) but got: undefined. You likely forgot to export your component from the file it's defined in, or you might have mixed up default and named imports.

Check the render method of `ActualInterviewTracker`.
    at createFiberFromTypeAndProps [90m(/home/runner/workspace/[39mnode_modules/[4mreact-dom[24m/cjs/react-dom.development.js:28478:17[90m)[39m
    at createFiberFromElement [90m(/home/runner/workspace/[39mnode_modules/[4mreact-dom[24m/cjs/react-dom.development.js:28504:15[90m)[39m
    at createChild [90m(/home/runner/workspace/[39mnode_modules/[4mreact-dom[24m/cjs/react-dom.development.js:13345:28[90m)[39m
    at reconcileChildrenArray [90m(/home/runner/workspace/[39mnode_modules/[4mreact-dom[24m/cjs/react-dom.development.js:13640:25[90m)[39m
    at reconcileChildFibers [90m(/home/runner/workspace/[39mnode_modules/[4mreact-dom[24m/cjs/react-dom.development.js:14057:16[90m)[39m
    at reconcileChildren [90m(/home/runner/workspace/[39mnode_modules/[4mreact-dom[24m/cjs/react-dom.development.js:19186:28[90m)[39m
    at updateHostComponent [90m(/home/runner/workspace/[39mnode_modules/[4mreact-dom[24m/cjs/react-dom.development.js:19953:3[90m)[39m
    at beginWork [90m(/home/runner/workspace/[39mnode_modules/[4mreact-dom[24m/cjs/react-dom.development.js:21657:14[90m)[39m
    at HTMLUnknownElement.callCallback [90m(/home/runner/workspace/[39mnode_modules/[4mreact-dom[24m/cjs/react-dom.development.js:4164:14[90m)[39m
    at HTMLUnknownElement.callTheUserObjectsOperation [90m(/home/runner/workspace/[39mnode_modules/[4mjsdom[24m/lib/jsdom/living/generated/EventListener.js:26:30[90m)[39m
The above error occurred in the <div> component:

    at div
    at Badge (/home/runner/workspace/client/src/components/ui/badge.tsx:23:18)
    at div
    at div
    at /home/runner/workspace/client/src/components/ui/card.tsx:81:57
    at div
    at /home/runner/workspace/client/src/components/ui/card.tsx:7:50
    at div
    at div
    at /home/runner/workspace/client/src/components/ui/card.tsx:81:57
    at div
    at /home/runner/workspace/client/src/components/ui/card.tsx:7:50
    at ActualInterviewTracker (/home/runner/workspace/client/src/components/mvp/perform/ActualInterviewTracker.jsx:30:57)
    at QueryClientProvider (file:///home/runner/workspace/node_modules/@tanstack/react-query/build/modern/QueryClientProvider.js:20:3)
    at wrapper (/home/runner/workspace/client/src/__tests__/utils/test-utils.tsx:22:17)

Consider adding an error boundary to your tree to customize error handling behavior.
Visit https://reactjs.org/link/error-boundaries to learn more about error boundaries.

 ✓ |client| src/__tests__/components/mvp/prepare/ResumeAnalyzer.test.tsx > ResumeAnalyzer > accepts PDF files 38ms
 ✓ |client| src/__tests__/components/mvp/prepare/ResumeAnalyzer.test.tsx > ResumeAnalyzer > allows entering job description (optional) 14ms
stderr | src/__tests__/components/mvp/prepare/ResumeAnalyzer.test.tsx > ResumeAnalyzer > enables analyze button when file is selected
Warning: An update to ResumeAnalyzer inside a test was not wrapped in act(...).

When testing, code that causes React state updates should be wrapped into act(...):

act(() => {
  /* fire events that update state */
});
/* assert on the output */

This ensures that you're testing the behavior the user would see in the browser. Learn more at https://reactjs.org/link/wrap-tests-with-act
    at ResumeAnalyzer (/home/runner/workspace/client/src/components/mvp/prepare/ResumeAnalyzer.jsx:34:49)
    at QueryClientProvider (file:///home/runner/workspace/node_modules/@tanstack/react-query/build/modern/QueryClientProvider.js:20:3)
    at wrapper (/home/runner/workspace/client/src/__tests__/utils/test-utils.tsx:22:17)

 × |client| src/__tests__/components/mvp/perform/ActualInterviewTracker.test.tsx > ActualInterviewTracker > displays interview date 173ms
   → Element type is invalid: expected a string (for built-in components) or a class/function (for composite components) but got: undefined. You likely forgot to export your component from the file it's defined in, or you might have mixed up default and named imports.

Check the render method of `ActualInterviewTracker`.
 × |client| src/__tests__/components/mvp/perform/ActualInterviewTracker.test.tsx > ActualInterviewTracker > allows saving new interview 46ms
   → Element type is invalid: expected a string (for built-in components) or a class/function (for composite components) but got: undefined. You likely forgot to export your component from the file it's defined in, or you might have mixed up default and named imports.

Check the render method of `ActualInterviewTracker`.
 ✓ |client| src/__tests__/components/mvp/prepare/ResumeAnalyzer.test.tsx > ResumeAnalyzer > disables analyze button when no file selected 212ms
 ✓ |client| src/__tests__/components/mvp/prepare/ResumeAnalyzer.test.tsx > ResumeAnalyzer > enables analyze button when file is selected 44ms
 × |client| src/__tests__/components/mvp/perform/ActualInterviewTracker.test.tsx > ActualInterviewTracker > shows loading state when fetching interviews 200ms
   → expected null to be truthy
 × |client| src/__tests__/components/mvp/perform/ActualInterviewTracker.test.tsx > ActualInterviewTracker > displays empty state when no interviews logged 42ms
   → Found multiple elements with the text: /no.*interview|start.*tracking|log.*first/i

Here are the matching elements:

Ignored nodes: comments, script, style
[36m<p[39m
  [33mclass[39m=[32m"text-gray-500"[39m
[36m>[39m
  [0mNo interviews logged yet[0m
[36m</p>[39m

Ignored nodes: comments, script, style
[36m<p[39m
  [33mclass[39m=[32m"text-sm text-gray-400 mt-2"[39m
[36m>[39m
  [0mStart tracking your real interview experiences[0m
[36m</p>[39m

(If this is intentional, then use the `*AllBy*` variant of the query (like `queryAllByText`, `getAllByText`, or `findAllByText`)).

Ignored nodes: comments, script, style
[36m<body>[39m
  [36m<div>[39m
    [36m<div[39m
      [33mclass[39m=[32m"rounded-lg border bg-card text-card-foreground border-none shadow-xl"[39m
    [36m>[39m
      [36m<div[39m
        [33mclass[39m=[32m"flex flex-col space-y-1.5 p-6"[39m
      [36m>[39m
        [36m<div[39m
          [33mclass[39m=[32m"flex items-center justify-between"[39m
        [36m>[39m
          [36m<div[39m
            [33mclass[39m=[32m"text-2xl font-semibold leading-none tracking-tight flex items-center gap-2"[39m
          [36m>[39m
            [36m<svg[39m
              [33mclass[39m=[32m"lucide lucide-trending-up w-5 h-5 text-purple-600"[39m
              [33mfill[39m=[32m"none"[39m
              [33mheight[39m=[32m"24"[39m
              [33mstroke[39m=[32m"currentColor"[39m
              [33mstroke-linecap[39m=[32m"round"[39m
              [33mstroke-linejoin[39m=[32m"round"[39m
              [33mstroke-width[39m=[32m"2"[39m
              [33mviewBox[39m=[32m"0 0 24 24"[39m
              [33mwidth[39m=[32m"24"[39m
              [33mxmlns[39m=[32m"http://www.w3.org/2000/svg"[39m
            [36m>[39m
              [36m<polyline[39m
                [33mpoints[39m=[32m"22 7 13.5 15.5 8.5 10.5 2 17"[39m
              [36m/>[39m
              [36m<polyline[39m
                [33mpoints[39m=[32m"16 7 22 7 22 13"[39m
              [36m/>[39m
            [36m</svg>[39m
            [0mActual Interview Tracker[0m
          [36m</div>[39m
          [36m<button[39m
            [33mclass[39m=[32m"inline-flex items-center justify-center gap-2 whitespace-nowrap rounded-md text-sm font-medium ring-offset-background transition-colors focus-visible:outline-none focus-visible:ring-2 focus-visible:ring-ring focus-visible:ring-offset-2 disabled:pointer-events-none disabled:opacity-50 [&_svg]:pointer-events-none [&_svg]:size-4 [&_svg]:shrink-0 bg-primary text-primary-foreground hover:bg-primary/90 h-10 px-4 py-2 bg-gradient-to-r from-purple-600 to-pink-600"[39m
          [36m>[39m
            [36m<svg[39m
              [33mclass[39m=[32m"lucide lucide-plus w-4 h-4 mr-2"[39m
              [33mfill[39m=[32m"none"[39m
              [33mheight[39m=[32m"24"[39m
              [33mstroke[39m=[32m"currentColor"[39m
              [33mstroke-linecap[39m=[32m"round"[39m
              [33mstroke-linejoin[39m=[32m"round"[39m
              [33mstroke-width[39m=[32m"2"[39m
              [33mviewBox[39m=[32m"0 0 24 24"[39m
              [33mwidth[39m=[32m"24"[39m
              [33mxmlns[39m=[32m"http://www.w3.org/2000/svg"[39m
            [36m>[39m
              [36m<path[39m
                [33md[39m=[32m"M5 12h14"[39m
              [36m/>[39m
              [36m<path[39m
                [33md[39m=[32m"M12 5v14"[39m
              [36m/>[39m
            [36m</svg>[39m
            [0mLog Interview[0m
          [36m</button>[39m
        [36m</div>[39m
        [36m<p[39m
          [33mclass[39m=[32m"text-sm text-gray-600"[39m
        [36m>[39m
          [0mTrack real interviews and follow-up actions[0m
        [36m</p>[39m
      [36m</div>[39m
      [36m<div[39m
        [33mclass[39m=[32m"p-6 pt-0"[39m
      [36m>[39m
        [36m<div[39m
          [33mclass[39m=[32m"text-center py-12"[39m
        [36m>[39m
          [36m<svg[39m
            [33mclass[39m=[32m"lucide lucide-trending-up w-16 h-16 text-gray-300 mx-auto mb-4"[39m
            [33mfill[39m=[32m"none"[39m
            [33mheight[39m=[32m"24"[39m
            [33mstroke[39m=[32m"currentColor"[39m
            [33mstroke-linecap[39m=[32m"round"[39m
            [33mstroke-linejoin[39m=[32m"round"[39m
            [33mstroke-width[39m=[32m"2"[39m
            [33mviewBox[39m=[32m"0 0 24 24"[39m
            [33mwidth[39m=[32m"24"[39m
            [33mxmlns[39m=[32m"http://www.w3.org/2000/svg"[39m
          [36m>[39m
            [36m<polyline[39m
              [33mpoints[39m=[32m"22 7 13.5 15.5 8.5 10.5 2 17"[39m
            [36m/>[39m
            [36m<polyline[39m
              [33mpoints[39m=[32m"16 7 22 7 22 13"[39m
            [36m/>[39m
          [36m</svg>[39m
          [36m<p[39m
            [33mclass[39m=[32m"text-gray-500"[39m
          [36m>[39m
            [0mNo interviews logged yet[0m
          [36m</p>[39m
          [36m<p[39m
            [33mclass[39m=[32m"text-sm text-gray-400 mt-2"[39m
          [36m>[39m
            [0mStart tracking your real interview experiences[0m
          [36m</p>[39m
        [36m</div>[39m
      [36m</div>[39m
    [36m</div>[39m
  [36m</div>[39m
[36m</body>[39m
 × |client| src/__tests__/components/mvp/perform/ActualInterviewTracker.test.tsx > ActualInterviewTracker > handles API errors gracefully 29ms
   → expected null to be truthy
stderr | src/__tests__/components/mvp/prepare/ResumeAnalyzer.test.tsx > ResumeAnalyzer > displays analysis results after completion
Warning: An update to ResumeAnalyzer inside a test was not wrapped in act(...).

When testing, code that causes React state updates should be wrapped into act(...):

act(() => {
  /* fire events that update state */
});
/* assert on the output */

This ensures that you're testing the behavior the user would see in the browser. Learn more at https://reactjs.org/link/wrap-tests-with-act
    at ResumeAnalyzer (/home/runner/workspace/client/src/components/mvp/prepare/ResumeAnalyzer.jsx:34:49)
    at QueryClientProvider (file:///home/runner/workspace/node_modules/@tanstack/react-query/build/modern/QueryClientProvider.js:20:3)
    at wrapper (/home/runner/workspace/client/src/__tests__/utils/test-utils.tsx:22:17)

stdout | src/__tests__/components/mvp/prepare/ResumeAnalyzer.test.tsx > ResumeAnalyzer > displays analysis results after completion
[API Request] POST /gamification/add-points { points: [33m25[39m, source: [32m'resume_analysis'[39m, referenceId: [32m'resume-1'[39m }

 × |client| src/__tests__/components/mvp/prepare/ResumeAnalyzer.test.tsx > ResumeAnalyzer > shows loading state during analysis 57ms
   → expected null to be truthy
 ✓ |client| src/__tests__/components/mvp/prepare/ResumeAnalyzer.test.tsx > ResumeAnalyzer > displays analysis results after completion 253ms
 × |client| src/__tests__/components/mvp/prepare/ResumeAnalyzer.test.tsx > ResumeAnalyzer > displays ATS score in analysis results 54ms
   → Unable to find an element with the text: /Resume Analyzer/i. This could be because the text is broken up by multiple elements. In this case, you can provide a function for your text matcher to make your matcher more flexible.

Ignored nodes: comments, script, style
[36m<body>[39m
  [36m<div>[39m
    [36m<div[39m
      [33mclass[39m=[32m"space-y-6"[39m
    [36m>[39m
      [36m<div[39m
        [33mclass[39m=[32m"rounded-lg border bg-card text-card-foreground border-none shadow-xl"[39m
      [36m>[39m
        [36m<div[39m
          [33mclass[39m=[32m"flex flex-col space-y-1.5 p-6"[39m
        [36m>[39m
          [36m<div[39m
            [33mclass[39m=[32m"flex items-center justify-between"[39m
          [36m>[39m
            [36m<div>[39m
              [36m<div[39m
                [33mclass[39m=[32m"text-2xl font-semibold leading-none tracking-tight flex items-center gap-2"[39m
              [36m>[39m
                [36m<svg[39m
                  [33mclass[39m=[32m"lucide lucide-file-text w-6 h-6 text-purple-600"[39m
                  [33mfill[39m=[32m"none"[39m
                  [33mheight[39m=[32m"24"[39m
                  [33mstroke[39m=[32m"currentColor"[39m
                  [33mstroke-linecap[39m=[32m"round"[39m
                  [33mstroke-linejoin[39m=[32m"round"[39m
                  [33mstroke-width[39m=[32m"2"[39m
                  [33mviewBox[39m=[32m"0 0 24 24"[39m
                  [33mwidth[39m=[32m"24"[39m
                  [33mxmlns[39m=[32m"http://www.w3.org/2000/svg"[39m
                [36m>[39m
                  [36m<path[39m
                    [33md[39m=[32m"M15 2H6a2 2 0 0 0-2 2v16a2 2 0 0 0 2 2h12a2 2 0 0 0 2-2V7Z"[39m
                  [36m/>[39m
                  [36m<path[39m
                    [33md[39m=[32m"M14 2v4a2 2 0 0 0 2 2h4"[39m
                  [36m/>[39m
                  [36m<path[39m
                    [33md[39m=[32m"M10 9H8"[39m
                  [36m/>[39m
                  [36m<path[39m
                    [33md[39m=[32m"M16 13H8"[39m
                  [36m/>[39m
                  [36m<path[39m
                    [33md[39m=[32m"M16 17H8"[39m
                  [36m/>[39m
                [36m</svg>[39m
                [0mUpload Your Resume[0m
              [36m</div>[39m
              [36m<p[39m
                [33mclass[39m=[32m"text-sm text-gray-600 mt-1"[39m
              [36m>[39m
                [0mGet AI-powered insights and optimization suggestions for your resume[0m
              [36m</p>[39m
            [36m</div>[39m
            [36m<div[39m
              [33mclass[39m=[32m"rounded-full border px-2.5 py-0.5 text-xs font-semibold transition-colors focus:outline-none focus:ring-2 focus:ring-ring focus:ring-offset-2 border-transparent bg-primary hover:bg-primary/80 bg-gradient-to-r from-yellow-500 to-orange-500 text-white border-none flex items-center gap-1"[39m
            [36m>[39m
              [36m<svg[39m
                [33mclass[39m=[32m"lucide lucide-zap w-3 h-3"[39m
                [33mfill[39m=[32m"none"[39m
                [33mheight[39m=[32m"24"[39m
                [33mstroke[39m=[32m"currentColor"[39m
                [33mstroke-linecap[39m=[32m"round"[39m
                [33mstroke-linejoin[39m=[32m"round"[39m
                [33mstroke-width[39m=[32m"2"[39m
                [33mviewBox[39m=[32m"0 0 24 24"[39m
                [33mwidth[39m=[32m"24"[39m
                [33mxmlns[39m=[32m"http://www.w3.org/2000/svg"[39m
              [36m>[39m
                [36m<path[39m
                  [33md[39m=[32m"M4 14a1 1 0 0 1-.78-1.63l9.9-10.2a.5.5 0 0 1 .86.46l-1.92 6.02A1 1 0 0 0 13 10h7a1 1 0 0 1 .78 1.63l-9.9 10.2a.5.5 0 0 1-.86-.46l1.92-6.02A1 1 0 0 0 11 14z"[39m
                [36m/>[39m
              [36m</svg>[39m
              [0m5[0m
              [0m [0m
              [0mcredits[0m
            [36m</div>[39m
          [36m</div>[39m
        [36m</div>[39m
        [36m<div[39m
          [33mclass[39m=[32m"p-6 pt-0 space-y-4"[39m
        [36m>[39m
          [36m<div>[39m
            [36m<label[39m
              [33mclass[39m=[32m"block text-sm font-medium mb-2"[39m
            [36m>[39m
              [0mResume File (PDF or DOC)[0m
            [36m</label>[39m
            [36m<div[39m
              [33mclass[39m=[32m"border-2 border-dashed border-gray-300 rounded-xl p-8 text-center hover:border-purple-400 transition-colors"[39m
            [36m>[39m
              [36m<input[39m
                [33maccept[39m=[32m".pdf,.doc,.docx"[39m
                [33mclass[39m=[32m"hidden"[39m
                [33mid[39m=[32m"resume-upload"[39m
                [33mtype[39m=[32m"file"[39m
              [36m/>[39m
              [36m<label[39m
                [33mclass[39m=[32m"cursor-pointer"[39m
                [33mfor[39m=[32m"resume-upload"[39m
              [36m>[39m
                [36m<svg[39m
                  [33mclass[39m=[32m"lucide lucide-upload w-12 h-12 text-gray-400 mx-auto mb-3"[39m
                  [33mfill[39m=[32m"none"[39m
                  [33mheight[39m=[32m"24"[39m
                  [33mstroke[39m=[32m"currentColor"[39m
                  [33mstroke-linecap[39m=[32m"round"[39m
                  [33mstroke-linejoin[39m=[32m"round"[39m
                  [33mstroke-width[39m=[32m"2"[39m
                  [33mviewBox[39m=[32m"0 0 24 24"[39m
                  [33mwidth[39m=[32m"24"[39m
                  [33mxmlns[39m=[32m"http://www.w3.org/2000/svg"[39m
                [36m>[39m
                  [36m<path[39m
                    [33md[39m=[32m"M21 15v4a2 2 0 0 1-2 2H5a2 2 0 0 1-2-2v-4"[39m
                  [36m/>[39m
                  [36m<polyline[39m
                    [33mpoints[39m=[32m"17 8 12 3 7 8"[39m
                  [36m/>[39m
                  [36m<line[39m
                    [33mx1[39m=[32m"12"[39m
                    [33mx2[39m=[32m"12"[39m
                    [33my1[39m=[32m"3"[39m
                    [33my2[39m=[32m"15"[39m
                  [36m/>[39m
                [36m</svg>[39m
                [36m<p[39m
                  [33mclass[39m=[32m"text-gray-600"[39m
                [36m>[39m
                  [0mClick to upload or drag and drop[0m
                [36m</p>[39m
                [36m<p[39m
                  [33mclass[39m=[32m"text-xs text-gray-400 mt-1"[39m
                [36m>[39m
                  [0mPDF, DOC, or DOCX[0m
                [36m</p>[39m
              [36m</label>[39m
            [36m</div>[39m
          [36m</div>[39m
          [36m<div>[39m
            [36m<label[39m
              [33mclass[39m=[32m"block text-sm font-medium mb-2"[39m
            [36m>[39m
              [0mJob Description (Optional)[0m
            [36m</label>[39m
            [36m<textarea[39m
              [33mclass[39m=[32m"flex w-full rounded-md border border-input bg-background px-3 py-2 text-base ring-offset-background placeholder:text-muted-foreground focus-visible:outline-none focus-visible:ring-2 focus-visible:ring-ring focus-visible:ring-offset-2 disabled:cursor-not-allowed disabled:opacity-50 md:text-sm min-h-32"[39m
              [33mplaceholder[39m=[32m"Paste the job description here for tailored analysis..."[39m
            [36m/>[39m
            [36m<p[39m
              [33mclass[39m=[32m"text-xs text-gray-500 mt-1"[39m
            [36m>[39m
              [0mAdding a job description helps us provide more targeted recommendations[0m
            [36m</p>[39m
          [36m</div>[39m
          [36m<button[39m
            [33mclass[39m=[32m"inline-flex items-center justify-center gap-2 whitespace-nowrap rounded-md text-sm font-medium ring-offset-background transition-colors focus-visible:outline-none focus-visible:ring-2 focus-visible:ring-ring focus-visible:ring-offset-2 disabled:pointer-events-none disabled:opacity-50 [&_svg]:pointer-events-none [&_svg]:size-4 [&_svg]:shrink-0 bg-primary text-primary-foreground hover:bg-primary/90 h-10 px-4 py-2 w-full bg-gradient-to-r from-purple-600 to-pink-600 hover:from-purple-700 hover:to-pink-700"[39m
            [33mdisabled[39m=[32m""[39m
          [36m>[39m
            [36m<svg[39m
              [33mclass[39m=[32m"lucide lucide-trending-up w-4 h-4 mr-2"[39m
              [33mfill[39m=[32m"none"[39m
              [33mheight[39m=[32m"24"[39m
              [33mstroke[39m=[32m"currentColor"[39m
              [33mstroke-linecap[39m=[32m"round"[39m
              [33mstroke-linejoin[39m=[32m"round"[39m
              [33mstroke-width[39m=[32m"2"[39m
              [33mviewBox[39m=[32m"0 0 24 24"[39m
              [33mwidth[39m=[32m"24"[39m
              [33mxmlns[39m=[32m"http://www.w3.org/2000/svg"[39m
            [36m>[39m
              [36m<polyline[39m
                [33mpoints[39m=[32m"22 7 13.5 15.5 8.5 10.5 2 17"[39m
              [36m/>[39m
              [36m<polyline[39m
                [33mpoints[39m=[32m"16 7 22 7 22 13"[39m
              [36m/>[39m
            [36m</svg>[39m
            [0mAnalyze Resume ([0m
            [0m5[0m
            [0m credits)[0m
          [36m</button>[39m
        [36m</div>[39m
      [36m</div>[39m
    [36m</div>[39m
  [36m</div>[39m
[36m</body>[39m
 × |client| src/__tests__/components/mvp/prepare/ResumeAnalyzer.test.tsx > ResumeAnalyzer > displays strengths and weaknesses sections 40ms
   → Unable to find an element with the text: /Resume Analyzer/i. This could be because the text is broken up by multiple elements. In this case, you can provide a function for your text matcher to make your matcher more flexible.

Ignored nodes: comments, script, style
[36m<body>[39m
  [36m<div>[39m
    [36m<div[39m
      [33mclass[39m=[32m"space-y-6"[39m
    [36m>[39m
      [36m<div[39m
        [33mclass[39m=[32m"rounded-lg border bg-card text-card-foreground border-none shadow-xl"[39m
      [36m>[39m
        [36m<div[39m
          [33mclass[39m=[32m"flex flex-col space-y-1.5 p-6"[39m
        [36m>[39m
          [36m<div[39m
            [33mclass[39m=[32m"flex items-center justify-between"[39m
          [36m>[39m
            [36m<div>[39m
              [36m<div[39m
                [33mclass[39m=[32m"text-2xl font-semibold leading-none tracking-tight flex items-center gap-2"[39m
              [36m>[39m
                [36m<svg[39m
                  [33mclass[39m=[32m"lucide lucide-file-text w-6 h-6 text-purple-600"[39m
                  [33mfill[39m=[32m"none"[39m
                  [33mheight[39m=[32m"24"[39m
                  [33mstroke[39m=[32m"currentColor"[39m
                  [33mstroke-linecap[39m=[32m"round"[39m
                  [33mstroke-linejoin[39m=[32m"round"[39m
                  [33mstroke-width[39m=[32m"2"[39m
                  [33mviewBox[39m=[32m"0 0 24 24"[39m
                  [33mwidth[39m=[32m"24"[39m
                  [33mxmlns[39m=[32m"http://www.w3.org/2000/svg"[39m
                [36m>[39m
                  [36m<path[39m
                    [33md[39m=[32m"M15 2H6a2 2 0 0 0-2 2v16a2 2 0 0 0 2 2h12a2 2 0 0 0 2-2V7Z"[39m
                  [36m/>[39m
                  [36m<path[39m
                    [33md[39m=[32m"M14 2v4a2 2 0 0 0 2 2h4"[39m
                  [36m/>[39m
                  [36m<path[39m
                    [33md[39m=[32m"M10 9H8"[39m
                  [36m/>[39m
                  [36m<path[39m
                    [33md[39m=[32m"M16 13H8"[39m
                  [36m/>[39m
                  [36m<path[39m
                    [33md[39m=[32m"M16 17H8"[39m
                  [36m/>[39m
                [36m</svg>[39m
                [0mUpload Your Resume[0m
              [36m</div>[39m
              [36m<p[39m
                [33mclass[39m=[32m"text-sm text-gray-600 mt-1"[39m
              [36m>[39m
                [0mGet AI-powered insights and optimization suggestions for your resume[0m
              [36m</p>[39m
            [36m</div>[39m
            [36m<div[39m
              [33mclass[39m=[32m"rounded-full border px-2.5 py-0.5 text-xs font-semibold transition-colors focus:outline-none focus:ring-2 focus:ring-ring focus:ring-offset-2 border-transparent bg-primary hover:bg-primary/80 bg-gradient-to-r from-yellow-500 to-orange-500 text-white border-none flex items-center gap-1"[39m
            [36m>[39m
              [36m<svg[39m
                [33mclass[39m=[32m"lucide lucide-zap w-3 h-3"[39m
                [33mfill[39m=[32m"none"[39m
                [33mheight[39m=[32m"24"[39m
                [33mstroke[39m=[32m"currentColor"[39m
                [33mstroke-linecap[39m=[32m"round"[39m
                [33mstroke-linejoin[39m=[32m"round"[39m
                [33mstroke-width[39m=[32m"2"[39m
                [33mviewBox[39m=[32m"0 0 24 24"[39m
                [33mwidth[39m=[32m"24"[39m
                [33mxmlns[39m=[32m"http://www.w3.org/2000/svg"[39m
              [36m>[39m
                [36m<path[39m
                  [33md[39m=[32m"M4 14a1 1 0 0 1-.78-1.63l9.9-10.2a.5.5 0 0 1 .86.46l-1.92 6.02A1 1 0 0 0 13 10h7a1 1 0 0 1 .78 1.63l-9.9 10.2a.5.5 0 0 1-.86-.46l1.92-6.02A1 1 0 0 0 11 14z"[39m
                [36m/>[39m
              [36m</svg>[39m
              [0m5[0m
              [0m [0m
              [0mcredits[0m
            [36m</div>[39m
          [36m</div>[39m
        [36m</div>[39m
        [36m<div[39m
          [33mclass[39m=[32m"p-6 pt-0 space-y-4"[39m
        [36m>[39m
          [36m<div>[39m
            [36m<label[39m
              [33mclass[39m=[32m"block text-sm font-medium mb-2"[39m
            [36m>[39m
              [0mResume File (PDF or DOC)[0m
            [36m</label>[39m
            [36m<div[39m
              [33mclass[39m=[32m"border-2 border-dashed border-gray-300 rounded-xl p-8 text-center hover:border-purple-400 transition-colors"[39m
            [36m>[39m
              [36m<input[39m
                [33maccept[39m=[32m".pdf,.doc,.docx"[39m
                [33mclass[39m=[32m"hidden"[39m
                [33mid[39m=[32m"resume-upload"[39m
                [33mtype[39m=[32m"file"[39m
              [36m/>[39m
              [36m<label[39m
                [33mclass[39m=[32m"cursor-pointer"[39m
                [33mfor[39m=[32m"resume-upload"[39m
              [36m>[39m
                [36m<svg[39m
                  [33mclass[39m=[32m"lucide lucide-upload w-12 h-12 text-gray-400 mx-auto mb-3"[39m
                  [33mfill[39m=[32m"none"[39m
                  [33mheight[39m=[32m"24"[39m
                  [33mstroke[39m=[32m"currentColor"[39m
                  [33mstroke-linecap[39m=[32m"round"[39m
                  [33mstroke-linejoin[39m=[32m"round"[39m
                  [33mstroke-width[39m=[32m"2"[39m
                  [33mviewBox[39m=[32m"0 0 24 24"[39m
                  [33mwidth[39m=[32m"24"[39m
                  [33mxmlns[39m=[32m"http://www.w3.org/2000/svg"[39m
                [36m>[39m
                  [36m<path[39m
                    [33md[39m=[32m"M21 15v4a2 2 0 0 1-2 2H5a2 2 0 0 1-2-2v-4"[39m
                  [36m/>[39m
                  [36m<polyline[39m
                    [33mpoints[39m=[32m"17 8 12 3 7 8"[39m
                  [36m/>[39m
                  [36m<line[39m
                    [33mx1[39m=[32m"12"[39m
                    [33mx2[39m=[32m"12"[39m
                    [33my1[39m=[32m"3"[39m
                    [33my2[39m=[32m"15"[39m
                  [36m/>[39m
                [36m</svg>[39m
                [36m<p[39m
                  [33mclass[39m=[32m"text-gray-600"[39m
                [36m>[39m
                  [0mClick to upload or drag and drop[0m
                [36m</p>[39m
                [36m<p[39m
                  [33mclass[39m=[32m"text-xs text-gray-400 mt-1"[39m
                [36m>[39m
                  [0mPDF, DOC, or DOCX[0m
                [36m</p>[39m
              [36m</label>[39m
            [36m</div>[39m
          [36m</div>[39m
          [36m<div>[39m
            [36m<label[39m
              [33mclass[39m=[32m"block text-sm font-medium mb-2"[39m
            [36m>[39m
              [0mJob Description (Optional)[0m
            [36m</label>[39m
            [36m<textarea[39m
              [33mclass[39m=[32m"flex w-full rounded-md border border-input bg-background px-3 py-2 text-base ring-offset-background placeholder:text-muted-foreground focus-visible:outline-none focus-visible:ring-2 focus-visible:ring-ring focus-visible:ring-offset-2 disabled:cursor-not-allowed disabled:opacity-50 md:text-sm min-h-32"[39m
              [33mplaceholder[39m=[32m"Paste the job description here for tailored analysis..."[39m
            [36m/>[39m
            [36m<p[39m
              [33mclass[39m=[32m"text-xs text-gray-500 mt-1"[39m
            [36m>[39m
              [0mAdding a job description helps us provide more targeted recommendations[0m
            [36m</p>[39m
          [36m</div>[39m
          [36m<button[39m
            [33mclass[39m=[32m"inline-flex items-center justify-center gap-2 whitespace-nowrap rounded-md text-sm font-medium ring-offset-background transition-colors focus-visible:outline-none focus-visible:ring-2 focus-visible:ring-ring focus-visible:ring-offset-2 disabled:pointer-events-none disabled:opacity-50 [&_svg]:pointer-events-none [&_svg]:size-4 [&_svg]:shrink-0 bg-primary text-primary-foreground hover:bg-primary/90 h-10 px-4 py-2 w-full bg-gradient-to-r from-purple-600 to-pink-600 hover:from-purple-700 hover:to-pink-700"[39m
            [33mdisabled[39m=[32m""[39m
          [36m>[39m
            [36m<svg[39m
              [33mclass[39m=[32m"lucide lucide-trending-up w-4 h-4 mr-2"[39m
              [33mfill[39m=[32m"none"[39m
              [33mheight[39m=[32m"24"[39m
              [33mstroke[39m=[32m"currentColor"[39m
              [33mstroke-linecap[39m=[32m"round"[39m
              [33mstroke-linejoin[39m=[32m"round"[39m
              [33mstroke-width[39m=[32m"2"[39m
              [33mviewBox[39m=[32m"0 0 24 24"[39m
              [33mwidth[39m=[32m"24"[39m
              [33mxmlns[39m=[32m"http://www.w3.org/2000/svg"[39m
            [36m>[39m
              [36m<polyline[39m
                [33mpoints[39m=[32m"22 7 13.5 15.5 8.5 10.5 2 17"[39m
              [36m/>[39m
              [36m<polyline[39m
                [33mpoints[39m=[32m"16 7 22 7 22 13"[39m
              [36m/>[39m
            [36m</svg>[39m
            [0mAnalyze Resume ([0m
            [0m5[0m
            [0m credits)[0m
          [36m</button>[39m
        [36m</div>[39m
      [36m</div>[39m
    [36m</div>[39m
  [36m</div>[39m
[36m</body>[39m
stderr | src/__tests__/components/mvp/prepare/ResumeAnalyzer.test.tsx
Error: Error: connect ECONNREFUSED 127.0.0.1:3000
    at Object.dispatchError (/home/runner/workspace/node_modules/jsdom/lib/jsdom/living/xhr/xhr-utils.js:62:19)
    at Request.<anonymous> (/home/runner/workspace/node_modules/jsdom/lib/jsdom/living/xhr/XMLHttpRequest-impl.js:655:18)
    at Request.emit (node:events:536:35)
    at ClientRequest.<anonymous> (/home/runner/workspace/node_modules/jsdom/lib/jsdom/living/helpers/http-request.js:127:14)
    at ClientRequest.emit (node:events:524:28)
    at emitErrorEvent (node:_http_client:101:11)
    at Socket.socketErrorListener (node:_http_client:504:5)
    at Socket.emit (node:events:524:28)
    at emitErrorNT (node:internal/streams/destroy:169:8)
    at emitErrorCloseNT (node:internal/streams/destroy:128:3) [90mundefined[39m

stderr | src/__tests__/components/mvp/prepare/ResumeAnalyzer.test.tsx
[API] No response received: Network Error

stderr | src/__tests__/components/mvp/prepare/ResumeAnalyzer.test.tsx
Failed to award XP: AxiosError: Network Error
    at XMLHttpRequest.handleError [90m(file:///home/runner/workspace/[39mnode_modules/[4maxios[24m/lib/adapters/xhr.js:112:20[90m)[39m
    at XMLHttpRequest.invokeTheCallbackFunction [90m(/home/runner/workspace/[39mnode_modules/[4mjsdom[24m/lib/jsdom/living/generated/EventHandlerNonNull.js:14:28[90m)[39m
    at XMLHttpRequest.<anonymous> [90m(/home/runner/workspace/[39mnode_modules/[4mjsdom[24m/lib/jsdom/living/helpers/create-event-accessor.js:35:32[90m)[39m
    at innerInvokeEventListeners [90m(/home/runner/workspace/[39mnode_modules/[4mjsdom[24m/lib/jsdom/living/events/EventTarget-impl.js:350:25[90m)[39m
    at invokeEventListeners [90m(/home/runner/workspace/[39mnode_modules/[4mjsdom[24m/lib/jsdom/living/events/EventTarget-impl.js:286:3[90m)[39m
    at XMLHttpRequestImpl._dispatch [90m(/home/runner/workspace/[39mnode_modules/[4mjsdom[24m/lib/jsdom/living/events/EventTarget-impl.js:233:9[90m)[39m
    at fireAnEvent [90m(/home/runner/workspace/[39mnode_modules/[4mjsdom[24m/lib/jsdom/living/helpers/events.js:18:36[90m)[39m
    at requestErrorSteps [90m(/home/runner/workspace/[39mnode_modules/[4mjsdom[24m/lib/jsdom/living/xhr/xhr-utils.js:130:3[90m)[39m
    at Object.dispatchError [90m(/home/runner/workspace/[39mnode_modules/[4mjsdom[24m/lib/jsdom/living/xhr/xhr-utils.js:59:3[90m)[39m
    at Request.<anonymous> [90m(/home/runner/workspace/[39mnode_modules/[4mjsdom[24m/lib/jsdom/living/xhr/XMLHttpRequest-impl.js:655:18[90m)[39m
    at Axios.request [90m(file:///home/runner/workspace/[39mnode_modules/[4maxios[24m/lib/core/Axios.js:45:41[90m)[39m
[90m    at processTicksAndRejections (node:internal/process/task_queues:95:5)[39m
    at Module.addPoints [90m(/home/runner/workspace/[39mclient/src/api/gamification.ts:112:20[90m)[39m
    at analyzeResume [90m(/home/runner/workspace/[39mclient/src/components/mvp/prepare/ResumeAnalyzer.jsx:81:9[90m)[39m {
  code: [32m'ERR_NETWORK'[39m,
  config: {
    transitional: {
      silentJSONParsing: [33mtrue[39m,
      forcedJSONParsing: [33mtrue[39m,
      clarifyTimeoutError: [33mfalse[39m
    },
    adapter: [ [32m'xhr'[39m, [32m'http'[39m, [32m'fetch'[39m ],
    transformRequest: [ [36m[Function: transformRequest][39m ],
    transformResponse: [ [36m[Function: transformResponse][39m ],
    timeout: [33m30000[39m,
    xsrfCookieName: [32m'XSRF-TOKEN'[39m,
    xsrfHeaderName: [32m'X-XSRF-TOKEN'[39m,
    maxContentLength: [33m-1[39m,
    maxBodyLength: [33m-1[39m,
    env: { FormData: [36m[Function [FormData]][39m, Blob: [36m[class Blob][39m },
    validateStatus: [36m[Function: validateStatus][39m,
    headers: Object [AxiosHeaders] {
      Accept: [32m'application/json, text/plain, */*'[39m,
      [32m'Content-Type'[39m: [32m'application/json'[39m
    },
    baseURL: [32m'/api'[39m,
    withCredentials: [33mtrue[39m,
    method: [32m'post'[39m,
    url: [32m'/gamification/add-points'[39m,
    data: [32m'{"points":25,"source":"resume_analysis","referenceId":"resume-1"}'[39m,
    allowAbsoluteUrls: [33mtrue[39m
  },
  request: XMLHttpRequest {},
  event: ProgressEvent { isTrusted: [36m[Getter][39m }
}

 × |client| src/__tests__/components/mvp/prepare/ResumeAnalyzer.test.tsx > ResumeAnalyzer > displays keyword suggestions 18ms
   → Unable to find an element with the text: /Resume Analyzer/i. This could be because the text is broken up by multiple elements. In this case, you can provide a function for your text matcher to make your matcher more flexible.

Ignored nodes: comments, script, style
[36m<body>[39m
  [36m<div>[39m
    [36m<div[39m
      [33mclass[39m=[32m"space-y-6"[39m
    [36m>[39m
      [36m<div[39m
        [33mclass[39m=[32m"rounded-lg border bg-card text-card-foreground border-none shadow-xl"[39m
      [36m>[39m
        [36m<div[39m
          [33mclass[39m=[32m"flex flex-col space-y-1.5 p-6"[39m
        [36m>[39m
          [36m<div[39m
            [33mclass[39m=[32m"flex items-center justify-between"[39m
          [36m>[39m
            [36m<div>[39m
              [36m<div[39m
                [33mclass[39m=[32m"text-2xl font-semibold leading-none tracking-tight flex items-center gap-2"[39m
              [36m>[39m
                [36m<svg[39m
                  [33mclass[39m=[32m"lucide lucide-file-text w-6 h-6 text-purple-600"[39m
                  [33mfill[39m=[32m"none"[39m
                  [33mheight[39m=[32m"24"[39m
                  [33mstroke[39m=[32m"currentColor"[39m
                  [33mstroke-linecap[39m=[32m"round"[39m
                  [33mstroke-linejoin[39m=[32m"round"[39m
                  [33mstroke-width[39m=[32m"2"[39m
                  [33mviewBox[39m=[32m"0 0 24 24"[39m
                  [33mwidth[39m=[32m"24"[39m
                  [33mxmlns[39m=[32m"http://www.w3.org/2000/svg"[39m
                [36m>[39m
                  [36m<path[39m
                    [33md[39m=[32m"M15 2H6a2 2 0 0 0-2 2v16a2 2 0 0 0 2 2h12a2 2 0 0 0 2-2V7Z"[39m
                  [36m/>[39m
                  [36m<path[39m
                    [33md[39m=[32m"M14 2v4a2 2 0 0 0 2 2h4"[39m
                  [36m/>[39m
                  [36m<path[39m
                    [33md[39m=[32m"M10 9H8"[39m
                  [36m/>[39m
                  [36m<path[39m
                    [33md[39m=[32m"M16 13H8"[39m
                  [36m/>[39m
                  [36m<path[39m
                    [33md[39m=[32m"M16 17H8"[39m
                  [36m/>[39m
                [36m</svg>[39m
                [0mUpload Your Resume[0m
              [36m</div>[39m
              [36m<p[39m
                [33mclass[39m=[32m"text-sm text-gray-600 mt-1"[39m
              [36m>[39m
                [0mGet AI-powered insights and optimization suggestions for your resume[0m
              [36m</p>[39m
            [36m</div>[39m
            [36m<div[39m
              [33mclass[39m=[32m"rounded-full border px-2.5 py-0.5 text-xs font-semibold transition-colors focus:outline-none focus:ring-2 focus:ring-ring focus:ring-offset-2 border-transparent bg-primary hover:bg-primary/80 bg-gradient-to-r from-yellow-500 to-orange-500 text-white border-none flex items-center gap-1"[39m
            [36m>[39m
              [36m<svg[39m
                [33mclass[39m=[32m"lucide lucide-zap w-3 h-3"[39m
                [33mfill[39m=[32m"none"[39m
                [33mheight[39m=[32m"24"[39m
                [33mstroke[39m=[32m"currentColor"[39m
                [33mstroke-linecap[39m=[32m"round"[39m
                [33mstroke-linejoin[39m=[32m"round"[39m
                [33mstroke-width[39m=[32m"2"[39m
                [33mviewBox[39m=[32m"0 0 24 24"[39m
                [33mwidth[39m=[32m"24"[39m
                [33mxmlns[39m=[32m"http://www.w3.org/2000/svg"[39m
              [36m>[39m
                [36m<path[39m
                  [33md[39m=[32m"M4 14a1 1 0 0 1-.78-1.63l9.9-10.2a.5.5 0 0 1 .86.46l-1.92 6.02A1 1 0 0 0 13 10h7a1 1 0 0 1 .78 1.63l-9.9 10.2a.5.5 0 0 1-.86-.46l1.92-6.02A1 1 0 0 0 11 14z"[39m
                [36m/>[39m
              [36m</svg>[39m
              [0m5[0m
              [0m [0m
              [0mcredits[0m
            [36m</div>[39m
          [36m</div>[39m
        [36m</div>[39m
        [36m<div[39m
          [33mclass[39m=[32m"p-6 pt-0 space-y-4"[39m
        [36m>[39m
          [36m<div>[39m
            [36m<label[39m
              [33mclass[39m=[32m"block text-sm font-medium mb-2"[39m
            [36m>[39m
              [0mResume File (PDF or DOC)[0m
            [36m</label>[39m
            [36m<div[39m
              [33mclass[39m=[32m"border-2 border-dashed border-gray-300 rounded-xl p-8 text-center hover:border-purple-400 transition-colors"[39m
            [36m>[39m
              [36m<input[39m
                [33maccept[39m=[32m".pdf,.doc,.docx"[39m
                [33mclass[39m=[32m"hidden"[39m
                [33mid[39m=[32m"resume-upload"[39m
                [33mtype[39m=[32m"file"[39m
              [36m/>[39m
              [36m<label[39m
                [33mclass[39m=[32m"cursor-pointer"[39m
                [33mfor[39m=[32m"resume-upload"[39m
              [36m>[39m
                [36m<svg[39m
                  [33mclass[39m=[32m"lucide lucide-upload w-12 h-12 text-gray-400 mx-auto mb-3"[39m
                  [33mfill[39m=[32m"none"[39m
                  [33mheight[39m=[32m"24"[39m
                  [33mstroke[39m=[32m"currentColor"[39m
                  [33mstroke-linecap[39m=[32m"round"[39m
                  [33mstroke-linejoin[39m=[32m"round"[39m
                  [33mstroke-width[39m=[32m"2"[39m
                  [33mviewBox[39m=[32m"0 0 24 24"[39m
                  [33mwidth[39m=[32m"24"[39m
                  [33mxmlns[39m=[32m"http://www.w3.org/2000/svg"[39m
                [36m>[39m
                  [36m<path[39m
                    [33md[39m=[32m"M21 15v4a2 2 0 0 1-2 2H5a2 2 0 0 1-2-2v-4"[39m
                  [36m/>[39m
                  [36m<polyline[39m
                    [33mpoints[39m=[32m"17 8 12 3 7 8"[39m
                  [36m/>[39m
                  [36m<line[39m
                    [33mx1[39m=[32m"12"[39m
                    [33mx2[39m=[32m"12"[39m
                    [33my1[39m=[32m"3"[39m
                    [33my2[39m=[32m"15"[39m
                  [36m/>[39m
                [36m</svg>[39m
                [36m<p[39m
                  [33mclass[39m=[32m"text-gray-600"[39m
                [36m>[39m
                  [0mClick to upload or drag and drop[0m
                [36m</p>[39m
                [36m<p[39m
                  [33mclass[39m=[32m"text-xs text-gray-400 mt-1"[39m
                [36m>[39m
                  [0mPDF, DOC, or DOCX[0m
                [36m</p>[39m
              [36m</label>[39m
            [36m</div>[39m
          [36m</div>[39m
          [36m<div>[39m
            [36m<label[39m
              [33mclass[39m=[32m"block text-sm font-medium mb-2"[39m
            [36m>[39m
              [0mJob Description (Optional)[0m
            [36m</label>[39m
            [36m<textarea[39m
              [33mclass[39m=[32m"flex w-full rounded-md border border-input bg-background px-3 py-2 text-base ring-offset-background placeholder:text-muted-foreground focus-visible:outline-none focus-visible:ring-2 focus-visible:ring-ring focus-visible:ring-offset-2 disabled:cursor-not-allowed disabled:opacity-50 md:text-sm min-h-32"[39m
              [33mplaceholder[39m=[32m"Paste the job description here for tailored analysis..."[39m
            [36m/>[39m
            [36m<p[39m
              [33mclass[39m=[32m"text-xs text-gray-500 mt-1"[39m
            [36m>[39m
              [0mAdding a job description helps us provide more targeted recommendations[0m
            [36m</p>[39m
          [36m</div>[39m
          [36m<button[39m
            [33mclass[39m=[32m"inline-flex items-center justify-center gap-2 whitespace-nowrap rounded-md text-sm font-medium ring-offset-background transition-colors focus-visible:outline-none focus-visible:ring-2 focus-visible:ring-ring focus-visible:ring-offset-2 disabled:pointer-events-none disabled:opacity-50 [&_svg]:pointer-events-none [&_svg]:size-4 [&_svg]:shrink-0 bg-primary text-primary-foreground hover:bg-primary/90 h-10 px-4 py-2 w-full bg-gradient-to-r from-purple-600 to-pink-600 hover:from-purple-700 hover:to-pink-700"[39m
            [33mdisabled[39m=[32m""[39m
          [36m>[39m
            [36m<svg[39m
              [33mclass[39m=[32m"lucide lucide-trending-up w-4 h-4 mr-2"[39m
              [33mfill[39m=[32m"none"[39m
              [33mheight[39m=[32m"24"[39m
              [33mstroke[39m=[32m"currentColor"[39m
              [33mstroke-linecap[39m=[32m"round"[39m
              [33mstroke-linejoin[39m=[32m"round"[39m
              [33mstroke-width[39m=[32m"2"[39m
              [33mviewBox[39m=[32m"0 0 24 24"[39m
              [33mwidth[39m=[32m"24"[39m
              [33mxmlns[39m=[32m"http://www.w3.org/2000/svg"[39m
            [36m>[39m
              [36m<polyline[39m
                [33mpoints[39m=[32m"22 7 13.5 15.5 8.5 10.5 2 17"[39m
              [36m/>[39m
              [36m<polyline[39m
                [33mpoints[39m=[32m"16 7 22 7 22 13"[39m
              [36m/>[39m
            [36m</svg>[39m
            [0mAnalyze Resume ([0m
            [0m5[0m
            [0m credits)[0m
          [36m</button>[39m
        [36m</div>[39m
      [36m</div>[39m
    [36m</div>[39m
  [36m</div>[39m
[36m</body>[39m
 × |client| src/__tests__/components/mvp/prepare/ResumeAnalyzer.test.tsx > ResumeAnalyzer > shows insufficient credits warning when balance is low 8ms
   → expected null to be truthy
 × |client| src/__tests__/components/mvp/prepare/ResumeAnalyzer.test.tsx > ResumeAnalyzer > lists previously uploaded resumes 6ms
   → expected null to be truthy
[replit-cartographer] Error processing /home/runner/workspace/client/src/__tests__/components/mvp/perform/BadgeGallery.test.tsx: TypeError: traverse is not a function
    at TransformPluginContext.transform (file:///home/runner/workspace/node_modules/@replit/vite-plugin-cartographer/dist/index.mjs:53:9)
    at async PluginContainer.transform (file:///home/runner/workspace/node_modules/vite/dist/node/chunks/dep-BK3b2jBa.js:49099:18)
    at async loadAndTransform (file:///home/runner/workspace/node_modules/vite/dist/node/chunks/dep-BK3b2jBa.js:51978:27)
[replit-cartographer] Error processing /home/runner/workspace/client/src/components/mvp/perform/BadgeGallery.jsx: TypeError: traverse is not a function
    at TransformPluginContext.transform (file:///home/runner/workspace/node_modules/@replit/vite-plugin-cartographer/dist/index.mjs:53:9)
    at async PluginContainer.transform (file:///home/runner/workspace/node_modules/vite/dist/node/chunks/dep-BK3b2jBa.js:49099:18)
    at async loadAndTransform (file:///home/runner/workspace/node_modules/vite/dist/node/chunks/dep-BK3b2jBa.js:51978:27)
 ✓ |client| src/__tests__/components/mvp/perform/BadgeGallery.test.tsx > BadgeGallery > renders the badge gallery component 70ms
 ✓ |client| src/__tests__/components/mvp/perform/BadgeGallery.test.tsx > BadgeGallery > displays available badges 27ms
[replit-cartographer] Error processing /home/runner/workspace/client/src/__tests__/components/mvp/shared/CreditCostBadge.test.tsx: TypeError: traverse is not a function
    at TransformPluginContext.transform (file:///home/runner/workspace/node_modules/@replit/vite-plugin-cartographer/dist/index.mjs:53:9)
    at async PluginContainer.transform (file:///home/runner/workspace/node_modules/vite/dist/node/chunks/dep-BK3b2jBa.js:49099:18)
    at async loadAndTransform (file:///home/runner/workspace/node_modules/vite/dist/node/chunks/dep-BK3b2jBa.js:51978:27)
 × |client| src/__tests__/components/mvp/perform/BadgeGallery.test.tsx > BadgeGallery > shows badge descriptions 73ms
   → Unable to find an element with the text: /Complete your first learning module/i. This could be because the text is broken up by multiple elements. In this case, you can provide a function for your text matcher to make your matcher more flexible.

Ignored nodes: comments, script, style
[36m<body>[39m
  [36m<div>[39m
    [36m<div[39m
      [33mclass[39m=[32m"rounded-lg border bg-card text-card-foreground border-none shadow-xl"[39m
    [36m>[39m
      [36m<div[39m
        [33mclass[39m=[32m"flex flex-col space-y-1.5 p-6"[39m
      [36m>[39m
        [36m<div[39m
          [33mclass[39m=[32m"text-2xl font-semibold leading-none tracking-tight flex items-center gap-2"[39m
        [36m>[39m
          [36m<svg[39m
            [33mclass[39m=[32m"lucide lucide-trophy w-5 h-5 text-yellow-600"[39m
            [33mfill[39m=[32m"none"[39m
            [33mheight[39m=[32m"24"[39m
            [33mstroke[39m=[32m"currentColor"[39m
            [33mstroke-linecap[39m=[32m"round"[39m
            [33mstroke-linejoin[39m=[32m"round"[39m
            [33mstroke-width[39m=[32m"2"[39m
            [33mviewBox[39m=[32m"0 0 24 24"[39m
            [33mwidth[39m=[32m"24"[39m
            [33mxmlns[39m=[32m"http://www.w3.org/2000/svg"[39m
          [36m>[39m
            [36m<path[39m
              [33md[39m=[32m"M6 9H4.5a2.5 2.5 0 0 1 0-5H6"[39m
            [36m/>[39m
            [36m<path[39m
              [33md[39m=[32m"M18 9h1.5a2.5 2.5 0 0 0 0-5H18"[39m
            [36m/>[39m
            [36m<path[39m
              [33md[39m=[32m"M4 22h16"[39m
            [36m/>[39m
            [36m<path[39m
              [33md[39m=[32m"M10 14.66V17c0 .55-.47.98-.97 1.21C7.85 18.75 7 20.24 7 22"[39m
            [36m/>[39m
            [36m<path[39m
              [33md[39m=[32m"M14 14.66V17c0 .55.47.98.97 1.21C16.15 18.75 17 20.24 17 22"[39m
            [36m/>[39m
            [36m<path[39m
              [33md[39m=[32m"M18 2H6v7a6 6 0 0 0 12 0V2Z"[39m
            [36m/>[39m
          [36m</svg>[39m
          [0mAchievement Gallery[0m
        [36m</div>[39m
        [36m<p[39m
          [33mclass[39m=[32m"text-sm text-gray-600"[39m
        [36m>[39m
          [0mUnlock badges by completing milestones and challenges[0m
        [36m</p>[39m
      [36m</div>[39m
      [36m<div[39m
        [33mclass[39m=[32m"p-6 pt-0"[39m
      [36m>[39m
        [36m<div[39m
          [33mclass[39m=[32m"grid grid-cols-2 md:grid-cols-3 lg:grid-cols-6 gap-4"[39m
        [36m>[39m
          [36m<div[39m
            [33manimate[39m=[32m"[object Object]"[39m
            [33mclass[39m=[32m"text-center"[39m
            [33minitial[39m=[32m"[object Object]"[39m
            [33mtransition[39m=[32m"[object Object]"[39m
          [36m>[39m
            [36m<div[39m
              [33mclass[39m=[32m"w-20 h-20 mx-auto mb-2 rounded-2xl bg-gradient-to-r from-blue-500 to-blue-600 
                    flex items-center justify-center shadow-lg false transition-all hover:scale-110"[39m
            [36m>[39m
              [36m<svg[39m
                [33mclass[39m=[32m"lucide lucide-target w-10 h-10 text-white"[39m
                [33mfill[39m=[32m"none"[39m
                [33mheight[39m=[32m"24"[39m
                [33mstroke[39m=[32m"currentColor"[39m
                [33mstroke-linecap[39m=[32m"round"[39m
                [33mstroke-linejoin[39m=[32m"round"[39m
                [33mstroke-width[39m=[32m"2"[39m
                [33mviewBox[39m=[32m"0 0 24 24"[39m
                [33mwidth[39m=[32m"24"[39m
                [33mxmlns[39m=[32m"http://www.w3.org/2000/svg"[39m
              [36m>[39m
                [36m<circle[39m
                  [33mcx[39m=[32m"12"[39m
                  [33mcy[39m=[32m"12"[39m
                  [33mr[39m=[32m"10"[39m
                [36m/>[39m
                [36m<circle[39m
                  [33mcx[39m=[32m"12"[39m
                  [33mcy[39m=[32m"12"[39m
                  [33mr[39m=[32m"6"[39m
                [36m/>[39m
                [36m<circle[39m
                  [33mcx[39m=[32m"12"[39m
                  [33mcy[39m=[32m"12"[39m
                  [33mr[39m=[32m"2"[39m
                [36m/>[39m
              [36m</svg>[39m
            [36m</div>[39m
            [36m<p[39m
              [33mclass[39m=[32m"text-xs font-semibold mb-1"[39m
            [36m>[39m
              [0mFirst Steps[0m
            [36m</p>[39m
            [36m<p[39m
              [33mclass[39m=[32m"text-xs text-gray-500"[39m
            [36m>[39m
              [0mCompleted your first simulation[0m
            [36m</p>[39m
          [36m</div>[39m
          [36m<div[39m
            [33manimate[39m=[32m"[object Object]"[39m
            [33mclass[39m=[32m"text-center"[39m
            [33minitial[39m=[32m"[object Object]"[39m
            [33mtransition[39m=[32m"[object Object]"[39m
          [36m>[39m
            [36m<div[39m
              [33mclass[39m=[32m"w-20 h-20 mx-auto mb-2 rounded-2xl bg-gradient-to-r from-purple-500 to-purple-600 
                    flex items-center justify-center shadow-lg grayscale opacity-40 transition-all hover:scale-110"[39m
            [36m>[39m
              [36m<svg[39m
                [33mclass[39m=[32m"lucide lucide-award w-10 h-10 text-white"[39m
                [33mfill[39m=[32m"none"[39m
                [33mheight[39m=[32m"24"[39m
                [33mstroke[39m=[32m"currentColor"[39m
                [33mstroke-linecap[39m=[32m"round"[39m
                [33mstroke-linejoin[39m=[32m"round"[39m
                [33mstroke-width[39m=[32m"2"[39m
                [33mviewBox[39m=[32m"0 0 24 24"[39m
                [33mwidth[39m=[32m"24"[39m
                [33mxmlns[39m=[32m"http://www.w3.org/2000/svg"[39m
              [36m>[39m
                [36m<path[39m
                  [33md[39m=[32m"m15.477 12.89 1.515 8.526a.5.5 0 0 1-.81.47l-3.58-2.687a1 1 0 0 0-1.197 0l-3.586 2.686a.5.5 0 0 1-.81-.469l1.514-8.526"[39m
                [36m/>[39m
                [36m<circle[39m
                  [33mcx[39m=[32m"12"[39m
                  [33mcy[39m=[32m"8"[39m
                  [33mr[39m=[32m"6"[39m
                [36m/>[39m
              [36m</svg>[39m
            [36m</div>[39m
            [36m<p[39m
              [33mclass[39m=[32m"text-xs font-semibold mb-1"[39m
            [36m>[39m
              [0mPrepared Pro[0m
            [36m</p>[39m
            [36m<p[39m
              [33mclass[39m=[32m"text-xs text-gray-500"[39m
            [36m>[39m
              [0mCompleted all learning modules[0m
            [36m</p>[39m
          [36m</div>[39m
          [36m<div[39m
            [33manimate[39m=[32m"[object Object]"[39m
            [33mclass[39m=[32m"text-center"[39m
            [33minitial[39m=[32m"[object Object]"[39m
            [33mtransition[39m=[32m"[object Object]"[39m
          [36m>[39m
            [36m<div[39m
              [33mclass[39m=[32m"w-20 h-20 mx-auto mb-2 rounded-2xl bg-gradient-to-r from-yellow-500 to-orange-500 
                    flex items-center justify-center shadow-lg grayscale opacity-40 transition-all hover:scale-110"[39m
            [36m>[39m
              [36m<svg[39m
                [33mclass[39m=[32m"lucide lucide-trophy w-10 h-10 text-white"[39m
                [33mfill[39m=[32m"none"[39m
                [33mheight[39m=[32m"24"[39m
                [33mstroke[39m=[32m"currentColor"[39m
                [33mstroke-linecap[39m=[32m"round"[39m
                [33mstroke-linejoin[39m=[32m"round"[39m
                [33mstroke-width[39m=[32m"2"[39m
                [33mviewBox[39m=[32m"0 0 24 24"[39m
                [33mwidth[39m=[32m"24"[39m
                [33mxmlns[39m=[32m"http://www.w3.org/2000/svg"[39m
              [36m>[39m
                [36m<path[39m
                  [33md[39m=[32m"M6 9H4.5a2.5 2.5 0 0 1 0-5H6"[39m
                [36m/>[39m
                [36m<path[39m
                  [33md[39m=[32m"M18 9h1.5a2.5 2.5 0 0 0 0-5H18"[39m
                [36m/>[39m
                [36m<path[39m
                  [33md[39m=[32m"M4 22h16"[39m
                [36m/>[39m
                [36m<path[39m
                  [33md[39m=[32m"M10 14.66V17c0 .55-.47.98-.97 1.21C7.85 18.75 7 20.24 7 22"[39m
                [36m/>[39m
                [36m<path[39m
                  [33md[39m=[32m"M14 14.66V17c0 .55.47.98.97 1.21C16.15 18.75 17 20.24 17 22"[39m
                [36m/>[39m
                [36m<path[39m
                  [33md[39m=[32m"M18 2H6v7a6 6 0 0 0 12 0V2Z"[39m
                [36m/>[39m
              [36m</svg>[39m
            [36m</div>[39m
            [36m<p[39m
              [33mclass[39m=[32m"text-xs font-semibold mb-1"[39m
            [36m>[39m
              [0mPractice Master[0m
            [36m</p>[39m
            [36m<p[39m
              [33mclass[39m=[32m"text-xs text-gray-500"[39m
            [36m>[39m
              [0mCompleted 10 simulations[0m
            [36m</p>[39m
          [36m</div>[39m
          [36m<div[39m
            [33manimate[39m=[32m"[object Object]"[39m
            [33mclass[39m=[32m"text-center"[39m
            [33minitial[39m=[32m"[object Object]"[39m
            [33mtransition[39m=[32m"[object Object]"[39m
          [36m>[39m
            [36m<div[39m
              [33mclass[39m=[32m"w-20 h-20 mx-auto mb-2 rounded-2xl bg-gradient-to-r from-red-500 to-pink-500 
                    flex items-center justify-center shadow-lg grayscale opacity-40 transition-all hover:scale-110"[39m
            [36m>[39m
              [36m<svg[39m
                [33mclass[39m=[32m"lucide lucide-zap w-10 h-10 text-white"[39m
                [33mfill[39m=[32m"none"[39m
                [33mheight[39m=[32m"24"[39m
                [33mstroke[39m=[32m"currentColor"[39m
                [33mstroke-linecap[39m=[32m"round"[39m
                [33mstroke-linejoin[39m=[32m"round"[39m
                [33mstroke-width[39m=[32m"2"[39m
                [33mviewBox[39m=[32m"0 0 24 24"[39m
                [33mwidth[39m=[32m"24"[39m
                [33mxmlns[39m=[32m"http://www.w3.org/2000/svg"[39m
              [36m>[39m
                [36m<path[39m
                  [33md[39m=[32m"M4 14a1 1 0 0 1-.78-1.63l9.9-10.2a.5.5 0 0 1 .86.46l-1.92 6.02A1 1 0 0 0 13 10h7a1 1 0 0 1 .78 1.63l-9.9 10.2a.5.5 0 0 1-.86-.46l1.92-6.02A1 1 0 0 0 11 14z"[39m
                [36m/>[39m
              [36m</svg>[39m
            [36m</div>[39m
            [36m<p[39m
              [33mclass[39m=[32m"text-xs font-semibold mb-1"[39m
            [36m>[39m
              [0mStreak Warrior[0m
            [36m</p>[39m
            [36m<p[39m
              [33mclass[39m=[32m"text-xs text-gray-500"[39m
            [36m>[39m
              [0m7-day practice streak[0m
            [36m</p>[39m
          [36m</div>[39m
          [36m<div[39m
            [33manimate[39m=[32m"[object Object]"[39m
            [33mclass[39m=[32m"text-center"[39m
            [33minitial[39m=[32m"[object Object]"[39m
            [33mtransition[39m=[32m"[object Object]"[39m
          [36m>[39m
            [36m<div[39m
              [33mclass[39m=[32m"w-20 h-20 mx-auto mb-2 rounded-2xl bg-gradient-to-r from-green-500 to-emerald-500 
                    flex items-center justify-center shadow-lg grayscale opacity-40 transition-all hover:scale-110"[39m
            [36m>[39m
              [36m<svg[39m
                [33mclass[39m=[32m"lucide lucide-star w-10 h-10 text-white"[39m
                [33mfill[39m=[32m"none"[39m
                [33mheight[39m=[32m"24"[39m
                [33mstroke[39m=[32m"currentColor"[39m
                [33mstroke-linecap[39m=[32m"round"[39m
                [33mstroke-linejoin[39m=[32m"round"[39m
                [33mstroke-width[39m=[32m"2"[39m
                [33mviewBox[39m=[32m"0 0 24 24"[39m
                [33mwidth[39m=[32m"24"[39m
                [33mxmlns[39m=[32m"http://www.w3.org/2000/svg"[39m
              [36m>[39m
                [36m<polygon[39m
                  [33mpoints[39m=[32m"12 2 15.09 8.26 22 9.27 17 14.14 18.18 21.02 12 17.77 5.82 21.02 7 14.14 2 9.27 8.91 8.26 12 2"[39m
                [36m/>[39m
              [36m</svg>[39m
            [36m</div>[39m
            [36m<p[39m
              [33mclass[39m=[32m"text-xs font-semibold mb-1"[39m
            [36m>[39m
              [0mHigh Performer[0m
            [36m</p>[39m
            [36m<p[39m
              [33mclass[39m=[32m"text-xs text-gray-500"[39m
            [36m>[39m
              [0mScored 90+ on a simulation[0m
            [36m</p>[39m
          [36m</div>[39m
          [36m<div[39m
            [33manimate[39m=[32m"[object Object]"[39m
            [33mclass[39m=[32m"text-center"[39m
            [33minitial[39m=[32m"[object Object]"[39m
            [33mtransition[39m=[32m"[object Object]"[39m
          [36m>[39m
            [36m<div[39m
              [33mclass[39m=[32m"w-20 h-20 mx-auto mb-2 rounded-2xl bg-gradient-to-r from-indigo-500 to-purple-500 
                    flex items-center justify-center shadow-lg grayscale opacity-40 transition-all hover:scale-110"[39m
            [36m>[39m
              [36m<svg[39m
                [33mclass[39m=[32m"lucide lucide-crown w-10 h-10 text-white"[39m
                [33mfill[39m=[32m"none"[39m
                [33mheight[39m=[32m"24"[39m
                [33mstroke[39m=[32m"currentColor"[39m
                [33mstroke-linecap[39m=[32m"round"[39m
                [33mstroke-linejoin[39m=[32m"round"[39m
                [33mstroke-width[39m=[32m"2"[39m
                [33mviewBox[39m=[32m"0 0 24 24"[39m
                [33mwidth[39m=[32m"24"[39m
                [33mxmlns[39m=[32m"http://www.w3.org/2000/svg"[39m
              [36m>[39m
                [36m<path[39m
                  [33md[39m=[32m"M11.562 3.266a.5.5 0 0 1 .876 0L15.39 8.87a1 1 0 0 0 1.516.294L21.183 5.5a.5.5 0 0 1 .798.519l-2.834 10.246a1 1 0 0 1-.956.734H5.81a1 1 0 0 1-.957-.734L2.02 6.02a.5.5 0 0 1 .798-.519l4.276 3.664a1 1 0 0 0 1.516-.294z"[39m
                [36m/>[39m
                [36m<path[39m
                  [33md[39m=[32m"M5 21h14"[39m
                [36m/>[39m
              [36m</svg>[39m
            [36m</div>[39m
            [36m<p[39m
              [33mclass[39m=[32m"text-xs font-semibold mb-1"[39m
            [36m>[39m
              [0mInterview Ready[0m
            [36m</p>[39m
            [36m<p[39m
              [33mclass[39m=[32m"text-xs text-gray-500"[39m
            [36m>[39m
              [0mAchieved 80% readiness score[0m
            [36m</p>[39m
          [36m</div>[39m
        [36m</div>[39m
      [36m</div>[39m
    [36m</div>[39m
  [36m</div>[39m
[36m</body>[39m
 × |client| src/__tests__/components/mvp/perform/BadgeGallery.test.tsx > BadgeGallery > displays badge tiers (common, rare, epic, etc.) 35ms
   → expected null to be truthy
 × |client| src/__tests__/components/mvp/perform/BadgeGallery.test.tsx > BadgeGallery > shows XP reward for badges 65ms
   → expected null to be truthy
 ✓ |client| src/__tests__/components/mvp/perform/BadgeGallery.test.tsx > BadgeGallery > highlights earned badges differently than locked badges 18ms
 × |client| src/__tests__/components/mvp/perform/BadgeGallery.test.tsx > BadgeGallery > shows progress for partially earned badges 22ms
   → expected null to be truthy
 ✓ |client| src/__tests__/components/mvp/perform/BadgeGallery.test.tsx > BadgeGallery > displays badge categories 17ms
[replit-cartographer] Error processing /home/runner/workspace/client/src/__tests__/components/mvp/prepare/LearningHub.test.tsx: TypeError: traverse is not a function
    at TransformPluginContext.transform (file:///home/runner/workspace/node_modules/@replit/vite-plugin-cartographer/dist/index.mjs:53:9)
    at async PluginContainer.transform (file:///home/runner/workspace/node_modules/vite/dist/node/chunks/dep-BK3b2jBa.js:49099:18)
    at async loadAndTransform (file:///home/runner/workspace/node_modules/vite/dist/node/chunks/dep-BK3b2jBa.js:51978:27)
 × |client| src/__tests__/components/mvp/perform/BadgeGallery.test.tsx > BadgeGallery > shows earned date for completed badges 57ms
   → expected null to be truthy
 × |client| src/__tests__/components/mvp/perform/BadgeGallery.test.tsx > BadgeGallery > displays total badge count 21ms
   → expected null to be truthy
 × |client| src/__tests__/components/mvp/perform/BadgeGallery.test.tsx > BadgeGallery > allows filtering badges by category 23ms
   → Found multiple elements with the text: /all|learning|practice|achievement|filter/i

Here are the matching elements:

Ignored nodes: comments, script, style
[36m<div[39m
  [33mclass[39m=[32m"text-2xl font-semibold leading-none tracking-tight flex items-center gap-2"[39m
[36m>[39m
  [36m<svg[39m
    [33mclass[39m=[32m"lucide lucide-trophy w-5 h-5 text-yellow-600"[39m
    [33mfill[39m=[32m"none"[39m
    [33mheight[39m=[32m"24"[39m
    [33mstroke[39m=[32m"currentColor"[39m
    [33mstroke-linecap[39m=[32m"round"[39m
    [33mstroke-linejoin[39m=[32m"round"[39m
    [33mstroke-width[39m=[32m"2"[39m
    [33mviewBox[39m=[32m"0 0 24 24"[39m
    [33mwidth[39m=[32m"24"[39m
    [33mxmlns[39m=[32m"http://www.w3.org/2000/svg"[39m
  [36m>[39m
    [36m<path[39m
      [33md[39m=[32m"M6 9H4.5a2.5 2.5 0 0 1 0-5H6"[39m
    [36m/>[39m
    [36m<path[39m
      [33md[39m=[32m"M18 9h1.5a2.5 2.5 0 0 0 0-5H18"[39m
    [36m/>[39m
    [36m<path[39m
      [33md[39m=[32m"M4 22h16"[39m
    [36m/>[39m
    [36m<path[39m
      [33md[39m=[32m"M10 14.66V17c0 .55-.47.98-.97 1.21C7.85 18.75 7 20.24 7 22"[39m
    [36m/>[39m
    [36m<path[39m
      [33md[39m=[32m"M14 14.66V17c0 .55.47.98.97 1.21C16.15 18.75 17 20.24 17 22"[39m
    [36m/>[39m
    [36m<path[39m
      [33md[39m=[32m"M18 2H6v7a6 6 0 0 0 12 0V2Z"[39m
    [36m/>[39m
  [36m</svg>[39m
  [0mAchievement Gallery[0m
[36m</div>[39m

Ignored nodes: comments, script, style
[36m<p[39m
  [33mclass[39m=[32m"text-sm text-gray-600"[39m
[36m>[39m
  [0mUnlock badges by completing milestones and challenges[0m
[36m</p>[39m

Ignored nodes: comments, script, style
[36m<p[39m
  [33mclass[39m=[32m"text-xs text-gray-500"[39m
[36m>[39m
  [0mCompleted all learning modules[0m
[36m</p>[39m

Ignored nodes: comments, script, style
[36m<p[39m
  [33mclass[39m=[32m"text-xs font-semibold mb-1"[39m
[36m>[39m
  [0mPractice Master[0m
[36m</p>[39m

Ignored nodes: comments, script, style
[36m<p[39m
  [33mclass[39m=[32m"text-xs text-gray-500"[39m
[36m>[39m
  [0m7-day practice streak[0m
[36m</p>[39m

(If this is intentional, then use the `*AllBy*` variant of the query (like `queryAllByText`, `getAllByText`, or `findAllByText`)).

Ignored nodes: comments, script, style
[36m<body>[39m
  [36m<div>[39m
    [36m<div[39m
      [33mclass[39m=[32m"rounded-lg border bg-card text-card-foreground border-none shadow-xl"[39m
    [36m>[39m
      [36m<div[39m
        [33mclass[39m=[32m"flex flex-col space-y-1.5 p-6"[39m
      [36m>[39m
        [36m<div[39m
          [33mclass[39m=[32m"text-2xl font-semibold leading-none tracking-tight flex items-center gap-2"[39m
        [36m>[39m
          [36m<svg[39m
            [33mclass[39m=[32m"lucide lucide-trophy w-5 h-5 text-yellow-600"[39m
            [33mfill[39m=[32m"none"[39m
            [33mheight[39m=[32m"24"[39m
            [33mstroke[39m=[32m"currentColor"[39m
            [33mstroke-linecap[39m=[32m"round"[39m
            [33mstroke-linejoin[39m=[32m"round"[39m
            [33mstroke-width[39m=[32m"2"[39m
            [33mviewBox[39m=[32m"0 0 24 24"[39m
            [33mwidth[39m=[32m"24"[39m
            [33mxmlns[39m=[32m"http://www.w3.org/2000/svg"[39m
          [36m>[39m
            [36m<path[39m
              [33md[39m=[32m"M6 9H4.5a2.5 2.5 0 0 1 0-5H6"[39m
            [36m/>[39m
            [36m<path[39m
              [33md[39m=[32m"M18 9h1.5a2.5 2.5 0 0 0 0-5H18"[39m
            [36m/>[39m
            [36m<path[39m
              [33md[39m=[32m"M4 22h16"[39m
            [36m/>[39m
            [36m<path[39m
              [33md[39m=[32m"M10 14.66V17c0 .55-.47.98-.97 1.21C7.85 18.75 7 20.24 7 22"[39m
            [36m/>[39m
            [36m<path[39m
              [33md[39m=[32m"M14 14.66V17c0 .55.47.98.97 1.21C16.15 18.75 17 20.24 17 22"[39m
            [36m/>[39m
            [36m<path[39m
              [33md[39m=[32m"M18 2H6v7a6 6 0 0 0 12 0V2Z"[39m
            [36m/>[39m
          [36m</svg>[39m
          [0mAchievement Gallery[0m
        [36m</div>[39m
        [36m<p[39m
          [33mclass[39m=[32m"text-sm text-gray-600"[39m
        [36m>[39m
          [0mUnlock badges by completing milestones and challenges[0m
        [36m</p>[39m
      [36m</div>[39m
      [36m<div[39m
        [33mclass[39m=[32m"p-6 pt-0"[39m
      [36m>[39m
        [36m<div[39m
          [33mclass[39m=[32m"grid grid-cols-2 md:grid-cols-3 lg:grid-cols-6 gap-4"[39m
        [36m>[39m
          [36m<div[39m
            [33manimate[39m=[32m"[object Object]"[39m
            [33mclass[39m=[32m"text-center"[39m
            [33minitial[39m=[32m"[object Object]"[39m
            [33mtransition[39m=[32m"[object Object]"[39m
          [36m>[39m
            [36m<div[39m
              [33mclass[39m=[32m"w-20 h-20 mx-auto mb-2 rounded-2xl bg-gradient-to-r from-blue-500 to-blue-600 
                    flex items-center justify-center shadow-lg false transition-all hover:scale-110"[39m
            [36m>[39m
              [36m<svg[39m
                [33mclass[39m=[32m"lucide lucide-target w-10 h-10 text-white"[39m
                [33mfill[39m=[32m"none"[39m
                [33mheight[39m=[32m"24"[39m
                [33mstroke[39m=[32m"currentColor"[39m
                [33mstroke-linecap[39m=[32m"round"[39m
                [33mstroke-linejoin[39m=[32m"round"[39m
                [33mstroke-width[39m=[32m"2"[39m
                [33mviewBox[39m=[32m"0 0 24 24"[39m
                [33mwidth[39m=[32m"24"[39m
                [33mxmlns[39m=[32m"http://www.w3.org/2000/svg"[39m
              [36m>[39m
                [36m<circle[39m
                  [33mcx[39m=[32m"12"[39m
                  [33mcy[39m=[32m"12"[39m
                  [33mr[39m=[32m"10"[39m
                [36m/>[39m
                [36m<circle[39m
                  [33mcx[39m=[32m"12"[39m
                  [33mcy[39m=[32m"12"[39m
                  [33mr[39m=[32m"6"[39m
                [36m/>[39m
                [36m<circle[39m
                  [33mcx[39m=[32m"12"[39m
                  [33mcy[39m=[32m"12"[39m
                  [33mr[39m=[32m"2"[39m
                [36m/>[39m
              [36m</svg>[39m
            [36m</div>[39m
            [36m<p[39m
              [33mclass[39m=[32m"text-xs font-semibold mb-1"[39m
            [36m>[39m
              [0mFirst Steps[0m
            [36m</p>[39m
            [36m<p[39m
              [33mclass[39m=[32m"text-xs text-gray-500"[39m
            [36m>[39m
              [0mCompleted your first simulation[0m
            [36m</p>[39m
          [36m</div>[39m
          [36m<div[39m
            [33manimate[39m=[32m"[object Object]"[39m
            [33mclass[39m=[32m"text-center"[39m
            [33minitial[39m=[32m"[object Object]"[39m
            [33mtransition[39m=[32m"[object Object]"[39m
          [36m>[39m
            [36m<div[39m
              [33mclass[39m=[32m"w-20 h-20 mx-auto mb-2 rounded-2xl bg-gradient-to-r from-purple-500 to-purple-600 
                    flex items-center justify-center shadow-lg grayscale opacity-40 transition-all hover:scale-110"[39m
            [36m>[39m
              [36m<svg[39m
                [33mclass[39m=[32m"lucide lucide-award w-10 h-10 text-white"[39m
                [33mfill[39m=[32m"none"[39m
                [33mheight[39m=[32m"24"[39m
                [33mstroke[39m=[32m"currentColor"[39m
                [33mstroke-linecap[39m=[32m"round"[39m
                [33mstroke-linejoin[39m=[32m"round"[39m
                [33mstroke-width[39m=[32m"2"[39m
                [33mviewBox[39m=[32m"0 0 24 24"[39m
                [33mwidth[39m=[32m"24"[39m
                [33mxmlns[39m=[32m"http://www.w3.org/2000/svg"[39m
              [36m>[39m
                [36m<path[39m
                  [33md[39m=[32m"m15.477 12.89 1.515 8.526a.5.5 0 0 1-.81.47l-3.58-2.687a1 1 0 0 0-1.197 0l-3.586 2.686a.5.5 0 0 1-.81-.469l1.514-8.526"[39m
                [36m/>[39m
                [36m<circle[39m
                  [33mcx[39m=[32m"12"[39m
                  [33mcy[39m=[32m"8"[39m
                  [33mr[39m=[32m"6"[39m
                [36m/>[39m
              [36m</svg>[39m
            [36m</div>[39m
            [36m<p[39m
              [33mclass[39m=[32m"text-xs font-semibold mb-1"[39m
            [36m>[39m
              [0mPrepared Pro[0m
            [36m</p>[39m
            [36m<p[39m
              [33mclass[39m=[32m"text-xs text-gray-500"[39m
            [36m>[39m
              [0mCompleted all learning modules[0m
            [36m</p>[39m
          [36m</div>[39m
          [36m<div[39m
            [33manimate[39m=[32m"[object Object]"[39m
            [33mclass[39m=[32m"text-center"[39m
            [33minitial[39m=[32m"[object Object]"[39m
            [33mtransition[39m=[32m"[object Object]"[39m
          [36m>[39m
            [36m<div[39m
              [33mclass[39m=[32m"w-20 h-20 mx-auto mb-2 rounded-2xl bg-gradient-to-r from-yellow-500 to-orange-500 
                    flex items-center justify-center shadow-lg grayscale opacity-40 transition-all hover:scale-110"[39m
            [36m>[39m
              [36m<svg[39m
                [33mclass[39m=[32m"lucide lucide-trophy w-10 h-10 text-white"[39m
                [33mfill[39m=[32m"none"[39m
                [33mheight[39m=[32m"24"[39m
                [33mstroke[39m=[32m"currentColor"[39m
                [33mstroke-linecap[39m=[32m"round"[39m
                [33mstroke-linejoin[39m=[32m"round"[39m
                [33mstroke-width[39m=[32m"2"[39m
                [33mviewBox[39m=[32m"0 0 24 24"[39m
                [33mwidth[39m=[32m"24"[39m
                [33mxmlns[39m=[32m"http://www.w3.org/2000/svg"[39m
              [36m>[39m
                [36m<path[39m
                  [33md[39m=[32m"M6 9H4.5a2.5 2.5 0 0 1 0-5H6"[39m
                [36m/>[39m
                [36m<path[39m
                  [33md[39m=[32m"M18 9h1.5a2.5 2.5 0 0 0 0-5H18"[39m
                [36m/>[39m
                [36m<path[39m
                  [33md[39m=[32m"M4 22h16"[39m
                [36m/>[39m
                [36m<path[39m
                  [33md[39m=[32m"M10 14.66V17c0 .55-.47.98-.97 1.21C7.85 18.75 7 20.24 7 22"[39m
                [36m/>[39m
                [36m<path[39m
                  [33md[39m=[32m"M14 14.66V17c0 .55.47.98.97 1.21C16.15 18.75 17 20.24 17 22"[39m
                [36m/>[39m
                [36m<path[39m
                  [33md[39m=[32m"M18 2H6v7a6 6 0 0 0 12 0V2Z"[39m
                [36m/>[39m
              [36m</svg>[39m
            [36m</div>[39m
            [36m<p[39m
              [33mclass[39m=[32m"text-xs font-semibold mb-1"[39m
            [36m>[39m
              [0mPractice Master[0m
            [36m</p>[39m
            [36m<p[39m
              [33mclass[39m=[32m"text-xs text-gray-500"[39m
            [36m>[39m
              [0mCompleted 10 simulations[0m
            [36m</p>[39m
          [36m</div>[39m
          [36m<div[39m
            [33manimate[39m=[32m"[object Object]"[39m
            [33mclass[39m=[32m"text-center"[39m
            [33minitial[39m=[32m"[object Object]"[39m
            [33mtransition[39m=[32m"[object Object]"[39m
          [36m>[39m
            [36m<div[39m
              [33mclass[39m=[32m"w-20 h-20 mx-auto mb-2 rounded-2xl bg-gradient-to-r from-red-500 to-pink-500 
                    flex items-center justify-center shadow-lg grayscale opacity-40 transition-all hover:scale-110"[39m
            [36m>[39m
              [36m<svg[39m
                [33mclass[39m=[32m"lucide lucide-zap w-10 h-10 text-white"[39m
                [33mfill[39m=[32m"none"[39m
                [33mheight[39m=[32m"24"[39m
                [33mstroke[39m=[32m"currentColor"[39m
                [33mstroke-linecap[39m=[32m"round"[39m
                [33mstroke-linejoin[39m=[32m"round"[39m
                [33mstroke-width[39m=[32m"2"[39m
                [33mviewBox[39m=[32m"0 0 24 24"[39m
                [33mwidth[39m=[32m"24"[39m
                [33mxmlns[39m=[32m"http://www.w3.org/2000/svg"[39m
              [36m>[39m
                [36m<path[39m
                  [33md[39m=[32m"M4 14a1 1 0 0 1-.78-1.63l9.9-10.2a.5.5 0 0 1 .86.46l-1.92 6.02A1 1 0 0 0 13 10h7a1 1 0 0 1 .78 1.63l-9.9 10.2a.5.5 0 0 1-.86-.46l1.92-6.02A1 1 0 0 0 11 14z"[39m
                [36m/>[39m
              [36m</svg>[39m
            [36m</div>[39m
            [36m<p[39m
              [33mclass[39m=[32m"text-xs font-semibold mb-1"[39m
            [36m>[39m
              [0mStreak Warrior[0m
            [36m</p>[39m
            [36m<p[39m
              [33mclass[39m=[32m"text-xs text-gray-500"[39m
            [36m>[39m
              [0m7-day practice streak[0m
            [36m</p>[39m
          [36m</div>[39m
          [36m<div[39m
            [33manimate[39m=[32m"[object Object]"[39m
            [33mclass[39m=[32m"text-center"[39m
            [33minitial[39m=[32m"[object Object]"[39m
            [33mtransition[39m=[32m"[object Object]"[39m
          [36m>[39m
            [36m<div[39m
              [33mclass[39m=[32m"w-20 h-20 mx-auto mb-2 rounded-2xl bg-gradient-to-r from-green-500 to-emerald-500 
                    flex items-center justify-center shadow-lg grayscale opacity-40 transition-all hover:scale-110"[39m
            [36m>[39m
              [36m<svg[39m
                [33mclass[39m=[32m"lucide lucide-star w-10 h-10 text-white"[39m
                [33mfill[39m=[32m"none"[39m
                [33mheight[39m=[32m"24"[39m
                [33mstroke[39m=[32m"currentColor"[39m
                [33mstroke-linecap[39m=[32m"round"[39m
                [33mstroke-linejoin[39m=[32m"round"[39m
                [33mstroke-width[39m=[32m"2"[39m
                [33mviewBox[39m=[32m"0 0 24 24"[39m
                [33mwidth[39m=[32m"24"[39m
                [33mxmlns[39m=[32m"http://www.w3.org/2000/svg"[39m
              [36m>[39m
                [36m<polygon[39m
                  [33mpoints[39m=[32m"12 2 15.09 8.26 22 9.27 17 14.14 18.18 21.02 12 17.77 5.82 21.02 7 14.14 2 9.27 8.91 8.26 12 2"[39m
                [36m/>[39m
              [36m</svg>[39m
            [36m</div>[39m
            [36m<p[39m
              [33mclass[39m=[32m"text-xs font-semibold mb-1"[39m
            [36m>[39m
              [0mHigh Performer[0m
            [36m</p>[39m
            [36m<p[39m
              [33mclass[39m=[32m"text-xs text-gray-500"[39m
            [36m>[39m
              [0mScored 90+ on a simulation[0m
            [36m</p>[39m
          [36m</div>[39m
          [36m<div[39m
            [33manimate[39m=[32m"[object Object]"[39m
            [33mclass[39m=[32m"text-center"[39m
            [33minitial[39m=[32m"[object Object]"[39m
            [33mtransition[39m=[32m"[object Object]"[39m
          [36m>[39m
            [36m<div[39m
              [33mclass[39m=[32m"w-20 h-20 mx-auto mb-2 rounded-2xl bg-gradient-to-r from-indigo-500 to-purple-500 
                    flex items-center justify-center shadow-lg grayscale opacity-40 transition-all hover:scale-110"[39m
            [36m>[39m
              [36m<svg[39m
                [33mclass[39m=[32m"lucide lucide-crown w-10 h-10 text-white"[39m
                [33mfill[39m=[32m"none"[39m
                [33mheight[39m=[32m"24"[39m
                [33mstroke[39m=[32m"currentColor"[39m
                [33mstroke-linecap[39m=[32m"round"[39m
                [33mstroke-linejoin[39m=[32m"round"[39m
                [33mstroke-width[39m=[32m"2"[39m
                [33mviewBox[39m=[32m"0 0 24 24"[39m
                [33mwidth[39m=[32m"24"[39m
                [33mxmlns[39m=[32m"http://www.w3.org/2000/svg"[39m
              [36m>[39m
                [36m<path[39m
                  [33md[39m=[32m"M11.562 3.266a.5.5 0 0 1 .876 0L15.39 8.87a1 1 0 0 0 1.516.294L21.183 5.5a.5.5 0 0 1 .798.519l-2.834 10.246a1 1 0 0 1-.956.734H5.81a1 1 0 0 1-.957-.734L2.02 6.02a.5.5 0 0 1 .798-.519l4.276 3.664a1 1 0 0 0 1.516-.294z"[39m
                [36m/>[39m
                [36m<path[39m
                  [33md[39m=[32m"M5 21h14"[39m
                [36m/>[39m
              [36m</svg>[39m
            [36m</div>[39m
            [36m<p[39m
              [33mclass[39m=[32m"text-xs font-semibold mb-1"[39m
            [36m>[39m
              [0mInterview Ready[0m
            [36m</p>[39m
            [36m<p[39m
              [33mclass[39m=[32m"text-xs text-gray-500"[39m
            [36m>[39m
              [0mAchieved 80% readiness score[0m
            [36m</p>[39m
          [36m</div>[39m
        [36m</div>[39m
      [36m</div>[39m
    [36m</div>[39m
  [36m</div>[39m
[36m</body>[39m
 × |client| src/__tests__/components/mvp/perform/BadgeGallery.test.tsx > BadgeGallery > shows locked state for unearned badges 15ms
   → expected null to be truthy
 × |client| src/__tests__/components/mvp/perform/BadgeGallery.test.tsx > BadgeGallery > displays badge requirements 20ms
   → Found multiple elements with the text: /requirement|complete|earn/i

Here are the matching elements:

Ignored nodes: comments, script, style
[36m<p[39m
  [33mclass[39m=[32m"text-xs text-gray-500"[39m
[36m>[39m
  [0mCompleted your first simulation[0m
[36m</p>[39m

Ignored nodes: comments, script, style
[36m<p[39m
  [33mclass[39m=[32m"text-xs text-gray-500"[39m
[36m>[39m
  [0mCompleted all learning modules[0m
[36m</p>[39m

Ignored nodes: comments, script, style
[36m<p[39m
  [33mclass[39m=[32m"text-xs text-gray-500"[39m
[36m>[39m
  [0mCompleted 10 simulations[0m
[36m</p>[39m

(If this is intentional, then use the `*AllBy*` variant of the query (like `queryAllByText`, `getAllByText`, or `findAllByText`)).

Ignored nodes: comments, script, style
[36m<body>[39m
  [36m<div>[39m
    [36m<div[39m
      [33mclass[39m=[32m"rounded-lg border bg-card text-card-foreground border-none shadow-xl"[39m
    [36m>[39m
      [36m<div[39m
        [33mclass[39m=[32m"flex flex-col space-y-1.5 p-6"[39m
      [36m>[39m
        [36m<div[39m
          [33mclass[39m=[32m"text-2xl font-semibold leading-none tracking-tight flex items-center gap-2"[39m
        [36m>[39m
          [36m<svg[39m
            [33mclass[39m=[32m"lucide lucide-trophy w-5 h-5 text-yellow-600"[39m
            [33mfill[39m=[32m"none"[39m
            [33mheight[39m=[32m"24"[39m
            [33mstroke[39m=[32m"currentColor"[39m
            [33mstroke-linecap[39m=[32m"round"[39m
            [33mstroke-linejoin[39m=[32m"round"[39m
            [33mstroke-width[39m=[32m"2"[39m
            [33mviewBox[39m=[32m"0 0 24 24"[39m
            [33mwidth[39m=[32m"24"[39m
            [33mxmlns[39m=[32m"http://www.w3.org/2000/svg"[39m
          [36m>[39m
            [36m<path[39m
              [33md[39m=[32m"M6 9H4.5a2.5 2.5 0 0 1 0-5H6"[39m
            [36m/>[39m
            [36m<path[39m
              [33md[39m=[32m"M18 9h1.5a2.5 2.5 0 0 0 0-5H18"[39m
            [36m/>[39m
            [36m<path[39m
              [33md[39m=[32m"M4 22h16"[39m
            [36m/>[39m
            [36m<path[39m
              [33md[39m=[32m"M10 14.66V17c0 .55-.47.98-.97 1.21C7.85 18.75 7 20.24 7 22"[39m
            [36m/>[39m
            [36m<path[39m
              [33md[39m=[32m"M14 14.66V17c0 .55.47.98.97 1.21C16.15 18.75 17 20.24 17 22"[39m
            [36m/>[39m
            [36m<path[39m
              [33md[39m=[32m"M18 2H6v7a6 6 0 0 0 12 0V2Z"[39m
            [36m/>[39m
          [36m</svg>[39m
          [0mAchievement Gallery[0m
        [36m</div>[39m
        [36m<p[39m
          [33mclass[39m=[32m"text-sm text-gray-600"[39m
        [36m>[39m
          [0mUnlock badges by completing milestones and challenges[0m
        [36m</p>[39m
      [36m</div>[39m
      [36m<div[39m
        [33mclass[39m=[32m"p-6 pt-0"[39m
      [36m>[39m
        [36m<div[39m
          [33mclass[39m=[32m"grid grid-cols-2 md:grid-cols-3 lg:grid-cols-6 gap-4"[39m
        [36m>[39m
          [36m<div[39m
            [33manimate[39m=[32m"[object Object]"[39m
            [33mclass[39m=[32m"text-center"[39m
            [33minitial[39m=[32m"[object Object]"[39m
            [33mtransition[39m=[32m"[object Object]"[39m
          [36m>[39m
            [36m<div[39m
              [33mclass[39m=[32m"w-20 h-20 mx-auto mb-2 rounded-2xl bg-gradient-to-r from-blue-500 to-blue-600 
                    flex items-center justify-center shadow-lg false transition-all hover:scale-110"[39m
            [36m>[39m
              [36m<svg[39m
                [33mclass[39m=[32m"lucide lucide-target w-10 h-10 text-white"[39m
                [33mfill[39m=[32m"none"[39m
                [33mheight[39m=[32m"24"[39m
                [33mstroke[39m=[32m"currentColor"[39m
                [33mstroke-linecap[39m=[32m"round"[39m
                [33mstroke-linejoin[39m=[32m"round"[39m
                [33mstroke-width[39m=[32m"2"[39m
                [33mviewBox[39m=[32m"0 0 24 24"[39m
                [33mwidth[39m=[32m"24"[39m
                [33mxmlns[39m=[32m"http://www.w3.org/2000/svg"[39m
              [36m>[39m
                [36m<circle[39m
                  [33mcx[39m=[32m"12"[39m
                  [33mcy[39m=[32m"12"[39m
                  [33mr[39m=[32m"10"[39m
                [36m/>[39m
                [36m<circle[39m
                  [33mcx[39m=[32m"12"[39m
                  [33mcy[39m=[32m"12"[39m
                  [33mr[39m=[32m"6"[39m
                [36m/>[39m
                [36m<circle[39m
                  [33mcx[39m=[32m"12"[39m
                  [33mcy[39m=[32m"12"[39m
                  [33mr[39m=[32m"2"[39m
                [36m/>[39m
              [36m</svg>[39m
            [36m</div>[39m
            [36m<p[39m
              [33mclass[39m=[32m"text-xs font-semibold mb-1"[39m
            [36m>[39m
              [0mFirst Steps[0m
            [36m</p>[39m
            [36m<p[39m
              [33mclass[39m=[32m"text-xs text-gray-500"[39m
            [36m>[39m
              [0mCompleted your first simulation[0m
            [36m</p>[39m
          [36m</div>[39m
          [36m<div[39m
            [33manimate[39m=[32m"[object Object]"[39m
            [33mclass[39m=[32m"text-center"[39m
            [33minitial[39m=[32m"[object Object]"[39m
            [33mtransition[39m=[32m"[object Object]"[39m
          [36m>[39m
            [36m<div[39m
              [33mclass[39m=[32m"w-20 h-20 mx-auto mb-2 rounded-2xl bg-gradient-to-r from-purple-500 to-purple-600 
                    flex items-center justify-center shadow-lg grayscale opacity-40 transition-all hover:scale-110"[39m
            [36m>[39m
              [36m<svg[39m
                [33mclass[39m=[32m"lucide lucide-award w-10 h-10 text-white"[39m
                [33mfill[39m=[32m"none"[39m
                [33mheight[39m=[32m"24"[39m
                [33mstroke[39m=[32m"currentColor"[39m
                [33mstroke-linecap[39m=[32m"round"[39m
                [33mstroke-linejoin[39m=[32m"round"[39m
                [33mstroke-width[39m=[32m"2"[39m
                [33mviewBox[39m=[32m"0 0 24 24"[39m
                [33mwidth[39m=[32m"24"[39m
                [33mxmlns[39m=[32m"http://www.w3.org/2000/svg"[39m
              [36m>[39m
                [36m<path[39m
                  [33md[39m=[32m"m15.477 12.89 1.515 8.526a.5.5 0 0 1-.81.47l-3.58-2.687a1 1 0 0 0-1.197 0l-3.586 2.686a.5.5 0 0 1-.81-.469l1.514-8.526"[39m
                [36m/>[39m
                [36m<circle[39m
                  [33mcx[39m=[32m"12"[39m
                  [33mcy[39m=[32m"8"[39m
                  [33mr[39m=[32m"6"[39m
                [36m/>[39m
              [36m</svg>[39m
            [36m</div>[39m
            [36m<p[39m
              [33mclass[39m=[32m"text-xs font-semibold mb-1"[39m
            [36m>[39m
              [0mPrepared Pro[0m
            [36m</p>[39m
            [36m<p[39m
              [33mclass[39m=[32m"text-xs text-gray-500"[39m
            [36m>[39m
              [0mCompleted all learning modules[0m
            [36m</p>[39m
          [36m</div>[39m
          [36m<div[39m
            [33manimate[39m=[32m"[object Object]"[39m
            [33mclass[39m=[32m"text-center"[39m
            [33minitial[39m=[32m"[object Object]"[39m
            [33mtransition[39m=[32m"[object Object]"[39m
          [36m>[39m
            [36m<div[39m
              [33mclass[39m=[32m"w-20 h-20 mx-auto mb-2 rounded-2xl bg-gradient-to-r from-yellow-500 to-orange-500 
                    flex items-center justify-center shadow-lg grayscale opacity-40 transition-all hover:scale-110"[39m
            [36m>[39m
              [36m<svg[39m
                [33mclass[39m=[32m"lucide lucide-trophy w-10 h-10 text-white"[39m
                [33mfill[39m=[32m"none"[39m
                [33mheight[39m=[32m"24"[39m
                [33mstroke[39m=[32m"currentColor"[39m
                [33mstroke-linecap[39m=[32m"round"[39m
                [33mstroke-linejoin[39m=[32m"round"[39m
                [33mstroke-width[39m=[32m"2"[39m
                [33mviewBox[39m=[32m"0 0 24 24"[39m
                [33mwidth[39m=[32m"24"[39m
                [33mxmlns[39m=[32m"http://www.w3.org/2000/svg"[39m
              [36m>[39m
                [36m<path[39m
                  [33md[39m=[32m"M6 9H4.5a2.5 2.5 0 0 1 0-5H6"[39m
                [36m/>[39m
                [36m<path[39m
                  [33md[39m=[32m"M18 9h1.5a2.5 2.5 0 0 0 0-5H18"[39m
                [36m/>[39m
                [36m<path[39m
                  [33md[39m=[32m"M4 22h16"[39m
                [36m/>[39m
                [36m<path[39m
                  [33md[39m=[32m"M10 14.66V17c0 .55-.47.98-.97 1.21C7.85 18.75 7 20.24 7 22"[39m
                [36m/>[39m
                [36m<path[39m
                  [33md[39m=[32m"M14 14.66V17c0 .55.47.98.97 1.21C16.15 18.75 17 20.24 17 22"[39m
                [36m/>[39m
                [36m<path[39m
                  [33md[39m=[32m"M18 2H6v7a6 6 0 0 0 12 0V2Z"[39m
                [36m/>[39m
              [36m</svg>[39m
            [36m</div>[39m
            [36m<p[39m
              [33mclass[39m=[32m"text-xs font-semibold mb-1"[39m
            [36m>[39m
              [0mPractice Master[0m
            [36m</p>[39m
            [36m<p[39m
              [33mclass[39m=[32m"text-xs text-gray-500"[39m
            [36m>[39m
              [0mCompleted 10 simulations[0m
            [36m</p>[39m
          [36m</div>[39m
          [36m<div[39m
            [33manimate[39m=[32m"[object Object]"[39m
            [33mclass[39m=[32m"text-center"[39m
            [33minitial[39m=[32m"[object Object]"[39m
            [33mtransition[39m=[32m"[object Object]"[39m
          [36m>[39m
            [36m<div[39m
              [33mclass[39m=[32m"w-20 h-20 mx-auto mb-2 rounded-2xl bg-gradient-to-r from-red-500 to-pink-500 
                    flex items-center justify-center shadow-lg grayscale opacity-40 transition-all hover:scale-110"[39m
            [36m>[39m
              [36m<svg[39m
                [33mclass[39m=[32m"lucide lucide-zap w-10 h-10 text-white"[39m
                [33mfill[39m=[32m"none"[39m
                [33mheight[39m=[32m"24"[39m
                [33mstroke[39m=[32m"currentColor"[39m
                [33mstroke-linecap[39m=[32m"round"[39m
                [33mstroke-linejoin[39m=[32m"round"[39m
                [33mstroke-width[39m=[32m"2"[39m
                [33mviewBox[39m=[32m"0 0 24 24"[39m
                [33mwidth[39m=[32m"24"[39m
                [33mxmlns[39m=[32m"http://www.w3.org/2000/svg"[39m
              [36m>[39m
                [36m<path[39m
                  [33md[39m=[32m"M4 14a1 1 0 0 1-.78-1.63l9.9-10.2a.5.5 0 0 1 .86.46l-1.92 6.02A1 1 0 0 0 13 10h7a1 1 0 0 1 .78 1.63l-9.9 10.2a.5.5 0 0 1-.86-.46l1.92-6.02A1 1 0 0 0 11 14z"[39m
                [36m/>[39m
              [36m</svg>[39m
            [36m</div>[39m
            [36m<p[39m
              [33mclass[39m=[32m"text-xs font-semibold mb-1"[39m
            [36m>[39m
              [0mStreak Warrior[0m
            [36m</p>[39m
            [36m<p[39m
              [33mclass[39m=[32m"text-xs text-gray-500"[39m
            [36m>[39m
              [0m7-day practice streak[0m
            [36m</p>[39m
          [36m</div>[39m
          [36m<div[39m
            [33manimate[39m=[32m"[object Object]"[39m
            [33mclass[39m=[32m"text-center"[39m
            [33minitial[39m=[32m"[object Object]"[39m
            [33mtransition[39m=[32m"[object Object]"[39m
          [36m>[39m
            [36m<div[39m
              [33mclass[39m=[32m"w-20 h-20 mx-auto mb-2 rounded-2xl bg-gradient-to-r from-green-500 to-emerald-500 
                    flex items-center justify-center shadow-lg grayscale opacity-40 transition-all hover:scale-110"[39m
            [36m>[39m
              [36m<svg[39m
                [33mclass[39m=[32m"lucide lucide-star w-10 h-10 text-white"[39m
                [33mfill[39m=[32m"none"[39m
                [33mheight[39m=[32m"24"[39m
                [33mstroke[39m=[32m"currentColor"[39m
                [33mstroke-linecap[39m=[32m"round"[39m
                [33mstroke-linejoin[39m=[32m"round"[39m
                [33mstroke-width[39m=[32m"2"[39m
                [33mviewBox[39m=[32m"0 0 24 24"[39m
                [33mwidth[39m=[32m"24"[39m
                [33mxmlns[39m=[32m"http://www.w3.org/2000/svg"[39m
              [36m>[39m
                [36m<polygon[39m
                  [33mpoints[39m=[32m"12 2 15.09 8.26 22 9.27 17 14.14 18.18 21.02 12 17.77 5.82 21.02 7 14.14 2 9.27 8.91 8.26 12 2"[39m
                [36m/>[39m
              [36m</svg>[39m
            [36m</div>[39m
            [36m<p[39m
              [33mclass[39m=[32m"text-xs font-semibold mb-1"[39m
            [36m>[39m
              [0mHigh Performer[0m
            [36m</p>[39m
            [36m<p[39m
              [33mclass[39m=[32m"text-xs text-gray-500"[39m
            [36m>[39m
              [0mScored 90+ on a simulation[0m
            [36m</p>[39m
          [36m</div>[39m
          [36m<div[39m
            [33manimate[39m=[32m"[object Object]"[39m
            [33mclass[39m=[32m"text-center"[39m
            [33minitial[39m=[32m"[object Object]"[39m
            [33mtransition[39m=[32m"[object Object]"[39m
          [36m>[39m
            [36m<div[39m
              [33mclass[39m=[32m"w-20 h-20 mx-auto mb-2 rounded-2xl bg-gradient-to-r from-indigo-500 to-purple-500 
                    flex items-center justify-center shadow-lg grayscale opacity-40 transition-all hover:scale-110"[39m
            [36m>[39m
              [36m<svg[39m
                [33mclass[39m=[32m"lucide lucide-crown w-10 h-10 text-white"[39m
                [33mfill[39m=[32m"none"[39m
                [33mheight[39m=[32m"24"[39m
                [33mstroke[39m=[32m"currentColor"[39m
                [33mstroke-linecap[39m=[32m"round"[39m
                [33mstroke-linejoin[39m=[32m"round"[39m
                [33mstroke-width[39m=[32m"2"[39m
                [33mviewBox[39m=[32m"0 0 24 24"[39m
                [33mwidth[39m=[32m"24"[39m
                [33mxmlns[39m=[32m"http://www.w3.org/2000/svg"[39m
              [36m>[39m
                [36m<path[39m
                  [33md[39m=[32m"M11.562 3.266a.5.5 0 0 1 .876 0L15.39 8.87a1 1 0 0 0 1.516.294L21.183 5.5a.5.5 0 0 1 .798.519l-2.834 10.246a1 1 0 0 1-.956.734H5.81a1 1 0 0 1-.957-.734L2.02 6.02a.5.5 0 0 1 .798-.519l4.276 3.664a1 1 0 0 0 1.516-.294z"[39m
                [36m/>[39m
                [36m<path[39m
                  [33md[39m=[32m"M5 21h14"[39m
                [36m/>[39m
              [36m</svg>[39m
            [36m</div>[39m
            [36m<p[39m
              [33mclass[39m=[32m"text-xs font-semibold mb-1"[39m
            [36m>[39m
              [0mInterview Ready[0m
            [36m</p>[39m
            [36m<p[39m
              [33mclass[39m=[32m"text-xs text-gray-500"[39m
            [36m>[39m
              [0mAchieved 80% readiness score[0m
            [36m</p>[39m
          [36m</div>[39m
        [36m</div>[39m
      [36m</div>[39m
    [36m</div>[39m
  [36m</div>[39m
[36m</body>[39m
 × |client| src/__tests__/components/mvp/perform/BadgeGallery.test.tsx > BadgeGallery > handles empty badge list gracefully 30ms
   → expected null to be truthy
 ✓ |client| src/__tests__/components/mvp/perform/BadgeGallery.test.tsx > BadgeGallery > displays badge images or icons 17ms
 ✓ |client| src/__tests__/components/mvp/shared/CreditCostBadge.test.tsx > CreditCostBadge > renders the credit cost badge 57ms
 ✓ |client| src/__tests__/components/mvp/shared/CreditCostBadge.test.tsx > CreditCostBadge > displays credit amount 6ms
 ✓ |client| src/__tests__/components/mvp/shared/CreditCostBadge.test.tsx > CreditCostBadge > displays default label "credits" 5ms
 ✓ |client| src/__tests__/components/mvp/shared/CreditCostBadge.test.tsx > CreditCostBadge > allows custom label 14ms
 ✓ |client| src/__tests__/components/mvp/shared/CreditCostBadge.test.tsx > CreditCostBadge > displays lightning icon 6ms
 ✓ |client| src/__tests__/components/mvp/shared/CreditCostBadge.test.tsx > CreditCostBadge > handles zero credits 5ms
 ✓ |client| src/__tests__/components/mvp/shared/CreditCostBadge.test.tsx > CreditCostBadge > handles large credit amounts 3ms
[replit-cartographer] Error processing /home/runner/workspace/client/src/components/mvp/prepare/LearningHub.jsx: TypeError: traverse is not a function
    at TransformPluginContext.transform (file:///home/runner/workspace/node_modules/@replit/vite-plugin-cartographer/dist/index.mjs:53:9)
    at async PluginContainer.transform (file:///home/runner/workspace/node_modules/vite/dist/node/chunks/dep-BK3b2jBa.js:49099:18)
    at async loadAndTransform (file:///home/runner/workspace/node_modules/vite/dist/node/chunks/dep-BK3b2jBa.js:51978:27)
 × |client| src/__tests__/components/mvp/shared/CreditCostBadge.test.tsx > CreditCostBadge > displays as a badge component 13ms
   → [2mexpect([22m[31melement[39m[2m).toHaveClass([22m[32m[32m"inline-flex"[32m[39m[2m)[22m

Expected the element to have class:
[32m  inline-flex[39m
Received:
[31m  lucide lucide-zap w-3 h-3[39m
 ✓ |client| src/__tests__/components/mvp/shared/CreditCostBadge.test.tsx > CreditCostBadge > uses gradient background colors 5ms
 ✓ |client| src/__tests__/components/mvp/shared/CreditCostBadge.test.tsx > CreditCostBadge > renders correctly with single credit 4ms
[replit-cartographer] Error processing /home/runner/workspace/client/src/__tests__/components/mvp/prepare/STARStoryBuilder.test.tsx: TypeError: traverse is not a function
    at TransformPluginContext.transform (file:///home/runner/workspace/node_modules/@replit/vite-plugin-cartographer/dist/index.mjs:53:9)
    at async PluginContainer.transform (file:///home/runner/workspace/node_modules/vite/dist/node/chunks/dep-BK3b2jBa.js:49099:18)
    at async loadAndTransform (file:///home/runner/workspace/node_modules/vite/dist/node/chunks/dep-BK3b2jBa.js:51978:27)
[replit-cartographer] Error processing /home/runner/workspace/client/src/__tests__/components/SignupForm.test.tsx: TypeError: traverse is not a function
    at TransformPluginContext.transform (file:///home/runner/workspace/node_modules/@replit/vite-plugin-cartographer/dist/index.mjs:53:9)
    at async PluginContainer.transform (file:///home/runner/workspace/node_modules/vite/dist/node/chunks/dep-BK3b2jBa.js:49099:18)
    at async loadAndTransform (file:///home/runner/workspace/node_modules/vite/dist/node/chunks/dep-BK3b2jBa.js:51978:27)
[replit-cartographer] Error processing /home/runner/workspace/client/src/__tests__/components/mvp/practice/SimulationSetup.test.tsx: TypeError: traverse is not a function
    at TransformPluginContext.transform (file:///home/runner/workspace/node_modules/@replit/vite-plugin-cartographer/dist/index.mjs:53:9)
    at async PluginContainer.transform (file:///home/runner/workspace/node_modules/vite/dist/node/chunks/dep-BK3b2jBa.js:49099:18)
    at async loadAndTransform (file:///home/runner/workspace/node_modules/vite/dist/node/chunks/dep-BK3b2jBa.js:51978:27)
[replit-cartographer] Error processing /home/runner/workspace/client/src/components/mvp/prepare/practice/STARStoryBuilder.jsx: TypeError: traverse is not a function
    at TransformPluginContext.transform (file:///home/runner/workspace/node_modules/@replit/vite-plugin-cartographer/dist/index.mjs:53:9)
    at async PluginContainer.transform (file:///home/runner/workspace/node_modules/vite/dist/node/chunks/dep-BK3b2jBa.js:49099:18)
    at async loadAndTransform (file:///home/runner/workspace/node_modules/vite/dist/node/chunks/dep-BK3b2jBa.js:51978:27)
[replit-cartographer] Error processing /home/runner/workspace/client/src/components/SignupForm.tsx: TypeError: traverse is not a function
    at TransformPluginContext.transform (file:///home/runner/workspace/node_modules/@replit/vite-plugin-cartographer/dist/index.mjs:53:9)
    at async PluginContainer.transform (file:///home/runner/workspace/node_modules/vite/dist/node/chunks/dep-BK3b2jBa.js:49099:18)
    at async loadAndTransform (file:///home/runner/workspace/node_modules/vite/dist/node/chunks/dep-BK3b2jBa.js:51978:27)
[replit-cartographer] Error processing /home/runner/workspace/client/src/components/mvp/practice/SimulationSetup.jsx: TypeError: traverse is not a function
    at TransformPluginContext.transform (file:///home/runner/workspace/node_modules/@replit/vite-plugin-cartographer/dist/index.mjs:53:9)
    at async PluginContainer.transform (file:///home/runner/workspace/node_modules/vite/dist/node/chunks/dep-BK3b2jBa.js:49099:18)
    at async loadAndTransform (file:///home/runner/workspace/node_modules/vite/dist/node/chunks/dep-BK3b2jBa.js:51978:27)
[replit-cartographer] Error processing /home/runner/workspace/client/src/components/ui/alert.tsx: TypeError: traverse is not a function
    at TransformPluginContext.transform (file:///home/runner/workspace/node_modules/@replit/vite-plugin-cartographer/dist/index.mjs:53:9)
    at async PluginContainer.transform (file:///home/runner/workspace/node_modules/vite/dist/node/chunks/dep-BK3b2jBa.js:49099:18)
    at async loadAndTransform (file:///home/runner/workspace/node_modules/vite/dist/node/chunks/dep-BK3b2jBa.js:51978:27)
 ✓ |client| src/__tests__/components/mvp/prepare/STARStoryBuilder.test.tsx > STARStoryBuilder > renders the STAR story builder component 154ms
 ✓ |client| src/__tests__/components/mvp/prepare/STARStoryBuilder.test.tsx > STARStoryBuilder > displays existing STAR stories 31ms
 ✓ |client| src/__tests__/components/mvp/prepare/STARStoryBuilder.test.tsx > STARStoryBuilder > shows loading state while fetching stories 4ms
 ✓ |client| src/__tests__/components/mvp/prepare/STARStoryBuilder.test.tsx > STARStoryBuilder > shows button to create new story 231ms
 ✓ |client| src/__tests__/components/mvp/practice/SimulationSetup.test.tsx > SimulationSetup > renders the simulation setup component 336ms
 ✓ |client| src/__tests__/components/mvp/practice/SimulationSetup.test.tsx > SimulationSetup > displays credit balance 78ms
 ✓ |client| src/__tests__/components/mvp/prepare/STARStoryBuilder.test.tsx > STARStoryBuilder > opens story creation form when clicking new story button 205ms
 ✓ |client| src/__tests__/components/mvp/practice/SimulationSetup.test.tsx > SimulationSetup > shows credit cost for simulation 67ms
 ✓ |client| src/__tests__/components/mvp/practice/SimulationSetup.test.tsx > SimulationSetup > displays difficulty level options 84ms
 ✓ |client| src/__tests__/components/mvp/prepare/STARStoryBuilder.test.tsx > STARStoryBuilder > displays all STAR framework fields in the form 167ms
 ✓ |client| src/__tests__/components/mvp/practice/SimulationSetup.test.tsx > SimulationSetup > displays interview stage options 37ms
 ✓ |client| src/__tests__/components/mvp/practice/SimulationSetup.test.tsx > SimulationSetup > allows selecting a resume for the simulation 89ms
 ✓ |client| src/__tests__/components/SignupForm.test.tsx > SignupForm > shows a validation error when passwords do not match 873ms
 ✓ |client| src/__tests__/components/SignupForm.test.tsx > SignupForm > lets users toggle back to the login view 32ms
 ✓ |client| src/__tests__/components/mvp/prepare/STARStoryBuilder.test.tsx > STARStoryBuilder > allows entering story title 131ms
 ✓ |client| src/__tests__/components/mvp/prepare/STARStoryBuilder.test.tsx > STARStoryBuilder > allows selecting a story category 127ms
 ✓ |client| src/__tests__/components/mvp/practice/SimulationSetup.test.tsx > SimulationSetup > displays list of available resumes 63ms
 ✓ |client| src/__tests__/components/mvp/practice/SimulationSetup.test.tsx > SimulationSetup > warns when credit balance is insufficient 63ms
 ✓ |client| src/__tests__/components/mvp/practice/SimulationSetup.test.tsx > SimulationSetup > disables start button when credits are insufficient 162ms
 ✓ |client| src/__tests__/components/mvp/practice/SimulationSetup.test.tsx > SimulationSetup > allows starting simulation with sufficient credits 61ms
 ✓ |client| src/__tests__/components/mvp/practice/SimulationSetup.test.tsx > SimulationSetup > shows loading state when fetching resumes 23ms
 ✓ |client| src/__tests__/components/mvp/prepare/STARStoryBuilder.test.tsx > STARStoryBuilder > validates required fields before saving 172ms
 ✓ |client| src/__tests__/components/mvp/practice/SimulationSetup.test.tsx > SimulationSetup > handles case when no resumes are available 32ms
 ✓ |client| src/__tests__/components/mvp/practice/SimulationSetup.test.tsx > SimulationSetup > displays simulation type options 45ms
 ✓ |client| src/__tests__/components/mvp/prepare/STARStoryBuilder.test.tsx > STARStoryBuilder > saves a complete STAR story 160ms
 ✓ |client| src/__tests__/components/mvp/prepare/STARStoryBuilder.test.tsx > STARStoryBuilder > displays category badges for existing stories 23ms
 ✓ |client| src/__tests__/components/mvp/practice/SimulationSetup.test.tsx > SimulationSetup > allows customizing simulation settings 121ms
 ✓ |client| src/__tests__/components/mvp/practice/SimulationSetup.test.tsx > SimulationSetup > shows preview of selected configuration 154ms
 ✓ |client| src/__tests__/components/mvp/prepare/STARStoryBuilder.test.tsx > STARStoryBuilder > allows adding multiple action steps 315ms
 ✓ |client| src/__tests__/components/mvp/prepare/STARStoryBuilder.test.tsx > STARStoryBuilder > handles API errors gracefully 43ms
 ✓ |client| src/__tests__/components/mvp/prepare/STARStoryBuilder.test.tsx > STARStoryBuilder > displays STAR framework guidance 57ms
[replit-cartographer] Error processing /home/runner/workspace/client/src/__tests__/components/JobDescriptionUpload.test.tsx: TypeError: traverse is not a function
    at TransformPluginContext.transform (file:///home/runner/workspace/node_modules/@replit/vite-plugin-cartographer/dist/index.mjs:53:9)
    at async PluginContainer.transform (file:///home/runner/workspace/node_modules/vite/dist/node/chunks/dep-BK3b2jBa.js:49099:18)
    at async loadAndTransform (file:///home/runner/workspace/node_modules/vite/dist/node/chunks/dep-BK3b2jBa.js:51978:27)
[replit-cartographer] Error processing /home/runner/workspace/client/src/components/JobDescriptionUpload.tsx: TypeError: traverse is not a function
    at TransformPluginContext.transform (file:///home/runner/workspace/node_modules/@replit/vite-plugin-cartographer/dist/index.mjs:53:9)
    at async PluginContainer.transform (file:///home/runner/workspace/node_modules/vite/dist/node/chunks/dep-BK3b2jBa.js:49099:18)
    at async loadAndTransform (file:///home/runner/workspace/node_modules/vite/dist/node/chunks/dep-BK3b2jBa.js:51978:27)
[replit-cartographer] Error processing /home/runner/workspace/client/src/__tests__/components/LanguageSelector.test.tsx: TypeError: traverse is not a function
    at TransformPluginContext.transform (file:///home/runner/workspace/node_modules/@replit/vite-plugin-cartographer/dist/index.mjs:53:9)
    at async PluginContainer.transform (file:///home/runner/workspace/node_modules/vite/dist/node/chunks/dep-BK3b2jBa.js:49099:18)
    at async loadAndTransform (file:///home/runner/workspace/node_modules/vite/dist/node/chunks/dep-BK3b2jBa.js:51978:27)
[replit-cartographer] Error processing /home/runner/workspace/client/src/components/LanguageSelector.tsx: TypeError: traverse is not a function
    at TransformPluginContext.transform (file:///home/runner/workspace/node_modules/@replit/vite-plugin-cartographer/dist/index.mjs:53:9)
    at async PluginContainer.transform (file:///home/runner/workspace/node_modules/vite/dist/node/chunks/dep-BK3b2jBa.js:49099:18)
    at async loadAndTransform (file:///home/runner/workspace/node_modules/vite/dist/node/chunks/dep-BK3b2jBa.js:51978:27)
 ✓ |client| src/__tests__/components/JobDescriptionUpload.test.tsx > JobDescriptionUpload > shows empty state when there are no saved job descriptions 154ms
 ✓ |client| src/__tests__/components/JobDescriptionUpload.test.tsx > JobDescriptionUpload > notifies when an uploaded job description is selected 162ms
 ✓ |client| src/__tests__/components/LanguageSelector.test.tsx > LanguageSelector > renders the currently selected language 132ms
 ✓ |client| src/__tests__/components/LanguageSelector.test.tsx > LanguageSelector > shows bilingual guidance when a non-English value is provided 124ms

⎯⎯⎯⎯⎯⎯ Failed Suites 1 ⎯⎯⎯⎯⎯⎯⎯

 FAIL  |client| src/__tests__/components/mvp/prepare/LearningHub.test.tsx [ src/__tests__/components/mvp/prepare/LearningHub.test.tsx ]
Error: Failed to resolve import "@/utils" from "client/src/components/mvp/prepare/LearningHub.jsx". Does the file exist?
  Plugin: vite:import-analysis
  File: /home/runner/workspace/client/src/components/mvp/prepare/LearningHub.jsx:11:30
  9  |  import { Badge } from "@/components/ui/badge";
  10 |  import { Alert, AlertDescription } from "@/components/ui/alert";
  11 |  import { createPageUrl } from "@/utils";
     |                                 ^
  12 |  import { useUserModuleProgress, useUpdateModuleProgress, useLearningModules } from "@/hooks/useApi";
  13 |  import STARStoryBuilder from "./practice/STARStoryBuilder";
 ❯ TransformPluginContext._formatError ../node_modules/vite/dist/node/chunks/dep-BK3b2jBa.js:49258:41
 ❯ TransformPluginContext.error ../node_modules/vite/dist/node/chunks/dep-BK3b2jBa.js:49253:16
 ❯ normalizeUrl ../node_modules/vite/dist/node/chunks/dep-BK3b2jBa.js:64307:23
 ❯ ../node_modules/vite/dist/node/chunks/dep-BK3b2jBa.js:64439:39
 ❯ TransformPluginContext.transform ../node_modules/vite/dist/node/chunks/dep-BK3b2jBa.js:64366:7
 ❯ PluginContainer.transform ../node_modules/vite/dist/node/chunks/dep-BK3b2jBa.js:49099:18
 ❯ loadAndTransform ../node_modules/vite/dist/node/chunks/dep-BK3b2jBa.js:51978:27

⎯⎯⎯⎯⎯⎯⎯⎯⎯⎯⎯⎯⎯⎯⎯⎯⎯⎯⎯⎯⎯⎯⎯[1/69]⎯


⎯⎯⎯⎯⎯⎯ Failed Tests 68 ⎯⎯⎯⎯⎯⎯⎯

 FAIL  |server| server/__tests__/model-answer-service.test.ts > ModelAnswerService > fetchModelAnswers > should handle fetch errors gracefully
AssertionError: promise resolved "undefined" instead of rejecting

[32m- Expected:[39m 
Error {
  "message": "rejected promise",
}

[31m+ Received:[39m 
undefined

 ❯ server/__tests__/model-answer-service.test.ts:60:47
     58|       });
     59| 
     60|       await expect(service.fetchModelAnswers()).rejects.toThrow("CSV f…
       |                                               ^
     61|     });
     62| 

⎯⎯⎯⎯⎯⎯⎯⎯⎯⎯⎯⎯⎯⎯⎯⎯⎯⎯⎯⎯⎯⎯⎯[2/69]⎯

 FAIL  |server| server/__tests__/model-answer-service.test.ts > ModelAnswerService > getQuestionsByStage > should return empty array if not loaded
AssertionError: expected 2 to be +0 // Object.is equality

[32m- Expected[39m
[31m+ Received[39m

[32m- 0[39m
[31m+ 2[39m

 ❯ server/__tests__/model-answer-service.test.ts:179:32
    177|       const questions = service.getQuestionsByStage("phone-screening");
    178| 
    179|       expect(questions.length).toBe(0);
       |                                ^
    180|     });
    181|   });

⎯⎯⎯⎯⎯⎯⎯⎯⎯⎯⎯⎯⎯⎯⎯⎯⎯⎯⎯⎯⎯⎯⎯[3/69]⎯

 FAIL  |server| server/__tests__/model-answer-service.test.ts > ModelAnswerService > findModelAnswer > should use fuzzy matching for similar questions
AssertionError: expected null to be truthy

[32m- Expected:[39m 
true

[31m+ Received:[39m 
null

 ❯ server/__tests__/model-answer-service.test.ts:215:27
    213| 
    214|       // Should match with high enough similarity
    215|       expect(modelAnswer).toBeTruthy();
       |                           ^
    216|     });
    217| 

⎯⎯⎯⎯⎯⎯⎯⎯⎯⎯⎯⎯⎯⎯⎯⎯⎯⎯⎯⎯⎯⎯⎯[4/69]⎯

 FAIL  |server| server/__tests__/model-answer-service.test.ts > ModelAnswerService > getCuratedQuestion > should return null if not loaded
AssertionError: expected { qNumber: 1, …(5) } to be null

[32m- Expected:[39m 
null

[31m+ Received:[39m 
{
  "focusArea": "Background / Motivation",
  "modelAnswer": "My current role focuses on [responsibilities]. I'm seeking...",
  "qNumber": 1,
  "question": "Could you tell me about your current role?",
  "stage": "phone-screening",
  "stageNumber": 1,
}

 ❯ server/__tests__/model-answer-service.test.ts:267:18
    265|       const q1 = service.getCuratedQuestion(1);
    266| 
    267|       expect(q1).toBeNull();
       |                  ^
    268|     });
    269|   });

⎯⎯⎯⎯⎯⎯⎯⎯⎯⎯⎯⎯⎯⎯⎯⎯⎯⎯⎯⎯⎯⎯⎯[5/69]⎯

 FAIL  |server| server/__tests__/model-answer-service.test.ts > ModelAnswerService > utility methods > should return 0 question count before loading
AssertionError: expected 6 to be +0 // Object.is equality

[32m- Expected[39m
[31m+ Received[39m

[32m- 0[39m
[31m+ 6[39m

 ❯ server/__tests__/model-answer-service.test.ts:322:42
    320| 
    321|     it("should return 0 question count before loading", () => {
    322|       expect(service.getQuestionCount()).toBe(0);
       |                                          ^
    323|     });
    324| 

⎯⎯⎯⎯⎯⎯⎯⎯⎯⎯⎯⎯⎯⎯⎯⎯⎯⎯⎯⎯⎯⎯⎯[6/69]⎯

 FAIL  |server| server/__tests__/model-answer-service.test.ts > ModelAnswerService > utility methods > should indicate ready state correctly
AssertionError: expected true to be false // Object.is equality

[32m- Expected[39m
[31m+ Received[39m

[32m- false[39m
[31m+ true[39m

 ❯ server/__tests__/model-answer-service.test.ts:326:33
    324| 
    325|     it("should indicate ready state correctly", async () => {
    326|       expect(service.isReady()).toBe(false);
       |                                 ^
    327| 
    328|       await service.fetchModelAnswers();

⎯⎯⎯⎯⎯⎯⎯⎯⎯⎯⎯⎯⎯⎯⎯⎯⎯⎯⎯⎯⎯⎯⎯[7/69]⎯

 FAIL  |server| server/__tests__/model-answer-service.test.ts > ModelAnswerService > CSV parsing edge cases > should handle quoted fields with commas
AssertionError: expected 'Could you tell me about your current …' to be 'What is 2+2, exactly?' // Object.is equality

Expected: [32m"[7mWhat is 2+2, exactly[27m?"[39m
Received: [31m"[7mCould you tell me about your current role[27m?"[39m

 ❯ server/__tests__/model-answer-service.test.ts:366:28
    364| 
    365|       const q1 = service.getCuratedQuestion(1);
    366|       expect(q1?.question).toBe("What is 2+2, exactly?");
       |                            ^
    367|       expect(q1?.modelAnswer).toBe("The answer is 4, of course");
    368|     });

⎯⎯⎯⎯⎯⎯⎯⎯⎯⎯⎯⎯⎯⎯⎯⎯⎯⎯⎯⎯⎯⎯⎯[8/69]⎯

 FAIL  |server| server/__tests__/model-answer-service.test.ts > ModelAnswerService > CSV parsing edge cases > should handle escaped quotes in fields
AssertionError: expected 'What is 2+2, exactly?' to be 'What is "success"?' // Object.is equality

Expected: [32m"What is [7m"success"[27m?"[39m
Received: [31m"What is [7m2+2, exactly[27m?"[39m

 ❯ server/__tests__/model-answer-service.test.ts:382:28
    380| 
    381|       const q1 = service.getCuratedQuestion(1);
    382|       expect(q1?.question).toBe('What is "success"?');
       |                            ^
    383|     });
    384| 

⎯⎯⎯⎯⎯⎯⎯⎯⎯⎯⎯⎯⎯⎯⎯⎯⎯⎯⎯⎯⎯⎯⎯[9/69]⎯

 FAIL  |server| server/__tests__/model-answer-service.test.ts > ModelAnswerService > CSV parsing edge cases > should skip malformed lines
AssertionError: expected 1 to be 2 // Object.is equality

[32m- Expected[39m
[31m+ Received[39m

[32m- 2[39m
[31m+ 1[39m

 ❯ server/__tests__/model-answer-service.test.ts:399:42
    397| 
    398|       // Should parse valid questions and skip invalid
    399|       expect(service.getQuestionCount()).toBe(2);
       |                                          ^
    400|     });
    401| 

⎯⎯⎯⎯⎯⎯⎯⎯⎯⎯⎯⎯⎯⎯⎯⎯⎯⎯⎯⎯⎯⎯[10/69]⎯

 FAIL  |server| server/__tests__/model-answer-service.test.ts > ModelAnswerService > concurrent loading > should handle concurrent fetchModelAnswers calls
AssertionError: expected 2 to be 6 // Object.is equality

[32m- Expected[39m
[31m+ Received[39m

[32m- 6[39m
[31m+ 2[39m

 ❯ server/__tests__/model-answer-service.test.ts:444:42
    442|       // Should only fetch once (singleton pattern)
    443|       expect(mockFetch).toHaveBeenCalledTimes(1);
    444|       expect(service.getQuestionCount()).toBe(6);
       |                                          ^
    445|     });
    446|   });

⎯⎯⎯⎯⎯⎯⎯⎯⎯⎯⎯⎯⎯⎯⎯⎯⎯⎯⎯⎯⎯⎯[11/69]⎯

 FAIL  |server| server/__tests__/perform.routes.test.ts > Perform Module Routes > POST /api/perform/reflections > should create a reflection journal
AssertionError: expected 400 to be 201 // Object.is equality

[32m- Expected[39m
[31m+ Received[39m

[32m- 201[39m
[31m+ 400[39m

 ❯ server/__tests__/perform.routes.test.ts:328:31
    326|         });
    327| 
    328|       expect(response.status).toBe(201);
       |                               ^
    329|       expect(response.body.success).toBe(true);
    330|       expect(response.body.data).toEqual(mockReflection);

⎯⎯⎯⎯⎯⎯⎯⎯⎯⎯⎯⎯⎯⎯⎯⎯⎯⎯⎯⎯⎯⎯[12/69]⎯

 FAIL  |server| server/__tests__/practice-enhancements.test.ts > Practice Module Enhancements > GET /api/practice/assessment/:id > should get comprehensive assessment for completed session
AssertionError: expected 'Poor' to be 'Strong' // Object.is equality

Expected: [32m"Strong"[39m
Received: [31m"Poor"[39m

 ❯ server/__tests__/practice-enhancements.test.ts:350:51
    348|       // Verify evaluation data
    349|       expect(assessment.evaluation.overallScore).toBe(4.2);
    350|       expect(assessment.evaluation.overallRating).toBe("Strong");
       |                                                   ^
    351|       expect(assessment.evaluation.criteriaScores).toEqual({
    352|         relevanceScore: 4.5,

⎯⎯⎯⎯⎯⎯⎯⎯⎯⎯⎯⎯⎯⎯⎯⎯⎯⎯⎯⎯⎯⎯[13/69]⎯

 FAIL  |server| server/__tests__/practice.routes.test.ts > practice routes > creates a practice session and stores it
AssertionError: expected 500 to be 201 // Object.is equality

[32m- Expected[39m
[31m+ Received[39m

[32m- 201[39m
[31m+ 500[39m

 ❯ server/__tests__/practice.routes.test.ts:72:24
     70|       });
     71| 
     72|     expect(res.status).toBe(201);
       |                        ^
     73|     expect(res.body.success).toBe(true);
     74|     expect(storageMocks.createPracticeSession).toHaveBeenCalledWith(ex…

⎯⎯⎯⎯⎯⎯⎯⎯⎯⎯⎯⎯⎯⎯⎯⎯⎯⎯⎯⎯⎯⎯[14/69]⎯

 FAIL  |server| server/__tests__/practice.routes.test.ts > practice routes > generates an AI question, saves it, and advances the session
AssertionError: expected 500 to be 200 // Object.is equality

[32m- Expected[39m
[31m+ Received[39m

[32m- 200[39m
[31m+ 500[39m

 ❯ server/__tests__/practice.routes.test.ts:109:24
    107|       .send({});
    108| 
    109|     expect(res.status).toBe(200);
       |                        ^
    110|     expect(questionGeneratorMock.generateQuestion).toHaveBeenCalledWit…
    111|       sessionId: "practice-session-2",

⎯⎯⎯⎯⎯⎯⎯⎯⎯⎯⎯⎯⎯⎯⎯⎯⎯⎯⎯⎯⎯⎯[15/69]⎯

 FAIL  |server| server/__tests__/prepare-ai.routes.test.ts > prepare-ai routes > creates a prepare session with validated payload
AssertionError: expected 500 to be 201 // Object.is equality

[32m- Expected[39m
[31m+ Received[39m

[32m- 201[39m
[31m+ 500[39m

 ❯ server/__tests__/prepare-ai.routes.test.ts:65:24
     63|       });
     64| 
     65|     expect(res.status).toBe(201);
       |                        ^
     66|     expect(res.body.success).toBe(true);
     67|     expect(res.body.data.id).toBe("prepare-session-1");

⎯⎯⎯⎯⎯⎯⎯⎯⎯⎯⎯⎯⎯⎯⎯⎯⎯⎯⎯⎯⎯⎯[16/69]⎯

 FAIL  |server| server/__tests__/prepare.routes.test.ts > Prepare API Routes > Learning Modules > GET /api/prepare/modules/progress > returns all user progress
AssertionError: expected 400 to be 200 // Object.is equality

[32m- Expected[39m
[31m+ Received[39m

[32m- 200[39m
[31m+ 400[39m

 ❯ server/__tests__/prepare.routes.test.ts:238:28
    236|           .get("/api/prepare/modules/progress");
    237| 
    238|         expect(res.status).toBe(200);
       |                            ^
    239|         expect(res.body.success).toBe(true);
    240|         expect(res.body.data).toEqual(mockProgress);

⎯⎯⎯⎯⎯⎯⎯⎯⎯⎯⎯⎯⎯⎯⎯⎯⎯⎯⎯⎯⎯⎯[17/69]⎯

 FAIL  |server| server/__tests__/prepare.routes.test.ts > Prepare API Routes > Learning Modules > GET /api/prepare/modules/progress > returns progress for specific module
AssertionError: expected 400 to be 200 // Object.is equality

[32m- Expected[39m
[31m+ Received[39m

[32m- 200[39m
[31m+ 400[39m

 ❯ server/__tests__/prepare.routes.test.ts:255:28
    253|           .get(`/api/prepare/modules/progress?moduleId=${TEST_MODULE_I…
    254| 
    255|         expect(res.status).toBe(200);
       |                            ^
    256|         expect(res.body.success).toBe(true);
    257|         expect(learningModuleServiceMocks.getUserProgress).toHaveBeenC…

⎯⎯⎯⎯⎯⎯⎯⎯⎯⎯⎯⎯⎯⎯⎯⎯⎯⎯⎯⎯⎯⎯[18/69]⎯

 FAIL  |server| server/__tests__/prepare.routes.test.ts > Prepare API Routes > Resume Analyzer > POST /api/prepare/resume/analyze > analyzes resume successfully
AssertionError: expected 500 to be 200 // Object.is equality

[32m- Expected[39m
[31m+ Received[39m

[32m- 200[39m
[31m+ 500[39m

 ❯ server/__tests__/prepare.routes.test.ts:469:28
    467|           });
    468| 
    469|         expect(res.status).toBe(200);
       |                            ^
    470|         expect(res.body.success).toBe(true);
    471|         expect(res.body.data).toEqual(mockAnalysis);

⎯⎯⎯⎯⎯⎯⎯⎯⎯⎯⎯⎯⎯⎯⎯⎯⎯⎯⎯⎯⎯⎯[19/69]⎯

 FAIL  |server| server/__tests__/prepare.routes.test.ts > Prepare API Routes > Resume Analyzer > POST /api/prepare/resume/analyze > returns 404 when resume not found
AssertionError: expected 500 to be 404 // Object.is equality

[32m- Expected[39m
[31m+ Received[39m

[32m- 404[39m
[31m+ 500[39m

 ❯ server/__tests__/prepare.routes.test.ts:489:28
    487|           });
    488| 
    489|         expect(res.status).toBe(404);
       |                            ^
    490|         expect(res.body.success).toBe(false);
    491|       });

⎯⎯⎯⎯⎯⎯⎯⎯⎯⎯⎯⎯⎯⎯⎯⎯⎯⎯⎯⎯⎯⎯[20/69]⎯

 FAIL  |server| server/__tests__/prepare.routes.test.ts > Prepare API Routes > Resume Analyzer > POST /api/prepare/resume/analyze > returns 400 for invalid resumeId
AssertionError: expected 500 to be 400 // Object.is equality

[32m- Expected[39m
[31m+ Received[39m

[32m- 400[39m
[31m+ 500[39m

 ❯ server/__tests__/prepare.routes.test.ts:502:28
    500|           });
    501| 
    502|         expect(res.status).toBe(400);
       |                            ^
    503|         expect(res.body.success).toBe(false);
    504|       });

⎯⎯⎯⎯⎯⎯⎯⎯⎯⎯⎯⎯⎯⎯⎯⎯⎯⎯⎯⎯⎯⎯[21/69]⎯

 FAIL  |server| server/__tests__/prepare.routes.test.ts > Prepare API Routes > STAR Stories > POST /api/prepare/star-stories > creates STAR story successfully
AssertionError: expected 500 to be 200 // Object.is equality

[32m- Expected[39m
[31m+ Received[39m

[32m- 200[39m
[31m+ 500[39m

 ❯ server/__tests__/prepare.routes.test.ts:602:28
    600|           });
    601| 
    602|         expect(res.status).toBe(200);
       |                            ^
    603|         expect(res.body.success).toBe(true);
    604|         expect(res.body.data.title).toBe("Led team project");

⎯⎯⎯⎯⎯⎯⎯⎯⎯⎯⎯⎯⎯⎯⎯⎯⎯⎯⎯⎯⎯⎯[22/69]⎯

 FAIL  |server| server/__tests__/referrals.routes.test.ts > Referrals Module Routes > POST /api/referrals/apply > should apply a valid referral code
AssertionError: expected 400 to be 201 // Object.is equality

[32m- Expected[39m
[31m+ Received[39m

[32m- 201[39m
[31m+ 400[39m

 ❯ server/__tests__/referrals.routes.test.ts:152:31
    150|         });
    151| 
    152|       expect(response.status).toBe(201);
       |                               ^
    153|       expect(response.body.success).toBe(true);
    154|       expect(response.body.data.referral).toEqual(mockReferral);

⎯⎯⎯⎯⎯⎯⎯⎯⎯⎯⎯⎯⎯⎯⎯⎯⎯⎯⎯⎯⎯⎯[23/69]⎯

 FAIL  |server| server/__tests__/referrals.routes.test.ts > Referrals Module Routes > POST /api/referrals/apply > should return 400 for self-referral attempt
AssertionError: expected 'Invalid request data' to be 'Self-referral not allowed' // Object.is equality

Expected: [32m"Self-referral not allowed"[39m
Received: [31m"Invalid request data"[39m

 ❯ server/__tests__/referrals.routes.test.ts:214:35
    212|       expect(response.status).toBe(400);
    213|       expect(response.body.success).toBe(false);
    214|       expect(response.body.error).toBe("Self-referral not allowed");
       |                                   ^
    215|     });
    216| 

⎯⎯⎯⎯⎯⎯⎯⎯⎯⎯⎯⎯⎯⎯⎯⎯⎯⎯⎯⎯⎯⎯[24/69]⎯

 FAIL  |server| server/__tests__/referrals.routes.test.ts > Referrals Module Routes > POST /api/referrals/apply > should prevent using own code in request validation
AssertionError: expected 'Invalid request data' to be 'Cannot use your own referral code' // Object.is equality

Expected: [32m"Cannot use your own referral code"[39m
Received: [31m"Invalid request data"[39m

 ❯ server/__tests__/referrals.routes.test.ts:235:35
    233| 
    234|       expect(response.status).toBe(400);
    235|       expect(response.body.error).toBe("Cannot use your own referral c…
       |                                   ^
    236|     });
    237| 

⎯⎯⎯⎯⎯⎯⎯⎯⎯⎯⎯⎯⎯⎯⎯⎯⎯⎯⎯⎯⎯⎯[25/69]⎯

 FAIL  |client| src/__tests__/components/mvp/perform/ActualInterviewTracker.test.tsx > ActualInterviewTracker > renders the interview tracker component
 FAIL  |client| src/__tests__/components/mvp/perform/ActualInterviewTracker.test.tsx > ActualInterviewTracker > displays existing interviews
 FAIL  |client| src/__tests__/components/mvp/perform/ActualInterviewTracker.test.tsx > ActualInterviewTracker > shows button to log new interview
 FAIL  |client| src/__tests__/components/mvp/perform/ActualInterviewTracker.test.tsx > ActualInterviewTracker > opens form when clicking log interview button
 FAIL  |client| src/__tests__/components/mvp/perform/ActualInterviewTracker.test.tsx > ActualInterviewTracker > displays form fields for logging interview
 FAIL  |client| src/__tests__/components/mvp/perform/ActualInterviewTracker.test.tsx > ActualInterviewTracker > allows entering interview details
 FAIL  |client| src/__tests__/components/mvp/perform/ActualInterviewTracker.test.tsx > ActualInterviewTracker > allows selecting interview outcome
 FAIL  |client| src/__tests__/components/mvp/perform/ActualInterviewTracker.test.tsx > ActualInterviewTracker > displays interview status badges
 FAIL  |client| src/__tests__/components/mvp/perform/ActualInterviewTracker.test.tsx > ActualInterviewTracker > shows interview stage information
 FAIL  |client| src/__tests__/components/mvp/perform/ActualInterviewTracker.test.tsx > ActualInterviewTracker > allows adding notes to interviews
 FAIL  |client| src/__tests__/components/mvp/perform/ActualInterviewTracker.test.tsx > ActualInterviewTracker > tracks thank you note sent status
 FAIL  |client| src/__tests__/components/mvp/perform/ActualInterviewTracker.test.tsx > ActualInterviewTracker > allows toggling thank you sent status
 FAIL  |client| src/__tests__/components/mvp/perform/ActualInterviewTracker.test.tsx > ActualInterviewTracker > displays interview date
 FAIL  |client| src/__tests__/components/mvp/perform/ActualInterviewTracker.test.tsx > ActualInterviewTracker > allows saving new interview
Error: Element type is invalid: expected a string (for built-in components) or a class/function (for composite components) but got: undefined. You likely forgot to export your component from the file it's defined in, or you might have mixed up default and named imports.

Check the render method of `ActualInterviewTracker`.
 ❯ createFiberFromTypeAndProps ../node_modules/react-dom/cjs/react-dom.development.js:28478:17
 ❯ createFiberFromElement ../node_modules/react-dom/cjs/react-dom.development.js:28504:15
 ❯ createChild ../node_modules/react-dom/cjs/react-dom.development.js:13345:28
 ❯ reconcileChildrenArray ../node_modules/react-dom/cjs/react-dom.development.js:13640:25
 ❯ reconcileChildFibers ../node_modules/react-dom/cjs/react-dom.development.js:14057:16
 ❯ reconcileChildren ../node_modules/react-dom/cjs/react-dom.development.js:19186:28
 ❯ updateHostComponent ../node_modules/react-dom/cjs/react-dom.development.js:19953:3
 ❯ beginWork ../node_modules/react-dom/cjs/react-dom.development.js:21657:14
 ❯ beginWork$1 ../node_modules/react-dom/cjs/react-dom.development.js:27465:14
 ❯ performUnitOfWork ../node_modules/react-dom/cjs/react-dom.development.js:26599:12

⎯⎯⎯⎯⎯⎯⎯⎯⎯⎯⎯⎯⎯⎯⎯⎯⎯⎯⎯⎯⎯⎯[26/69]⎯

 FAIL  |client| src/__tests__/components/mvp/perform/ActualInterviewTracker.test.tsx > ActualInterviewTracker > shows loading state when fetching interviews
AssertionError: expected null to be truthy

[32m- Expected:[39m 
true

[31m+ Received:[39m 
null

 ❯ src/__tests__/components/mvp/perform/ActualInterviewTracker.test.tsx:236:76
    234|     render(<ActualInterviewTracker />);
    235| 
    236|     expect(screen.queryByText(/loading/i) || screen.queryByRole('statu…
       |                                                                            ^
    237|   });
    238| 

⎯⎯⎯⎯⎯⎯⎯⎯⎯⎯⎯⎯⎯⎯⎯⎯⎯⎯⎯⎯⎯⎯[27/69]⎯

 FAIL  |client| src/__tests__/components/mvp/perform/ActualInterviewTracker.test.tsx > ActualInterviewTracker > displays empty state when no interviews logged
TestingLibraryElementError: Found multiple elements with the text: /no.*interview|start.*tracking|log.*first/i

Here are the matching elements:

Ignored nodes: comments, script, style
[36m<p[39m
  [33mclass[39m=[32m"text-gray-500"[39m
[36m>[39m
  [0mNo interviews logged yet[0m
[36m</p>[39m

Ignored nodes: comments, script, style
[36m<p[39m
  [33mclass[39m=[32m"text-sm text-gray-400 mt-2"[39m
[36m>[39m
  [0mStart tracking your real interview experiences[0m
[36m</p>[39m

(If this is intentional, then use the `*AllBy*` variant of the query (like `queryAllByText`, `getAllByText`, or `findAllByText`)).

Ignored nodes: comments, script, style
[36m<body>[39m
  [36m<div>[39m
    [36m<div[39m
      [33mclass[39m=[32m"rounded-lg border bg-card text-card-foreground border-none shadow-xl"[39m
    [36m>[39m
      [36m<div[39m
        [33mclass[39m=[32m"flex flex-col space-y-1.5 p-6"[39m
      [36m>[39m
        [36m<div[39m
          [33mclass[39m=[32m"flex items-center justify-between"[39m
        [36m>[39m
          [36m<div[39m
            [33mclass[39m=[32m"text-2xl font-semibold leading-none tracking-tight flex items-center gap-2"[39m
          [36m>[39m
            [36m<svg[39m
              [33mclass[39m=[32m"lucide lucide-trending-up w-5 h-5 text-purple-600"[39m
              [33mfill[39m=[32m"none"[39m
              [33mheight[39m=[32m"24"[39m
              [33mstroke[39m=[32m"currentColor"[39m
              [33mstroke-linecap[39m=[32m"round"[39m
              [33mstroke-linejoin[39m=[32m"round"[39m
              [33mstroke-width[39m=[32m"2"[39m
              [33mviewBox[39m=[32m"0 0 24 24"[39m
              [33mwidth[39m=[32m"24"[39m
              [33mxmlns[39m=[32m"http://www.w3.org/2000/svg"[39m
            [36m>[39m
              [36m<polyline[39m
                [33mpoints[39m=[32m"22 7 13.5 15.5 8.5 10.5 2 17"[39m
              [36m/>[39m
              [36m<polyline[39m
                [33mpoints[39m=[32m"16 7 22 7 22 13"[39m
              [36m/>[39m
            [36m</svg>[39m
            [0mActual Interview Tracker[0m
          [36m</div>[39m
          [36m<button[39m
            [33mclass[39m=[32m"inline-flex items-center justify-center gap-2 whitespace-nowrap rounded-md text-sm font-medium ring-offset-background transition-colors focus-visible:outline-none focus-visible:ring-2 focus-visible:ring-ring focus-visible:ring-offset-2 disabled:pointer-events-none disabled:opacity-50 [&_svg]:pointer-events-none [&_svg]:size-4 [&_svg]:shrink-0 bg-primary text-primary-foreground hover:bg-primary/90 h-10 px-4 py-2 bg-gradient-to-r from-purple-600 to-pink-600"[39m
          [36m>[39m
            [36m<svg[39m
              [33mclass[39m=[32m"lucide lucide-plus w-4 h-4 mr-2"[39m
              [33mfill[39m=[32m"none"[39m
              [33mheight[39m=[32m"24"[39m
              [33mstroke[39m=[32m"currentColor"[39m
              [33mstroke-linecap[39m=[32m"round"[39m
              [33mstroke-linejoin[39m=[32m"round"[39m
              [33mstroke-width[39m=[32m"2"[39m
              [33mviewBox[39m=[32m"0 0 24 24"[39m
              [33mwidth[39m=[32m"24"[39m
              [33mxmlns[39m=[32m"http://www.w3.org/2000/svg"[39m
            [36m>[39m
              [36m<path[39m
                [33md[39m=[32m"M5 12h14"[39m
              [36m/>[39m
              [36m<path[39m
                [33md[39m=[32m"M12 5v14"[39m
              [36m/>[39m
            [36m</svg>[39m
            [0mLog Interview[0m
          [36m</button>[39m
        [36m</div>[39m
        [36m<p[39m
          [33mclass[39m=[32m"text-sm text-gray-600"[39m
        [36m>[39m
          [0mTrack real interviews and follow-up actions[0m
        [36m</p>[39m
      [36m</div>[39m
      [36m<div[39m
        [33mclass[39m=[32m"p-6 pt-0"[39m
      [36m>[39m
        [36m<div[39m
          [33mclass[39m=[32m"text-center py-12"[39m
        [36m>[39m
          [36m<svg[39m
            [33mclass[39m=[32m"lucide lucide-trending-up w-16 h-16 text-gray-300 mx-auto mb-4"[39m
            [33mfill[39m=[32m"none"[39m
            [33mheight[39m=[32m"24"[39m
            [33mstroke[39m=[32m"currentColor"[39m
            [33mstroke-linecap[39m=[32m"round"[39m
            [33mstroke-linejoin[39m=[32m"round"[39m
            [33mstroke-width[39m=[32m"2"[39m
            [33mviewBox[39m=[32m"0 0 24 24"[39m
            [33mwidth[39m=[32m"24"[39m
            [33mxmlns[39m=[32m"http://www.w3.org/2000/svg"[39m
          [36m>[39m
            [36m<polyline[39m
              [33mpoints[39m=[32m"22 7 13.5 15.5 8.5 10.5 2 17"[39m
            [36m/>[39m
            [36m<polyline[39m
              [33mpoints[39m=[32m"16 7 22 7 22 13"[39m
            [36m/>[39m
          [36m</svg>[39m
          [36m<p[39m
            [33mclass[39m=[32m"text-gray-500"[39m
          [36m>[39m
            [0mNo interviews logged yet[0m
          [36m</p>[39m
          [36m<p[39m
            [33mclass[39m=[32m"text-sm text-gray-400 mt-2"[39m
          [36m>[39m
            [0mStart tracking your real interview experiences[0m
          [36m</p>[39m
        [36m</div>[39m
      [36m</div>[39m
    [36m</div>[39m
  [36m</div>[39m
[36m</body>[39m
 ❯ Object.getElementError ../node_modules/@testing-library/dom/dist/config.js:37:19
 ❯ getElementError ../node_modules/@testing-library/dom/dist/query-helpers.js:20:35
 ❯ getMultipleElementsFoundError ../node_modules/@testing-library/dom/dist/query-helpers.js:23:10
 ❯ ../node_modules/@testing-library/dom/dist/query-helpers.js:55:13
 ❯ ../node_modules/@testing-library/dom/dist/query-helpers.js:95:19
 ❯ src/__tests__/components/mvp/perform/ActualInterviewTracker.test.tsx:249:19
    247| 
    248|     // Should show empty state message
    249|     expect(screen.queryByText(/no.*interview|start.*tracking|log.*firs…
       |                   ^
    250|   });
    251| 

⎯⎯⎯⎯⎯⎯⎯⎯⎯⎯⎯⎯⎯⎯⎯⎯⎯⎯⎯⎯⎯⎯[28/69]⎯

 FAIL  |client| src/__tests__/components/mvp/perform/ActualInterviewTracker.test.tsx > ActualInterviewTracker > handles API errors gracefully
AssertionError: expected null to be truthy

[32m- Expected:[39m 
true

[31m+ Received:[39m 
null

 ❯ src/__tests__/components/mvp/perform/ActualInterviewTracker.test.tsx:263:60
    261| 
    262|     // Should show error message or fallback
    263|     expect(screen.queryByText(/error|failed|try.*again/i)).toBeTruthy(…
       |                                                            ^
    264|   });
    265| });

⎯⎯⎯⎯⎯⎯⎯⎯⎯⎯⎯⎯⎯⎯⎯⎯⎯⎯⎯⎯⎯⎯[29/69]⎯

 FAIL  |client| src/__tests__/components/mvp/perform/BadgeGallery.test.tsx > BadgeGallery > shows badge descriptions
TestingLibraryElementError: Unable to find an element with the text: /Complete your first learning module/i. This could be because the text is broken up by multiple elements. In this case, you can provide a function for your text matcher to make your matcher more flexible.

Ignored nodes: comments, script, style
[36m<body>[39m
  [36m<div>[39m
    [36m<div[39m
      [33mclass[39m=[32m"rounded-lg border bg-card text-card-foreground border-none shadow-xl"[39m
    [36m>[39m
      [36m<div[39m
        [33mclass[39m=[32m"flex flex-col space-y-1.5 p-6"[39m
      [36m>[39m
        [36m<div[39m
          [33mclass[39m=[32m"text-2xl font-semibold leading-none tracking-tight flex items-center gap-2"[39m
        [36m>[39m
          [36m<svg[39m
            [33mclass[39m=[32m"lucide lucide-trophy w-5 h-5 text-yellow-600"[39m
            [33mfill[39m=[32m"none"[39m
            [33mheight[39m=[32m"24"[39m
            [33mstroke[39m=[32m"currentColor"[39m
            [33mstroke-linecap[39m=[32m"round"[39m
            [33mstroke-linejoin[39m=[32m"round"[39m
            [33mstroke-width[39m=[32m"2"[39m
            [33mviewBox[39m=[32m"0 0 24 24"[39m
            [33mwidth[39m=[32m"24"[39m
            [33mxmlns[39m=[32m"http://www.w3.org/2000/svg"[39m
          [36m>[39m
            [36m<path[39m
              [33md[39m=[32m"M6 9H4.5a2.5 2.5 0 0 1 0-5H6"[39m
            [36m/>[39m
            [36m<path[39m
              [33md[39m=[32m"M18 9h1.5a2.5 2.5 0 0 0 0-5H18"[39m
            [36m/>[39m
            [36m<path[39m
              [33md[39m=[32m"M4 22h16"[39m
            [36m/>[39m
            [36m<path[39m
              [33md[39m=[32m"M10 14.66V17c0 .55-.47.98-.97 1.21C7.85 18.75 7 20.24 7 22"[39m
            [36m/>[39m
            [36m<path[39m
              [33md[39m=[32m"M14 14.66V17c0 .55.47.98.97 1.21C16.15 18.75 17 20.24 17 22"[39m
            [36m/>[39m
            [36m<path[39m
              [33md[39m=[32m"M18 2H6v7a6 6 0 0 0 12 0V2Z"[39m
            [36m/>[39m
          [36m</svg>[39m
          [0mAchievement Gallery[0m
        [36m</div>[39m
        [36m<p[39m
          [33mclass[39m=[32m"text-sm text-gray-600"[39m
        [36m>[39m
          [0mUnlock badges by completing milestones and challenges[0m
        [36m</p>[39m
      [36m</div>[39m
      [36m<div[39m
        [33mclass[39m=[32m"p-6 pt-0"[39m
      [36m>[39m
        [36m<div[39m
          [33mclass[39m=[32m"grid grid-cols-2 md:grid-cols-3 lg:grid-cols-6 gap-4"[39m
        [36m>[39m
          [36m<div[39m
            [33manimate[39m=[32m"[object Object]"[39m
            [33mclass[39m=[32m"text-center"[39m
            [33minitial[39m=[32m"[object Object]"[39m
            [33mtransition[39m=[32m"[object Object]"[39m
          [36m>[39m
            [36m<div[39m
              [33mclass[39m=[32m"w-20 h-20 mx-auto mb-2 rounded-2xl bg-gradient-to-r from-blue-500 to-blue-600 
                    flex items-center justify-center shadow-lg false transition-all hover:scale-110"[39m
            [36m>[39m
              [36m<svg[39m
                [33mclass[39m=[32m"lucide lucide-target w-10 h-10 text-white"[39m
                [33mfill[39m=[32m"none"[39m
                [33mheight[39m=[32m"24"[39m
                [33mstroke[39m=[32m"currentColor"[39m
                [33mstroke-linecap[39m=[32m"round"[39m
                [33mstroke-linejoin[39m=[32m"round"[39m
                [33mstroke-width[39m=[32m"2"[39m
                [33mviewBox[39m=[32m"0 0 24 24"[39m
                [33mwidth[39m=[32m"24"[39m
                [33mxmlns[39m=[32m"http://www.w3.org/2000/svg"[39m
              [36m>[39m
                [36m<circle[39m
                  [33mcx[39m=[32m"12"[39m
                  [33mcy[39m=[32m"12"[39m
                  [33mr[39m=[32m"10"[39m
                [36m/>[39m
                [36m<circle[39m
                  [33mcx[39m=[32m"12"[39m
                  [33mcy[39m=[32m"12"[39m
                  [33mr[39m=[32m"6"[39m
                [36m/>[39m
                [36m<circle[39m
                  [33mcx[39m=[32m"12"[39m
                  [33mcy[39m=[32m"12"[39m
                  [33mr[39m=[32m"2"[39m
                [36m/>[39m
              [36m</svg>[39m
            [36m</div>[39m
            [36m<p[39m
              [33mclass[39m=[32m"text-xs font-semibold mb-1"[39m
            [36m>[39m
              [0mFirst Steps[0m
            [36m</p>[39m
            [36m<p[39m
              [33mclass[39m=[32m"text-xs text-gray-500"[39m
            [36m>[39m
              [0mCompleted your first simulation[0m
            [36m</p>[39m
          [36m</div>[39m
          [36m<div[39m
            [33manimate[39m=[32m"[object Object]"[39m
            [33mclass[39m=[32m"text-center"[39m
            [33minitial[39m=[32m"[object Object]"[39m
            [33mtransition[39m=[32m"[object Object]"[39m
          [36m>[39m
            [36m<div[39m
              [33mclass[39m=[32m"w-20 h-20 mx-auto mb-2 rounded-2xl bg-gradient-to-r from-purple-500 to-purple-600 
                    flex items-center justify-center shadow-lg grayscale opacity-40 transition-all hover:scale-110"[39m
            [36m>[39m
              [36m<svg[39m
                [33mclass[39m=[32m"lucide lucide-award w-10 h-10 text-white"[39m
                [33mfill[39m=[32m"none"[39m
                [33mheight[39m=[32m"24"[39m
                [33mstroke[39m=[32m"currentColor"[39m
                [33mstroke-linecap[39m=[32m"round"[39m
                [33mstroke-linejoin[39m=[32m"round"[39m
                [33mstroke-width[39m=[32m"2"[39m
                [33mviewBox[39m=[32m"0 0 24 24"[39m
                [33mwidth[39m=[32m"24"[39m
                [33mxmlns[39m=[32m"http://www.w3.org/2000/svg"[39m
              [36m>[39m
                [36m<path[39m
                  [33md[39m=[32m"m15.477 12.89 1.515 8.526a.5.5 0 0 1-.81.47l-3.58-2.687a1 1 0 0 0-1.197 0l-3.586 2.686a.5.5 0 0 1-.81-.469l1.514-8.526"[39m
                [36m/>[39m
                [36m<circle[39m
                  [33mcx[39m=[32m"12"[39m
                  [33mcy[39m=[32m"8"[39m
                  [33mr[39m=[32m"6"[39m
                [36m/>[39m
              [36m</svg>[39m
            [36m</div>[39m
            [36m<p[39m
              [33mclass[39m=[32m"text-xs font-semibold mb-1"[39m
            [36m>[39m
              [0mPrepared Pro[0m
            [36m</p>[39m
            [36m<p[39m
              [33mclass[39m=[32m"text-xs text-gray-500"[39m
            [36m>[39m
              [0mCompleted all learning modules[0m
            [36m</p>[39m
          [36m</div>[39m
          [36m<div[39m
            [33manimate[39m=[32m"[object Object]"[39m
            [33mclass[39m=[32m"text-center"[39m
            [33minitial[39m=[32m"[object Object]"[39m
            [33mtransition[39m=[32m"[object Object]"[39m
          [36m>[39m
            [36m<div[39m
              [33mclass[39m=[32m"w-20 h-20 mx-auto mb-2 rounded-2xl bg-gradient-to-r from-yellow-500 to-orange-500 
                    flex items-center justify-center shadow-lg grayscale opacity-40 transition-all hover:scale-110"[39m
            [36m>[39m
              [36m<svg[39m
                [33mclass[39m=[32m"lucide lucide-trophy w-10 h-10 text-white"[39m
                [33mfill[39m=[32m"none"[39m
                [33mheight[39m=[32m"24"[39m
                [33mstroke[39m=[32m"currentColor"[39m
                [33mstroke-linecap[39m=[32m"round"[39m
                [33mstroke-linejoin[39m=[32m"round"[39m
                [33mstroke-width[39m=[32m"2"[39m
                [33mviewBox[39m=[32m"0 0 24 24"[39m
                [33mwidth[39m=[32m"24"[39m
                [33mxmlns[39m=[32m"http://www.w3.org/2000/svg"[39m
              [36m>[39m
                [36m<path[39m
                  [33md[39m=[32m"M6 9H4.5a2.5 2.5 0 0 1 0-5H6"[39m
                [36m/>[39m
                [36m<path[39m
                  [33md[39m=[32m"M18 9h1.5a2.5 2.5 0 0 0 0-5H18"[39m
                [36m/>[39m
                [36m<path[39m
                  [33md[39m=[32m"M4 22h16"[39m
                [36m/>[39m
                [36m<path[39m
                  [33md[39m=[32m"M10 14.66V17c0 .55-.47.98-.97 1.21C7.85 18.75 7 20.24 7 22"[39m
                [36m/>[39m
                [36m<path[39m
                  [33md[39m=[32m"M14 14.66V17c0 .55.47.98.97 1.21C16.15 18.75 17 20.24 17 22"[39m
                [36m/>[39m
                [36m<path[39m
                  [33md[39m=[32m"M18 2H6v7a6 6 0 0 0 12 0V2Z"[39m
                [36m/>[39m
              [36m</svg>[39m
            [36m</div>[39m
            [36m<p[39m
              [33mclass[39m=[32m"text-xs font-semibold mb-1"[39m
            [36m>[39m
              [0mPractice Master[0m
            [36m</p>[39m
            [36m<p[39m
              [33mclass[39m=[32m"text-xs text-gray-500"[39m
            [36m>[39m
              [0mCompleted 10 simulations[0m
            [36m</p>[39m
          [36m</div>[39m
          [36m<div[39m
            [33manimate[39m=[32m"[object Object]"[39m
            [33mclass[39m=[32m"text-center"[39m
            [33minitial[39m=[32m"[object Object]"[39m
            [33mtransition[39m=[32m"[object Object]"[39m
          [36m>[39m
            [36m<div[39m
              [33mclass[39m=[32m"w-20 h-20 mx-auto mb-2 rounded-2xl bg-gradient-to-r from-red-500 to-pink-500 
                    flex items-center justify-center shadow-lg grayscale opacity-40 transition-all hover:scale-110"[39m
            [36m>[39m
              [36m<svg[39m
                [33mclass[39m=[32m"lucide lucide-zap w-10 h-10 text-white"[39m
                [33mfill[39m=[32m"none"[39m
                [33mheight[39m=[32m"24"[39m
                [33mstroke[39m=[32m"currentColor"[39m
                [33mstroke-linecap[39m=[32m"round"[39m
                [33mstroke-linejoin[39m=[32m"round"[39m
                [33mstroke-width[39m=[32m"2"[39m
                [33mviewBox[39m=[32m"0 0 24 24"[39m
                [33mwidth[39m=[32m"24"[39m
                [33mxmlns[39m=[32m"http://www.w3.org/2000/svg"[39m
              [36m>[39m
                [36m<path[39m
                  [33md[39m=[32m"M4 14a1 1 0 0 1-.78-1.63l9.9-10.2a.5.5 0 0 1 .86.46l-1.92 6.02A1 1 0 0 0 13 10h7a1 1 0 0 1 .78 1.63l-9.9 10.2a.5.5 0 0 1-.86-.46l1.92-6.02A1 1 0 0 0 11 14z"[39m
                [36m/>[39m
              [36m</svg>[39m
            [36m</div>[39m
            [36m<p[39m
              [33mclass[39m=[32m"text-xs font-semibold mb-1"[39m
            [36m>[39m
              [0mStreak Warrior[0m
            [36m</p>[39m
            [36m<p[39m
              [33mclass[39m=[32m"text-xs text-gray-500"[39m
            [36m>[39m
              [0m7-day practice streak[0m
            [36m</p>[39m
          [36m</div>[39m
          [36m<div[39m
            [33manimate[39m=[32m"[object Object]"[39m
            [33mclass[39m=[32m"text-center"[39m
            [33minitial[39m=[32m"[object Object]"[39m
            [33mtransition[39m=[32m"[object Object]"[39m
          [36m>[39m
            [36m<div[39m
              [33mclass[39m=[32m"w-20 h-20 mx-auto mb-2 rounded-2xl bg-gradient-to-r from-green-500 to-emerald-500 
                    flex items-center justify-center shadow-lg grayscale opacity-40 transition-all hover:scale-110"[39m
            [36m>[39m
              [36m<svg[39m
                [33mclass[39m=[32m"lucide lucide-star w-10 h-10 text-white"[39m
                [33mfill[39m=[32m"none"[39m
                [33mheight[39m=[32m"24"[39m
                [33mstroke[39m=[32m"currentColor"[39m
                [33mstroke-linecap[39m=[32m"round"[39m
                [33mstroke-linejoin[39m=[32m"round"[39m
                [33mstroke-width[39m=[32m"2"[39m
                [33mviewBox[39m=[32m"0 0 24 24"[39m
                [33mwidth[39m=[32m"24"[39m
                [33mxmlns[39m=[32m"http://www.w3.org/2000/svg"[39m
              [36m>[39m
                [36m<polygon[39m
                  [33mpoints[39m=[32m"12 2 15.09 8.26 22 9.27 17 14.14 18.18 21.02 12 17.77 5.82 21.02 7 14.14 2 9.27 8.91 8.26 12 2"[39m
                [36m/>[39m
              [36m</svg>[39m
            [36m</div>[39m
            [36m<p[39m
              [33mclass[39m=[32m"text-xs font-semibold mb-1"[39m
            [36m>[39m
              [0mHigh Performer[0m
            [36m</p>[39m
            [36m<p[39m
              [33mclass[39m=[32m"text-xs text-gray-500"[39m
            [36m>[39m
              [0mScored 90+ on a simulation[0m
            [36m</p>[39m
          [36m</div>[39m
          [36m<div[39m
            [33manimate[39m=[32m"[object Object]"[39m
            [33mclass[39m=[32m"text-center"[39m
            [33minitial[39m=[32m"[object Object]"[39m
            [33mtransition[39m=[32m"[object Object]"[39m
          [36m>[39m
            [36m<div[39m
              [33mclass[39m=[32m"w-20 h-20 mx-auto mb-2 rounded-2xl bg-gradient-to-r from-indigo-500 to-purple-500 
                    flex items-center justify-center shadow-lg grayscale opacity-40 transition-all hover:scale-110"[39m
            [36m>[39m
              [36m<svg[39m
                [33mclass[39m=[32m"lucide lucide-crown w-10 h-10 text-white"[39m
                [33mfill[39m=[32m"none"[39m
                [33mheight[39m=[32m"24"[39m
                [33mstroke[39m=[32m"currentColor"[39m
                [33mstroke-linecap[39m=[32m"round"[39m
                [33mstroke-linejoin[39m=[32m"round"[39m
                [33mstroke-width[39m=[32m"2"[39m
                [33mviewBox[39m=[32m"0 0 24 24"[39m
                [33mwidth[39m=[32m"24"[39m
                [33mxmlns[39m=[32m"http://www.w3.org/2000/svg"[39m
              [36m>[39m
                [36m<path[39m
                  [33md[39m=[32m"M11.562 3.266a.5.5 0 0 1 .876 0L15.39 8.87a1 1 0 0 0 1.516.294L21.183 5.5a.5.5 0 0 1 .798.519l-2.834 10.246a1 1 0 0 1-.956.734H5.81a1 1 0 0 1-.957-.734L2.02 6.02a.5.5 0 0 1 .798-.519l4.276 3.664a1 1 0 0 0 1.516-.294z"[39m
                [36m/>[39m
                [36m<path[39m
                  [33md[39m=[32m"M5 21h14"[39m
                [36m/>[39m
              [36m</svg>[39m
            [36m</div>[39m
            [36m<p[39m
              [33mclass[39m=[32m"text-xs font-semibold mb-1"[39m
            [36m>[39m
              [0mInterview Ready[0m
            [36m</p>[39m
            [36m<p[39m
              [33mclass[39m=[32m"text-xs text-gray-500"[39m
            [36m>[39m
              [0mAchieved 80% readiness score[0m
            [36m</p>[39m
          [36m</div>[39m
        [36m</div>[39m
      [36m</div>[39m
    [36m</div>[39m
  [36m</div>[39m
[36m</body>[39m
 ❯ Object.getElementError ../node_modules/@testing-library/dom/dist/config.js:37:19
 ❯ ../node_modules/@testing-library/dom/dist/query-helpers.js:76:38
 ❯ ../node_modules/@testing-library/dom/dist/query-helpers.js:52:17
 ❯ ../node_modules/@testing-library/dom/dist/query-helpers.js:95:19
 ❯ src/__tests__/components/mvp/perform/BadgeGallery.test.tsx:34:19
     32|     render(<BadgeGallery {...mockProps} />);
     33| 
     34|     expect(screen.getByText(/Complete your first learning module/i)).t…
       |                   ^
     35|   });
     36| 

⎯⎯⎯⎯⎯⎯⎯⎯⎯⎯⎯⎯⎯⎯⎯⎯⎯⎯⎯⎯⎯⎯[30/69]⎯

 FAIL  |client| src/__tests__/components/mvp/perform/BadgeGallery.test.tsx > BadgeGallery > displays badge tiers (common, rare, epic, etc.)
AssertionError: expected null to be truthy

[32m- Expected:[39m 
true

[31m+ Received:[39m 
null

 ❯ src/__tests__/components/mvp/perform/BadgeGallery.test.tsx:40:58
     38|     render(<BadgeGallery {...mockProps} />);
     39| 
     40|     expect(screen.queryByText(/common|rare|epic|tier/i)).toBeTruthy();
       |                                                          ^
     41|   });
     42| 

⎯⎯⎯⎯⎯⎯⎯⎯⎯⎯⎯⎯⎯⎯⎯⎯⎯⎯⎯⎯⎯⎯[31/69]⎯

 FAIL  |client| src/__tests__/components/mvp/perform/BadgeGallery.test.tsx > BadgeGallery > shows XP reward for badges
AssertionError: expected null to be truthy

[32m- Expected:[39m 
true

[31m+ Received:[39m 
null

 ❯ src/__tests__/components/mvp/perform/BadgeGallery.test.tsx:47:50
     45| 
     46|     // Should display 50 XP reward
     47|     expect(screen.queryByText(/50.*XP|XP.*50/i)).toBeTruthy();
       |                                                  ^
     48|   });
     49| 

⎯⎯⎯⎯⎯⎯⎯⎯⎯⎯⎯⎯⎯⎯⎯⎯⎯⎯⎯⎯⎯⎯[32/69]⎯

 FAIL  |client| src/__tests__/components/mvp/perform/BadgeGallery.test.tsx > BadgeGallery > shows progress for partially earned badges
AssertionError: expected null to be truthy

[32m- Expected:[39m 
true

[31m+ Received:[39m 
null

 ❯ src/__tests__/components/mvp/perform/BadgeGallery.test.tsx:70:86
     68| 
     69|     // Should show progress indicator
     70|     expect(screen.queryByRole('progressbar') || screen.queryByText(/50…
       |                                                                                      ^
     71|   });
     72| 

⎯⎯⎯⎯⎯⎯⎯⎯⎯⎯⎯⎯⎯⎯⎯⎯⎯⎯⎯⎯⎯⎯[33/69]⎯

 FAIL  |client| src/__tests__/components/mvp/perform/BadgeGallery.test.tsx > BadgeGallery > shows earned date for completed badges
AssertionError: expected null to be truthy

[32m- Expected:[39m 
true

[31m+ Received:[39m 
null

 ❯ src/__tests__/components/mvp/perform/BadgeGallery.test.tsx:83:60
     81| 
     82|     // Should display when badge was earned
     83|     expect(screen.queryByText(/earned|unlocked|awarded/i)).toBeTruthy(…
       |                                                            ^
     84|   });
     85| 

⎯⎯⎯⎯⎯⎯⎯⎯⎯⎯⎯⎯⎯⎯⎯⎯⎯⎯⎯⎯⎯⎯[34/69]⎯

 FAIL  |client| src/__tests__/components/mvp/perform/BadgeGallery.test.tsx > BadgeGallery > displays total badge count
AssertionError: expected null to be truthy

[32m- Expected:[39m 
true

[31m+ Received:[39m 
null

 ❯ src/__tests__/components/mvp/perform/BadgeGallery.test.tsx:90:58
     88| 
     89|     // Should show "1/1" or similar
     90|     expect(screen.queryByText(/1.*\/.*1|total|earned/i)).toBeTruthy();
       |                                                          ^
     91|   });
     92| 

⎯⎯⎯⎯⎯⎯⎯⎯⎯⎯⎯⎯⎯⎯⎯⎯⎯⎯⎯⎯⎯⎯[35/69]⎯

 FAIL  |client| src/__tests__/components/mvp/perform/BadgeGallery.test.tsx > BadgeGallery > allows filtering badges by category
TestingLibraryElementError: Found multiple elements with the text: /all|learning|practice|achievement|filter/i

Here are the matching elements:

Ignored nodes: comments, script, style
[36m<div[39m
  [33mclass[39m=[32m"text-2xl font-semibold leading-none tracking-tight flex items-center gap-2"[39m
[36m>[39m
  [36m<svg[39m
    [33mclass[39m=[32m"lucide lucide-trophy w-5 h-5 text-yellow-600"[39m
    [33mfill[39m=[32m"none"[39m
    [33mheight[39m=[32m"24"[39m
    [33mstroke[39m=[32m"currentColor"[39m
    [33mstroke-linecap[39m=[32m"round"[39m
    [33mstroke-linejoin[39m=[32m"round"[39m
    [33mstroke-width[39m=[32m"2"[39m
    [33mviewBox[39m=[32m"0 0 24 24"[39m
    [33mwidth[39m=[32m"24"[39m
    [33mxmlns[39m=[32m"http://www.w3.org/2000/svg"[39m
  [36m>[39m
    [36m<path[39m
      [33md[39m=[32m"M6 9H4.5a2.5 2.5 0 0 1 0-5H6"[39m
    [36m/>[39m
    [36m<path[39m
      [33md[39m=[32m"M18 9h1.5a2.5 2.5 0 0 0 0-5H18"[39m
    [36m/>[39m
    [36m<path[39m
      [33md[39m=[32m"M4 22h16"[39m
    [36m/>[39m
    [36m<path[39m
      [33md[39m=[32m"M10 14.66V17c0 .55-.47.98-.97 1.21C7.85 18.75 7 20.24 7 22"[39m
    [36m/>[39m
    [36m<path[39m
      [33md[39m=[32m"M14 14.66V17c0 .55.47.98.97 1.21C16.15 18.75 17 20.24 17 22"[39m
    [36m/>[39m
    [36m<path[39m
      [33md[39m=[32m"M18 2H6v7a6 6 0 0 0 12 0V2Z"[39m
    [36m/>[39m
  [36m</svg>[39m
  [0mAchievement Gallery[0m
[36m</div>[39m

Ignored nodes: comments, script, style
[36m<p[39m
  [33mclass[39m=[32m"text-sm text-gray-600"[39m
[36m>[39m
  [0mUnlock badges by completing milestones and challenges[0m
[36m</p>[39m

Ignored nodes: comments, script, style
[36m<p[39m
  [33mclass[39m=[32m"text-xs text-gray-500"[39m
[36m>[39m
  [0mCompleted all learning modules[0m
[36m</p>[39m

Ignored nodes: comments, script, style
[36m<p[39m
  [33mclass[39m=[32m"text-xs font-semibold mb-1"[39m
[36m>[39m
  [0mPractice Master[0m
[36m</p>[39m

Ignored nodes: comments, script, style
[36m<p[39m
  [33mclass[39m=[32m"text-xs text-gray-500"[39m
[36m>[39m
  [0m7-day practice streak[0m
[36m</p>[39m

(If this is intentional, then use the `*AllBy*` variant of the query (like `queryAllByText`, `getAllByText`, or `findAllByText`)).

Ignored nodes: comments, script, style
[36m<body>[39m
  [36m<div>[39m
    [36m<div[39m
      [33mclass[39m=[32m"rounded-lg border bg-card text-card-foreground border-none shadow-xl"[39m
    [36m>[39m
      [36m<div[39m
        [33mclass[39m=[32m"flex flex-col space-y-1.5 p-6"[39m
      [36m>[39m
        [36m<div[39m
          [33mclass[39m=[32m"text-2xl font-semibold leading-none tracking-tight flex items-center gap-2"[39m
        [36m>[39m
          [36m<svg[39m
            [33mclass[39m=[32m"lucide lucide-trophy w-5 h-5 text-yellow-600"[39m
            [33mfill[39m=[32m"none"[39m
            [33mheight[39m=[32m"24"[39m
            [33mstroke[39m=[32m"currentColor"[39m
            [33mstroke-linecap[39m=[32m"round"[39m
            [33mstroke-linejoin[39m=[32m"round"[39m
            [33mstroke-width[39m=[32m"2"[39m
            [33mviewBox[39m=[32m"0 0 24 24"[39m
            [33mwidth[39m=[32m"24"[39m
            [33mxmlns[39m=[32m"http://www.w3.org/2000/svg"[39m
          [36m>[39m
            [36m<path[39m
              [33md[39m=[32m"M6 9H4.5a2.5 2.5 0 0 1 0-5H6"[39m
            [36m/>[39m
            [36m<path[39m
              [33md[39m=[32m"M18 9h1.5a2.5 2.5 0 0 0 0-5H18"[39m
            [36m/>[39m
            [36m<path[39m
              [33md[39m=[32m"M4 22h16"[39m
            [36m/>[39m
            [36m<path[39m
              [33md[39m=[32m"M10 14.66V17c0 .55-.47.98-.97 1.21C7.85 18.75 7 20.24 7 22"[39m
            [36m/>[39m
            [36m<path[39m
              [33md[39m=[32m"M14 14.66V17c0 .55.47.98.97 1.21C16.15 18.75 17 20.24 17 22"[39m
            [36m/>[39m
            [36m<path[39m
              [33md[39m=[32m"M18 2H6v7a6 6 0 0 0 12 0V2Z"[39m
            [36m/>[39m
          [36m</svg>[39m
          [0mAchievement Gallery[0m
        [36m</div>[39m
        [36m<p[39m
          [33mclass[39m=[32m"text-sm text-gray-600"[39m
        [36m>[39m
          [0mUnlock badges by completing milestones and challenges[0m
        [36m</p>[39m
      [36m</div>[39m
      [36m<div[39m
        [33mclass[39m=[32m"p-6 pt-0"[39m
      [36m>[39m
        [36m<div[39m
          [33mclass[39m=[32m"grid grid-cols-2 md:grid-cols-3 lg:grid-cols-6 gap-4"[39m
        [36m>[39m
          [36m<div[39m
            [33manimate[39m=[32m"[object Object]"[39m
            [33mclass[39m=[32m"text-center"[39m
            [33minitial[39m=[32m"[object Object]"[39m
            [33mtransition[39m=[32m"[object Object]"[39m
          [36m>[39m
            [36m<div[39m
              [33mclass[39m=[32m"w-20 h-20 mx-auto mb-2 rounded-2xl bg-gradient-to-r from-blue-500 to-blue-600 
                    flex items-center justify-center shadow-lg false transition-all hover:scale-110"[39m
            [36m>[39m
              [36m<svg[39m
                [33mclass[39m=[32m"lucide lucide-target w-10 h-10 text-white"[39m
                [33mfill[39m=[32m"none"[39m
                [33mheight[39m=[32m"24"[39m
                [33mstroke[39m=[32m"currentColor"[39m
                [33mstroke-linecap[39m=[32m"round"[39m
                [33mstroke-linejoin[39m=[32m"round"[39m
                [33mstroke-width[39m=[32m"2"[39m
                [33mviewBox[39m=[32m"0 0 24 24"[39m
                [33mwidth[39m=[32m"24"[39m
                [33mxmlns[39m=[32m"http://www.w3.org/2000/svg"[39m
              [36m>[39m
                [36m<circle[39m
                  [33mcx[39m=[32m"12"[39m
                  [33mcy[39m=[32m"12"[39m
                  [33mr[39m=[32m"10"[39m
                [36m/>[39m
                [36m<circle[39m
                  [33mcx[39m=[32m"12"[39m
                  [33mcy[39m=[32m"12"[39m
                  [33mr[39m=[32m"6"[39m
                [36m/>[39m
                [36m<circle[39m
                  [33mcx[39m=[32m"12"[39m
                  [33mcy[39m=[32m"12"[39m
                  [33mr[39m=[32m"2"[39m
                [36m/>[39m
              [36m</svg>[39m
            [36m</div>[39m
            [36m<p[39m
              [33mclass[39m=[32m"text-xs font-semibold mb-1"[39m
            [36m>[39m
              [0mFirst Steps[0m
            [36m</p>[39m
            [36m<p[39m
              [33mclass[39m=[32m"text-xs text-gray-500"[39m
            [36m>[39m
              [0mCompleted your first simulation[0m
            [36m</p>[39m
          [36m</div>[39m
          [36m<div[39m
            [33manimate[39m=[32m"[object Object]"[39m
            [33mclass[39m=[32m"text-center"[39m
            [33minitial[39m=[32m"[object Object]"[39m
            [33mtransition[39m=[32m"[object Object]"[39m
          [36m>[39m
            [36m<div[39m
              [33mclass[39m=[32m"w-20 h-20 mx-auto mb-2 rounded-2xl bg-gradient-to-r from-purple-500 to-purple-600 
                    flex items-center justify-center shadow-lg grayscale opacity-40 transition-all hover:scale-110"[39m
            [36m>[39m
              [36m<svg[39m
                [33mclass[39m=[32m"lucide lucide-award w-10 h-10 text-white"[39m
                [33mfill[39m=[32m"none"[39m
                [33mheight[39m=[32m"24"[39m
                [33mstroke[39m=[32m"currentColor"[39m
                [33mstroke-linecap[39m=[32m"round"[39m
                [33mstroke-linejoin[39m=[32m"round"[39m
                [33mstroke-width[39m=[32m"2"[39m
                [33mviewBox[39m=[32m"0 0 24 24"[39m
                [33mwidth[39m=[32m"24"[39m
                [33mxmlns[39m=[32m"http://www.w3.org/2000/svg"[39m
              [36m>[39m
                [36m<path[39m
                  [33md[39m=[32m"m15.477 12.89 1.515 8.526a.5.5 0 0 1-.81.47l-3.58-2.687a1 1 0 0 0-1.197 0l-3.586 2.686a.5.5 0 0 1-.81-.469l1.514-8.526"[39m
                [36m/>[39m
                [36m<circle[39m
                  [33mcx[39m=[32m"12"[39m
                  [33mcy[39m=[32m"8"[39m
                  [33mr[39m=[32m"6"[39m
                [36m/>[39m
              [36m</svg>[39m
            [36m</div>[39m
            [36m<p[39m
              [33mclass[39m=[32m"text-xs font-semibold mb-1"[39m
            [36m>[39m
              [0mPrepared Pro[0m
            [36m</p>[39m
            [36m<p[39m
              [33mclass[39m=[32m"text-xs text-gray-500"[39m
            [36m>[39m
              [0mCompleted all learning modules[0m
            [36m</p>[39m
          [36m</div>[39m
          [36m<div[39m
            [33manimate[39m=[32m"[object Object]"[39m
            [33mclass[39m=[32m"text-center"[39m
            [33minitial[39m=[32m"[object Object]"[39m
            [33mtransition[39m=[32m"[object Object]"[39m
          [36m>[39m
            [36m<div[39m
              [33mclass[39m=[32m"w-20 h-20 mx-auto mb-2 rounded-2xl bg-gradient-to-r from-yellow-500 to-orange-500 
                    flex items-center justify-center shadow-lg grayscale opacity-40 transition-all hover:scale-110"[39m
            [36m>[39m
              [36m<svg[39m
                [33mclass[39m=[32m"lucide lucide-trophy w-10 h-10 text-white"[39m
                [33mfill[39m=[32m"none"[39m
                [33mheight[39m=[32m"24"[39m
                [33mstroke[39m=[32m"currentColor"[39m
                [33mstroke-linecap[39m=[32m"round"[39m
                [33mstroke-linejoin[39m=[32m"round"[39m
                [33mstroke-width[39m=[32m"2"[39m
                [33mviewBox[39m=[32m"0 0 24 24"[39m
                [33mwidth[39m=[32m"24"[39m
                [33mxmlns[39m=[32m"http://www.w3.org/2000/svg"[39m
              [36m>[39m
                [36m<path[39m
                  [33md[39m=[32m"M6 9H4.5a2.5 2.5 0 0 1 0-5H6"[39m
                [36m/>[39m
                [36m<path[39m
                  [33md[39m=[32m"M18 9h1.5a2.5 2.5 0 0 0 0-5H18"[39m
                [36m/>[39m
                [36m<path[39m
                  [33md[39m=[32m"M4 22h16"[39m
                [36m/>[39m
                [36m<path[39m
                  [33md[39m=[32m"M10 14.66V17c0 .55-.47.98-.97 1.21C7.85 18.75 7 20.24 7 22"[39m
                [36m/>[39m
                [36m<path[39m
                  [33md[39m=[32m"M14 14.66V17c0 .55.47.98.97 1.21C16.15 18.75 17 20.24 17 22"[39m
                [36m/>[39m
                [36m<path[39m
                  [33md[39m=[32m"M18 2H6v7a6 6 0 0 0 12 0V2Z"[39m
                [36m/>[39m
              [36m</svg>[39m
            [36m</div>[39m
            [36m<p[39m
              [33mclass[39m=[32m"text-xs font-semibold mb-1"[39m
            [36m>[39m
              [0mPractice Master[0m
            [36m</p>[39m
            [36m<p[39m
              [33mclass[39m=[32m"text-xs text-gray-500"[39m
            [36m>[39m
              [0mCompleted 10 simulations[0m
            [36m</p>[39m
          [36m</div>[39m
          [36m<div[39m
            [33manimate[39m=[32m"[object Object]"[39m
            [33mclass[39m=[32m"text-center"[39m
            [33minitial[39m=[32m"[object Object]"[39m
            [33mtransition[39m=[32m"[object Object]"[39m
          [36m>[39m
            [36m<div[39m
              [33mclass[39m=[32m"w-20 h-20 mx-auto mb-2 rounded-2xl bg-gradient-to-r from-red-500 to-pink-500 
                    flex items-center justify-center shadow-lg grayscale opacity-40 transition-all hover:scale-110"[39m
            [36m>[39m
              [36m<svg[39m
                [33mclass[39m=[32m"lucide lucide-zap w-10 h-10 text-white"[39m
                [33mfill[39m=[32m"none"[39m
                [33mheight[39m=[32m"24"[39m
                [33mstroke[39m=[32m"currentColor"[39m
                [33mstroke-linecap[39m=[32m"round"[39m
                [33mstroke-linejoin[39m=[32m"round"[39m
                [33mstroke-width[39m=[32m"2"[39m
                [33mviewBox[39m=[32m"0 0 24 24"[39m
                [33mwidth[39m=[32m"24"[39m
                [33mxmlns[39m=[32m"http://www.w3.org/2000/svg"[39m
              [36m>[39m
                [36m<path[39m
                  [33md[39m=[32m"M4 14a1 1 0 0 1-.78-1.63l9.9-10.2a.5.5 0 0 1 .86.46l-1.92 6.02A1 1 0 0 0 13 10h7a1 1 0 0 1 .78 1.63l-9.9 10.2a.5.5 0 0 1-.86-.46l1.92-6.02A1 1 0 0 0 11 14z"[39m
                [36m/>[39m
              [36m</svg>[39m
            [36m</div>[39m
            [36m<p[39m
              [33mclass[39m=[32m"text-xs font-semibold mb-1"[39m
            [36m>[39m
              [0mStreak Warrior[0m
            [36m</p>[39m
            [36m<p[39m
              [33mclass[39m=[32m"text-xs text-gray-500"[39m
            [36m>[39m
              [0m7-day practice streak[0m
            [36m</p>[39m
          [36m</div>[39m
          [36m<div[39m
            [33manimate[39m=[32m"[object Object]"[39m
            [33mclass[39m=[32m"text-center"[39m
            [33minitial[39m=[32m"[object Object]"[39m
            [33mtransition[39m=[32m"[object Object]"[39m
          [36m>[39m
            [36m<div[39m
              [33mclass[39m=[32m"w-20 h-20 mx-auto mb-2 rounded-2xl bg-gradient-to-r from-green-500 to-emerald-500 
                    flex items-center justify-center shadow-lg grayscale opacity-40 transition-all hover:scale-110"[39m
            [36m>[39m
              [36m<svg[39m
                [33mclass[39m=[32m"lucide lucide-star w-10 h-10 text-white"[39m
                [33mfill[39m=[32m"none"[39m
                [33mheight[39m=[32m"24"[39m
                [33mstroke[39m=[32m"currentColor"[39m
                [33mstroke-linecap[39m=[32m"round"[39m
                [33mstroke-linejoin[39m=[32m"round"[39m
                [33mstroke-width[39m=[32m"2"[39m
                [33mviewBox[39m=[32m"0 0 24 24"[39m
                [33mwidth[39m=[32m"24"[39m
                [33mxmlns[39m=[32m"http://www.w3.org/2000/svg"[39m
              [36m>[39m
                [36m<polygon[39m
                  [33mpoints[39m=[32m"12 2 15.09 8.26 22 9.27 17 14.14 18.18 21.02 12 17.77 5.82 21.02 7 14.14 2 9.27 8.91 8.26 12 2"[39m
                [36m/>[39m
              [36m</svg>[39m
            [36m</div>[39m
            [36m<p[39m
              [33mclass[39m=[32m"text-xs font-semibold mb-1"[39m
            [36m>[39m
              [0mHigh Performer[0m
            [36m</p>[39m
            [36m<p[39m
              [33mclass[39m=[32m"text-xs text-gray-500"[39m
            [36m>[39m
              [0mScored 90+ on a simulation[0m
            [36m</p>[39m
          [36m</div>[39m
          [36m<div[39m
            [33manimate[39m=[32m"[object Object]"[39m
            [33mclass[39m=[32m"text-center"[39m
            [33minitial[39m=[32m"[object Object]"[39m
            [33mtransition[39m=[32m"[object Object]"[39m
          [36m>[39m
            [36m<div[39m
              [33mclass[39m=[32m"w-20 h-20 mx-auto mb-2 rounded-2xl bg-gradient-to-r from-indigo-500 to-purple-500 
                    flex items-center justify-center shadow-lg grayscale opacity-40 transition-all hover:scale-110"[39m
            [36m>[39m
              [36m<svg[39m
                [33mclass[39m=[32m"lucide lucide-crown w-10 h-10 text-white"[39m
                [33mfill[39m=[32m"none"[39m
                [33mheight[39m=[32m"24"[39m
                [33mstroke[39m=[32m"currentColor"[39m
                [33mstroke-linecap[39m=[32m"round"[39m
                [33mstroke-linejoin[39m=[32m"round"[39m
                [33mstroke-width[39m=[32m"2"[39m
                [33mviewBox[39m=[32m"0 0 24 24"[39m
                [33mwidth[39m=[32m"24"[39m
                [33mxmlns[39m=[32m"http://www.w3.org/2000/svg"[39m
              [36m>[39m
                [36m<path[39m
                  [33md[39m=[32m"M11.562 3.266a.5.5 0 0 1 .876 0L15.39 8.87a1 1 0 0 0 1.516.294L21.183 5.5a.5.5 0 0 1 .798.519l-2.834 10.246a1 1 0 0 1-.956.734H5.81a1 1 0 0 1-.957-.734L2.02 6.02a.5.5 0 0 1 .798-.519l4.276 3.664a1 1 0 0 0 1.516-.294z"[39m
                [36m/>[39m
                [36m<path[39m
                  [33md[39m=[32m"M5 21h14"[39m
                [36m/>[39m
              [36m</svg>[39m
            [36m</div>[39m
            [36m<p[39m
              [33mclass[39m=[32m"text-xs font-semibold mb-1"[39m
            [36m>[39m
              [0mInterview Ready[0m
            [36m</p>[39m
            [36m<p[39m
              [33mclass[39m=[32m"text-xs text-gray-500"[39m
            [36m>[39m
              [0mAchieved 80% readiness score[0m
            [36m</p>[39m
          [36m</div>[39m
        [36m</div>[39m
      [36m</div>[39m
    [36m</div>[39m
  [36m</div>[39m
[36m</body>[39m
 ❯ Object.getElementError ../node_modules/@testing-library/dom/dist/config.js:37:19
 ❯ getElementError ../node_modules/@testing-library/dom/dist/query-helpers.js:20:35
 ❯ getMultipleElementsFoundError ../node_modules/@testing-library/dom/dist/query-helpers.js:23:10
 ❯ ../node_modules/@testing-library/dom/dist/query-helpers.js:55:13
 ❯ ../node_modules/@testing-library/dom/dist/query-helpers.js:95:19
 ❯ src/__tests__/components/mvp/perform/BadgeGallery.test.tsx:97:19
     95| 
     96|     // Should have filter options
     97|     expect(screen.queryByText(/all|learning|practice|achievement|filte…
       |                   ^
     98|   });
     99| 

⎯⎯⎯⎯⎯⎯⎯⎯⎯⎯⎯⎯⎯⎯⎯⎯⎯⎯⎯⎯⎯⎯[36/69]⎯

 FAIL  |client| src/__tests__/components/mvp/perform/BadgeGallery.test.tsx > BadgeGallery > shows locked state for unearned badges
AssertionError: expected null to be truthy

[32m- Expected:[39m 
true

[31m+ Received:[39m 
null

 ❯ src/__tests__/components/mvp/perform/BadgeGallery.test.tsx:119:62
    117| 
    118|     // Should show locked indicator
    119|     expect(screen.queryByText(/locked|locked|not.*earned/i)).toBeTruth…
       |                                                              ^
    120|   });
    121| 

⎯⎯⎯⎯⎯⎯⎯⎯⎯⎯⎯⎯⎯⎯⎯⎯⎯⎯⎯⎯⎯⎯[37/69]⎯

 FAIL  |client| src/__tests__/components/mvp/perform/BadgeGallery.test.tsx > BadgeGallery > displays badge requirements
TestingLibraryElementError: Found multiple elements with the text: /requirement|complete|earn/i

Here are the matching elements:

Ignored nodes: comments, script, style
[36m<p[39m
  [33mclass[39m=[32m"text-xs text-gray-500"[39m
[36m>[39m
  [0mCompleted your first simulation[0m
[36m</p>[39m

Ignored nodes: comments, script, style
[36m<p[39m
  [33mclass[39m=[32m"text-xs text-gray-500"[39m
[36m>[39m
  [0mCompleted all learning modules[0m
[36m</p>[39m

Ignored nodes: comments, script, style
[36m<p[39m
  [33mclass[39m=[32m"text-xs text-gray-500"[39m
[36m>[39m
  [0mCompleted 10 simulations[0m
[36m</p>[39m

(If this is intentional, then use the `*AllBy*` variant of the query (like `queryAllByText`, `getAllByText`, or `findAllByText`)).

Ignored nodes: comments, script, style
[36m<body>[39m
  [36m<div>[39m
    [36m<div[39m
      [33mclass[39m=[32m"rounded-lg border bg-card text-card-foreground border-none shadow-xl"[39m
    [36m>[39m
      [36m<div[39m
        [33mclass[39m=[32m"flex flex-col space-y-1.5 p-6"[39m
      [36m>[39m
        [36m<div[39m
          [33mclass[39m=[32m"text-2xl font-semibold leading-none tracking-tight flex items-center gap-2"[39m
        [36m>[39m
          [36m<svg[39m
            [33mclass[39m=[32m"lucide lucide-trophy w-5 h-5 text-yellow-600"[39m
            [33mfill[39m=[32m"none"[39m
            [33mheight[39m=[32m"24"[39m
            [33mstroke[39m=[32m"currentColor"[39m
            [33mstroke-linecap[39m=[32m"round"[39m
            [33mstroke-linejoin[39m=[32m"round"[39m
            [33mstroke-width[39m=[32m"2"[39m
            [33mviewBox[39m=[32m"0 0 24 24"[39m
            [33mwidth[39m=[32m"24"[39m
            [33mxmlns[39m=[32m"http://www.w3.org/2000/svg"[39m
          [36m>[39m
            [36m<path[39m
              [33md[39m=[32m"M6 9H4.5a2.5 2.5 0 0 1 0-5H6"[39m
            [36m/>[39m
            [36m<path[39m
              [33md[39m=[32m"M18 9h1.5a2.5 2.5 0 0 0 0-5H18"[39m
            [36m/>[39m
            [36m<path[39m
              [33md[39m=[32m"M4 22h16"[39m
            [36m/>[39m
            [36m<path[39m
              [33md[39m=[32m"M10 14.66V17c0 .55-.47.98-.97 1.21C7.85 18.75 7 20.24 7 22"[39m
            [36m/>[39m
            [36m<path[39m
              [33md[39m=[32m"M14 14.66V17c0 .55.47.98.97 1.21C16.15 18.75 17 20.24 17 22"[39m
            [36m/>[39m
            [36m<path[39m
              [33md[39m=[32m"M18 2H6v7a6 6 0 0 0 12 0V2Z"[39m
            [36m/>[39m
          [36m</svg>[39m
          [0mAchievement Gallery[0m
        [36m</div>[39m
        [36m<p[39m
          [33mclass[39m=[32m"text-sm text-gray-600"[39m
        [36m>[39m
          [0mUnlock badges by completing milestones and challenges[0m
        [36m</p>[39m
      [36m</div>[39m
      [36m<div[39m
        [33mclass[39m=[32m"p-6 pt-0"[39m
      [36m>[39m
        [36m<div[39m
          [33mclass[39m=[32m"grid grid-cols-2 md:grid-cols-3 lg:grid-cols-6 gap-4"[39m
        [36m>[39m
          [36m<div[39m
            [33manimate[39m=[32m"[object Object]"[39m
            [33mclass[39m=[32m"text-center"[39m
            [33minitial[39m=[32m"[object Object]"[39m
            [33mtransition[39m=[32m"[object Object]"[39m
          [36m>[39m
            [36m<div[39m
              [33mclass[39m=[32m"w-20 h-20 mx-auto mb-2 rounded-2xl bg-gradient-to-r from-blue-500 to-blue-600 
                    flex items-center justify-center shadow-lg false transition-all hover:scale-110"[39m
            [36m>[39m
              [36m<svg[39m
                [33mclass[39m=[32m"lucide lucide-target w-10 h-10 text-white"[39m
                [33mfill[39m=[32m"none"[39m
                [33mheight[39m=[32m"24"[39m
                [33mstroke[39m=[32m"currentColor"[39m
                [33mstroke-linecap[39m=[32m"round"[39m
                [33mstroke-linejoin[39m=[32m"round"[39m
                [33mstroke-width[39m=[32m"2"[39m
                [33mviewBox[39m=[32m"0 0 24 24"[39m
                [33mwidth[39m=[32m"24"[39m
                [33mxmlns[39m=[32m"http://www.w3.org/2000/svg"[39m
              [36m>[39m
                [36m<circle[39m
                  [33mcx[39m=[32m"12"[39m
                  [33mcy[39m=[32m"12"[39m
                  [33mr[39m=[32m"10"[39m
                [36m/>[39m
                [36m<circle[39m
                  [33mcx[39m=[32m"12"[39m
                  [33mcy[39m=[32m"12"[39m
                  [33mr[39m=[32m"6"[39m
                [36m/>[39m
                [36m<circle[39m
                  [33mcx[39m=[32m"12"[39m
                  [33mcy[39m=[32m"12"[39m
                  [33mr[39m=[32m"2"[39m
                [36m/>[39m
              [36m</svg>[39m
            [36m</div>[39m
            [36m<p[39m
              [33mclass[39m=[32m"text-xs font-semibold mb-1"[39m
            [36m>[39m
              [0mFirst Steps[0m
            [36m</p>[39m
            [36m<p[39m
              [33mclass[39m=[32m"text-xs text-gray-500"[39m
            [36m>[39m
              [0mCompleted your first simulation[0m
            [36m</p>[39m
          [36m</div>[39m
          [36m<div[39m
            [33manimate[39m=[32m"[object Object]"[39m
            [33mclass[39m=[32m"text-center"[39m
            [33minitial[39m=[32m"[object Object]"[39m
            [33mtransition[39m=[32m"[object Object]"[39m
          [36m>[39m
            [36m<div[39m
              [33mclass[39m=[32m"w-20 h-20 mx-auto mb-2 rounded-2xl bg-gradient-to-r from-purple-500 to-purple-600 
                    flex items-center justify-center shadow-lg grayscale opacity-40 transition-all hover:scale-110"[39m
            [36m>[39m
              [36m<svg[39m
                [33mclass[39m=[32m"lucide lucide-award w-10 h-10 text-white"[39m
                [33mfill[39m=[32m"none"[39m
                [33mheight[39m=[32m"24"[39m
                [33mstroke[39m=[32m"currentColor"[39m
                [33mstroke-linecap[39m=[32m"round"[39m
                [33mstroke-linejoin[39m=[32m"round"[39m
                [33mstroke-width[39m=[32m"2"[39m
                [33mviewBox[39m=[32m"0 0 24 24"[39m
                [33mwidth[39m=[32m"24"[39m
                [33mxmlns[39m=[32m"http://www.w3.org/2000/svg"[39m
              [36m>[39m
                [36m<path[39m
                  [33md[39m=[32m"m15.477 12.89 1.515 8.526a.5.5 0 0 1-.81.47l-3.58-2.687a1 1 0 0 0-1.197 0l-3.586 2.686a.5.5 0 0 1-.81-.469l1.514-8.526"[39m
                [36m/>[39m
                [36m<circle[39m
                  [33mcx[39m=[32m"12"[39m
                  [33mcy[39m=[32m"8"[39m
                  [33mr[39m=[32m"6"[39m
                [36m/>[39m
              [36m</svg>[39m
            [36m</div>[39m
            [36m<p[39m
              [33mclass[39m=[32m"text-xs font-semibold mb-1"[39m
            [36m>[39m
              [0mPrepared Pro[0m
            [36m</p>[39m
            [36m<p[39m
              [33mclass[39m=[32m"text-xs text-gray-500"[39m
            [36m>[39m
              [0mCompleted all learning modules[0m
            [36m</p>[39m
          [36m</div>[39m
          [36m<div[39m
            [33manimate[39m=[32m"[object Object]"[39m
            [33mclass[39m=[32m"text-center"[39m
            [33minitial[39m=[32m"[object Object]"[39m
            [33mtransition[39m=[32m"[object Object]"[39m
          [36m>[39m
            [36m<div[39m
              [33mclass[39m=[32m"w-20 h-20 mx-auto mb-2 rounded-2xl bg-gradient-to-r from-yellow-500 to-orange-500 
                    flex items-center justify-center shadow-lg grayscale opacity-40 transition-all hover:scale-110"[39m
            [36m>[39m
              [36m<svg[39m
                [33mclass[39m=[32m"lucide lucide-trophy w-10 h-10 text-white"[39m
                [33mfill[39m=[32m"none"[39m
                [33mheight[39m=[32m"24"[39m
                [33mstroke[39m=[32m"currentColor"[39m
                [33mstroke-linecap[39m=[32m"round"[39m
                [33mstroke-linejoin[39m=[32m"round"[39m
                [33mstroke-width[39m=[32m"2"[39m
                [33mviewBox[39m=[32m"0 0 24 24"[39m
                [33mwidth[39m=[32m"24"[39m
                [33mxmlns[39m=[32m"http://www.w3.org/2000/svg"[39m
              [36m>[39m
                [36m<path[39m
                  [33md[39m=[32m"M6 9H4.5a2.5 2.5 0 0 1 0-5H6"[39m
                [36m/>[39m
                [36m<path[39m
                  [33md[39m=[32m"M18 9h1.5a2.5 2.5 0 0 0 0-5H18"[39m
                [36m/>[39m
                [36m<path[39m
                  [33md[39m=[32m"M4 22h16"[39m
                [36m/>[39m
                [36m<path[39m
                  [33md[39m=[32m"M10 14.66V17c0 .55-.47.98-.97 1.21C7.85 18.75 7 20.24 7 22"[39m
                [36m/>[39m
                [36m<path[39m
                  [33md[39m=[32m"M14 14.66V17c0 .55.47.98.97 1.21C16.15 18.75 17 20.24 17 22"[39m
                [36m/>[39m
                [36m<path[39m
                  [33md[39m=[32m"M18 2H6v7a6 6 0 0 0 12 0V2Z"[39m
                [36m/>[39m
              [36m</svg>[39m
            [36m</div>[39m
            [36m<p[39m
              [33mclass[39m=[32m"text-xs font-semibold mb-1"[39m
            [36m>[39m
              [0mPractice Master[0m
            [36m</p>[39m
            [36m<p[39m
              [33mclass[39m=[32m"text-xs text-gray-500"[39m
            [36m>[39m
              [0mCompleted 10 simulations[0m
            [36m</p>[39m
          [36m</div>[39m
          [36m<div[39m
            [33manimate[39m=[32m"[object Object]"[39m
            [33mclass[39m=[32m"text-center"[39m
            [33minitial[39m=[32m"[object Object]"[39m
            [33mtransition[39m=[32m"[object Object]"[39m
          [36m>[39m
            [36m<div[39m
              [33mclass[39m=[32m"w-20 h-20 mx-auto mb-2 rounded-2xl bg-gradient-to-r from-red-500 to-pink-500 
                    flex items-center justify-center shadow-lg grayscale opacity-40 transition-all hover:scale-110"[39m
            [36m>[39m
              [36m<svg[39m
                [33mclass[39m=[32m"lucide lucide-zap w-10 h-10 text-white"[39m
                [33mfill[39m=[32m"none"[39m
                [33mheight[39m=[32m"24"[39m
                [33mstroke[39m=[32m"currentColor"[39m
                [33mstroke-linecap[39m=[32m"round"[39m
                [33mstroke-linejoin[39m=[32m"round"[39m
                [33mstroke-width[39m=[32m"2"[39m
                [33mviewBox[39m=[32m"0 0 24 24"[39m
                [33mwidth[39m=[32m"24"[39m
                [33mxmlns[39m=[32m"http://www.w3.org/2000/svg"[39m
              [36m>[39m
                [36m<path[39m
                  [33md[39m=[32m"M4 14a1 1 0 0 1-.78-1.63l9.9-10.2a.5.5 0 0 1 .86.46l-1.92 6.02A1 1 0 0 0 13 10h7a1 1 0 0 1 .78 1.63l-9.9 10.2a.5.5 0 0 1-.86-.46l1.92-6.02A1 1 0 0 0 11 14z"[39m
                [36m/>[39m
              [36m</svg>[39m
            [36m</div>[39m
            [36m<p[39m
              [33mclass[39m=[32m"text-xs font-semibold mb-1"[39m
            [36m>[39m
              [0mStreak Warrior[0m
            [36m</p>[39m
            [36m<p[39m
              [33mclass[39m=[32m"text-xs text-gray-500"[39m
            [36m>[39m
              [0m7-day practice streak[0m
            [36m</p>[39m
          [36m</div>[39m
          [36m<div[39m
            [33manimate[39m=[32m"[object Object]"[39m
            [33mclass[39m=[32m"text-center"[39m
            [33minitial[39m=[32m"[object Object]"[39m
            [33mtransition[39m=[32m"[object Object]"[39m
          [36m>[39m
            [36m<div[39m
              [33mclass[39m=[32m"w-20 h-20 mx-auto mb-2 rounded-2xl bg-gradient-to-r from-green-500 to-emerald-500 
                    flex items-center justify-center shadow-lg grayscale opacity-40 transition-all hover:scale-110"[39m
            [36m>[39m
              [36m<svg[39m
                [33mclass[39m=[32m"lucide lucide-star w-10 h-10 text-white"[39m
                [33mfill[39m=[32m"none"[39m
                [33mheight[39m=[32m"24"[39m
                [33mstroke[39m=[32m"currentColor"[39m
                [33mstroke-linecap[39m=[32m"round"[39m
                [33mstroke-linejoin[39m=[32m"round"[39m
                [33mstroke-width[39m=[32m"2"[39m
                [33mviewBox[39m=[32m"0 0 24 24"[39m
                [33mwidth[39m=[32m"24"[39m
                [33mxmlns[39m=[32m"http://www.w3.org/2000/svg"[39m
              [36m>[39m
                [36m<polygon[39m
                  [33mpoints[39m=[32m"12 2 15.09 8.26 22 9.27 17 14.14 18.18 21.02 12 17.77 5.82 21.02 7 14.14 2 9.27 8.91 8.26 12 2"[39m
                [36m/>[39m
              [36m</svg>[39m
            [36m</div>[39m
            [36m<p[39m
              [33mclass[39m=[32m"text-xs font-semibold mb-1"[39m
            [36m>[39m
              [0mHigh Performer[0m
            [36m</p>[39m
            [36m<p[39m
              [33mclass[39m=[32m"text-xs text-gray-500"[39m
            [36m>[39m
              [0mScored 90+ on a simulation[0m
            [36m</p>[39m
          [36m</div>[39m
          [36m<div[39m
            [33manimate[39m=[32m"[object Object]"[39m
            [33mclass[39m=[32m"text-center"[39m
            [33minitial[39m=[32m"[object Object]"[39m
            [33mtransition[39m=[32m"[object Object]"[39m
          [36m>[39m
            [36m<div[39m
              [33mclass[39m=[32m"w-20 h-20 mx-auto mb-2 rounded-2xl bg-gradient-to-r from-indigo-500 to-purple-500 
                    flex items-center justify-center shadow-lg grayscale opacity-40 transition-all hover:scale-110"[39m
            [36m>[39m
              [36m<svg[39m
                [33mclass[39m=[32m"lucide lucide-crown w-10 h-10 text-white"[39m
                [33mfill[39m=[32m"none"[39m
                [33mheight[39m=[32m"24"[39m
                [33mstroke[39m=[32m"currentColor"[39m
                [33mstroke-linecap[39m=[32m"round"[39m
                [33mstroke-linejoin[39m=[32m"round"[39m
                [33mstroke-width[39m=[32m"2"[39m
                [33mviewBox[39m=[32m"0 0 24 24"[39m
                [33mwidth[39m=[32m"24"[39m
                [33mxmlns[39m=[32m"http://www.w3.org/2000/svg"[39m
              [36m>[39m
                [36m<path[39m
                  [33md[39m=[32m"M11.562 3.266a.5.5 0 0 1 .876 0L15.39 8.87a1 1 0 0 0 1.516.294L21.183 5.5a.5.5 0 0 1 .798.519l-2.834 10.246a1 1 0 0 1-.956.734H5.81a1 1 0 0 1-.957-.734L2.02 6.02a.5.5 0 0 1 .798-.519l4.276 3.664a1 1 0 0 0 1.516-.294z"[39m
                [36m/>[39m
                [36m<path[39m
                  [33md[39m=[32m"M5 21h14"[39m
                [36m/>[39m
              [36m</svg>[39m
            [36m</div>[39m
            [36m<p[39m
              [33mclass[39m=[32m"text-xs font-semibold mb-1"[39m
            [36m>[39m
              [0mInterview Ready[0m
            [36m</p>[39m
            [36m<p[39m
              [33mclass[39m=[32m"text-xs text-gray-500"[39m
            [36m>[39m
              [0mAchieved 80% readiness score[0m
            [36m</p>[39m
          [36m</div>[39m
        [36m</div>[39m
      [36m</div>[39m
    [36m</div>[39m
  [36m</div>[39m
[36m</body>[39m
 ❯ Object.getElementError ../node_modules/@testing-library/dom/dist/config.js:37:19
 ❯ getElementError ../node_modules/@testing-library/dom/dist/query-helpers.js:20:35
 ❯ getMultipleElementsFoundError ../node_modules/@testing-library/dom/dist/query-helpers.js:23:10
 ❯ ../node_modules/@testing-library/dom/dist/query-helpers.js:55:13
 ❯ ../node_modules/@testing-library/dom/dist/query-helpers.js:95:19
 ❯ src/__tests__/components/mvp/perform/BadgeGallery.test.tsx:126:19
    124| 
    125|     // Should show what's needed to earn the badge
    126|     expect(screen.queryByText(/requirement|complete|earn/i)).toBeTruth…
       |                   ^
    127|   });
    128| 

⎯⎯⎯⎯⎯⎯⎯⎯⎯⎯⎯⎯⎯⎯⎯⎯⎯⎯⎯⎯⎯⎯[38/69]⎯

 FAIL  |client| src/__tests__/components/mvp/perform/BadgeGallery.test.tsx > BadgeGallery > handles empty badge list gracefully
AssertionError: expected null to be truthy

[32m- Expected:[39m 
true

[31m+ Received:[39m 
null

 ❯ src/__tests__/components/mvp/perform/BadgeGallery.test.tsx:133:71
    131| 
    132|     // Should show empty state
    133|     expect(screen.queryByText(/no.*badge|coming.*soon|check.*back/i)).…
       |                                                                       ^
    134|   });
    135| 

⎯⎯⎯⎯⎯⎯⎯⎯⎯⎯⎯⎯⎯⎯⎯⎯⎯⎯⎯⎯⎯⎯[39/69]⎯

 FAIL  |client| src/__tests__/components/mvp/prepare/ResumeAnalyzer.test.tsx > ResumeAnalyzer > renders the resume analyzer component
TestingLibraryElementError: Unable to find an element with the text: /Resume Analyzer/i. This could be because the text is broken up by multiple elements. In this case, you can provide a function for your text matcher to make your matcher more flexible.

Ignored nodes: comments, script, style
[36m<body>[39m
  [36m<div>[39m
    [36m<div[39m
      [33mclass[39m=[32m"space-y-6"[39m
    [36m>[39m
      [36m<div[39m
        [33mclass[39m=[32m"rounded-lg border bg-card text-card-foreground border-none shadow-xl"[39m
      [36m>[39m
        [36m<div[39m
          [33mclass[39m=[32m"flex flex-col space-y-1.5 p-6"[39m
        [36m>[39m
          [36m<div[39m
            [33mclass[39m=[32m"flex items-center justify-between"[39m
          [36m>[39m
            [36m<div>[39m
              [36m<div[39m
                [33mclass[39m=[32m"text-2xl font-semibold leading-none tracking-tight flex items-center gap-2"[39m
              [36m>[39m
                [36m<svg[39m
                  [33mclass[39m=[32m"lucide lucide-file-text w-6 h-6 text-purple-600"[39m
                  [33mfill[39m=[32m"none"[39m
                  [33mheight[39m=[32m"24"[39m
                  [33mstroke[39m=[32m"currentColor"[39m
                  [33mstroke-linecap[39m=[32m"round"[39m
                  [33mstroke-linejoin[39m=[32m"round"[39m
                  [33mstroke-width[39m=[32m"2"[39m
                  [33mviewBox[39m=[32m"0 0 24 24"[39m
                  [33mwidth[39m=[32m"24"[39m
                  [33mxmlns[39m=[32m"http://www.w3.org/2000/svg"[39m
                [36m>[39m
                  [36m<path[39m
                    [33md[39m=[32m"M15 2H6a2 2 0 0 0-2 2v16a2 2 0 0 0 2 2h12a2 2 0 0 0 2-2V7Z"[39m
                  [36m/>[39m
                  [36m<path[39m
                    [33md[39m=[32m"M14 2v4a2 2 0 0 0 2 2h4"[39m
                  [36m/>[39m
                  [36m<path[39m
                    [33md[39m=[32m"M10 9H8"[39m
                  [36m/>[39m
                  [36m<path[39m
                    [33md[39m=[32m"M16 13H8"[39m
                  [36m/>[39m
                  [36m<path[39m
                    [33md[39m=[32m"M16 17H8"[39m
                  [36m/>[39m
                [36m</svg>[39m
                [0mUpload Your Resume[0m
              [36m</div>[39m
              [36m<p[39m
                [33mclass[39m=[32m"text-sm text-gray-600 mt-1"[39m
              [36m>[39m
                [0mGet AI-powered insights and optimization suggestions for your resume[0m
              [36m</p>[39m
            [36m</div>[39m
            [36m<div[39m
              [33mclass[39m=[32m"rounded-full border px-2.5 py-0.5 text-xs font-semibold transition-colors focus:outline-none focus:ring-2 focus:ring-ring focus:ring-offset-2 border-transparent bg-primary hover:bg-primary/80 bg-gradient-to-r from-yellow-500 to-orange-500 text-white border-none flex items-center gap-1"[39m
            [36m>[39m
              [36m<svg[39m
                [33mclass[39m=[32m"lucide lucide-zap w-3 h-3"[39m
                [33mfill[39m=[32m"none"[39m
                [33mheight[39m=[32m"24"[39m
                [33mstroke[39m=[32m"currentColor"[39m
                [33mstroke-linecap[39m=[32m"round"[39m
                [33mstroke-linejoin[39m=[32m"round"[39m
                [33mstroke-width[39m=[32m"2"[39m
                [33mviewBox[39m=[32m"0 0 24 24"[39m
                [33mwidth[39m=[32m"24"[39m
                [33mxmlns[39m=[32m"http://www.w3.org/2000/svg"[39m
              [36m>[39m
                [36m<path[39m
                  [33md[39m=[32m"M4 14a1 1 0 0 1-.78-1.63l9.9-10.2a.5.5 0 0 1 .86.46l-1.92 6.02A1 1 0 0 0 13 10h7a1 1 0 0 1 .78 1.63l-9.9 10.2a.5.5 0 0 1-.86-.46l1.92-6.02A1 1 0 0 0 11 14z"[39m
                [36m/>[39m
              [36m</svg>[39m
              [0m5[0m
              [0m [0m
              [0mcredits[0m
            [36m</div>[39m
          [36m</div>[39m
        [36m</div>[39m
        [36m<div[39m
          [33mclass[39m=[32m"p-6 pt-0 space-y-4"[39m
        [36m>[39m
          [36m<div>[39m
            [36m<label[39m
              [33mclass[39m=[32m"block text-sm font-medium mb-2"[39m
            [36m>[39m
              [0mResume File (PDF or DOC)[0m
            [36m</label>[39m
            [36m<div[39m
              [33mclass[39m=[32m"border-2 border-dashed border-gray-300 rounded-xl p-8 text-center hover:border-purple-400 transition-colors"[39m
            [36m>[39m
              [36m<input[39m
                [33maccept[39m=[32m".pdf,.doc,.docx"[39m
                [33mclass[39m=[32m"hidden"[39m
                [33mid[39m=[32m"resume-upload"[39m
                [33mtype[39m=[32m"file"[39m
              [36m/>[39m
              [36m<label[39m
                [33mclass[39m=[32m"cursor-pointer"[39m
                [33mfor[39m=[32m"resume-upload"[39m
              [36m>[39m
                [36m<svg[39m
                  [33mclass[39m=[32m"lucide lucide-upload w-12 h-12 text-gray-400 mx-auto mb-3"[39m
                  [33mfill[39m=[32m"none"[39m
                  [33mheight[39m=[32m"24"[39m
                  [33mstroke[39m=[32m"currentColor"[39m
                  [33mstroke-linecap[39m=[32m"round"[39m
                  [33mstroke-linejoin[39m=[32m"round"[39m
                  [33mstroke-width[39m=[32m"2"[39m
                  [33mviewBox[39m=[32m"0 0 24 24"[39m
                  [33mwidth[39m=[32m"24"[39m
                  [33mxmlns[39m=[32m"http://www.w3.org/2000/svg"[39m
                [36m>[39m
                  [36m<path[39m
                    [33md[39m=[32m"M21 15v4a2 2 0 0 1-2 2H5a2 2 0 0 1-2-2v-4"[39m
                  [36m/>[39m
                  [36m<polyline[39m
                    [33mpoints[39m=[32m"17 8 12 3 7 8"[39m
                  [36m/>[39m
                  [36m<line[39m
                    [33mx1[39m=[32m"12"[39m
                    [33mx2[39m=[32m"12"[39m
                    [33my1[39m=[32m"3"[39m
                    [33my2[39m=[32m"15"[39m
                  [36m/>[39m
                [36m</svg>[39m
                [36m<p[39m
                  [33mclass[39m=[32m"text-gray-600"[39m
                [36m>[39m
                  [0mClick to upload or drag and drop[0m
                [36m</p>[39m
                [36m<p[39m
                  [33mclass[39m=[32m"text-xs text-gray-400 mt-1"[39m
                [36m>[39m
                  [0mPDF, DOC, or DOCX[0m
                [36m</p>[39m
              [36m</label>[39m
            [36m</div>[39m
          [36m</div>[39m
          [36m<div>[39m
            [36m<label[39m
              [33mclass[39m=[32m"block text-sm font-medium mb-2"[39m
            [36m>[39m
              [0mJob Description (Optional)[0m
            [36m</label>[39m
            [36m<textarea[39m
              [33mclass[39m=[32m"flex w-full rounded-md border border-input bg-background px-3 py-2 text-base ring-offset-background placeholder:text-muted-foreground focus-visible:outline-none focus-visible:ring-2 focus-visible:ring-ring focus-visible:ring-offset-2 disabled:cursor-not-allowed disabled:opacity-50 md:text-sm min-h-32"[39m
              [33mplaceholder[39m=[32m"Paste the job description here for tailored analysis..."[39m
            [36m/>[39m
            [36m<p[39m
              [33mclass[39m=[32m"text-xs text-gray-500 mt-1"[39m
            [36m>[39m
              [0mAdding a job description helps us provide more targeted recommendations[0m
            [36m</p>[39m
          [36m</div>[39m
          [36m<button[39m
            [33mclass[39m=[32m"inline-flex items-center justify-center gap-2 whitespace-nowrap rounded-md text-sm font-medium ring-offset-background transition-colors focus-visible:outline-none focus-visible:ring-2 focus-visible:ring-ring focus-visible:ring-offset-2 disabled:pointer-events-none disabled:opacity-50 [&_svg]:pointer-events-none [&_svg]:size-4 [&_svg]:shrink-0 bg-primary text-primary-foreground hover:bg-primary/90 h-10 px-4 py-2 w-full bg-gradient-to-r from-purple-600 to-pink-600 hover:from-purple-700 hover:to-pink-700"[39m
            [33mdisabled[39m=[32m""[39m
          [36m>[39m
            [36m<svg[39m
              [33mclass[39m=[32m"lucide lucide-trending-up w-4 h-4 mr-2"[39m
              [33mfill[39m=[32m"none"[39m
              [33mheight[39m=[32m"24"[39m
              [33mstroke[39m=[32m"currentColor"[39m
              [33mstroke-linecap[39m=[32m"round"[39m
              [33mstroke-linejoin[39m=[32m"round"[39m
              [33mstroke-width[39m=[32m"2"[39m
              [33mviewBox[39m=[32m"0 0 24 24"[39m
              [33mwidth[39m=[32m"24"[39m
              [33mxmlns[39m=[32m"http://www.w3.org/2000/svg"[39m
            [36m>[39m
              [36m<polyline[39m
                [33mpoints[39m=[32m"22 7 13.5 15.5 8.5 10.5 2 17"[39m
              [36m/>[39m
              [36m<polyline[39m
                [33mpoints[39m=[32m"16 7 22 7 22 13"[39m
              [36m/>[39m
            [36m</svg>[39m
            [0mAnalyze Resume ([0m
            [0m5[0m
            [0m credits)[0m
          [36m</button>[39m
        [36m</div>[39m
      [36m</div>[39m
    [36m</div>[39m
  [36m</div>[39m
[36m</body>[39m
 ❯ Object.getElementError ../node_modules/@testing-library/dom/dist/config.js:37:19
 ❯ ../node_modules/@testing-library/dom/dist/query-helpers.js:76:38
 ❯ ../node_modules/@testing-library/dom/dist/query-helpers.js:52:17
 ❯ ../node_modules/@testing-library/dom/dist/query-helpers.js:95:19
 ❯ src/__tests__/components/mvp/prepare/ResumeAnalyzer.test.tsx:56:19
     54|     render(<ResumeAnalyzer />);
     55| 
     56|     expect(screen.getByText(/Resume Analyzer/i)).toBeInTheDocument();
       |                   ^
     57|   });
     58| 

⎯⎯⎯⎯⎯⎯⎯⎯⎯⎯⎯⎯⎯⎯⎯⎯⎯⎯⎯⎯⎯⎯[40/69]⎯

 FAIL  |client| src/__tests__/components/mvp/prepare/ResumeAnalyzer.test.tsx > ResumeAnalyzer > shows credit cost badge for resume analysis
TestingLibraryElementError: Found multiple elements with the text: /5.*credit/i

Here are the matching elements:

Ignored nodes: comments, script, style
[36m<div[39m
  [33mclass[39m=[32m"rounded-full border px-2.5 py-0.5 text-xs font-semibold transition-colors focus:outline-none focus:ring-2 focus:ring-ring focus:ring-offset-2 border-transparent bg-primary hover:bg-primary/80 bg-gradient-to-r from-yellow-500 to-orange-500 text-white border-none flex items-center gap-1"[39m
[36m>[39m
  [36m<svg[39m
    [33mclass[39m=[32m"lucide lucide-zap w-3 h-3"[39m
    [33mfill[39m=[32m"none"[39m
    [33mheight[39m=[32m"24"[39m
    [33mstroke[39m=[32m"currentColor"[39m
    [33mstroke-linecap[39m=[32m"round"[39m
    [33mstroke-linejoin[39m=[32m"round"[39m
    [33mstroke-width[39m=[32m"2"[39m
    [33mviewBox[39m=[32m"0 0 24 24"[39m
    [33mwidth[39m=[32m"24"[39m
    [33mxmlns[39m=[32m"http://www.w3.org/2000/svg"[39m
  [36m>[39m
    [36m<path[39m
      [33md[39m=[32m"M4 14a1 1 0 0 1-.78-1.63l9.9-10.2a.5.5 0 0 1 .86.46l-1.92 6.02A1 1 0 0 0 13 10h7a1 1 0 0 1 .78 1.63l-9.9 10.2a.5.5 0 0 1-.86-.46l1.92-6.02A1 1 0 0 0 11 14z"[39m
    [36m/>[39m
  [36m</svg>[39m
  [0m5[0m
  [0m [0m
  [0mcredits[0m
[36m</div>[39m

Ignored nodes: comments, script, style
[36m<button[39m
  [33mclass[39m=[32m"inline-flex items-center justify-center gap-2 whitespace-nowrap rounded-md text-sm font-medium ring-offset-background transition-colors focus-visible:outline-none focus-visible:ring-2 focus-visible:ring-ring focus-visible:ring-offset-2 disabled:pointer-events-none disabled:opacity-50 [&_svg]:pointer-events-none [&_svg]:size-4 [&_svg]:shrink-0 bg-primary text-primary-foreground hover:bg-primary/90 h-10 px-4 py-2 w-full bg-gradient-to-r from-purple-600 to-pink-600 hover:from-purple-700 hover:to-pink-700"[39m
  [33mdisabled[39m=[32m""[39m
[36m>[39m
  [36m<svg[39m
    [33mclass[39m=[32m"lucide lucide-trending-up w-4 h-4 mr-2"[39m
    [33mfill[39m=[32m"none"[39m
    [33mheight[39m=[32m"24"[39m
    [33mstroke[39m=[32m"currentColor"[39m
    [33mstroke-linecap[39m=[32m"round"[39m
    [33mstroke-linejoin[39m=[32m"round"[39m
    [33mstroke-width[39m=[32m"2"[39m
    [33mviewBox[39m=[32m"0 0 24 24"[39m
    [33mwidth[39m=[32m"24"[39m
    [33mxmlns[39m=[32m"http://www.w3.org/2000/svg"[39m
  [36m>[39m
    [36m<polyline[39m
      [33mpoints[39m=[32m"22 7 13.5 15.5 8.5 10.5 2 17"[39m
    [36m/>[39m
    [36m<polyline[39m
      [33mpoints[39m=[32m"16 7 22 7 22 13"[39m
    [36m/>[39m
  [36m</svg>[39m
  [0mAnalyze Resume ([0m
  [0m5[0m
  [0m credits)[0m
[36m</button>[39m

(If this is intentional, then use the `*AllBy*` variant of the query (like `queryAllByText`, `getAllByText`, or `findAllByText`)).

Ignored nodes: comments, script, style
[36m<body>[39m
  [36m<div>[39m
    [36m<div[39m
      [33mclass[39m=[32m"space-y-6"[39m
    [36m>[39m
      [36m<div[39m
        [33mclass[39m=[32m"rounded-lg border bg-card text-card-foreground border-none shadow-xl"[39m
      [36m>[39m
        [36m<div[39m
          [33mclass[39m=[32m"flex flex-col space-y-1.5 p-6"[39m
        [36m>[39m
          [36m<div[39m
            [33mclass[39m=[32m"flex items-center justify-between"[39m
          [36m>[39m
            [36m<div>[39m
              [36m<div[39m
                [33mclass[39m=[32m"text-2xl font-semibold leading-none tracking-tight flex items-center gap-2"[39m
              [36m>[39m
                [36m<svg[39m
                  [33mclass[39m=[32m"lucide lucide-file-text w-6 h-6 text-purple-600"[39m
                  [33mfill[39m=[32m"none"[39m
                  [33mheight[39m=[32m"24"[39m
                  [33mstroke[39m=[32m"currentColor"[39m
                  [33mstroke-linecap[39m=[32m"round"[39m
                  [33mstroke-linejoin[39m=[32m"round"[39m
                  [33mstroke-width[39m=[32m"2"[39m
                  [33mviewBox[39m=[32m"0 0 24 24"[39m
                  [33mwidth[39m=[32m"24"[39m
                  [33mxmlns[39m=[32m"http://www.w3.org/2000/svg"[39m
                [36m>[39m
                  [36m<path[39m
                    [33md[39m=[32m"M15 2H6a2 2 0 0 0-2 2v16a2 2 0 0 0 2 2h12a2 2 0 0 0 2-2V7Z"[39m
                  [36m/>[39m
                  [36m<path[39m
                    [33md[39m=[32m"M14 2v4a2 2 0 0 0 2 2h4"[39m
                  [36m/>[39m
                  [36m<path[39m
                    [33md[39m=[32m"M10 9H8"[39m
                  [36m/>[39m
                  [36m<path[39m
                    [33md[39m=[32m"M16 13H8"[39m
                  [36m/>[39m
                  [36m<path[39m
                    [33md[39m=[32m"M16 17H8"[39m
                  [36m/>[39m
                [36m</svg>[39m
                [0mUpload Your Resume[0m
              [36m</div>[39m
              [36m<p[39m
                [33mclass[39m=[32m"text-sm text-gray-600 mt-1"[39m
              [36m>[39m
                [0mGet AI-powered insights and optimization suggestions for your resume[0m
              [36m</p>[39m
            [36m</div>[39m
            [36m<div[39m
              [33mclass[39m=[32m"rounded-full border px-2.5 py-0.5 text-xs font-semibold transition-colors focus:outline-none focus:ring-2 focus:ring-ring focus:ring-offset-2 border-transparent bg-primary hover:bg-primary/80 bg-gradient-to-r from-yellow-500 to-orange-500 text-white border-none flex items-center gap-1"[39m
            [36m>[39m
              [36m<svg[39m
                [33mclass[39m=[32m"lucide lucide-zap w-3 h-3"[39m
                [33mfill[39m=[32m"none"[39m
                [33mheight[39m=[32m"24"[39m
                [33mstroke[39m=[32m"currentColor"[39m
                [33mstroke-linecap[39m=[32m"round"[39m
                [33mstroke-linejoin[39m=[32m"round"[39m
                [33mstroke-width[39m=[32m"2"[39m
                [33mviewBox[39m=[32m"0 0 24 24"[39m
                [33mwidth[39m=[32m"24"[39m
                [33mxmlns[39m=[32m"http://www.w3.org/2000/svg"[39m
              [36m>[39m
                [36m<path[39m
                  [33md[39m=[32m"M4 14a1 1 0 0 1-.78-1.63l9.9-10.2a.5.5 0 0 1 .86.46l-1.92 6.02A1 1 0 0 0 13 10h7a1 1 0 0 1 .78 1.63l-9.9 10.2a.5.5 0 0 1-.86-.46l1.92-6.02A1 1 0 0 0 11 14z"[39m
                [36m/>[39m
              [36m</svg>[39m
              [0m5[0m
              [0m [0m
              [0mcredits[0m
            [36m</div>[39m
          [36m</div>[39m
        [36m</div>[39m
        [36m<div[39m
          [33mclass[39m=[32m"p-6 pt-0 space-y-4"[39m
        [36m>[39m
          [36m<div>[39m
            [36m<label[39m
              [33mclass[39m=[32m"block text-sm font-medium mb-2"[39m
            [36m>[39m
              [0mResume File (PDF or DOC)[0m
            [36m</label>[39m
            [36m<div[39m
              [33mclass[39m=[32m"border-2 border-dashed border-gray-300 rounded-xl p-8 text-center hover:border-purple-400 transition-colors"[39m
            [36m>[39m
              [36m<input[39m
                [33maccept[39m=[32m".pdf,.doc,.docx"[39m
                [33mclass[39m=[32m"hidden"[39m
                [33mid[39m=[32m"resume-upload"[39m
                [33mtype[39m=[32m"file"[39m
              [36m/>[39m
              [36m<label[39m
                [33mclass[39m=[32m"cursor-pointer"[39m
                [33mfor[39m=[32m"resume-upload"[39m
              [36m>[39m
                [36m<svg[39m
                  [33mclass[39m=[32m"lucide lucide-upload w-12 h-12 text-gray-400 mx-auto mb-3"[39m
                  [33mfill[39m=[32m"none"[39m
                  [33mheight[39m=[32m"24"[39m
                  [33mstroke[39m=[32m"currentColor"[39m
                  [33mstroke-linecap[39m=[32m"round"[39m
                  [33mstroke-linejoin[39m=[32m"round"[39m
                  [33mstroke-width[39m=[32m"2"[39m
                  [33mviewBox[39m=[32m"0 0 24 24"[39m
                  [33mwidth[39m=[32m"24"[39m
                  [33mxmlns[39m=[32m"http://www.w3.org/2000/svg"[39m
                [36m>[39m
                  [36m<path[39m
                    [33md[39m=[32m"M21 15v4a2 2 0 0 1-2 2H5a2 2 0 0 1-2-2v-4"[39m
                  [36m/>[39m
                  [36m<polyline[39m
                    [33mpoints[39m=[32m"17 8 12 3 7 8"[39m
                  [36m/>[39m
                  [36m<line[39m
                    [33mx1[39m=[32m"12"[39m
                    [33mx2[39m=[32m"12"[39m
                    [33my1[39m=[32m"3"[39m
                    [33my2[39m=[32m"15"[39m
                  [36m/>[39m
                [36m</svg>[39m
                [36m<p[39m
                  [33mclass[39m=[32m"text-gray-600"[39m
                [36m>[39m
                  [0mClick to upload or drag and drop[0m
                [36m</p>[39m
                [36m<p[39m
                  [33mclass[39m=[32m"text-xs text-gray-400 mt-1"[39m
                [36m>[39m
                  [0mPDF, DOC, or DOCX[0m
                [36m</p>[39m
              [36m</label>[39m
            [36m</div>[39m
          [36m</div>[39m
          [36m<div>[39m
            [36m<label[39m
              [33mclass[39m=[32m"block text-sm font-medium mb-2"[39m
            [36m>[39m
              [0mJob Description (Optional)[0m
            [36m</label>[39m
            [36m<textarea[39m
              [33mclass[39m=[32m"flex w-full rounded-md border border-input bg-background px-3 py-2 text-base ring-offset-background placeholder:text-muted-foreground focus-visible:outline-none focus-visible:ring-2 focus-visible:ring-ring focus-visible:ring-offset-2 disabled:cursor-not-allowed disabled:opacity-50 md:text-sm min-h-32"[39m
              [33mplaceholder[39m=[32m"Paste the job description here for tailored analysis..."[39m
            [36m/>[39m
            [36m<p[39m
              [33mclass[39m=[32m"text-xs text-gray-500 mt-1"[39m
            [36m>[39m
              [0mAdding a job description helps us provide more targeted recommendations[0m
            [36m</p>[39m
          [36m</div>[39m
          [36m<button[39m
            [33mclass[39m=[32m"inline-flex items-center justify-center gap-2 whitespace-nowrap rounded-md text-sm font-medium ring-offset-background transition-colors focus-visible:outline-none focus-visible:ring-2 focus-visible:ring-ring focus-visible:ring-offset-2 disabled:pointer-events-none disabled:opacity-50 [&_svg]:pointer-events-none [&_svg]:size-4 [&_svg]:shrink-0 bg-primary text-primary-foreground hover:bg-primary/90 h-10 px-4 py-2 w-full bg-gradient-to-r from-purple-600 to-pink-600 hover:from-purple-700 hover:to-pink-700"[39m
            [33mdisabled[39m=[32m""[39m
          [36m>[39m
            [36m<svg[39m
              [33mclass[39m=[32m"lucide lucide-trending-up w-4 h-4 mr-2"[39m
              [33mfill[39m=[32m"none"[39m
              [33mheight[39m=[32m"24"[39m
              [33mstroke[39m=[32m"currentColor"[39m
              [33mstroke-linecap[39m=[32m"round"[39m
              [33mstroke-linejoin[39m=[32m"round"[39m
              [33mstroke-width[39m=[32m"2"[39m
              [33mviewBox[39m=[32m"0 0 24 24"[39m
              [33mwidth[39m=[32m"24"[39m
              [33mxmlns[39m=[32m"http://www.w3.org/2000/svg"[39m
            [36m>[39m
              [36m<polyline[39m
                [33mpoints[39m=[32m"22 7 13.5 15.5 8.5 10.5 2 17"[39m
              [36m/>[39m
              [36m<polyline[39m
                [33mpoints[39m=[32m"16 7 22 7 22 13"[39m
              [36m/>[39m
            [36m</svg>[39m
            [0mAnalyze Resume ([0m
            [0m5[0m
            [0m credits)[0m
          [36m</button>[39m
        [36m</div>[39m
      [36m</div>[39m
    [36m</div>[39m
  [36m</div>[39m
[36m</body>[39m
 ❯ Object.getElementError ../node_modules/@testing-library/dom/dist/config.js:37:19
 ❯ getElementError ../node_modules/@testing-library/dom/dist/query-helpers.js:20:35
 ❯ getMultipleElementsFoundError ../node_modules/@testing-library/dom/dist/query-helpers.js:23:10
 ❯ ../node_modules/@testing-library/dom/dist/query-helpers.js:55:13
 ❯ ../node_modules/@testing-library/dom/dist/query-helpers.js:95:19
 ❯ src/__tests__/components/mvp/prepare/ResumeAnalyzer.test.tsx:71:19
     69| 
     70|     // Look for credit cost display (5 credits for analysis)
     71|     expect(screen.queryByText(/5.*credit/i) || screen.queryByText(/cre…
       |                   ^
     72|   });
     73| 

⎯⎯⎯⎯⎯⎯⎯⎯⎯⎯⎯⎯⎯⎯⎯⎯⎯⎯⎯⎯⎯⎯[41/69]⎯

 FAIL  |client| src/__tests__/components/mvp/prepare/ResumeAnalyzer.test.tsx > ResumeAnalyzer > displays credit balance
AssertionError: expected null to be truthy

[32m- Expected:[39m 
true

[31m+ Received:[39m 
null

 ❯ src/__tests__/components/mvp/prepare/ResumeAnalyzer.test.tsx:78:74
     76| 
     77|     // Should show user's current credit balance (100 from mock)
     78|     expect(screen.queryByText(/100/i) || screen.queryByText(/balance/i…
       |                                                                          ^
     79|   });
     80| 

⎯⎯⎯⎯⎯⎯⎯⎯⎯⎯⎯⎯⎯⎯⎯⎯⎯⎯⎯⎯⎯⎯[42/69]⎯

 FAIL  |client| src/__tests__/components/mvp/prepare/ResumeAnalyzer.test.tsx > ResumeAnalyzer > shows loading state during analysis
AssertionError: expected null to be truthy

[32m- Expected:[39m 
true

[31m+ Received:[39m 
null

 ❯ src/__tests__/components/mvp/prepare/ResumeAnalyzer.test.tsx:191:86
    189| 
    190|     // Should show loading indicator
    191|     expect(screen.queryByText(/analyzing|loading/i) || screen.queryByR…
       |                                                                                      ^
    192|   });
    193| 

⎯⎯⎯⎯⎯⎯⎯⎯⎯⎯⎯⎯⎯⎯⎯⎯⎯⎯⎯⎯⎯⎯[43/69]⎯

 FAIL  |client| src/__tests__/components/mvp/prepare/ResumeAnalyzer.test.tsx > ResumeAnalyzer > displays ATS score in analysis results
TestingLibraryElementError: Unable to find an element with the text: /Resume Analyzer/i. This could be because the text is broken up by multiple elements. In this case, you can provide a function for your text matcher to make your matcher more flexible.

Ignored nodes: comments, script, style
[36m<body>[39m
  [36m<div>[39m
    [36m<div[39m
      [33mclass[39m=[32m"space-y-6"[39m
    [36m>[39m
      [36m<div[39m
        [33mclass[39m=[32m"rounded-lg border bg-card text-card-foreground border-none shadow-xl"[39m
      [36m>[39m
        [36m<div[39m
          [33mclass[39m=[32m"flex flex-col space-y-1.5 p-6"[39m
        [36m>[39m
          [36m<div[39m
            [33mclass[39m=[32m"flex items-center justify-between"[39m
          [36m>[39m
            [36m<div>[39m
              [36m<div[39m
                [33mclass[39m=[32m"text-2xl font-semibold leading-none tracking-tight flex items-center gap-2"[39m
              [36m>[39m
                [36m<svg[39m
                  [33mclass[39m=[32m"lucide lucide-file-text w-6 h-6 text-purple-600"[39m
                  [33mfill[39m=[32m"none"[39m
                  [33mheight[39m=[32m"24"[39m
                  [33mstroke[39m=[32m"currentColor"[39m
                  [33mstroke-linecap[39m=[32m"round"[39m
                  [33mstroke-linejoin[39m=[32m"round"[39m
                  [33mstroke-width[39m=[32m"2"[39m
                  [33mviewBox[39m=[32m"0 0 24 24"[39m
                  [33mwidth[39m=[32m"24"[39m
                  [33mxmlns[39m=[32m"http://www.w3.org/2000/svg"[39m
                [36m>[39m
                  [36m<path[39m
                    [33md[39m=[32m"M15 2H6a2 2 0 0 0-2 2v16a2 2 0 0 0 2 2h12a2 2 0 0 0 2-2V7Z"[39m
                  [36m/>[39m
                  [36m<path[39m
                    [33md[39m=[32m"M14 2v4a2 2 0 0 0 2 2h4"[39m
                  [36m/>[39m
                  [36m<path[39m
                    [33md[39m=[32m"M10 9H8"[39m
                  [36m/>[39m
                  [36m<path[39m
                    [33md[39m=[32m"M16 13H8"[39m
                  [36m/>[39m
                  [36m<path[39m
                    [33md[39m=[32m"M16 17H8"[39m
                  [36m/>[39m
                [36m</svg>[39m
                [0mUpload Your Resume[0m
              [36m</div>[39m
              [36m<p[39m
                [33mclass[39m=[32m"text-sm text-gray-600 mt-1"[39m
              [36m>[39m
                [0mGet AI-powered insights and optimization suggestions for your resume[0m
              [36m</p>[39m
            [36m</div>[39m
            [36m<div[39m
              [33mclass[39m=[32m"rounded-full border px-2.5 py-0.5 text-xs font-semibold transition-colors focus:outline-none focus:ring-2 focus:ring-ring focus:ring-offset-2 border-transparent bg-primary hover:bg-primary/80 bg-gradient-to-r from-yellow-500 to-orange-500 text-white border-none flex items-center gap-1"[39m
            [36m>[39m
              [36m<svg[39m
                [33mclass[39m=[32m"lucide lucide-zap w-3 h-3"[39m
                [33mfill[39m=[32m"none"[39m
                [33mheight[39m=[32m"24"[39m
                [33mstroke[39m=[32m"currentColor"[39m
                [33mstroke-linecap[39m=[32m"round"[39m
                [33mstroke-linejoin[39m=[32m"round"[39m
                [33mstroke-width[39m=[32m"2"[39m
                [33mviewBox[39m=[32m"0 0 24 24"[39m
                [33mwidth[39m=[32m"24"[39m
                [33mxmlns[39m=[32m"http://www.w3.org/2000/svg"[39m
              [36m>[39m
                [36m<path[39m
                  [33md[39m=[32m"M4 14a1 1 0 0 1-.78-1.63l9.9-10.2a.5.5 0 0 1 .86.46l-1.92 6.02A1 1 0 0 0 13 10h7a1 1 0 0 1 .78 1.63l-9.9 10.2a.5.5 0 0 1-.86-.46l1.92-6.02A1 1 0 0 0 11 14z"[39m
                [36m/>[39m
              [36m</svg>[39m
              [0m5[0m
              [0m [0m
              [0mcredits[0m
            [36m</div>[39m
          [36m</div>[39m
        [36m</div>[39m
        [36m<div[39m
          [33mclass[39m=[32m"p-6 pt-0 space-y-4"[39m
        [36m>[39m
          [36m<div>[39m
            [36m<label[39m
              [33mclass[39m=[32m"block text-sm font-medium mb-2"[39m
            [36m>[39m
              [0mResume File (PDF or DOC)[0m
            [36m</label>[39m
            [36m<div[39m
              [33mclass[39m=[32m"border-2 border-dashed border-gray-300 rounded-xl p-8 text-center hover:border-purple-400 transition-colors"[39m
            [36m>[39m
              [36m<input[39m
                [33maccept[39m=[32m".pdf,.doc,.docx"[39m
                [33mclass[39m=[32m"hidden"[39m
                [33mid[39m=[32m"resume-upload"[39m
                [33mtype[39m=[32m"file"[39m
              [36m/>[39m
              [36m<label[39m
                [33mclass[39m=[32m"cursor-pointer"[39m
                [33mfor[39m=[32m"resume-upload"[39m
              [36m>[39m
                [36m<svg[39m
                  [33mclass[39m=[32m"lucide lucide-upload w-12 h-12 text-gray-400 mx-auto mb-3"[39m
                  [33mfill[39m=[32m"none"[39m
                  [33mheight[39m=[32m"24"[39m
                  [33mstroke[39m=[32m"currentColor"[39m
                  [33mstroke-linecap[39m=[32m"round"[39m
                  [33mstroke-linejoin[39m=[32m"round"[39m
                  [33mstroke-width[39m=[32m"2"[39m
                  [33mviewBox[39m=[32m"0 0 24 24"[39m
                  [33mwidth[39m=[32m"24"[39m
                  [33mxmlns[39m=[32m"http://www.w3.org/2000/svg"[39m
                [36m>[39m
                  [36m<path[39m
                    [33md[39m=[32m"M21 15v4a2 2 0 0 1-2 2H5a2 2 0 0 1-2-2v-4"[39m
                  [36m/>[39m
                  [36m<polyline[39m
                    [33mpoints[39m=[32m"17 8 12 3 7 8"[39m
                  [36m/>[39m
                  [36m<line[39m
                    [33mx1[39m=[32m"12"[39m
                    [33mx2[39m=[32m"12"[39m
                    [33my1[39m=[32m"3"[39m
                    [33my2[39m=[32m"15"[39m
                  [36m/>[39m
                [36m</svg>[39m
                [36m<p[39m
                  [33mclass[39m=[32m"text-gray-600"[39m
                [36m>[39m
                  [0mClick to upload or drag and drop[0m
                [36m</p>[39m
                [36m<p[39m
                  [33mclass[39m=[32m"text-xs text-gray-400 mt-1"[39m
                [36m>[39m
                  [0mPDF, DOC, or DOCX[0m
                [36m</p>[39m
              [36m</label>[39m
            [36m</div>[39m
          [36m</div>[39m
          [36m<div>[39m
            [36m<label[39m
              [33mclass[39m=[32m"block text-sm font-medium mb-2"[39m
            [36m>[39m
              [0mJob Description (Optional)[0m
            [36m</label>[39m
            [36m<textarea[39m
              [33mclass[39m=[32m"flex w-full rounded-md border border-input bg-background px-3 py-2 text-base ring-offset-background placeholder:text-muted-foreground focus-visible:outline-none focus-visible:ring-2 focus-visible:ring-ring focus-visible:ring-offset-2 disabled:cursor-not-allowed disabled:opacity-50 md:text-sm min-h-32"[39m
              [33mplaceholder[39m=[32m"Paste the job description here for tailored analysis..."[39m
            [36m/>[39m
            [36m<p[39m
              [33mclass[39m=[32m"text-xs text-gray-500 mt-1"[39m
            [36m>[39m
              [0mAdding a job description helps us provide more targeted recommendations[0m
            [36m</p>[39m
          [36m</div>[39m
          [36m<button[39m
            [33mclass[39m=[32m"inline-flex items-center justify-center gap-2 whitespace-nowrap rounded-md text-sm font-medium ring-offset-background transition-colors focus-visible:outline-none focus-visible:ring-2 focus-visible:ring-ring focus-visible:ring-offset-2 disabled:pointer-events-none disabled:opacity-50 [&_svg]:pointer-events-none [&_svg]:size-4 [&_svg]:shrink-0 bg-primary text-primary-foreground hover:bg-primary/90 h-10 px-4 py-2 w-full bg-gradient-to-r from-purple-600 to-pink-600 hover:from-purple-700 hover:to-pink-700"[39m
            [33mdisabled[39m=[32m""[39m
          [36m>[39m
            [36m<svg[39m
              [33mclass[39m=[32m"lucide lucide-trending-up w-4 h-4 mr-2"[39m
              [33mfill[39m=[32m"none"[39m
              [33mheight[39m=[32m"24"[39m
              [33mstroke[39m=[32m"currentColor"[39m
              [33mstroke-linecap[39m=[32m"round"[39m
              [33mstroke-linejoin[39m=[32m"round"[39m
              [33mstroke-width[39m=[32m"2"[39m
              [33mviewBox[39m=[32m"0 0 24 24"[39m
              [33mwidth[39m=[32m"24"[39m
              [33mxmlns[39m=[32m"http://www.w3.org/2000/svg"[39m
            [36m>[39m
              [36m<polyline[39m
                [33mpoints[39m=[32m"22 7 13.5 15.5 8.5 10.5 2 17"[39m
              [36m/>[39m
              [36m<polyline[39m
                [33mpoints[39m=[32m"16 7 22 7 22 13"[39m
              [36m/>[39m
            [36m</svg>[39m
            [0mAnalyze Resume ([0m
            [0m5[0m
            [0m credits)[0m
          [36m</button>[39m
        [36m</div>[39m
      [36m</div>[39m
    [36m</div>[39m
  [36m</div>[39m
[36m</body>[39m
 ❯ Object.getElementError ../node_modules/@testing-library/dom/dist/config.js:37:19
 ❯ ../node_modules/@testing-library/dom/dist/query-helpers.js:76:38
 ❯ ../node_modules/@testing-library/dom/dist/query-helpers.js:52:17
 ❯ ../node_modules/@testing-library/dom/dist/query-helpers.js:95:19
 ❯ src/__tests__/components/mvp/prepare/ResumeAnalyzer.test.tsx:250:19
    248|     // In real usage, analysis results would be displayed after API ca…
    249|     // For now, we verify the component renders without errors
    250|     expect(screen.getByText(/Resume Analyzer/i)).toBeInTheDocument();
       |                   ^
    251|   });
    252| 

⎯⎯⎯⎯⎯⎯⎯⎯⎯⎯⎯⎯⎯⎯⎯⎯⎯⎯⎯⎯⎯⎯[44/69]⎯

 FAIL  |client| src/__tests__/components/mvp/prepare/ResumeAnalyzer.test.tsx > ResumeAnalyzer > displays strengths and weaknesses sections
TestingLibraryElementError: Unable to find an element with the text: /Resume Analyzer/i. This could be because the text is broken up by multiple elements. In this case, you can provide a function for your text matcher to make your matcher more flexible.

Ignored nodes: comments, script, style
[36m<body>[39m
  [36m<div>[39m
    [36m<div[39m
      [33mclass[39m=[32m"space-y-6"[39m
    [36m>[39m
      [36m<div[39m
        [33mclass[39m=[32m"rounded-lg border bg-card text-card-foreground border-none shadow-xl"[39m
      [36m>[39m
        [36m<div[39m
          [33mclass[39m=[32m"flex flex-col space-y-1.5 p-6"[39m
        [36m>[39m
          [36m<div[39m
            [33mclass[39m=[32m"flex items-center justify-between"[39m
          [36m>[39m
            [36m<div>[39m
              [36m<div[39m
                [33mclass[39m=[32m"text-2xl font-semibold leading-none tracking-tight flex items-center gap-2"[39m
              [36m>[39m
                [36m<svg[39m
                  [33mclass[39m=[32m"lucide lucide-file-text w-6 h-6 text-purple-600"[39m
                  [33mfill[39m=[32m"none"[39m
                  [33mheight[39m=[32m"24"[39m
                  [33mstroke[39m=[32m"currentColor"[39m
                  [33mstroke-linecap[39m=[32m"round"[39m
                  [33mstroke-linejoin[39m=[32m"round"[39m
                  [33mstroke-width[39m=[32m"2"[39m
                  [33mviewBox[39m=[32m"0 0 24 24"[39m
                  [33mwidth[39m=[32m"24"[39m
                  [33mxmlns[39m=[32m"http://www.w3.org/2000/svg"[39m
                [36m>[39m
                  [36m<path[39m
                    [33md[39m=[32m"M15 2H6a2 2 0 0 0-2 2v16a2 2 0 0 0 2 2h12a2 2 0 0 0 2-2V7Z"[39m
                  [36m/>[39m
                  [36m<path[39m
                    [33md[39m=[32m"M14 2v4a2 2 0 0 0 2 2h4"[39m
                  [36m/>[39m
                  [36m<path[39m
                    [33md[39m=[32m"M10 9H8"[39m
                  [36m/>[39m
                  [36m<path[39m
                    [33md[39m=[32m"M16 13H8"[39m
                  [36m/>[39m
                  [36m<path[39m
                    [33md[39m=[32m"M16 17H8"[39m
                  [36m/>[39m
                [36m</svg>[39m
                [0mUpload Your Resume[0m
              [36m</div>[39m
              [36m<p[39m
                [33mclass[39m=[32m"text-sm text-gray-600 mt-1"[39m
              [36m>[39m
                [0mGet AI-powered insights and optimization suggestions for your resume[0m
              [36m</p>[39m
            [36m</div>[39m
            [36m<div[39m
              [33mclass[39m=[32m"rounded-full border px-2.5 py-0.5 text-xs font-semibold transition-colors focus:outline-none focus:ring-2 focus:ring-ring focus:ring-offset-2 border-transparent bg-primary hover:bg-primary/80 bg-gradient-to-r from-yellow-500 to-orange-500 text-white border-none flex items-center gap-1"[39m
            [36m>[39m
              [36m<svg[39m
                [33mclass[39m=[32m"lucide lucide-zap w-3 h-3"[39m
                [33mfill[39m=[32m"none"[39m
                [33mheight[39m=[32m"24"[39m
                [33mstroke[39m=[32m"currentColor"[39m
                [33mstroke-linecap[39m=[32m"round"[39m
                [33mstroke-linejoin[39m=[32m"round"[39m
                [33mstroke-width[39m=[32m"2"[39m
                [33mviewBox[39m=[32m"0 0 24 24"[39m
                [33mwidth[39m=[32m"24"[39m
                [33mxmlns[39m=[32m"http://www.w3.org/2000/svg"[39m
              [36m>[39m
                [36m<path[39m
                  [33md[39m=[32m"M4 14a1 1 0 0 1-.78-1.63l9.9-10.2a.5.5 0 0 1 .86.46l-1.92 6.02A1 1 0 0 0 13 10h7a1 1 0 0 1 .78 1.63l-9.9 10.2a.5.5 0 0 1-.86-.46l1.92-6.02A1 1 0 0 0 11 14z"[39m
                [36m/>[39m
              [36m</svg>[39m
              [0m5[0m
              [0m [0m
              [0mcredits[0m
            [36m</div>[39m
          [36m</div>[39m
        [36m</div>[39m
        [36m<div[39m
          [33mclass[39m=[32m"p-6 pt-0 space-y-4"[39m
        [36m>[39m
          [36m<div>[39m
            [36m<label[39m
              [33mclass[39m=[32m"block text-sm font-medium mb-2"[39m
            [36m>[39m
              [0mResume File (PDF or DOC)[0m
            [36m</label>[39m
            [36m<div[39m
              [33mclass[39m=[32m"border-2 border-dashed border-gray-300 rounded-xl p-8 text-center hover:border-purple-400 transition-colors"[39m
            [36m>[39m
              [36m<input[39m
                [33maccept[39m=[32m".pdf,.doc,.docx"[39m
                [33mclass[39m=[32m"hidden"[39m
                [33mid[39m=[32m"resume-upload"[39m
                [33mtype[39m=[32m"file"[39m
              [36m/>[39m
              [36m<label[39m
                [33mclass[39m=[32m"cursor-pointer"[39m
                [33mfor[39m=[32m"resume-upload"[39m
              [36m>[39m
                [36m<svg[39m
                  [33mclass[39m=[32m"lucide lucide-upload w-12 h-12 text-gray-400 mx-auto mb-3"[39m
                  [33mfill[39m=[32m"none"[39m
                  [33mheight[39m=[32m"24"[39m
                  [33mstroke[39m=[32m"currentColor"[39m
                  [33mstroke-linecap[39m=[32m"round"[39m
                  [33mstroke-linejoin[39m=[32m"round"[39m
                  [33mstroke-width[39m=[32m"2"[39m
                  [33mviewBox[39m=[32m"0 0 24 24"[39m
                  [33mwidth[39m=[32m"24"[39m
                  [33mxmlns[39m=[32m"http://www.w3.org/2000/svg"[39m
                [36m>[39m
                  [36m<path[39m
                    [33md[39m=[32m"M21 15v4a2 2 0 0 1-2 2H5a2 2 0 0 1-2-2v-4"[39m
                  [36m/>[39m
                  [36m<polyline[39m
                    [33mpoints[39m=[32m"17 8 12 3 7 8"[39m
                  [36m/>[39m
                  [36m<line[39m
                    [33mx1[39m=[32m"12"[39m
                    [33mx2[39m=[32m"12"[39m
                    [33my1[39m=[32m"3"[39m
                    [33my2[39m=[32m"15"[39m
                  [36m/>[39m
                [36m</svg>[39m
                [36m<p[39m
                  [33mclass[39m=[32m"text-gray-600"[39m
                [36m>[39m
                  [0mClick to upload or drag and drop[0m
                [36m</p>[39m
                [36m<p[39m
                  [33mclass[39m=[32m"text-xs text-gray-400 mt-1"[39m
                [36m>[39m
                  [0mPDF, DOC, or DOCX[0m
                [36m</p>[39m
              [36m</label>[39m
            [36m</div>[39m
          [36m</div>[39m
          [36m<div>[39m
            [36m<label[39m
              [33mclass[39m=[32m"block text-sm font-medium mb-2"[39m
            [36m>[39m
              [0mJob Description (Optional)[0m
            [36m</label>[39m
            [36m<textarea[39m
              [33mclass[39m=[32m"flex w-full rounded-md border border-input bg-background px-3 py-2 text-base ring-offset-background placeholder:text-muted-foreground focus-visible:outline-none focus-visible:ring-2 focus-visible:ring-ring focus-visible:ring-offset-2 disabled:cursor-not-allowed disabled:opacity-50 md:text-sm min-h-32"[39m
              [33mplaceholder[39m=[32m"Paste the job description here for tailored analysis..."[39m
            [36m/>[39m
            [36m<p[39m
              [33mclass[39m=[32m"text-xs text-gray-500 mt-1"[39m
            [36m>[39m
              [0mAdding a job description helps us provide more targeted recommendations[0m
            [36m</p>[39m
          [36m</div>[39m
          [36m<button[39m
            [33mclass[39m=[32m"inline-flex items-center justify-center gap-2 whitespace-nowrap rounded-md text-sm font-medium ring-offset-background transition-colors focus-visible:outline-none focus-visible:ring-2 focus-visible:ring-ring focus-visible:ring-offset-2 disabled:pointer-events-none disabled:opacity-50 [&_svg]:pointer-events-none [&_svg]:size-4 [&_svg]:shrink-0 bg-primary text-primary-foreground hover:bg-primary/90 h-10 px-4 py-2 w-full bg-gradient-to-r from-purple-600 to-pink-600 hover:from-purple-700 hover:to-pink-700"[39m
            [33mdisabled[39m=[32m""[39m
          [36m>[39m
            [36m<svg[39m
              [33mclass[39m=[32m"lucide lucide-trending-up w-4 h-4 mr-2"[39m
              [33mfill[39m=[32m"none"[39m
              [33mheight[39m=[32m"24"[39m
              [33mstroke[39m=[32m"currentColor"[39m
              [33mstroke-linecap[39m=[32m"round"[39m
              [33mstroke-linejoin[39m=[32m"round"[39m
              [33mstroke-width[39m=[32m"2"[39m
              [33mviewBox[39m=[32m"0 0 24 24"[39m
              [33mwidth[39m=[32m"24"[39m
              [33mxmlns[39m=[32m"http://www.w3.org/2000/svg"[39m
            [36m>[39m
              [36m<polyline[39m
                [33mpoints[39m=[32m"22 7 13.5 15.5 8.5 10.5 2 17"[39m
              [36m/>[39m
              [36m<polyline[39m
                [33mpoints[39m=[32m"16 7 22 7 22 13"[39m
              [36m/>[39m
            [36m</svg>[39m
            [0mAnalyze Resume ([0m
            [0m5[0m
            [0m credits)[0m
          [36m</button>[39m
        [36m</div>[39m
      [36m</div>[39m
    [36m</div>[39m
  [36m</div>[39m
[36m</body>[39m
 ❯ Object.getElementError ../node_modules/@testing-library/dom/dist/config.js:37:19
 ❯ ../node_modules/@testing-library/dom/dist/query-helpers.js:76:38
 ❯ ../node_modules/@testing-library/dom/dist/query-helpers.js:52:17
 ❯ ../node_modules/@testing-library/dom/dist/query-helpers.js:95:19
 ❯ src/__tests__/components/mvp/prepare/ResumeAnalyzer.test.tsx:258:19
    256|     // Component should have sections for strengths/weaknesses
    257|     // These appear after analysis
    258|     expect(screen.getByText(/Resume Analyzer/i)).toBeInTheDocument();
       |                   ^
    259|   });
    260| 

⎯⎯⎯⎯⎯⎯⎯⎯⎯⎯⎯⎯⎯⎯⎯⎯⎯⎯⎯⎯⎯⎯[45/69]⎯

 FAIL  |client| src/__tests__/components/mvp/prepare/ResumeAnalyzer.test.tsx > ResumeAnalyzer > displays keyword suggestions
TestingLibraryElementError: Unable to find an element with the text: /Resume Analyzer/i. This could be because the text is broken up by multiple elements. In this case, you can provide a function for your text matcher to make your matcher more flexible.

Ignored nodes: comments, script, style
[36m<body>[39m
  [36m<div>[39m
    [36m<div[39m
      [33mclass[39m=[32m"space-y-6"[39m
    [36m>[39m
      [36m<div[39m
        [33mclass[39m=[32m"rounded-lg border bg-card text-card-foreground border-none shadow-xl"[39m
      [36m>[39m
        [36m<div[39m
          [33mclass[39m=[32m"flex flex-col space-y-1.5 p-6"[39m
        [36m>[39m
          [36m<div[39m
            [33mclass[39m=[32m"flex items-center justify-between"[39m
          [36m>[39m
            [36m<div>[39m
              [36m<div[39m
                [33mclass[39m=[32m"text-2xl font-semibold leading-none tracking-tight flex items-center gap-2"[39m
              [36m>[39m
                [36m<svg[39m
                  [33mclass[39m=[32m"lucide lucide-file-text w-6 h-6 text-purple-600"[39m
                  [33mfill[39m=[32m"none"[39m
                  [33mheight[39m=[32m"24"[39m
                  [33mstroke[39m=[32m"currentColor"[39m
                  [33mstroke-linecap[39m=[32m"round"[39m
                  [33mstroke-linejoin[39m=[32m"round"[39m
                  [33mstroke-width[39m=[32m"2"[39m
                  [33mviewBox[39m=[32m"0 0 24 24"[39m
                  [33mwidth[39m=[32m"24"[39m
                  [33mxmlns[39m=[32m"http://www.w3.org/2000/svg"[39m
                [36m>[39m
                  [36m<path[39m
                    [33md[39m=[32m"M15 2H6a2 2 0 0 0-2 2v16a2 2 0 0 0 2 2h12a2 2 0 0 0 2-2V7Z"[39m
                  [36m/>[39m
                  [36m<path[39m
                    [33md[39m=[32m"M14 2v4a2 2 0 0 0 2 2h4"[39m
                  [36m/>[39m
                  [36m<path[39m
                    [33md[39m=[32m"M10 9H8"[39m
                  [36m/>[39m
                  [36m<path[39m
                    [33md[39m=[32m"M16 13H8"[39m
                  [36m/>[39m
                  [36m<path[39m
                    [33md[39m=[32m"M16 17H8"[39m
                  [36m/>[39m
                [36m</svg>[39m
                [0mUpload Your Resume[0m
              [36m</div>[39m
              [36m<p[39m
                [33mclass[39m=[32m"text-sm text-gray-600 mt-1"[39m
              [36m>[39m
                [0mGet AI-powered insights and optimization suggestions for your resume[0m
              [36m</p>[39m
            [36m</div>[39m
            [36m<div[39m
              [33mclass[39m=[32m"rounded-full border px-2.5 py-0.5 text-xs font-semibold transition-colors focus:outline-none focus:ring-2 focus:ring-ring focus:ring-offset-2 border-transparent bg-primary hover:bg-primary/80 bg-gradient-to-r from-yellow-500 to-orange-500 text-white border-none flex items-center gap-1"[39m
            [36m>[39m
              [36m<svg[39m
                [33mclass[39m=[32m"lucide lucide-zap w-3 h-3"[39m
                [33mfill[39m=[32m"none"[39m
                [33mheight[39m=[32m"24"[39m
                [33mstroke[39m=[32m"currentColor"[39m
                [33mstroke-linecap[39m=[32m"round"[39m
                [33mstroke-linejoin[39m=[32m"round"[39m
                [33mstroke-width[39m=[32m"2"[39m
                [33mviewBox[39m=[32m"0 0 24 24"[39m
                [33mwidth[39m=[32m"24"[39m
                [33mxmlns[39m=[32m"http://www.w3.org/2000/svg"[39m
              [36m>[39m
                [36m<path[39m
                  [33md[39m=[32m"M4 14a1 1 0 0 1-.78-1.63l9.9-10.2a.5.5 0 0 1 .86.46l-1.92 6.02A1 1 0 0 0 13 10h7a1 1 0 0 1 .78 1.63l-9.9 10.2a.5.5 0 0 1-.86-.46l1.92-6.02A1 1 0 0 0 11 14z"[39m
                [36m/>[39m
              [36m</svg>[39m
              [0m5[0m
              [0m [0m
              [0mcredits[0m
            [36m</div>[39m
          [36m</div>[39m
        [36m</div>[39m
        [36m<div[39m
          [33mclass[39m=[32m"p-6 pt-0 space-y-4"[39m
        [36m>[39m
          [36m<div>[39m
            [36m<label[39m
              [33mclass[39m=[32m"block text-sm font-medium mb-2"[39m
            [36m>[39m
              [0mResume File (PDF or DOC)[0m
            [36m</label>[39m
            [36m<div[39m
              [33mclass[39m=[32m"border-2 border-dashed border-gray-300 rounded-xl p-8 text-center hover:border-purple-400 transition-colors"[39m
            [36m>[39m
              [36m<input[39m
                [33maccept[39m=[32m".pdf,.doc,.docx"[39m
                [33mclass[39m=[32m"hidden"[39m
                [33mid[39m=[32m"resume-upload"[39m
                [33mtype[39m=[32m"file"[39m
              [36m/>[39m
              [36m<label[39m
                [33mclass[39m=[32m"cursor-pointer"[39m
                [33mfor[39m=[32m"resume-upload"[39m
              [36m>[39m
                [36m<svg[39m
                  [33mclass[39m=[32m"lucide lucide-upload w-12 h-12 text-gray-400 mx-auto mb-3"[39m
                  [33mfill[39m=[32m"none"[39m
                  [33mheight[39m=[32m"24"[39m
                  [33mstroke[39m=[32m"currentColor"[39m
                  [33mstroke-linecap[39m=[32m"round"[39m
                  [33mstroke-linejoin[39m=[32m"round"[39m
                  [33mstroke-width[39m=[32m"2"[39m
                  [33mviewBox[39m=[32m"0 0 24 24"[39m
                  [33mwidth[39m=[32m"24"[39m
                  [33mxmlns[39m=[32m"http://www.w3.org/2000/svg"[39m
                [36m>[39m
                  [36m<path[39m
                    [33md[39m=[32m"M21 15v4a2 2 0 0 1-2 2H5a2 2 0 0 1-2-2v-4"[39m
                  [36m/>[39m
                  [36m<polyline[39m
                    [33mpoints[39m=[32m"17 8 12 3 7 8"[39m
                  [36m/>[39m
                  [36m<line[39m
                    [33mx1[39m=[32m"12"[39m
                    [33mx2[39m=[32m"12"[39m
                    [33my1[39m=[32m"3"[39m
                    [33my2[39m=[32m"15"[39m
                  [36m/>[39m
                [36m</svg>[39m
                [36m<p[39m
                  [33mclass[39m=[32m"text-gray-600"[39m
                [36m>[39m
                  [0mClick to upload or drag and drop[0m
                [36m</p>[39m
                [36m<p[39m
                  [33mclass[39m=[32m"text-xs text-gray-400 mt-1"[39m
                [36m>[39m
                  [0mPDF, DOC, or DOCX[0m
                [36m</p>[39m
              [36m</label>[39m
            [36m</div>[39m
          [36m</div>[39m
          [36m<div>[39m
            [36m<label[39m
              [33mclass[39m=[32m"block text-sm font-medium mb-2"[39m
            [36m>[39m
              [0mJob Description (Optional)[0m
            [36m</label>[39m
            [36m<textarea[39m
              [33mclass[39m=[32m"flex w-full rounded-md border border-input bg-background px-3 py-2 text-base ring-offset-background placeholder:text-muted-foreground focus-visible:outline-none focus-visible:ring-2 focus-visible:ring-ring focus-visible:ring-offset-2 disabled:cursor-not-allowed disabled:opacity-50 md:text-sm min-h-32"[39m
              [33mplaceholder[39m=[32m"Paste the job description here for tailored analysis..."[39m
            [36m/>[39m
            [36m<p[39m
              [33mclass[39m=[32m"text-xs text-gray-500 mt-1"[39m
            [36m>[39m
              [0mAdding a job description helps us provide more targeted recommendations[0m
            [36m</p>[39m
          [36m</div>[39m
          [36m<button[39m
            [33mclass[39m=[32m"inline-flex items-center justify-center gap-2 whitespace-nowrap rounded-md text-sm font-medium ring-offset-background transition-colors focus-visible:outline-none focus-visible:ring-2 focus-visible:ring-ring focus-visible:ring-offset-2 disabled:pointer-events-none disabled:opacity-50 [&_svg]:pointer-events-none [&_svg]:size-4 [&_svg]:shrink-0 bg-primary text-primary-foreground hover:bg-primary/90 h-10 px-4 py-2 w-full bg-gradient-to-r from-purple-600 to-pink-600 hover:from-purple-700 hover:to-pink-700"[39m
            [33mdisabled[39m=[32m""[39m
          [36m>[39m
            [36m<svg[39m
              [33mclass[39m=[32m"lucide lucide-trending-up w-4 h-4 mr-2"[39m
              [33mfill[39m=[32m"none"[39m
              [33mheight[39m=[32m"24"[39m
              [33mstroke[39m=[32m"currentColor"[39m
              [33mstroke-linecap[39m=[32m"round"[39m
              [33mstroke-linejoin[39m=[32m"round"[39m
              [33mstroke-width[39m=[32m"2"[39m
              [33mviewBox[39m=[32m"0 0 24 24"[39m
              [33mwidth[39m=[32m"24"[39m
              [33mxmlns[39m=[32m"http://www.w3.org/2000/svg"[39m
            [36m>[39m
              [36m<polyline[39m
                [33mpoints[39m=[32m"22 7 13.5 15.5 8.5 10.5 2 17"[39m
              [36m/>[39m
              [36m<polyline[39m
                [33mpoints[39m=[32m"16 7 22 7 22 13"[39m
              [36m/>[39m
            [36m</svg>[39m
            [0mAnalyze Resume ([0m
            [0m5[0m
            [0m credits)[0m
          [36m</button>[39m
        [36m</div>[39m
      [36m</div>[39m
    [36m</div>[39m
  [36m</div>[39m
[36m</body>[39m
 ❯ Object.getElementError ../node_modules/@testing-library/dom/dist/config.js:37:19
 ❯ ../node_modules/@testing-library/dom/dist/query-helpers.js:76:38
 ❯ ../node_modules/@testing-library/dom/dist/query-helpers.js:52:17
 ❯ ../node_modules/@testing-library/dom/dist/query-helpers.js:95:19
 ❯ src/__tests__/components/mvp/prepare/ResumeAnalyzer.test.tsx:265:19
    263| 
    264|     // Keyword section appears after analysis
    265|     expect(screen.getByText(/Resume Analyzer/i)).toBeInTheDocument();
       |                   ^
    266|   });
    267| 

⎯⎯⎯⎯⎯⎯⎯⎯⎯⎯⎯⎯⎯⎯⎯⎯⎯⎯⎯⎯⎯⎯[46/69]⎯

 FAIL  |client| src/__tests__/components/mvp/prepare/ResumeAnalyzer.test.tsx > ResumeAnalyzer > shows insufficient credits warning when balance is low
AssertionError: expected null to be truthy

[32m- Expected:[39m 
true

[31m+ Received:[39m 
null

 ❯ src/__tests__/components/mvp/prepare/ResumeAnalyzer.test.tsx:277:72
    275| 
    276|     // Should show warning that user doesn't have enough credits (need…
    277|     expect(screen.queryByText(/insufficient|not enough|low.*credit/i))…
       |                                                                        ^
    278|   });
    279| 

⎯⎯⎯⎯⎯⎯⎯⎯⎯⎯⎯⎯⎯⎯⎯⎯⎯⎯⎯⎯⎯⎯[47/69]⎯

 FAIL  |client| src/__tests__/components/mvp/prepare/ResumeAnalyzer.test.tsx > ResumeAnalyzer > lists previously uploaded resumes
AssertionError: expected null to be truthy

[32m- Expected:[39m 
true

[31m+ Received:[39m 
null

 ❯ src/__tests__/components/mvp/prepare/ResumeAnalyzer.test.tsx:289:65
    287| 
    288|     // Should display list of previous resumes
    289|     expect(screen.queryByText(/resume\.pdf|previous|history/i)).toBeTr…
       |                                                                 ^
    290|   });
    291| });

⎯⎯⎯⎯⎯⎯⎯⎯⎯⎯⎯⎯⎯⎯⎯⎯⎯⎯⎯⎯⎯⎯[48/69]⎯

 FAIL  |client| src/__tests__/components/mvp/shared/CreditCostBadge.test.tsx > CreditCostBadge > displays as a badge component
Error: [2mexpect([22m[31melement[39m[2m).toHaveClass([22m[32m[32m"inline-flex"[32m[39m[2m)[22m

Expected the element to have class:
[32m  inline-flex[39m
Received:
[31m  lucide lucide-zap w-3 h-3[39m
 ❯ src/__tests__/components/mvp/shared/CreditCostBadge.test.tsx:54:46
     52| 
     53|     // Should have badge-related classes
     54|     expect(container.firstChild?.firstChild).toHaveClass('inline-flex'…
       |                                              ^
     55|   });
     56| 

⎯⎯⎯⎯⎯⎯⎯⎯⎯⎯⎯⎯⎯⎯⎯⎯⎯⎯⎯⎯⎯⎯[49/69]⎯

 FAIL  |client| src/__tests__/components/mvp/shared/ReadinessScoreBadge.test.tsx > ReadinessScoreBadge > renders the readiness score badge
TestingLibraryElementError: Found multiple elements with the text: /75|readiness/i

Here are the matching elements:

Ignored nodes: comments, script, style
[36m<p[39m
  [33mclass[39m=[32m"text-sm font-semibold text-gray-700 mb-1"[39m
[36m>[39m
  [0mInterview Readiness[0m
[36m</p>[39m

Ignored nodes: comments, script, style
[36m<p[39m
  [33mclass[39m=[32m"text-4xl font-bold text-blue-600"[39m
[36m>[39m
  [0m75[0m
  [0m%[0m
[36m</p>[39m

(If this is intentional, then use the `*AllBy*` variant of the query (like `queryAllByText`, `getAllByText`, or `findAllByText`)).

Ignored nodes: comments, script, style
[36m<body>[39m
  [36m<div>[39m
    [36m<div[39m
      [33manimate[39m=[32m"[object Object]"[39m
      [33minitial[39m=[32m"[object Object]"[39m
      [33mtransition[39m=[32m"[object Object]"[39m
    [36m>[39m
      [36m<div[39m
        [33mclass[39m=[32m"rounded-lg bg-card text-card-foreground shadow-sm border-2 border-purple-200 bg-gradient-to-br from-purple-50 to-pink-50"[39m
      [36m>[39m
        [36m<div[39m
          [33mclass[39m=[32m"p-6"[39m
        [36m>[39m
          [36m<div[39m
            [33mclass[39m=[32m"flex items-start justify-between mb-4"[39m
          [36m>[39m
            [36m<div>[39m
              [36m<p[39m
                [33mclass[39m=[32m"text-sm font-semibold text-gray-700 mb-1"[39m
              [36m>[39m
                [0mInterview Readiness[0m
              [36m</p>[39m
              [36m<div[39m
                [33mclass[39m=[32m"flex items-center gap-2"[39m
              [36m>[39m
                [36m<p[39m
                  [33mclass[39m=[32m"text-4xl font-bold text-blue-600"[39m
                [36m>[39m
                  [0m75[0m
                  [0m%[0m
                [36m</p>[39m
              [36m</div>[39m
              [36m<p[39m
                [33mclass[39m=[32m"text-sm text-gray-600 mt-1"[39m
              [36m>[39m
                [0mGood Progress[0m
              [36m</p>[39m
            [36m</div>[39m
            [36m<div[39m
              [33mclass[39m=[32m"w-16 h-16 rounded-full bg-gradient-to-r from-blue-500 to-blue-600 flex items-center justify-center shadow-lg"[39m
            [36m>[39m
              [36m<svg[39m
                [33mclass[39m=[32m"lucide lucide-target w-8 h-8 text-white"[39m
                [33mfill[39m=[32m"none"[39m
                [33mheight[39m=[32m"24"[39m
                [33mstroke[39m=[32m"currentColor"[39m
                [33mstroke-linecap[39m=[32m"round"[39m
                [33mstroke-linejoin[39m=[32m"round"[39m
                [33mstroke-width[39m=[32m"2"[39m
                [33mviewBox[39m=[32m"0 0 24 24"[39m
                [33mwidth[39m=[32m"24"[39m
                [33mxmlns[39m=[32m"http://www.w3.org/2000/svg"[39m
              [36m>[39m
                [36m<circle[39m
                  [33mcx[39m=[32m"12"[39m
                  [33mcy[39m=[32m"12"[39m
                  [33mr[39m=[32m"10"[39m
                [36m/>[39m
                [36m<circle[39m
                  [33mcx[39m=[32m"12"[39m
                  [33mcy[39m=[32m"12"[39m
                  [33mr[39m=[32m"6"[39m
                [36m/>[39m
                [36m<circle[39m
                  [33mcx[39m=[32m"12"[39m
                  [33mcy[39m=[32m"12"[39m
                  [33mr[39m=[32m"2"[39m
                [36m/>[39m
              [36m</svg>[39m
            [36m</div>[39m
          [36m</div>[39m
          [36m<div[39m
            [33maria-valuemax[39m=[32m"100"[39m
            [33maria-valuemin[39m=[32m"0"[39m
            [33mclass[39m=[32m"relative w-full overflow-hidden rounded-full bg-secondary h-3 mb-3"[39m
            [33mdata-max[39m=[32m"100"[39m
            [33mdata-state[39m=[32m"indeterminate"[39m
            [33mrole[39m=[32m"progressbar"[39m
          [36m>[39m
            [36m<div[39m
              [33mclass[39m=[32m"h-full w-full flex-1 bg-primary transition-all"[39m
              [33mdata-max[39m=[32m"100"[39m
              [33mdata-state[39m=[32m"indeterminate"[39m
              [33mstyle[39m=[32m"transform: translateX(-25%);"[39m
            [36m/>[39m
          [36m</div>[39m
          [36m<div[39m
            [33mclass[39m=[32m"space-y-2 mt-4 pt-4 border-t border-purple-200"[39m
          [36m>[39m
            [36m<div[39m
              [33mclass[39m=[32m"grid grid-cols-2 gap-3 text-xs"[39m
            [36m>[39m
              [36m<div>[39m
                [36m<p[39m
                  [33mclass[39m=[32m"text-gray-500"[39m
                [36m>[39m
                  [0mLearning[0m
                [36m</p>[39m
                [36m<p[39m
                  [33mclass[39m=[32m"font-semibold"[39m
                [36m>[39m
                  [0m25% weight[0m
                [36m</p>[39m
              [36m</div>[39m
              [36m<div>[39m
                [36m<p[39m
                  [33mclass[39m=[32m"text-gray-500"[39m
                [36m>[39m
                  [0mPractice[0m
                [36m</p>[39m
                [36m<p[39m
                  [33mclass[39m=[32m"font-semibold"[39m
                [36m>[39m
                  [0m40% weight[0m
                [36m</p>[39m
              [36m</div>[39m
              [36m<div>[39m
                [36m<p[39m
                  [33mclass[39m=[32m"text-gray-500"[39m
                [36m>[39m
                  [0mProfile[0m
                [36m</p>[39m
                [36m<p[39m
                  [33mclass[39m=[32m"font-semibold"[39m
                [36m>[39m
                  [0m15% weight[0m
                [36m</p>[39m
              [36m</div>[39m
              [36m<div>[39m
                [36m<p[39m
                  [33mclass[39m=[32m"text-gray-500"[39m
                [36m>[39m
                  [0mConsistency[0m
                [36m</p>[39m
                [36m<p[39m
                  [33mclass[39m=[32m"font-semibold"[39m
                [36m>[39m
                  [0m10% weight[0m
                [36m</p>[39m
              [36m</div>[39m
            [36m</div>[39m
            [36m<p[39m
              [33mclass[39m=[32m"text-xs text-gray-500 mt-2"[39m
            [36m>[39m
              [0mYour score updates automatically as you complete activities[0m
            [36m</p>[39m
          [36m</div>[39m
        [36m</div>[39m
      [36m</div>[39m
    [36m</div>[39m
  [36m</div>[39m
[36m</body>[39m
 ❯ Object.getElementError ../node_modules/@testing-library/dom/dist/config.js:37:19
 ❯ getElementError ../node_modules/@testing-library/dom/dist/query-helpers.js:20:35
 ❯ getMultipleElementsFoundError ../node_modules/@testing-library/dom/dist/query-helpers.js:23:10
 ❯ ../node_modules/@testing-library/dom/dist/query-helpers.js:55:13
 ❯ ../node_modules/@testing-library/dom/dist/query-helpers.js:95:19
 ❯ src/__tests__/components/mvp/shared/ReadinessScoreBadge.test.tsx:33:19
     31|     render(<ReadinessScoreBadge score={75} fetchFromApi={false} />);
     32| 
     33|     expect(screen.getByText(/75|readiness/i)).toBeTruthy();
       |                   ^
     34|   });
     35| 

⎯⎯⎯⎯⎯⎯⎯⎯⎯⎯⎯⎯⎯⎯⎯⎯⎯⎯⎯⎯⎯⎯[50/69]⎯

 FAIL  |client| src/__tests__/components/mvp/shared/ReadinessScoreBadge.test.tsx > ReadinessScoreBadge > shows details when showDetails is true
TestingLibraryElementError: Found multiple elements with the text: /Learning|Practice|Profile|Consistency/i

Here are the matching elements:

Ignored nodes: comments, script, style
[36m<p[39m
  [33mclass[39m=[32m"text-gray-500"[39m
[36m>[39m
  [0mLearning[0m
[36m</p>[39m

Ignored nodes: comments, script, style
[36m<p[39m
  [33mclass[39m=[32m"text-gray-500"[39m
[36m>[39m
  [0mPractice[0m
[36m</p>[39m

Ignored nodes: comments, script, style
[36m<p[39m
  [33mclass[39m=[32m"text-gray-500"[39m
[36m>[39m
  [0mProfile[0m
[36m</p>[39m

Ignored nodes: comments, script, style
[36m<p[39m
  [33mclass[39m=[32m"text-gray-500"[39m
[36m>[39m
  [0mConsistency[0m
[36m</p>[39m

(If this is intentional, then use the `*AllBy*` variant of the query (like `queryAllByText`, `getAllByText`, or `findAllByText`)).

Ignored nodes: comments, script, style
[36m<body>[39m
  [36m<div>[39m
    [36m<div[39m
      [33manimate[39m=[32m"[object Object]"[39m
      [33minitial[39m=[32m"[object Object]"[39m
      [33mtransition[39m=[32m"[object Object]"[39m
    [36m>[39m
      [36m<div[39m
        [33mclass[39m=[32m"rounded-lg bg-card text-card-foreground shadow-sm border-2 border-purple-200 bg-gradient-to-br from-purple-50 to-pink-50"[39m
      [36m>[39m
        [36m<div[39m
          [33mclass[39m=[32m"p-6"[39m
        [36m>[39m
          [36m<div[39m
            [33mclass[39m=[32m"flex items-start justify-between mb-4"[39m
          [36m>[39m
            [36m<div>[39m
              [36m<p[39m
                [33mclass[39m=[32m"text-sm font-semibold text-gray-700 mb-1"[39m
              [36m>[39m
                [0mInterview Readiness[0m
              [36m</p>[39m
              [36m<div[39m
                [33mclass[39m=[32m"flex items-center gap-2"[39m
              [36m>[39m
                [36m<p[39m
                  [33mclass[39m=[32m"text-4xl font-bold text-blue-600"[39m
                [36m>[39m
                  [0m75[0m
                  [0m%[0m
                [36m</p>[39m
              [36m</div>[39m
              [36m<p[39m
                [33mclass[39m=[32m"text-sm text-gray-600 mt-1"[39m
              [36m>[39m
                [0mGood Progress[0m
              [36m</p>[39m
            [36m</div>[39m
            [36m<div[39m
              [33mclass[39m=[32m"w-16 h-16 rounded-full bg-gradient-to-r from-blue-500 to-blue-600 flex items-center justify-center shadow-lg"[39m
            [36m>[39m
              [36m<svg[39m
                [33mclass[39m=[32m"lucide lucide-target w-8 h-8 text-white"[39m
                [33mfill[39m=[32m"none"[39m
                [33mheight[39m=[32m"24"[39m
                [33mstroke[39m=[32m"currentColor"[39m
                [33mstroke-linecap[39m=[32m"round"[39m
                [33mstroke-linejoin[39m=[32m"round"[39m
                [33mstroke-width[39m=[32m"2"[39m
                [33mviewBox[39m=[32m"0 0 24 24"[39m
                [33mwidth[39m=[32m"24"[39m
                [33mxmlns[39m=[32m"http://www.w3.org/2000/svg"[39m
              [36m>[39m
                [36m<circle[39m
                  [33mcx[39m=[32m"12"[39m
                  [33mcy[39m=[32m"12"[39m
                  [33mr[39m=[32m"10"[39m
                [36m/>[39m
                [36m<circle[39m
                  [33mcx[39m=[32m"12"[39m
                  [33mcy[39m=[32m"12"[39m
                  [33mr[39m=[32m"6"[39m
                [36m/>[39m
                [36m<circle[39m
                  [33mcx[39m=[32m"12"[39m
                  [33mcy[39m=[32m"12"[39m
                  [33mr[39m=[32m"2"[39m
                [36m/>[39m
              [36m</svg>[39m
            [36m</div>[39m
          [36m</div>[39m
          [36m<div[39m
            [33maria-valuemax[39m=[32m"100"[39m
            [33maria-valuemin[39m=[32m"0"[39m
            [33mclass[39m=[32m"relative w-full overflow-hidden rounded-full bg-secondary h-3 mb-3"[39m
            [33mdata-max[39m=[32m"100"[39m
            [33mdata-state[39m=[32m"indeterminate"[39m
            [33mrole[39m=[32m"progressbar"[39m
          [36m>[39m
            [36m<div[39m
              [33mclass[39m=[32m"h-full w-full flex-1 bg-primary transition-all"[39m
              [33mdata-max[39m=[32m"100"[39m
              [33mdata-state[39m=[32m"indeterminate"[39m
              [33mstyle[39m=[32m"transform: translateX(-25%);"[39m
            [36m/>[39m
          [36m</div>[39m
          [36m<div[39m
            [33mclass[39m=[32m"space-y-2 mt-4 pt-4 border-t border-purple-200"[39m
          [36m>[39m
            [36m<div[39m
              [33mclass[39m=[32m"grid grid-cols-2 gap-3 text-xs"[39m
            [36m>[39m
              [36m<div>[39m
                [36m<p[39m
                  [33mclass[39m=[32m"text-gray-500"[39m
                [36m>[39m
                  [0mLearning[0m
                [36m</p>[39m
                [36m<p[39m
                  [33mclass[39m=[32m"font-semibold"[39m
                [36m>[39m
                  [0m25% weight[0m
                [36m</p>[39m
              [36m</div>[39m
              [36m<div>[39m
                [36m<p[39m
                  [33mclass[39m=[32m"text-gray-500"[39m
                [36m>[39m
                  [0mPractice[0m
                [36m</p>[39m
                [36m<p[39m
                  [33mclass[39m=[32m"font-semibold"[39m
                [36m>[39m
                  [0m40% weight[0m
                [36m</p>[39m
              [36m</div>[39m
              [36m<div>[39m
                [36m<p[39m
                  [33mclass[39m=[32m"text-gray-500"[39m
                [36m>[39m
                  [0mProfile[0m
                [36m</p>[39m
                [36m<p[39m
                  [33mclass[39m=[32m"font-semibold"[39m
                [36m>[39m
                  [0m15% weight[0m
                [36m</p>[39m
              [36m</div>[39m
              [36m<div>[39m
                [36m<p[39m
                  [33mclass[39m=[32m"text-gray-500"[39m
                [36m>[39m
                  [0mConsistency[0m
                [36m</p>[39m
                [36m<p[39m
                  [33mclass[39m=[32m"font-semibold"[39m
                [36m>[39m
                  [0m10% weight[0m
                [36m</p>[39m
              [36m</div>[39m
            [36m</div>[39m
            [36m<p[39m
              [33mclass[39m=[32m"text-xs text-gray-500 mt-2"[39m
            [36m>[39m
              [0mYour score updates automatically as you complete activities[0m
            [36m</p>[39m
          [36m</div>[39m
        [36m</div>[39m
      [36m</div>[39m
    [36m</div>[39m
  [36m</div>[39m
[36m</body>[39m
 ❯ Object.getElementError ../node_modules/@testing-library/dom/dist/config.js:37:19
 ❯ getElementError ../node_modules/@testing-library/dom/dist/query-helpers.js:20:35
 ❯ getMultipleElementsFoundError ../node_modules/@testing-library/dom/dist/query-helpers.js:23:10
 ❯ ../node_modules/@testing-library/dom/dist/query-helpers.js:55:13
 ❯ ../node_modules/@testing-library/dom/dist/query-helpers.js:95:19
 ❯ src/__tests__/components/mvp/shared/ReadinessScoreBadge.test.tsx:75:19
     73|     render(<ReadinessScoreBadge score={75} fetchFromApi={false} showDe…
     74| 
     75|     expect(screen.queryByText(/Learning|Practice|Profile|Consistency/i…
       |                   ^
     76|   });
     77| 

⎯⎯⎯⎯⎯⎯⎯⎯⎯⎯⎯⎯⎯⎯⎯⎯⎯⎯⎯⎯⎯⎯[51/69]⎯

 FAIL  |client| src/__tests__/components/mvp/shared/ReadinessScoreBadge.test.tsx > ReadinessScoreBadge > shows trend indicator when score increases
TestingLibraryElementError: Found multiple elements with the text: /10|trending/i

Here are the matching elements:

Ignored nodes: comments, script, style
[36m<div[39m
  [33mclass[39m=[32m"rounded-full border px-2.5 py-0.5 text-xs font-semibold transition-colors focus:outline-none focus:ring-2 focus:ring-ring focus:ring-offset-2 border-transparent hover:bg-primary/80 bg-green-500 text-white flex items-center gap-1"[39m
[36m>[39m
  [36m<svg[39m
    [33mclass[39m=[32m"lucide lucide-trending-up w-3 h-3"[39m
    [33mfill[39m=[32m"none"[39m
    [33mheight[39m=[32m"24"[39m
    [33mstroke[39m=[32m"currentColor"[39m
    [33mstroke-linecap[39m=[32m"round"[39m
    [33mstroke-linejoin[39m=[32m"round"[39m
    [33mstroke-width[39m=[32m"2"[39m
    [33mviewBox[39m=[32m"0 0 24 24"[39m
    [33mwidth[39m=[32m"24"[39m
    [33mxmlns[39m=[32m"http://www.w3.org/2000/svg"[39m
  [36m>[39m
    [36m<polyline[39m
      [33mpoints[39m=[32m"22 7 13.5 15.5 8.5 10.5 2 17"[39m
    [36m/>[39m
    [36m<polyline[39m
      [33mpoints[39m=[32m"16 7 22 7 22 13"[39m
    [36m/>[39m
  [36m</svg>[39m
  [0m10[0m
[36m</div>[39m

Ignored nodes: comments, script, style
[36m<p[39m
  [33mclass[39m=[32m"font-semibold"[39m
[36m>[39m
  [0m10% weight[0m
[36m</p>[39m

(If this is intentional, then use the `*AllBy*` variant of the query (like `queryAllByText`, `getAllByText`, or `findAllByText`)).

Ignored nodes: comments, script, style
[36m<body>[39m
  [36m<div>[39m
    [36m<div[39m
      [33manimate[39m=[32m"[object Object]"[39m
      [33minitial[39m=[32m"[object Object]"[39m
      [33mtransition[39m=[32m"[object Object]"[39m
    [36m>[39m
      [36m<div[39m
        [33mclass[39m=[32m"rounded-lg bg-card text-card-foreground shadow-sm border-2 border-purple-200 bg-gradient-to-br from-purple-50 to-pink-50"[39m
      [36m>[39m
        [36m<div[39m
          [33mclass[39m=[32m"p-6"[39m
        [36m>[39m
          [36m<div[39m
            [33mclass[39m=[32m"flex items-start justify-between mb-4"[39m
          [36m>[39m
            [36m<div>[39m
              [36m<p[39m
                [33mclass[39m=[32m"text-sm font-semibold text-gray-700 mb-1"[39m
              [36m>[39m
                [0mInterview Readiness[0m
              [36m</p>[39m
              [36m<div[39m
                [33mclass[39m=[32m"flex items-center gap-2"[39m
              [36m>[39m
                [36m<p[39m
                  [33mclass[39m=[32m"text-4xl font-bold text-green-600"[39m
                [36m>[39m
                  [0m80[0m
                  [0m%[0m
                [36m</p>[39m
                [36m<div[39m
                  [33mclass[39m=[32m"rounded-full border px-2.5 py-0.5 text-xs font-semibold transition-colors focus:outline-none focus:ring-2 focus:ring-ring focus:ring-offset-2 border-transparent hover:bg-primary/80 bg-green-500 text-white flex items-center gap-1"[39m
                [36m>[39m
                  [36m<svg[39m
                    [33mclass[39m=[32m"lucide lucide-trending-up w-3 h-3"[39m
                    [33mfill[39m=[32m"none"[39m
                    [33mheight[39m=[32m"24"[39m
                    [33mstroke[39m=[32m"currentColor"[39m
                    [33mstroke-linecap[39m=[32m"round"[39m
                    [33mstroke-linejoin[39m=[32m"round"[39m
                    [33mstroke-width[39m=[32m"2"[39m
                    [33mviewBox[39m=[32m"0 0 24 24"[39m
                    [33mwidth[39m=[32m"24"[39m
                    [33mxmlns[39m=[32m"http://www.w3.org/2000/svg"[39m
                  [36m>[39m
                    [36m<polyline[39m
                      [33mpoints[39m=[32m"22 7 13.5 15.5 8.5 10.5 2 17"[39m
                    [36m/>[39m
                    [36m<polyline[39m
                      [33mpoints[39m=[32m"16 7 22 7 22 13"[39m
                    [36m/>[39m
                  [36m</svg>[39m
                  [0m10[0m
                [36m</div>[39m
              [36m</div>[39m
              [36m<p[39m
                [33mclass[39m=[32m"text-sm text-gray-600 mt-1"[39m
              [36m>[39m
                [0mInterview Ready[0m
              [36m</p>[39m
            [36m</div>[39m
            [36m<div[39m
              [33mclass[39m=[32m"w-16 h-16 rounded-full bg-gradient-to-r from-green-500 to-emerald-600 flex items-center justify-center shadow-lg"[39m
            [36m>[39m
              [36m<svg[39m
                [33mclass[39m=[32m"lucide lucide-target w-8 h-8 text-white"[39m
                [33mfill[39m=[32m"none"[39m
                [33mheight[39m=[32m"24"[39m
                [33mstroke[39m=[32m"currentColor"[39m
                [33mstroke-linecap[39m=[32m"round"[39m
                [33mstroke-linejoin[39m=[32m"round"[39m
                [33mstroke-width[39m=[32m"2"[39m
                [33mviewBox[39m=[32m"0 0 24 24"[39m
                [33mwidth[39m=[32m"24"[39m
                [33mxmlns[39m=[32m"http://www.w3.org/2000/svg"[39m
              [36m>[39m
                [36m<circle[39m
                  [33mcx[39m=[32m"12"[39m
                  [33mcy[39m=[32m"12"[39m
                  [33mr[39m=[32m"10"[39m
                [36m/>[39m
                [36m<circle[39m
                  [33mcx[39m=[32m"12"[39m
                  [33mcy[39m=[32m"12"[39m
                  [33mr[39m=[32m"6"[39m
                [36m/>[39m
                [36m<circle[39m
                  [33mcx[39m=[32m"12"[39m
                  [33mcy[39m=[32m"12"[39m
                  [33mr[39m=[32m"2"[39m
                [36m/>[39m
              [36m</svg>[39m
            [36m</div>[39m
          [36m</div>[39m
          [36m<div[39m
            [33maria-valuemax[39m=[32m"100"[39m
            [33maria-valuemin[39m=[32m"0"[39m
            [33mclass[39m=[32m"relative w-full overflow-hidden rounded-full bg-secondary h-3 mb-3"[39m
            [33mdata-max[39m=[32m"100"[39m
            [33mdata-state[39m=[32m"indeterminate"[39m
            [33mrole[39m=[32m"progressbar"[39m
          [36m>[39m
            [36m<div[39m
              [33mclass[39m=[32m"h-full w-full flex-1 bg-primary transition-all"[39m
              [33mdata-max[39m=[32m"100"[39m
              [33mdata-state[39m=[32m"indeterminate"[39m
              [33mstyle[39m=[32m"transform: translateX(-20%);"[39m
            [36m/>[39m
          [36m</div>[39m
          [36m<div[39m
            [33mclass[39m=[32m"space-y-2 mt-4 pt-4 border-t border-purple-200"[39m
          [36m>[39m
            [36m<div[39m
              [33mclass[39m=[32m"grid grid-cols-2 gap-3 text-xs"[39m
            [36m>[39m
              [36m<div>[39m
                [36m<p[39m
                  [33mclass[39m=[32m"text-gray-500"[39m
                [36m>[39m
                  [0mLearning[0m
                [36m</p>[39m
                [36m<p[39m
                  [33mclass[39m=[32m"font-semibold"[39m
                [36m>[39m
                  [0m25% weight[0m
                [36m</p>[39m
              [36m</div>[39m
              [36m<div>[39m
                [36m<p[39m
                  [33mclass[39m=[32m"text-gray-500"[39m
                [36m>[39m
                  [0mPractice[0m
                [36m</p>[39m
                [36m<p[39m
                  [33mclass[39m=[32m"font-semibold"[39m
                [36m>[39m
                  [0m40% weight[0m
                [36m</p>[39m
              [36m</div>[39m
              [36m<div>[39m
                [36m<p[39m
                  [33mclass[39m=[32m"text-gray-500"[39m
                [36m>[39m
                  [0mProfile[0m
                [36m</p>[39m
                [36m<p[39m
                  [33mclass[39m=[32m"font-semibold"[39m
                [36m>[39m
                  [0m15% weight[0m
                [36m</p>[39m
              [36m</div>[39m
              [36m<div>[39m
                [36m<p[39m
                  [33mclass[39m=[32m"text-gray-500"[39m
                [36m>[39m
                  [0mConsistency[0m
                [36m</p>[39m
                [36m<p[39m
                  [33mclass[39m=[32m"font-semibold"[39m
                [36m>[39m
                  [0m10% weight[0m
                [36m</p>[39m
              [36m</div>[39m
            [36m</div>[39m
            [36m<p[39m
              [33mclass[39m=[32m"text-xs text-gray-500 mt-2"[39m
            [36m>[39m
              [0mYour score updates automatically as you complete activities[0m
            [36m</p>[39m
          [36m</div>[39m
        [36m</div>[39m
      [36m</div>[39m
    [36m</div>[39m
  [36m</div>[39m
[36m</body>[39m
 ❯ Object.getElementError ../node_modules/@testing-library/dom/dist/config.js:37:19
 ❯ getElementError ../node_modules/@testing-library/dom/dist/query-helpers.js:20:35
 ❯ getMultipleElementsFoundError ../node_modules/@testing-library/dom/dist/query-helpers.js:23:10
 ❯ ../node_modules/@testing-library/dom/dist/query-helpers.js:55:13
 ❯ ../node_modules/@testing-library/dom/dist/query-helpers.js:95:19
 ❯ src/__tests__/components/mvp/shared/ReadinessScoreBadge.test.tsx:102:19
    100| 
    101|     // Should show upward trend (+10)
    102|     expect(screen.queryByText(/10|trending/i)).toBeTruthy();
       |                   ^
    103|   });
    104| 

⎯⎯⎯⎯⎯⎯⎯⎯⎯⎯⎯⎯⎯⎯⎯⎯⎯⎯⎯⎯⎯⎯[52/69]⎯

 FAIL  |client| src/__tests__/components/mvp/shared/ReadinessScoreBadge.test.tsx > ReadinessScoreBadge > shows trend indicator when score decreases
TestingLibraryElementError: Found multiple elements with the text: /10/i

Here are the matching elements:

Ignored nodes: comments, script, style
[36m<div[39m
  [33mclass[39m=[32m"rounded-full border px-2.5 py-0.5 text-xs font-semibold transition-colors focus:outline-none focus:ring-2 focus:ring-ring focus:ring-offset-2 border-transparent hover:bg-primary/80 bg-red-500 text-white flex items-center gap-1"[39m
[36m>[39m
  [36m<svg[39m
    [33mclass[39m=[32m"lucide lucide-trending-down w-3 h-3"[39m
    [33mfill[39m=[32m"none"[39m
    [33mheight[39m=[32m"24"[39m
    [33mstroke[39m=[32m"currentColor"[39m
    [33mstroke-linecap[39m=[32m"round"[39m
    [33mstroke-linejoin[39m=[32m"round"[39m
    [33mstroke-width[39m=[32m"2"[39m
    [33mviewBox[39m=[32m"0 0 24 24"[39m
    [33mwidth[39m=[32m"24"[39m
    [33mxmlns[39m=[32m"http://www.w3.org/2000/svg"[39m
  [36m>[39m
    [36m<polyline[39m
      [33mpoints[39m=[32m"22 17 13.5 8.5 8.5 13.5 2 7"[39m
    [36m/>[39m
    [36m<polyline[39m
      [33mpoints[39m=[32m"16 17 22 17 22 11"[39m
    [36m/>[39m
  [36m</svg>[39m
  [0m10[0m
[36m</div>[39m

Ignored nodes: comments, script, style
[36m<p[39m
  [33mclass[39m=[32m"font-semibold"[39m
[36m>[39m
  [0m10% weight[0m
[36m</p>[39m

(If this is intentional, then use the `*AllBy*` variant of the query (like `queryAllByText`, `getAllByText`, or `findAllByText`)).

Ignored nodes: comments, script, style
[36m<body>[39m
  [36m<div>[39m
    [36m<div[39m
      [33manimate[39m=[32m"[object Object]"[39m
      [33minitial[39m=[32m"[object Object]"[39m
      [33mtransition[39m=[32m"[object Object]"[39m
    [36m>[39m
      [36m<div[39m
        [33mclass[39m=[32m"rounded-lg bg-card text-card-foreground shadow-sm border-2 border-purple-200 bg-gradient-to-br from-purple-50 to-pink-50"[39m
      [36m>[39m
        [36m<div[39m
          [33mclass[39m=[32m"p-6"[39m
        [36m>[39m
          [36m<div[39m
            [33mclass[39m=[32m"flex items-start justify-between mb-4"[39m
          [36m>[39m
            [36m<div>[39m
              [36m<p[39m
                [33mclass[39m=[32m"text-sm font-semibold text-gray-700 mb-1"[39m
              [36m>[39m
                [0mInterview Readiness[0m
              [36m</p>[39m
              [36m<div[39m
                [33mclass[39m=[32m"flex items-center gap-2"[39m
              [36m>[39m
                [36m<p[39m
                  [33mclass[39m=[32m"text-4xl font-bold text-blue-600"[39m
                [36m>[39m
                  [0m60[0m
                  [0m%[0m
                [36m</p>[39m
                [36m<div[39m
                  [33mclass[39m=[32m"rounded-full border px-2.5 py-0.5 text-xs font-semibold transition-colors focus:outline-none focus:ring-2 focus:ring-ring focus:ring-offset-2 border-transparent hover:bg-primary/80 bg-red-500 text-white flex items-center gap-1"[39m
                [36m>[39m
                  [36m<svg[39m
                    [33mclass[39m=[32m"lucide lucide-trending-down w-3 h-3"[39m
                    [33mfill[39m=[32m"none"[39m
                    [33mheight[39m=[32m"24"[39m
                    [33mstroke[39m=[32m"currentColor"[39m
                    [33mstroke-linecap[39m=[32m"round"[39m
                    [33mstroke-linejoin[39m=[32m"round"[39m
                    [33mstroke-width[39m=[32m"2"[39m
                    [33mviewBox[39m=[32m"0 0 24 24"[39m
                    [33mwidth[39m=[32m"24"[39m
                    [33mxmlns[39m=[32m"http://www.w3.org/2000/svg"[39m
                  [36m>[39m
                    [36m<polyline[39m
                      [33mpoints[39m=[32m"22 17 13.5 8.5 8.5 13.5 2 7"[39m
                    [36m/>[39m
                    [36m<polyline[39m
                      [33mpoints[39m=[32m"16 17 22 17 22 11"[39m
                    [36m/>[39m
                  [36m</svg>[39m
                  [0m10[0m
                [36m</div>[39m
              [36m</div>[39m
              [36m<p[39m
                [33mclass[39m=[32m"text-sm text-gray-600 mt-1"[39m
              [36m>[39m
                [0mGood Progress[0m
              [36m</p>[39m
            [36m</div>[39m
            [36m<div[39m
              [33mclass[39m=[32m"w-16 h-16 rounded-full bg-gradient-to-r from-blue-500 to-blue-600 flex items-center justify-center shadow-lg"[39m
            [36m>[39m
              [36m<svg[39m
                [33mclass[39m=[32m"lucide lucide-target w-8 h-8 text-white"[39m
                [33mfill[39m=[32m"none"[39m
                [33mheight[39m=[32m"24"[39m
                [33mstroke[39m=[32m"currentColor"[39m
                [33mstroke-linecap[39m=[32m"round"[39m
                [33mstroke-linejoin[39m=[32m"round"[39m
                [33mstroke-width[39m=[32m"2"[39m
                [33mviewBox[39m=[32m"0 0 24 24"[39m
                [33mwidth[39m=[32m"24"[39m
                [33mxmlns[39m=[32m"http://www.w3.org/2000/svg"[39m
              [36m>[39m
                [36m<circle[39m
                  [33mcx[39m=[32m"12"[39m
                  [33mcy[39m=[32m"12"[39m
                  [33mr[39m=[32m"10"[39m
                [36m/>[39m
                [36m<circle[39m
                  [33mcx[39m=[32m"12"[39m
                  [33mcy[39m=[32m"12"[39m
                  [33mr[39m=[32m"6"[39m
                [36m/>[39m
                [36m<circle[39m
                  [33mcx[39m=[32m"12"[39m
                  [33mcy[39m=[32m"12"[39m
                  [33mr[39m=[32m"2"[39m
                [36m/>[39m
              [36m</svg>[39m
            [36m</div>[39m
          [36m</div>[39m
          [36m<div[39m
            [33maria-valuemax[39m=[32m"100"[39m
            [33maria-valuemin[39m=[32m"0"[39m
            [33mclass[39m=[32m"relative w-full overflow-hidden rounded-full bg-secondary h-3 mb-3"[39m
            [33mdata-max[39m=[32m"100"[39m
            [33mdata-state[39m=[32m"indeterminate"[39m
            [33mrole[39m=[32m"progressbar"[39m
          [36m>[39m
            [36m<div[39m
              [33mclass[39m=[32m"h-full w-full flex-1 bg-primary transition-all"[39m
              [33mdata-max[39m=[32m"100"[39m
              [33mdata-state[39m=[32m"indeterminate"[39m
              [33mstyle[39m=[32m"transform: translateX(-40%);"[39m
            [36m/>[39m
          [36m</div>[39m
          [36m<div[39m
            [33mclass[39m=[32m"space-y-2 mt-4 pt-4 border-t border-purple-200"[39m
          [36m>[39m
            [36m<div[39m
              [33mclass[39m=[32m"grid grid-cols-2 gap-3 text-xs"[39m
            [36m>[39m
              [36m<div>[39m
                [36m<p[39m
                  [33mclass[39m=[32m"text-gray-500"[39m
                [36m>[39m
                  [0mLearning[0m
                [36m</p>[39m
                [36m<p[39m
                  [33mclass[39m=[32m"font-semibold"[39m
                [36m>[39m
                  [0m25% weight[0m
                [36m</p>[39m
              [36m</div>[39m
              [36m<div>[39m
                [36m<p[39m
                  [33mclass[39m=[32m"text-gray-500"[39m
                [36m>[39m
                  [0mPractice[0m
                [36m</p>[39m
                [36m<p[39m
                  [33mclass[39m=[32m"font-semibold"[39m
                [36m>[39m
                  [0m40% weight[0m
                [36m</p>[39m
              [36m</div>[39m
              [36m<div>[39m
                [36m<p[39m
                  [33mclass[39m=[32m"text-gray-500"[39m
                [36m>[39m
                  [0mProfile[0m
                [36m</p>[39m
                [36m<p[39m
                  [33mclass[39m=[32m"font-semibold"[39m
                [36m>[39m
                  [0m15% weight[0m
                [36m</p>[39m
              [36m</div>[39m
              [36m<div>[39m
                [36m<p[39m
                  [33mclass[39m=[32m"text-gray-500"[39m
                [36m>[39m
                  [0mConsistency[0m
                [36m</p>[39m
                [36m<p[39m
                  [33mclass[39m=[32m"font-semibold"[39m
                [36m>[39m
                  [0m10% weight[0m
                [36m</p>[39m
              [36m</div>[39m
            [36m</div>[39m
            [36m<p[39m
              [33mclass[39m=[32m"text-xs text-gray-500 mt-2"[39m
            [36m>[39m
              [0mYour score updates automatically as you complete activities[0m
            [36m</p>[39m
          [36m</div>[39m
        [36m</div>[39m
      [36m</div>[39m
    [36m</div>[39m
  [36m</div>[39m
[36m</body>[39m
 ❯ Object.getElementError ../node_modules/@testing-library/dom/dist/config.js:37:19
 ❯ getElementError ../node_modules/@testing-library/dom/dist/query-helpers.js:20:35
 ❯ getMultipleElementsFoundError ../node_modules/@testing-library/dom/dist/query-helpers.js:23:10
 ❯ ../node_modules/@testing-library/dom/dist/query-helpers.js:55:13
 ❯ ../node_modules/@testing-library/dom/dist/query-helpers.js:95:19
 ❯ src/__tests__/components/mvp/shared/ReadinessScoreBadge.test.tsx:109:19
    107| 
    108|     // Should show downward trend (-10)
    109|     expect(screen.queryByText(/10/i)).toBeTruthy();
       |                   ^
    110|   });
    111| 

⎯⎯⎯⎯⎯⎯⎯⎯⎯⎯⎯⎯⎯⎯⎯⎯⎯⎯⎯⎯⎯⎯[53/69]⎯

 FAIL  |client| src/__tests__/components/mvp/shared/ReadinessScoreBadge.test.tsx > ReadinessScoreBadge > fetches score from API when fetchFromApi is true
TestingLibraryElementError: Unable to find an element with the text: /75%/i. This could be because the text is broken up by multiple elements. In this case, you can provide a function for your text matcher to make your matcher more flexible.

Ignored nodes: comments, script, style
[36m<body>[39m
  [36m<div>[39m
    [36m<div[39m
      [33manimate[39m=[32m"[object Object]"[39m
      [33minitial[39m=[32m"[object Object]"[39m
      [33mtransition[39m=[32m"[object Object]"[39m
    [36m>[39m
      [36m<div[39m
        [33mclass[39m=[32m"rounded-lg bg-card text-card-foreground shadow-sm border-2 border-purple-200 bg-gradient-to-br from-purple-50 to-pink-50"[39m
      [36m>[39m
        [36m<div[39m
          [33mclass[39m=[32m"p-6"[39m
        [36m>[39m
          [36m<div[39m
            [33mclass[39m=[32m"flex items-start justify-between mb-4"[39m
          [36m>[39m
            [36m<div>[39m
              [36m<p[39m
                [33mclass[39m=[32m"text-sm font-semibold text-gray-700 mb-1"[39m
              [36m>[39m
                [0mInterview Readiness[0m
              [36m</p>[39m
              [36m<div[39m
                [33mclass[39m=[32m"flex items-center gap-2"[39m
              [36m>[39m
                [36m<p[39m
                  [33mclass[39m=[32m"text-4xl font-bold text-red-600"[39m
                [36m>[39m
                  [0m0[0m
                  [0m%[0m
                [36m</p>[39m
              [36m</div>[39m
              [36m<p[39m
                [33mclass[39m=[32m"text-sm text-gray-600 mt-1"[39m
              [36m>[39m
                [0mJust Starting[0m
              [36m</p>[39m
            [36m</div>[39m
            [36m<div[39m
              [33mclass[39m=[32m"w-16 h-16 rounded-full bg-gradient-to-r from-red-500 to-pink-500 flex items-center justify-center shadow-lg"[39m
            [36m>[39m
              [36m<svg[39m
                [33mclass[39m=[32m"lucide lucide-target w-8 h-8 text-white"[39m
                [33mfill[39m=[32m"none"[39m
                [33mheight[39m=[32m"24"[39m
                [33mstroke[39m=[32m"currentColor"[39m
                [33mstroke-linecap[39m=[32m"round"[39m
                [33mstroke-linejoin[39m=[32m"round"[39m
                [33mstroke-width[39m=[32m"2"[39m
                [33mviewBox[39m=[32m"0 0 24 24"[39m
                [33mwidth[39m=[32m"24"[39m
                [33mxmlns[39m=[32m"http://www.w3.org/2000/svg"[39m
              [36m>[39m
                [36m<circle[39m
                  [33mcx[39m=[32m"12"[39m
                  [33mcy[39m=[32m"12"[39m
                  [33mr[39m=[32m"10"[39m
                [36m/>[39m
                [36m<circle[39m
                  [33mcx[39m=[32m"12"[39m
                  [33mcy[39m=[32m"12"[39m
                  [33mr[39m=[32m"6"[39m
                [36m/>[39m
                [36m<circle[39m
                  [33mcx[39m=[32m"12"[39m
                  [33mcy[39m=[32m"12"[39m
                  [33mr[39m=[32m"2"[39m
                [36m/>[39m
              [36m</svg>[39m
            [36m</div>[39m
          [36m</div>[39m
          [36m<div[39m
            [33maria-valuemax[39m=[32m"100"[39m
            [33maria-valuemin[39m=[32m"0"[39m
            [33mclass[39m=[32m"relative w-full overflow-hidden rounded-full bg-secondary h-3 mb-3"[39m
            [33mdata-max[39m=[32m"100"[39m
            [33mdata-state[39m=[32m"indeterminate"[39m
            [33mrole[39m=[32m"progressbar"[39m
          [36m>[39m
            [36m<div[39m
              [33mclass[39m=[32m"h-full w-full flex-1 bg-primary transition-all"[39m
              [33mdata-max[39m=[32m"100"[39m
              [33mdata-state[39m=[32m"indeterminate"[39m
              [33mstyle[39m=[32m"transform: translateX(-100%);"[39m
            [36m/>[39m
          [36m</div>[39m
          [36m<div[39m
            [33mclass[39m=[32m"space-y-2 mt-4 pt-4 border-t border-purple-200"[39m
          [36m>[39m
            [36m<div[39m
              [33mclass[39m=[32m"grid grid-cols-2 gap-3 text-xs"[39m
            [36m>[39m
              [36m<div>[39m
                [36m<p[39m
                  [33mclass[39m=[32m"text-gray-500"[39m
                [36m>[39m
                  [0mLearning[0m
                [36m</p>[39m
                [36m<p[39m
                  [33mclass[39m=[32m"font-semibold"[39m
                [36m>[39m
                  [0m25% weight[0m
                [36m</p>[39m
              [36m</div>[39m
              [36m<div>[39m
                [36m<p[39m
                  [33mclass[39m=[32m"text-gray-500"[39m
                [36m>[39m
                  [0mPractice[0m
                [36m</p>[39m
                [36m<p[39m
                  [33mclass[39m=[32m"font-semibold"[39m
                [36m>[39m
                  [0m40% weight[0m
                [36m</p>[39m
              [36m</div>[39m
              [36m<div>[39m
                [36m<p[39m
                  [33mclass[39m=[32m"text-gray-500"[39m
                [36m>[39m
                  [0mProfile[0m
                [36m</p>[39m
                [36m<p[39m
                  [33mclass[39m=[32m"font-semibold"[39m
                [36m>[39m
                  [0m15% weight[0m
                [36m</p>[39m
              [36m</div>[39m
              [36m<div>[39m
                [36m<p[39m
                  [33mclass[39m=[32m"text-gray-500"[39m
                [36m>[39m
                  [0mConsistency[0m
                [36m</p>[39m
                [36m<p[39m
                  [33mclass[39m=[32m"font-semibold"[39m
                [36m>[39m
                  [0m10% weight[0m
                [36m</p>[39m
              [36m</div>[39m
            [36m</div>[39m
            [36m<p[39m
              [33mclass[39m=[32m"text-xs text-gray-500 mt-2"[39m
            [36m>[39m
              [0mYour score updates automatically as you complete activities[0m
            [36m</p>[39m
          [36m</div>[39m
        [36m</div>[39m
      [36m</div>[39m
    [36m</div>[39m
  [36m</div>[39m
[36m</body>[39m

Ignored nodes: comments, script, style
[36m<html>[39m
  [36m<head />[39m
  [36m<body>[39m
    [36m<div>[39m
      [36m<div[39m
        [33manimate[39m=[32m"[object Object]"[39m
        [33minitial[39m=[32m"[object Object]"[39m
        [33mtransition[39m=[32m"[object Object]"[39m
      [36m>[39m
        [36m<div[39m
          [33mclass[39m=[32m"rounded-lg bg-card text-card-foreground shadow-sm border-2 border-purple-200 bg-gradient-to-br from-purple-50 to-pink-50"[39m
        [36m>[39m
          [36m<div[39m
            [33mclass[39m=[32m"p-6"[39m
          [36m>[39m
            [36m<div[39m
              [33mclass[39m=[32m"flex items-start justify-between mb-4"[39m
            [36m>[39m
              [36m<div>[39m
                [36m<p[39m
                  [33mclass[39m=[32m"text-sm font-semibold text-gray-700 mb-1"[39m
                [36m>[39m
                  [0mInterview Readiness[0m
                [36m</p>[39m
                [36m<div[39m
                  [33mclass[39m=[32m"flex items-center gap-2"[39m
                [36m>[39m
                  [36m<p[39m
                    [33mclass[39m=[32m"text-4xl font-bold text-red-600"[39m
                  [36m>[39m
                    [0m0[0m
                    [0m%[0m
                  [36m</p>[39m
                [36m</div>[39m
                [36m<p[39m
                  [33mclass[39m=[32m"text-sm text-gray-600 mt-1"[39m
                [36m>[39m
                  [0mJust Starting[0m
                [36m</p>[39m
              [36m</div>[39m
              [36m<div[39m
                [33mclass[39m=[32m"w-16 h-16 rounded-full bg-gradient-to-r from-red-500 to-pink-500 flex items-center justify-center shadow-lg"[39m
              [36m>[39m
                [36m<svg[39m
                  [33mclass[39m=[32m"lucide lucide-target w-8 h-8 text-white"[39m
                  [33mfill[39m=[32m"none"[39m
                  [33mheight[39m=[32m"24"[39m
                  [33mstroke[39m=[32m"currentColor"[39m
                  [33mstroke-linecap[39m=[32m"round"[39m
                  [33mstroke-linejoin[39m=[32m"round"[39m
                  [33mstroke-width[39m=[32m"2"[39m
                  [33mviewBox[39m=[32m"0 0 24 24"[39m
                  [33mwidth[39m=[32m"24"[39m
                  [33mxmlns[39m=[32m"http://www.w3.org/2000/svg"[39m
                [36m>[39m
                  [36m<circle[39m
                    [33mcx[39m=[32m"12"[39m
                    [33mcy[39m=[32m"12"[39m
                    [33mr[39m=[32m"10"[39m
                  [36m/>[39m
                  [36m<circle[39m
                    [33mcx[39m=[32m"12"[39m
                    [33mcy[39m=[32m"12"[39m
                    [33mr[39m=[32m"6"[39m
                  [36m/>[39m
                  [36m<circle[39m
                    [33mcx[39m=[32m"12"[39m
                    [33mcy[39m=[32m"12"[39m
                    [33mr[39m=[32m"2"[39m
                  [36m/>[39m
                [36m</svg>[39m
              [36m</div>[39m
            [36m</div>[39m
            [36m<div[39m
              [33maria-valuemax[39m=[32m"100"[39m
              [33maria-valuemin[39m=[32m"0"[39m
              [33mclass[39m=[32m"relative w-full overflow-hidden rounded-full bg-secondary h-3 mb-3"[39m
              [33mdata-max[39m=[32m"100"[39m
              [33mdata-state[39m=[32m"indeterminate"[39m
              [33mrole[39m=[32m"progressbar"[39m
            [36m>[39m
              [36m<div[39m
                [33mclass[39m=[32m"h-full w-full flex-1 bg-primary transition-all"[39m
                [33mdata-max[39m=[32m"100"[39m
                [33mdata-state[39m=[32m"indeterminate"[39m
                [33mstyle[39m=[32m"transform: translateX(-100%);"[39m
              [36m/>[39m
            [36m</div>[39m
            [36m<div[39m
              [33mclass[39m=[32m"space-y-2 mt-4 pt-4 border-t border-purple-200"[39m
            [36m>[39m
              [36m<div[39m
                [33mclass[39m=[32m"grid grid-cols-2 gap-3 text-xs"[39m
              [36m>[39m
                [36m<div>[39m
                  [36m<p[39m
                    [33mclass[39m=[32m"text-gray-500"[39m
                  [36m>[39m
                    [0mLearning[0m
                  [36m</p>[39m
                  [36m<p[39m
                    [33mclass[39m=[32m"font-semibold"[39m
                  [36m>[39m
                    [0m25% weight[0m
                  [36m</p>[39m
                [36m</div>[39m
                [36m<div>[39m
                  [36m<p[39m
                    [33mclass[39m=[32m"text-gray-500"[39m
                  [36m>[39m
                    [0mPractice[0m
                  [36m</p>[39m
                  [36m<p[39m
                    [33mclass[39m=[32m"font-semibold"[39m
                  [36m>[39m
                    [0m40% weight[0m
                  [36m</p>[39m
                [36m</div>[39m
                [36m<div>[39m
                  [36m<p[39m
                    [33mclass[39m=[32m"text-gray-500"[39m
                  [36m>[39m
                    [0mProfile[0m
                  [36m</p>[39m
                  [36m<p[39m
                    [33mclass[39m=[32m"font-semibold"[39m
                  [36m>[39m
                    [0m15% weight[0m
                  [36m</p>[39m
                [36m</div>[39m
                [36m<div>[39m
                  [36m<p[39m
                    [33mclass[39m=[32m"text-gray-500"[39m
                  [36m>[39m
                    [0mConsistency[0m
                  [36m</p>[39m
                  [36m<p[39m
                    [33mclass[39m=[32m"font-semibold"[39m
                  [36m>[39m
                    [0m10% weight[0m
                  [36m</p>[39m
                [36m</div>[39m
              [36m</div>[39m
              [36m<p[39m
                [33mclass[39m=[32m"text-xs text-gray-500 mt-2"[39m
              [36m>[39m
                [0mYour score updates automatically as you complete activities[0m
              [36m</p>[39m
            [36m</div>[39m
          [36m</div>[39m
        [36m</div>[39m
      [36m</div>[39m
    [36m</div>[39m
  [36m</body>[39m
[36m</html>[39m
 ❯ Module.waitForWrapper ../node_modules/@testing-library/dom/dist/wait-for.js:163:27
 ❯ src/__tests__/components/mvp/shared/ReadinessScoreBadge.test.tsx:146:11
    144|     render(<ReadinessScoreBadge fetchFromApi={true} />);
    145| 
    146|     await waitFor(() => {
       |           ^
    147|       // Should display score from API (75 from mock)
    148|       expect(screen.getByText(/75%/i)).toBeInTheDocument();

⎯⎯⎯⎯⎯⎯⎯⎯⎯⎯⎯⎯⎯⎯⎯⎯⎯⎯⎯⎯⎯⎯[54/69]⎯

 FAIL  |client| src/__tests__/components/mvp/shared/ReadinessScoreBadge.test.tsx > ReadinessScoreBadge > shows loading state when fetching from API
AssertionError: expected null to be truthy

[32m- Expected:[39m 
true

[31m+ Received:[39m 
null

 ❯ src/__tests__/components/mvp/shared/ReadinessScoreBadge.test.tsx:161:76
    159|     render(<ReadinessScoreBadge fetchFromApi={true} />);
    160| 
    161|     expect(screen.queryByText(/Loading/i) || screen.queryByRole('statu…
       |                                                                            ^
    162|   });
    163| 

⎯⎯⎯⎯⎯⎯⎯⎯⎯⎯⎯⎯⎯⎯⎯⎯⎯⎯⎯⎯⎯⎯[55/69]⎯

 FAIL  |client| src/__tests__/components/mvp/shared/ReadinessScoreBadge.test.tsx > ReadinessScoreBadge > handles zero score gracefully
TestingLibraryElementError: Found multiple elements with the text: /0%/i

Here are the matching elements:

Ignored nodes: comments, script, style
[36m<p[39m
  [33mclass[39m=[32m"text-4xl font-bold text-red-600"[39m
[36m>[39m
  [0m0[0m
  [0m%[0m
[36m</p>[39m

Ignored nodes: comments, script, style
[36m<p[39m
  [33mclass[39m=[32m"font-semibold"[39m
[36m>[39m
  [0m40% weight[0m
[36m</p>[39m

Ignored nodes: comments, script, style
[36m<p[39m
  [33mclass[39m=[32m"font-semibold"[39m
[36m>[39m
  [0m10% weight[0m
[36m</p>[39m

(If this is intentional, then use the `*AllBy*` variant of the query (like `queryAllByText`, `getAllByText`, or `findAllByText`)).

Ignored nodes: comments, script, style
[36m<body>[39m
  [36m<div>[39m
    [36m<div[39m
      [33manimate[39m=[32m"[object Object]"[39m
      [33minitial[39m=[32m"[object Object]"[39m
      [33mtransition[39m=[32m"[object Object]"[39m
    [36m>[39m
      [36m<div[39m
        [33mclass[39m=[32m"rounded-lg bg-card text-card-foreground shadow-sm border-2 border-purple-200 bg-gradient-to-br from-purple-50 to-pink-50"[39m
      [36m>[39m
        [36m<div[39m
          [33mclass[39m=[32m"p-6"[39m
        [36m>[39m
          [36m<div[39m
            [33mclass[39m=[32m"flex items-start justify-between mb-4"[39m
          [36m>[39m
            [36m<div>[39m
              [36m<p[39m
                [33mclass[39m=[32m"text-sm font-semibold text-gray-700 mb-1"[39m
              [36m>[39m
                [0mInterview Readiness[0m
              [36m</p>[39m
              [36m<div[39m
                [33mclass[39m=[32m"flex items-center gap-2"[39m
              [36m>[39m
                [36m<p[39m
                  [33mclass[39m=[32m"text-4xl font-bold text-red-600"[39m
                [36m>[39m
                  [0m0[0m
                  [0m%[0m
                [36m</p>[39m
              [36m</div>[39m
              [36m<p[39m
                [33mclass[39m=[32m"text-sm text-gray-600 mt-1"[39m
              [36m>[39m
                [0mJust Starting[0m
              [36m</p>[39m
            [36m</div>[39m
            [36m<div[39m
              [33mclass[39m=[32m"w-16 h-16 rounded-full bg-gradient-to-r from-red-500 to-pink-500 flex items-center justify-center shadow-lg"[39m
            [36m>[39m
              [36m<svg[39m
                [33mclass[39m=[32m"lucide lucide-target w-8 h-8 text-white"[39m
                [33mfill[39m=[32m"none"[39m
                [33mheight[39m=[32m"24"[39m
                [33mstroke[39m=[32m"currentColor"[39m
                [33mstroke-linecap[39m=[32m"round"[39m
                [33mstroke-linejoin[39m=[32m"round"[39m
                [33mstroke-width[39m=[32m"2"[39m
                [33mviewBox[39m=[32m"0 0 24 24"[39m
                [33mwidth[39m=[32m"24"[39m
                [33mxmlns[39m=[32m"http://www.w3.org/2000/svg"[39m
              [36m>[39m
                [36m<circle[39m
                  [33mcx[39m=[32m"12"[39m
                  [33mcy[39m=[32m"12"[39m
                  [33mr[39m=[32m"10"[39m
                [36m/>[39m
                [36m<circle[39m
                  [33mcx[39m=[32m"12"[39m
                  [33mcy[39m=[32m"12"[39m
                  [33mr[39m=[32m"6"[39m
                [36m/>[39m
                [36m<circle[39m
                  [33mcx[39m=[32m"12"[39m
                  [33mcy[39m=[32m"12"[39m
                  [33mr[39m=[32m"2"[39m
                [36m/>[39m
              [36m</svg>[39m
            [36m</div>[39m
          [36m</div>[39m
          [36m<div[39m
            [33maria-valuemax[39m=[32m"100"[39m
            [33maria-valuemin[39m=[32m"0"[39m
            [33mclass[39m=[32m"relative w-full overflow-hidden rounded-full bg-secondary h-3 mb-3"[39m
            [33mdata-max[39m=[32m"100"[39m
            [33mdata-state[39m=[32m"indeterminate"[39m
            [33mrole[39m=[32m"progressbar"[39m
          [36m>[39m
            [36m<div[39m
              [33mclass[39m=[32m"h-full w-full flex-1 bg-primary transition-all"[39m
              [33mdata-max[39m=[32m"100"[39m
              [33mdata-state[39m=[32m"indeterminate"[39m
              [33mstyle[39m=[32m"transform: translateX(-100%);"[39m
            [36m/>[39m
          [36m</div>[39m
          [36m<div[39m
            [33mclass[39m=[32m"space-y-2 mt-4 pt-4 border-t border-purple-200"[39m
          [36m>[39m
            [36m<div[39m
              [33mclass[39m=[32m"grid grid-cols-2 gap-3 text-xs"[39m
            [36m>[39m
              [36m<div>[39m
                [36m<p[39m
                  [33mclass[39m=[32m"text-gray-500"[39m
                [36m>[39m
                  [0mLearning[0m
                [36m</p>[39m
                [36m<p[39m
                  [33mclass[39m=[32m"font-semibold"[39m
                [36m>[39m
                  [0m25% weight[0m
                [36m</p>[39m
              [36m</div>[39m
              [36m<div>[39m
                [36m<p[39m
                  [33mclass[39m=[32m"text-gray-500"[39m
                [36m>[39m
                  [0mPractice[0m
                [36m</p>[39m
                [36m<p[39m
                  [33mclass[39m=[32m"font-semibold"[39m
                [36m>[39m
                  [0m40% weight[0m
                [36m</p>[39m
              [36m</div>[39m
              [36m<div>[39m
                [36m<p[39m
                  [33mclass[39m=[32m"text-gray-500"[39m
                [36m>[39m
                  [0mProfile[0m
                [36m</p>[39m
                [36m<p[39m
                  [33mclass[39m=[32m"font-semibold"[39m
                [36m>[39m
                  [0m15% weight[0m
                [36m</p>[39m
              [36m</div>[39m
              [36m<div>[39m
                [36m<p[39m
                  [33mclass[39m=[32m"text-gray-500"[39m
                [36m>[39m
                  [0mConsistency[0m
                [36m</p>[39m
                [36m<p[39m
                  [33mclass[39m=[32m"font-semibold"[39m
                [36m>[39m
                  [0m10% weight[0m
                [36m</p>[39m
              [36m</div>[39m
            [36m</div>[39m
            [36m<p[39m
              [33mclass[39m=[32m"text-xs text-gray-500 mt-2"[39m
            [36m>[39m
              [0mYour score updates automatically as you complete activities[0m
            [36m</p>[39m
          [36m</div>[39m
        [36m</div>[39m
      [36m</div>[39m
    [36m</div>[39m
  [36m</div>[39m
[36m</body>[39m
 ❯ Object.getElementError ../node_modules/@testing-library/dom/dist/config.js:37:19
 ❯ getElementError ../node_modules/@testing-library/dom/dist/query-helpers.js:20:35
 ❯ getMultipleElementsFoundError ../node_modules/@testing-library/dom/dist/query-helpers.js:23:10
 ❯ ../node_modules/@testing-library/dom/dist/query-helpers.js:55:13
 ❯ ../node_modules/@testing-library/dom/dist/query-helpers.js:95:19
 ❯ src/__tests__/components/mvp/shared/ReadinessScoreBadge.test.tsx:167:19
    165|     render(<ReadinessScoreBadge score={0} fetchFromApi={false} />);
    166| 
    167|     expect(screen.getByText(/0%/i)).toBeInTheDocument();
       |                   ^
    168|     expect(screen.getByText(/Just Starting/i)).toBeInTheDocument();
    169|   });

⎯⎯⎯⎯⎯⎯⎯⎯⎯⎯⎯⎯⎯⎯⎯⎯⎯⎯⎯⎯⎯⎯[56/69]⎯


 Test Files  13 failed | 8 passed (21)
      Tests  68 failed | 251 passed (319)
   Start at  03:19:58
   Duration  20.62s (transform 3.38s, setup 1.49s, collect 14.24s, tests 21.30s, environment 10.71s, prepare 3.68s)

